running egg_info
creating ../build/states_routine/states_routine.egg-info
writing ../build/states_routine/states_routine.egg-info/PKG-INFO
writing dependency_links to ../build/states_routine/states_routine.egg-info/dependency_links.txt
writing entry points to ../build/states_routine/states_routine.egg-info/entry_points.txt
writing requirements to ../build/states_routine/states_routine.egg-info/requires.txt
writing top-level names to ../build/states_routine/states_routine.egg-info/top_level.txt
writing manifest file '../build/states_routine/states_routine.egg-info/SOURCES.txt'
reading manifest file '../build/states_routine/states_routine.egg-info/SOURCES.txt'
adding license file 'LICENSE'
writing manifest file '../build/states_routine/states_routine.egg-info/SOURCES.txt'
running build
running build_py
creating /home/paulo/edromufu/src/behaviour/build/states_routine/build
creating /home/paulo/edromufu/src/behaviour/build/states_routine/build/lib
creating /home/paulo/edromufu/src/behaviour/build/states_routine/build/lib/states_routine
copying states_routine/__init__.py -> /home/paulo/edromufu/src/behaviour/build/states_routine/build/lib/states_routine
copying states_routine/stand_still_routine.py -> /home/paulo/edromufu/src/behaviour/build/states_routine/build/lib/states_routine
copying states_routine/getting_up_routine.py -> /home/paulo/edromufu/src/behaviour/build/states_routine/build/lib/states_routine
copying states_routine/kick_routine.py -> /home/paulo/edromufu/src/behaviour/build/states_routine/build/lib/states_routine
copying states_routine/walking_routine.py -> /home/paulo/edromufu/src/behaviour/build/states_routine/build/lib/states_routine
running install
running install_lib
creating /home/paulo/edromufu/src/behaviour/install/states_routine/lib/python3.10/site-packages/states_routine
copying /home/paulo/edromufu/src/behaviour/build/states_routine/build/lib/states_routine/__init__.py -> /home/paulo/edromufu/src/behaviour/install/states_routine/lib/python3.10/site-packages/states_routine
copying /home/paulo/edromufu/src/behaviour/build/states_routine/build/lib/states_routine/stand_still_routine.py -> /home/paulo/edromufu/src/behaviour/install/states_routine/lib/python3.10/site-packages/states_routine
copying /home/paulo/edromufu/src/behaviour/build/states_routine/build/lib/states_routine/getting_up_routine.py -> /home/paulo/edromufu/src/behaviour/install/states_routine/lib/python3.10/site-packages/states_routine
copying /home/paulo/edromufu/src/behaviour/build/states_routine/build/lib/states_routine/kick_routine.py -> /home/paulo/edromufu/src/behaviour/install/states_routine/lib/python3.10/site-packages/states_routine
copying /home/paulo/edromufu/src/behaviour/build/states_routine/build/lib/states_routine/walking_routine.py -> /home/paulo/edromufu/src/behaviour/install/states_routine/lib/python3.10/site-packages/states_routine
byte-compiling /home/paulo/edromufu/src/behaviour/install/states_routine/lib/python3.10/site-packages/states_routine/__init__.py to __init__.cpython-310.pyc
byte-compiling /home/paulo/edromufu/src/behaviour/install/states_routine/lib/python3.10/site-packages/states_routine/stand_still_routine.py to stand_still_routine.cpython-310.pyc
byte-compiling /home/paulo/edromufu/src/behaviour/install/states_routine/lib/python3.10/site-packages/states_routine/getting_up_routine.py to getting_up_routine.cpython-310.pyc
byte-compiling /home/paulo/edromufu/src/behaviour/install/states_routine/lib/python3.10/site-packages/states_routine/kick_routine.py to kick_routine.cpython-310.pyc
byte-compiling /home/paulo/edromufu/src/behaviour/install/states_routine/lib/python3.10/site-packages/states_routine/walking_routine.py to walking_routine.cpython-310.pyc
running install_data
creating /home/paulo/edromufu/src/behaviour/install/states_routine/share/ament_index
creating /home/paulo/edromufu/src/behaviour/install/states_routine/share/ament_index/resource_index
creating /home/paulo/edromufu/src/behaviour/install/states_routine/share/ament_index/resource_index/packages
copying resource/states_routine -> /home/paulo/edromufu/src/behaviour/install/states_routine/share/ament_index/resource_index/packages
copying package.xml -> /home/paulo/edromufu/src/behaviour/install/states_routine/share/states_routine
running install_egg_info
Copying ../build/states_routine/states_routine.egg-info to /home/paulo/edromufu/src/behaviour/install/states_routine/lib/python3.10/site-packages/states_routine-0.0.0-py3.10.egg-info
running install_scripts
Installing getting_up_routine script to /home/paulo/edromufu/src/behaviour/install/states_routine/lib/states_routine
Installing kick_routine script to /home/paulo/edromufu/src/behaviour/install/states_routine/lib/states_routine
Installing stand_still_routine script to /home/paulo/edromufu/src/behaviour/install/states_routine/lib/states_routine
Installing walking_routine script to /home/paulo/edromufu/src/behaviour/install/states_routine/lib/states_routine
writing list of installed files to '/home/paulo/edromufu/src/behaviour/build/states_routine/install.log'
