[0.019s] Invoking command in '/home/edrom-mini/edromufu/build/humanoid_visualization': /home/edrom-mini/.local/bin/cmake /home/edrom-mini/edromufu/src/movement/humanoid_visualization -DCATKIN_INSTALL_INTO_PREFIX_ROOT=0 -DCMAKE_INSTALL_PREFIX=/home/edrom-mini/edromufu/install/humanoid_visualization
[0.178s] [0mCMake Deprecation Warning at CMakeLists.txt:1 (cmake_minimum_required):
[0.178s]   Compatibility with CMake < 3.5 will be removed from a future version of
[0.179s]   CMake.
[0.179s] 
[0.179s]   Update the VERSION argument <min> value or use a ...<max> suffix to tell
[0.179s]   CMake that the project does not need compatibility with older versions.
[0.179s] 
[0.180s] [0m
[0.229s] [31mCMake Error at CMakeLists.txt:10 (find_package):
[0.229s]   By not providing "Findcatkin.cmake" in CMAKE_MODULE_PATH this project has
[0.230s]   asked CMake to find a package configuration file provided by "catkin", but
[0.230s]   CMake did not find one.
[0.230s] 
[0.230s]   Could not find a package configuration file provided by "catkin" with any
[0.230s]   of the following names:
[0.231s] 
[0.231s]     catkinConfig.cmake
[0.231s]     catkin-config.cmake
[0.231s] 
[0.231s]   Add the installation prefix of "catkin" to CMAKE_PREFIX_PATH or set
[0.231s]   "catkin_DIR" to a directory containing one of the above files.  If "catkin"
[0.232s]   provides a separate development package or SDK, be sure it has been
[0.232s]   installed.
[0.232s] 
[0.232s] [0m
[0.248s] -- Configuring incomplete, errors occurred!
[0.275s] Invoked command in '/home/edrom-mini/edromufu/build/humanoid_visualization' returned '1': /home/edrom-mini/.local/bin/cmake /home/edrom-mini/edromufu/src/movement/humanoid_visualization -DCATKIN_INSTALL_INTO_PREFIX_ROOT=0 -DCMAKE_INSTALL_PREFIX=/home/edrom-mini/edromufu/install/humanoid_visualization
