[0.923s] Invoking command in '/home/paulo/edromufu/src/movement/Ros2_change/src/tahara_pages': PYTHONPATH=/home/paulo/edromufu/src/movement/Ros2_change/build/tahara_pages/prefix_override:/usr/lib/python3/dist-packages/colcon_core/task/python/colcon_distutils_commands:/home/paulo/edromufu/src/movement/Ros2_change/install/tahara_pages/lib/python3.10/site-packages:${PYTHONPATH} /usr/bin/python3 -W ignore:setup.py install is deprecated setup.py egg_info --egg-base ../../build/tahara_pages build --build-base /home/paulo/edromufu/src/movement/Ros2_change/build/tahara_pages/build install --record /home/paulo/edromufu/src/movement/Ros2_change/build/tahara_pages/install.log --single-version-externally-managed install_data
[1.092s] running egg_info
[1.093s] writing ../../build/tahara_pages/tahara_pages.egg-info/PKG-INFO
[1.093s] writing dependency_links to ../../build/tahara_pages/tahara_pages.egg-info/dependency_links.txt
[1.093s] writing entry points to ../../build/tahara_pages/tahara_pages.egg-info/entry_points.txt
[1.093s] writing requirements to ../../build/tahara_pages/tahara_pages.egg-info/requires.txt
[1.093s] writing top-level names to ../../build/tahara_pages/tahara_pages.egg-info/top_level.txt
[1.094s] reading manifest file '../../build/tahara_pages/tahara_pages.egg-info/SOURCES.txt'
[1.095s] writing manifest file '../../build/tahara_pages/tahara_pages.egg-info/SOURCES.txt'
[1.095s] running build
[1.095s] running build_py
[1.096s] copying tahara_pages/__init__.py -> /home/paulo/edromufu/src/movement/Ros2_change/build/tahara_pages/build/lib/tahara_pages
[1.096s] copying tahara_pages/software.py -> /home/paulo/edromufu/src/movement/Ros2_change/build/tahara_pages/build/lib/tahara_pages
[1.096s] copying tahara_pages/page_runner.py -> /home/paulo/edromufu/src/movement/Ros2_change/build/tahara_pages/build/lib/tahara_pages
[1.096s] copying tahara_pages/test.py -> /home/paulo/edromufu/src/movement/Ros2_change/build/tahara_pages/build/lib/tahara_pages
[1.096s] running install
[1.096s] running install_lib
[1.097s] byte-compiling /home/paulo/edromufu/src/movement/Ros2_change/install/tahara_pages/lib/python3.10/site-packages/tahara_pages/__init__.py to __init__.cpython-310.pyc
[1.097s] byte-compiling /home/paulo/edromufu/src/movement/Ros2_change/install/tahara_pages/lib/python3.10/site-packages/tahara_pages/software.py to software.cpython-310.pyc
[1.100s] byte-compiling /home/paulo/edromufu/src/movement/Ros2_change/install/tahara_pages/lib/python3.10/site-packages/tahara_pages/page_runner.py to page_runner.cpython-310.pyc
[1.100s] byte-compiling /home/paulo/edromufu/src/movement/Ros2_change/install/tahara_pages/lib/python3.10/site-packages/tahara_pages/test.py to test.cpython-310.pyc
[1.101s] running install_data
[1.101s] running install_egg_info
[1.102s] removing '/home/paulo/edromufu/src/movement/Ros2_change/install/tahara_pages/lib/python3.10/site-packages/tahara_pages-0.0.0-py3.10.egg-info' (and everything under it)
[1.102s] Copying ../../build/tahara_pages/tahara_pages.egg-info to /home/paulo/edromufu/src/movement/Ros2_change/install/tahara_pages/lib/python3.10/site-packages/tahara_pages-0.0.0-py3.10.egg-info
[1.103s] running install_scripts
[1.118s] Installing software_pages script to /home/paulo/edromufu/src/movement/Ros2_change/install/tahara_pages/lib/tahara_pages
[1.118s] writing list of installed files to '/home/paulo/edromufu/src/movement/Ros2_change/build/tahara_pages/install.log'
[1.145s] Invoked command in '/home/paulo/edromufu/src/movement/Ros2_change/src/tahara_pages' returned '0': PYTHONPATH=/home/paulo/edromufu/src/movement/Ros2_change/build/tahara_pages/prefix_override:/usr/lib/python3/dist-packages/colcon_core/task/python/colcon_distutils_commands:/home/paulo/edromufu/src/movement/Ros2_change/install/tahara_pages/lib/python3.10/site-packages:${PYTHONPATH} /usr/bin/python3 -W ignore:setup.py install is deprecated setup.py egg_info --egg-base ../../build/tahara_pages build --build-base /home/paulo/edromufu/src/movement/Ros2_change/build/tahara_pages/build install --record /home/paulo/edromufu/src/movement/Ros2_change/build/tahara_pages/install.log --single-version-externally-managed install_data
