running egg_info
creating ../build/transitions_and_states/transitions_and_states.egg-info
writing ../build/transitions_and_states/transitions_and_states.egg-info/PKG-INFO
writing dependency_links to ../build/transitions_and_states/transitions_and_states.egg-info/dependency_links.txt
writing entry points to ../build/transitions_and_states/transitions_and_states.egg-info/entry_points.txt
writing requirements to ../build/transitions_and_states/transitions_and_states.egg-info/requires.txt
writing top-level names to ../build/transitions_and_states/transitions_and_states.egg-info/top_level.txt
writing manifest file '../build/transitions_and_states/transitions_and_states.egg-info/SOURCES.txt'
reading manifest file '../build/transitions_and_states/transitions_and_states.egg-info/SOURCES.txt'
adding license file 'LICENSE'
writing manifest file '../build/transitions_and_states/transitions_and_states.egg-info/SOURCES.txt'
running build
running build_py
creating /home/paulo/edromufu/src/behaviour/build/transitions_and_states/build
creating /home/paulo/edromufu/src/behaviour/build/transitions_and_states/build/lib
creating /home/paulo/edromufu/src/behaviour/build/transitions_and_states/build/lib/transitions_and_states
copying transitions_and_states/__init__.py -> /home/paulo/edromufu/src/behaviour/build/transitions_and_states/build/lib/transitions_and_states
copying transitions_and_states/behaviour_parameters.py -> /home/paulo/edromufu/src/behaviour/build/transitions_and_states/build/lib/transitions_and_states
copying transitions_and_states/goalkeeper_behaviour.py -> /home/paulo/edromufu/src/behaviour/build/transitions_and_states/build/lib/transitions_and_states
copying transitions_and_states/striker_behaviour.py -> /home/paulo/edromufu/src/behaviour/build/transitions_and_states/build/lib/transitions_and_states
copying transitions_and_states/state_machine.py -> /home/paulo/edromufu/src/behaviour/build/transitions_and_states/build/lib/transitions_and_states
copying transitions_and_states/state_machine_receiver.py -> /home/paulo/edromufu/src/behaviour/build/transitions_and_states/build/lib/transitions_and_states
running install
running install_lib
creating /home/paulo/edromufu/src/behaviour/install/transitions_and_states/lib/python3.10/site-packages/transitions_and_states
copying /home/paulo/edromufu/src/behaviour/build/transitions_and_states/build/lib/transitions_and_states/__init__.py -> /home/paulo/edromufu/src/behaviour/install/transitions_and_states/lib/python3.10/site-packages/transitions_and_states
copying /home/paulo/edromufu/src/behaviour/build/transitions_and_states/build/lib/transitions_and_states/behaviour_parameters.py -> /home/paulo/edromufu/src/behaviour/install/transitions_and_states/lib/python3.10/site-packages/transitions_and_states
copying /home/paulo/edromufu/src/behaviour/build/transitions_and_states/build/lib/transitions_and_states/goalkeeper_behaviour.py -> /home/paulo/edromufu/src/behaviour/install/transitions_and_states/lib/python3.10/site-packages/transitions_and_states
copying /home/paulo/edromufu/src/behaviour/build/transitions_and_states/build/lib/transitions_and_states/striker_behaviour.py -> /home/paulo/edromufu/src/behaviour/install/transitions_and_states/lib/python3.10/site-packages/transitions_and_states
copying /home/paulo/edromufu/src/behaviour/build/transitions_and_states/build/lib/transitions_and_states/state_machine.py -> /home/paulo/edromufu/src/behaviour/install/transitions_and_states/lib/python3.10/site-packages/transitions_and_states
copying /home/paulo/edromufu/src/behaviour/build/transitions_and_states/build/lib/transitions_and_states/state_machine_receiver.py -> /home/paulo/edromufu/src/behaviour/install/transitions_and_states/lib/python3.10/site-packages/transitions_and_states
byte-compiling /home/paulo/edromufu/src/behaviour/install/transitions_and_states/lib/python3.10/site-packages/transitions_and_states/__init__.py to __init__.cpython-310.pyc
byte-compiling /home/paulo/edromufu/src/behaviour/install/transitions_and_states/lib/python3.10/site-packages/transitions_and_states/behaviour_parameters.py to behaviour_parameters.cpython-310.pyc
byte-compiling /home/paulo/edromufu/src/behaviour/install/transitions_and_states/lib/python3.10/site-packages/transitions_and_states/goalkeeper_behaviour.py to goalkeeper_behaviour.cpython-310.pyc
byte-compiling /home/paulo/edromufu/src/behaviour/install/transitions_and_states/lib/python3.10/site-packages/transitions_and_states/striker_behaviour.py to striker_behaviour.cpython-310.pyc
byte-compiling /home/paulo/edromufu/src/behaviour/install/transitions_and_states/lib/python3.10/site-packages/transitions_and_states/state_machine.py to state_machine.cpython-310.pyc
byte-compiling /home/paulo/edromufu/src/behaviour/install/transitions_and_states/lib/python3.10/site-packages/transitions_and_states/state_machine_receiver.py to state_machine_receiver.cpython-310.pyc
running install_data
creating /home/paulo/edromufu/src/behaviour/install/transitions_and_states/share/ament_index
creating /home/paulo/edromufu/src/behaviour/install/transitions_and_states/share/ament_index/resource_index
creating /home/paulo/edromufu/src/behaviour/install/transitions_and_states/share/ament_index/resource_index/packages
copying resource/transitions_and_states -> /home/paulo/edromufu/src/behaviour/install/transitions_and_states/share/ament_index/resource_index/packages
copying package.xml -> /home/paulo/edromufu/src/behaviour/install/transitions_and_states/share/transitions_and_states
running install_egg_info
Copying ../build/transitions_and_states/transitions_and_states.egg-info to /home/paulo/edromufu/src/behaviour/install/transitions_and_states/lib/python3.10/site-packages/transitions_and_states-0.0.0-py3.10.egg-info
running install_scripts
writing list of installed files to '/home/paulo/edromufu/src/behaviour/build/transitions_and_states/install.log'
