running egg_info
writing ../build/imu_ros_arduino/imu_ros_arduino.egg-info/PKG-INFO
writing dependency_links to ../build/imu_ros_arduino/imu_ros_arduino.egg-info/dependency_links.txt
writing entry points to ../build/imu_ros_arduino/imu_ros_arduino.egg-info/entry_points.txt
writing requirements to ../build/imu_ros_arduino/imu_ros_arduino.egg-info/requires.txt
writing top-level names to ../build/imu_ros_arduino/imu_ros_arduino.egg-info/top_level.txt
reading manifest file '../build/imu_ros_arduino/imu_ros_arduino.egg-info/SOURCES.txt'
adding license file 'LICENSE'
writing manifest file '../build/imu_ros_arduino/imu_ros_arduino.egg-info/SOURCES.txt'
running build
running build_py
running install
running install_lib
running install_data
running install_egg_info
removing '/home/paulo/edromufu/src/behaviour/install/imu_ros_arduino/lib/python3.10/site-packages/imu_ros_arduino-0.0.0-py3.10.egg-info' (and everything under it)
Copying ../build/imu_ros_arduino/imu_ros_arduino.egg-info to /home/paulo/edromufu/src/behaviour/install/imu_ros_arduino/lib/python3.10/site-packages/imu_ros_arduino-0.0.0-py3.10.egg-info
running install_scripts
Installing IMU_node script to /home/paulo/edromufu/src/behaviour/install/imu_ros_arduino/lib/imu_ros_arduino
writing list of installed files to '/home/paulo/edromufu/src/behaviour/build/imu_ros_arduino/install.log'
