[1.085s] Invoking command in '/home/edrom-mini/edromufu/src/movement/Ros2_change/src/movement_pages': AMENT_PREFIX_PATH=/home/edrom-mini/edromufu/src/movement/Ros2_change/install/movement_utils:${AMENT_PREFIX_PATH} CMAKE_PREFIX_PATH=/home/edrom-mini/edromufu/src/movement/Ros2_change/install/movement_utils LD_LIBRARY_PATH=/home/edrom-mini/edromufu/src/movement/Ros2_change/install/movement_utils/lib:${LD_LIBRARY_PATH} PYTHONPATH=/home/edrom-mini/edromufu/src/movement/Ros2_change/build/movement_pages/prefix_override:/home/edrom-mini/edromufu/src/movement/Ros2_change/install/movement_pages/lib/python3.10/site-packages:/home/edrom-mini/edromufu/src/movement/Ros2_change/install/movement_utils/local/lib/python3.10/dist-packages:${PYTHONPATH} /usr/bin/python3 -W ignore:setup.py install is deprecated setup.py egg_info --egg-base ../../build/movement_pages build --build-base /home/edrom-mini/edromufu/src/movement/Ros2_change/build/movement_pages/build install --record /home/edrom-mini/edromufu/src/movement/Ros2_change/build/movement_pages/install.log --single-version-externally-managed install_data
[1.378s] running egg_info
[1.378s] writing ../../build/movement_pages/movement_pages.egg-info/PKG-INFO
[1.378s] writing dependency_links to ../../build/movement_pages/movement_pages.egg-info/dependency_links.txt
[1.378s] writing entry points to ../../build/movement_pages/movement_pages.egg-info/entry_points.txt
[1.378s] writing requirements to ../../build/movement_pages/movement_pages.egg-info/requires.txt
[1.378s] writing top-level names to ../../build/movement_pages/movement_pages.egg-info/top_level.txt
[1.379s] reading manifest file '../../build/movement_pages/movement_pages.egg-info/SOURCES.txt'
[1.380s] writing manifest file '../../build/movement_pages/movement_pages.egg-info/SOURCES.txt'
[1.380s] running build
[1.380s] running build_py
[1.382s] running install
[1.382s] running install_lib
[1.384s] running install_data
[1.384s] running install_egg_info
[1.387s] removing '/home/edrom-mini/edromufu/src/movement/Ros2_change/install/movement_pages/lib/python3.10/site-packages/movement_pages-0.0.0-py3.10.egg-info' (and everything under it)
[1.388s] Copying ../../build/movement_pages/movement_pages.egg-info to /home/edrom-mini/edromufu/src/movement/Ros2_change/install/movement_pages/lib/python3.10/site-packages/movement_pages-0.0.0-py3.10.egg-info
[1.389s] running install_scripts
[1.414s] writing list of installed files to '/home/edrom-mini/edromufu/src/movement/Ros2_change/build/movement_pages/install.log'
[1.455s] Invoked command in '/home/edrom-mini/edromufu/src/movement/Ros2_change/src/movement_pages' returned '0': AMENT_PREFIX_PATH=/home/edrom-mini/edromufu/src/movement/Ros2_change/install/movement_utils:${AMENT_PREFIX_PATH} CMAKE_PREFIX_PATH=/home/edrom-mini/edromufu/src/movement/Ros2_change/install/movement_utils LD_LIBRARY_PATH=/home/edrom-mini/edromufu/src/movement/Ros2_change/install/movement_utils/lib:${LD_LIBRARY_PATH} PYTHONPATH=/home/edrom-mini/edromufu/src/movement/Ros2_change/build/movement_pages/prefix_override:/home/edrom-mini/edromufu/src/movement/Ros2_change/install/movement_pages/lib/python3.10/site-packages:/home/edrom-mini/edromufu/src/movement/Ros2_change/install/movement_utils/local/lib/python3.10/dist-packages:${PYTHONPATH} /usr/bin/python3 -W ignore:setup.py install is deprecated setup.py egg_info --egg-base ../../build/movement_pages build --build-base /home/edrom-mini/edromufu/src/movement/Ros2_change/build/movement_pages/build install --record /home/edrom-mini/edromufu/src/movement/Ros2_change/build/movement_pages/install.log --single-version-externally-managed install_data
