[1.090s] Invoking command in '/home/edrom-mini/edromufu/src/movement/Ros2_change/src/micro_ros/micro_publisher': PYTHONPATH=/home/edrom-mini/edromufu/src/movement/Ros2_change/build/micro_publisher/prefix_override:/home/edrom-mini/edromufu/src/movement/Ros2_change/install/micro_publisher/lib/python3.10/site-packages:${PYTHONPATH} /usr/bin/python3 -W ignore:setup.py install is deprecated setup.py egg_info --egg-base ../../../build/micro_publisher build --build-base /home/edrom-mini/edromufu/src/movement/Ros2_change/build/micro_publisher/build install --record /home/edrom-mini/edromufu/src/movement/Ros2_change/build/micro_publisher/install.log --single-version-externally-managed install_data
[1.480s] running egg_info
[1.482s] writing ../../../build/micro_publisher/micro_publisher.egg-info/PKG-INFO
[1.482s] writing dependency_links to ../../../build/micro_publisher/micro_publisher.egg-info/dependency_links.txt
[1.482s] writing entry points to ../../../build/micro_publisher/micro_publisher.egg-info/entry_points.txt
[1.483s] writing requirements to ../../../build/micro_publisher/micro_publisher.egg-info/requires.txt
[1.483s] writing top-level names to ../../../build/micro_publisher/micro_publisher.egg-info/top_level.txt
[1.486s] reading manifest file '../../../build/micro_publisher/micro_publisher.egg-info/SOURCES.txt'
[1.487s] writing manifest file '../../../build/micro_publisher/micro_publisher.egg-info/SOURCES.txt'
[1.487s] running build
[1.487s] running build_py
[1.488s] running install
[1.488s] running install_lib
[1.490s] running install_data
[1.490s] running install_egg_info
[1.494s] removing '/home/edrom-mini/edromufu/src/movement/Ros2_change/install/micro_publisher/lib/python3.10/site-packages/micro_publisher-0.0.0-py3.10.egg-info' (and everything under it)
[1.494s] Copying ../../../build/micro_publisher/micro_publisher.egg-info to /home/edrom-mini/edromufu/src/movement/Ros2_change/install/micro_publisher/lib/python3.10/site-packages/micro_publisher-0.0.0-py3.10.egg-info
[1.496s] running install_scripts
[1.527s] Installing pub_to_esp script to /home/edrom-mini/edromufu/src/movement/Ros2_change/install/micro_publisher/lib/micro_publisher
[1.528s] writing list of installed files to '/home/edrom-mini/edromufu/src/movement/Ros2_change/build/micro_publisher/install.log'
[1.578s] Invoked command in '/home/edrom-mini/edromufu/src/movement/Ros2_change/src/micro_ros/micro_publisher' returned '0': PYTHONPATH=/home/edrom-mini/edromufu/src/movement/Ros2_change/build/micro_publisher/prefix_override:/home/edrom-mini/edromufu/src/movement/Ros2_change/install/micro_publisher/lib/python3.10/site-packages:${PYTHONPATH} /usr/bin/python3 -W ignore:setup.py install is deprecated setup.py egg_info --egg-base ../../../build/micro_publisher build --build-base /home/edrom-mini/edromufu/src/movement/Ros2_change/build/micro_publisher/build install --record /home/edrom-mini/edromufu/src/movement/Ros2_change/build/micro_publisher/install.log --single-version-externally-managed install_data
