[0.631s] Invoking command in '/home/paulo/edromufu/src/movement/Ros2_change/src/movement_pages': CMAKE_PREFIX_PATH=/home/paulo/edromufu/src/movement/Ros2_change/install/movement_utils:/home/paulo/edromufu/src/movement/Ros2_change/install/urdf_robox:/home/paulo/edromufu/src/movement/Ros2_change/install/urdf_example:/home/paulo/edromufu/src/movement/Ros2_change/install/humanoid_visualization:/home/paulo/edromufu/src/movement/Ros2_change/install/micro_ros_agent:/home/paulo/edromufu/src/movement/Ros2_change/install/micro_ros_msgs PYTHONPATH=/home/paulo/edromufu/src/movement/Ros2_change/build/movement_pages/prefix_override:/usr/lib/python3/dist-packages/colcon_core/task/python/colcon_distutils_commands:/home/paulo/edromufu/src/movement/Ros2_change/install/movement_pages/lib/python3.10/site-packages:${PYTHONPATH} /usr/bin/python3 -W ignore:setup.py install is deprecated setup.py egg_info --egg-base ../../build/movement_pages build --build-base /home/paulo/edromufu/src/movement/Ros2_change/build/movement_pages/build install --record /home/paulo/edromufu/src/movement/Ros2_change/build/movement_pages/install.log --single-version-externally-managed install_data
[0.815s] running egg_info
[0.815s] creating ../../build/movement_pages/movement_pages.egg-info
[0.816s] writing ../../build/movement_pages/movement_pages.egg-info/PKG-INFO
[0.816s] writing dependency_links to ../../build/movement_pages/movement_pages.egg-info/dependency_links.txt
[0.816s] writing entry points to ../../build/movement_pages/movement_pages.egg-info/entry_points.txt
[0.816s] writing requirements to ../../build/movement_pages/movement_pages.egg-info/requires.txt
[0.816s] writing top-level names to ../../build/movement_pages/movement_pages.egg-info/top_level.txt
[0.816s] writing manifest file '../../build/movement_pages/movement_pages.egg-info/SOURCES.txt'
[0.818s] reading manifest file '../../build/movement_pages/movement_pages.egg-info/SOURCES.txt'
[0.819s] writing manifest file '../../build/movement_pages/movement_pages.egg-info/SOURCES.txt'
[0.819s] running build
[0.819s] running build_py
[0.819s] creating /home/paulo/edromufu/src/movement/Ros2_change/build/movement_pages/build
[0.819s] creating /home/paulo/edromufu/src/movement/Ros2_change/build/movement_pages/build/lib
[0.820s] creating /home/paulo/edromufu/src/movement/Ros2_change/build/movement_pages/build/lib/movement_pages
[0.820s] copying movement_pages/__init__.py -> /home/paulo/edromufu/src/movement/Ros2_change/build/movement_pages/build/lib/movement_pages
[0.820s] copying movement_pages/ui.py -> /home/paulo/edromufu/src/movement/Ros2_change/build/movement_pages/build/lib/movement_pages
[0.820s] copying movement_pages/page_runner.py -> /home/paulo/edromufu/src/movement/Ros2_change/build/movement_pages/build/lib/movement_pages
[0.820s] copying movement_pages/edrom_logo_rc.py -> /home/paulo/edromufu/src/movement/Ros2_change/build/movement_pages/build/lib/movement_pages
[0.822s] copying movement_pages/page_interface.py -> /home/paulo/edromufu/src/movement/Ros2_change/build/movement_pages/build/lib/movement_pages
[0.822s] copying movement_pages/new_pose.py -> /home/paulo/edromufu/src/movement/Ros2_change/build/movement_pages/build/lib/movement_pages
[0.822s] running install
[0.823s] running install_lib
[0.823s] creating /home/paulo/edromufu/src/movement/Ros2_change/install/movement_pages/lib/python3.10/site-packages/movement_pages
[0.824s] copying /home/paulo/edromufu/src/movement/Ros2_change/build/movement_pages/build/lib/movement_pages/__init__.py -> /home/paulo/edromufu/src/movement/Ros2_change/install/movement_pages/lib/python3.10/site-packages/movement_pages
[0.824s] copying /home/paulo/edromufu/src/movement/Ros2_change/build/movement_pages/build/lib/movement_pages/ui.py -> /home/paulo/edromufu/src/movement/Ros2_change/install/movement_pages/lib/python3.10/site-packages/movement_pages
[0.824s] copying /home/paulo/edromufu/src/movement/Ros2_change/build/movement_pages/build/lib/movement_pages/page_runner.py -> /home/paulo/edromufu/src/movement/Ros2_change/install/movement_pages/lib/python3.10/site-packages/movement_pages
[0.824s] copying /home/paulo/edromufu/src/movement/Ros2_change/build/movement_pages/build/lib/movement_pages/edrom_logo_rc.py -> /home/paulo/edromufu/src/movement/Ros2_change/install/movement_pages/lib/python3.10/site-packages/movement_pages
[0.825s] copying /home/paulo/edromufu/src/movement/Ros2_change/build/movement_pages/build/lib/movement_pages/page_interface.py -> /home/paulo/edromufu/src/movement/Ros2_change/install/movement_pages/lib/python3.10/site-packages/movement_pages
[0.825s] copying /home/paulo/edromufu/src/movement/Ros2_change/build/movement_pages/build/lib/movement_pages/new_pose.py -> /home/paulo/edromufu/src/movement/Ros2_change/install/movement_pages/lib/python3.10/site-packages/movement_pages
[0.826s] byte-compiling /home/paulo/edromufu/src/movement/Ros2_change/install/movement_pages/lib/python3.10/site-packages/movement_pages/__init__.py to __init__.cpython-310.pyc
[0.826s] byte-compiling /home/paulo/edromufu/src/movement/Ros2_change/install/movement_pages/lib/python3.10/site-packages/movement_pages/ui.py to ui.cpython-310.pyc
[0.830s] byte-compiling /home/paulo/edromufu/src/movement/Ros2_change/install/movement_pages/lib/python3.10/site-packages/movement_pages/page_runner.py to page_runner.cpython-310.pyc
[0.830s] byte-compiling /home/paulo/edromufu/src/movement/Ros2_change/install/movement_pages/lib/python3.10/site-packages/movement_pages/edrom_logo_rc.py to edrom_logo_rc.cpython-310.pyc
[0.841s] byte-compiling /home/paulo/edromufu/src/movement/Ros2_change/install/movement_pages/lib/python3.10/site-packages/movement_pages/page_interface.py to page_interface.cpython-310.pyc
[0.843s] byte-compiling /home/paulo/edromufu/src/movement/Ros2_change/install/movement_pages/lib/python3.10/site-packages/movement_pages/new_pose.py to new_pose.cpython-310.pyc
[0.843s] running install_data
[0.843s] creating /home/paulo/edromufu/src/movement/Ros2_change/install/movement_pages/share/ament_index
[0.844s] creating /home/paulo/edromufu/src/movement/Ros2_change/install/movement_pages/share/ament_index/resource_index
[0.844s] creating /home/paulo/edromufu/src/movement/Ros2_change/install/movement_pages/share/ament_index/resource_index/packages
[0.844s] copying resource/movement_pages -> /home/paulo/edromufu/src/movement/Ros2_change/install/movement_pages/share/ament_index/resource_index/packages
[0.844s] copying package.xml -> /home/paulo/edromufu/src/movement/Ros2_change/install/movement_pages/share/movement_pages
[0.844s] running install_egg_info
[0.845s] Copying ../../build/movement_pages/movement_pages.egg-info to /home/paulo/edromufu/src/movement/Ros2_change/install/movement_pages/lib/python3.10/site-packages/movement_pages-0.0.0-py3.10.egg-info
[0.846s] running install_scripts
[0.863s] writing list of installed files to '/home/paulo/edromufu/src/movement/Ros2_change/build/movement_pages/install.log'
[0.882s] Invoked command in '/home/paulo/edromufu/src/movement/Ros2_change/src/movement_pages' returned '0': CMAKE_PREFIX_PATH=/home/paulo/edromufu/src/movement/Ros2_change/install/movement_utils:/home/paulo/edromufu/src/movement/Ros2_change/install/urdf_robox:/home/paulo/edromufu/src/movement/Ros2_change/install/urdf_example:/home/paulo/edromufu/src/movement/Ros2_change/install/humanoid_visualization:/home/paulo/edromufu/src/movement/Ros2_change/install/micro_ros_agent:/home/paulo/edromufu/src/movement/Ros2_change/install/micro_ros_msgs PYTHONPATH=/home/paulo/edromufu/src/movement/Ros2_change/build/movement_pages/prefix_override:/usr/lib/python3/dist-packages/colcon_core/task/python/colcon_distutils_commands:/home/paulo/edromufu/src/movement/Ros2_change/install/movement_pages/lib/python3.10/site-packages:${PYTHONPATH} /usr/bin/python3 -W ignore:setup.py install is deprecated setup.py egg_info --egg-base ../../build/movement_pages build --build-base /home/paulo/edromufu/src/movement/Ros2_change/build/movement_pages/build install --record /home/paulo/edromufu/src/movement/Ros2_change/build/movement_pages/install.log --single-version-externally-managed install_data
