[0.659s] Invoking command in '/home/vtr_caixeta/edromufu/src/behaviour/bhv_independent_simulator': PYTHONPATH=/home/vtr_caixeta/edromufu/src/behaviour/bhv_independent_simulator/build/bhv_independent_simulator/prefix_override:/usr/lib/python3/dist-packages/colcon_core/task/python/colcon_distutils_commands:/home/vtr_caixeta/edromufu/src/behaviour/bhv_independent_simulator/install/bhv_independent_simulator/lib/python3.10/site-packages:${PYTHONPATH} /usr/bin/python3 -W ignore:setup.py install is deprecated -W ignore:easy_install command is deprecated setup.py egg_info --egg-base build/bhv_independent_simulator build --build-base /home/vtr_caixeta/edromufu/src/behaviour/bhv_independent_simulator/build/bhv_independent_simulator/build install --record /home/vtr_caixeta/edromufu/src/behaviour/bhv_independent_simulator/build/bhv_independent_simulator/install.log --single-version-externally-managed install_data
[0.895s] running egg_info
[0.896s] writing build/bhv_independent_simulator/bhv_independent_simulator.egg-info/PKG-INFO
[0.896s] writing dependency_links to build/bhv_independent_simulator/bhv_independent_simulator.egg-info/dependency_links.txt
[0.896s] writing entry points to build/bhv_independent_simulator/bhv_independent_simulator.egg-info/entry_points.txt
[0.896s] writing requirements to build/bhv_independent_simulator/bhv_independent_simulator.egg-info/requires.txt
[0.896s] writing top-level names to build/bhv_independent_simulator/bhv_independent_simulator.egg-info/top_level.txt
[0.901s] reading manifest file 'build/bhv_independent_simulator/bhv_independent_simulator.egg-info/SOURCES.txt'
[0.905s] writing manifest file 'build/bhv_independent_simulator/bhv_independent_simulator.egg-info/SOURCES.txt'
[0.905s] running build
[0.905s] running build_py
[0.905s] copying bhv_independent_simulator/__init__.py -> /home/vtr_caixeta/edromufu/src/behaviour/bhv_independent_simulator/build/bhv_independent_simulator/build/lib/bhv_independent_simulator
[0.905s] copying bhv_independent_simulator/sensors_update.py -> /home/vtr_caixeta/edromufu/src/behaviour/bhv_independent_simulator/build/bhv_independent_simulator/build/lib/bhv_independent_simulator
[0.906s] copying bhv_independent_simulator/move_head.py -> /home/vtr_caixeta/edromufu/src/behaviour/bhv_independent_simulator/build/bhv_independent_simulator/build/lib/bhv_independent_simulator
[0.906s] copying bhv_independent_simulator/setup.py -> /home/vtr_caixeta/edromufu/src/behaviour/bhv_independent_simulator/build/bhv_independent_simulator/build/lib/bhv_independent_simulator
[0.906s] copying bhv_independent_simulator/bhv_sim.py -> /home/vtr_caixeta/edromufu/src/behaviour/bhv_independent_simulator/build/bhv_independent_simulator/build/lib/bhv_independent_simulator
[0.907s] running build_scripts
[0.907s] creating /home/vtr_caixeta/edromufu/src/behaviour/bhv_independent_simulator/build/bhv_independent_simulator/build/scripts-3.10
[0.907s] copying and adjusting scripts/bhv_sim -> /home/vtr_caixeta/edromufu/src/behaviour/bhv_independent_simulator/build/bhv_independent_simulator/build/scripts-3.10
[0.907s] changing mode of /home/vtr_caixeta/edromufu/src/behaviour/bhv_independent_simulator/build/bhv_independent_simulator/build/scripts-3.10/bhv_sim from 664 to 775
[0.907s] running install
[0.907s] running install_lib
[0.909s] copying /home/vtr_caixeta/edromufu/src/behaviour/bhv_independent_simulator/build/bhv_independent_simulator/build/lib/bhv_independent_simulator/__init__.py -> /home/vtr_caixeta/edromufu/src/behaviour/bhv_independent_simulator/install/bhv_independent_simulator/lib/python3.10/site-packages/bhv_independent_simulator
[0.909s] copying /home/vtr_caixeta/edromufu/src/behaviour/bhv_independent_simulator/build/bhv_independent_simulator/build/lib/bhv_independent_simulator/sensors_update.py -> /home/vtr_caixeta/edromufu/src/behaviour/bhv_independent_simulator/install/bhv_independent_simulator/lib/python3.10/site-packages/bhv_independent_simulator
[0.909s] copying /home/vtr_caixeta/edromufu/src/behaviour/bhv_independent_simulator/build/bhv_independent_simulator/build/lib/bhv_independent_simulator/move_head.py -> /home/vtr_caixeta/edromufu/src/behaviour/bhv_independent_simulator/install/bhv_independent_simulator/lib/python3.10/site-packages/bhv_independent_simulator
[0.909s] copying /home/vtr_caixeta/edromufu/src/behaviour/bhv_independent_simulator/build/bhv_independent_simulator/build/lib/bhv_independent_simulator/setup.py -> /home/vtr_caixeta/edromufu/src/behaviour/bhv_independent_simulator/install/bhv_independent_simulator/lib/python3.10/site-packages/bhv_independent_simulator
[0.910s] copying /home/vtr_caixeta/edromufu/src/behaviour/bhv_independent_simulator/build/bhv_independent_simulator/build/lib/bhv_independent_simulator/bhv_sim.py -> /home/vtr_caixeta/edromufu/src/behaviour/bhv_independent_simulator/install/bhv_independent_simulator/lib/python3.10/site-packages/bhv_independent_simulator
[0.910s] byte-compiling /home/vtr_caixeta/edromufu/src/behaviour/bhv_independent_simulator/install/bhv_independent_simulator/lib/python3.10/site-packages/bhv_independent_simulator/__init__.py to __init__.cpython-310.pyc
[0.911s] byte-compiling /home/vtr_caixeta/edromufu/src/behaviour/bhv_independent_simulator/install/bhv_independent_simulator/lib/python3.10/site-packages/bhv_independent_simulator/sensors_update.py to sensors_update.cpython-310.pyc
[0.912s] byte-compiling /home/vtr_caixeta/edromufu/src/behaviour/bhv_independent_simulator/install/bhv_independent_simulator/lib/python3.10/site-packages/bhv_independent_simulator/move_head.py to move_head.cpython-310.pyc
[0.914s] byte-compiling /home/vtr_caixeta/edromufu/src/behaviour/bhv_independent_simulator/install/bhv_independent_simulator/lib/python3.10/site-packages/bhv_independent_simulator/setup.py to setup.cpython-310.pyc
[0.914s] byte-compiling /home/vtr_caixeta/edromufu/src/behaviour/bhv_independent_simulator/install/bhv_independent_simulator/lib/python3.10/site-packages/bhv_independent_simulator/bhv_sim.py to bhv_sim.cpython-310.pyc
[0.915s] running install_data
[0.915s] copying resource/bhv_independent_simulator -> /home/vtr_caixeta/edromufu/src/behaviour/bhv_independent_simulator/install/bhv_independent_simulator/share/ament_index/resource_index/packages
[0.916s] copying launch/behaviour_simulator.launch.py -> /home/vtr_caixeta/edromufu/src/behaviour/bhv_independent_simulator/install/bhv_independent_simulator/share/bhv_independent_simulator/launch
[0.916s] running install_egg_info
[0.919s] removing '/home/vtr_caixeta/edromufu/src/behaviour/bhv_independent_simulator/install/bhv_independent_simulator/lib/python3.10/site-packages/bhv_independent_simulator-0.0.0-py3.10.egg-info' (and everything under it)
[0.919s] Copying build/bhv_independent_simulator/bhv_independent_simulator.egg-info to /home/vtr_caixeta/edromufu/src/behaviour/bhv_independent_simulator/install/bhv_independent_simulator/lib/python3.10/site-packages/bhv_independent_simulator-0.0.0-py3.10.egg-info
[0.920s] running install_scripts
[0.944s] copying /home/vtr_caixeta/edromufu/src/behaviour/bhv_independent_simulator/build/bhv_independent_simulator/build/scripts-3.10/bhv_sim -> /home/vtr_caixeta/edromufu/src/behaviour/bhv_independent_simulator/install/bhv_independent_simulator/bin
[0.945s] changing mode of /home/vtr_caixeta/edromufu/src/behaviour/bhv_independent_simulator/install/bhv_independent_simulator/bin/bhv_sim to 775
[0.946s] Installing bhv_sim script to /home/vtr_caixeta/edromufu/src/behaviour/bhv_independent_simulator/install/bhv_independent_simulator/bin
[0.946s] writing list of installed files to '/home/vtr_caixeta/edromufu/src/behaviour/bhv_independent_simulator/build/bhv_independent_simulator/install.log'
[0.971s] Invoked command in '/home/vtr_caixeta/edromufu/src/behaviour/bhv_independent_simulator' returned '0': PYTHONPATH=/home/vtr_caixeta/edromufu/src/behaviour/bhv_independent_simulator/build/bhv_independent_simulator/prefix_override:/usr/lib/python3/dist-packages/colcon_core/task/python/colcon_distutils_commands:/home/vtr_caixeta/edromufu/src/behaviour/bhv_independent_simulator/install/bhv_independent_simulator/lib/python3.10/site-packages:${PYTHONPATH} /usr/bin/python3 -W ignore:setup.py install is deprecated -W ignore:easy_install command is deprecated setup.py egg_info --egg-base build/bhv_independent_simulator build --build-base /home/vtr_caixeta/edromufu/src/behaviour/bhv_independent_simulator/build/bhv_independent_simulator/build install --record /home/vtr_caixeta/edromufu/src/behaviour/bhv_independent_simulator/build/bhv_independent_simulator/install.log --single-version-externally-managed install_data
