[1.079s] Invoking command in '/home/pedrohperes/edromufu/src/movement/Ros2_change/src/movement_pages': AMENT_PREFIX_PATH=/home/pedrohperes/edromufu/src/movement/Ros2_change/src/install/movement_utils:${AMENT_PREFIX_PATH} CMAKE_PREFIX_PATH=/home/pedrohperes/edromufu/src/movement/Ros2_change/src/install/movement_utils:${CMAKE_PREFIX_PATH} LD_LIBRARY_PATH=/home/pedrohperes/edromufu/src/movement/Ros2_change/src/install/movement_utils/lib:${LD_LIBRARY_PATH} PYTHONPATH=/home/pedrohperes/edromufu/src/movement/Ros2_change/src/build/movement_pages/prefix_override:/home/pedrohperes/edromufu/src/movement/Ros2_change/src/install/movement_pages/lib/python3.10/site-packages:/home/pedrohperes/edromufu/src/movement/Ros2_change/src/install/movement_utils/local/lib/python3.10/dist-packages:${PYTHONPATH} /usr/bin/python3 -W ignore:setup.py install is deprecated setup.py egg_info --egg-base ../build/movement_pages build --build-base /home/pedrohperes/edromufu/src/movement/Ros2_change/src/build/movement_pages/build install --record /home/pedrohperes/edromufu/src/movement/Ros2_change/src/build/movement_pages/install.log --single-version-externally-managed install_data
[1.353s] running egg_info
[1.353s] creating ../build/movement_pages/movement_pages.egg-info
[1.354s] writing ../build/movement_pages/movement_pages.egg-info/PKG-INFO
[1.354s] writing dependency_links to ../build/movement_pages/movement_pages.egg-info/dependency_links.txt
[1.354s] writing entry points to ../build/movement_pages/movement_pages.egg-info/entry_points.txt
[1.354s] writing requirements to ../build/movement_pages/movement_pages.egg-info/requires.txt
[1.354s] writing top-level names to ../build/movement_pages/movement_pages.egg-info/top_level.txt
[1.354s] writing manifest file '../build/movement_pages/movement_pages.egg-info/SOURCES.txt'
[1.356s] reading manifest file '../build/movement_pages/movement_pages.egg-info/SOURCES.txt'
[1.356s] writing manifest file '../build/movement_pages/movement_pages.egg-info/SOURCES.txt'
[1.356s] running build
[1.356s] running build_py
[1.357s] creating /home/pedrohperes/edromufu/src/movement/Ros2_change/src/build/movement_pages/build
[1.357s] creating /home/pedrohperes/edromufu/src/movement/Ros2_change/src/build/movement_pages/build/lib
[1.357s] creating /home/pedrohperes/edromufu/src/movement/Ros2_change/src/build/movement_pages/build/lib/movement_pages
[1.357s] copying movement_pages/page_runner.py -> /home/pedrohperes/edromufu/src/movement/Ros2_change/src/build/movement_pages/build/lib/movement_pages
[1.357s] copying movement_pages/page_interface.py -> /home/pedrohperes/edromufu/src/movement/Ros2_change/src/build/movement_pages/build/lib/movement_pages
[1.357s] copying movement_pages/__init__.py -> /home/pedrohperes/edromufu/src/movement/Ros2_change/src/build/movement_pages/build/lib/movement_pages
[1.357s] copying movement_pages/edrom_logo_rc.py -> /home/pedrohperes/edromufu/src/movement/Ros2_change/src/build/movement_pages/build/lib/movement_pages
[1.358s] copying movement_pages/new_pose.py -> /home/pedrohperes/edromufu/src/movement/Ros2_change/src/build/movement_pages/build/lib/movement_pages
[1.358s] copying movement_pages/ui.py -> /home/pedrohperes/edromufu/src/movement/Ros2_change/src/build/movement_pages/build/lib/movement_pages
[1.358s] running install
[1.359s] running install_lib
[1.359s] creating /home/pedrohperes/edromufu/src/movement/Ros2_change/src/install/movement_pages/lib/python3.10/site-packages/movement_pages
[1.359s] copying /home/pedrohperes/edromufu/src/movement/Ros2_change/src/build/movement_pages/build/lib/movement_pages/page_runner.py -> /home/pedrohperes/edromufu/src/movement/Ros2_change/src/install/movement_pages/lib/python3.10/site-packages/movement_pages
[1.359s] copying /home/pedrohperes/edromufu/src/movement/Ros2_change/src/build/movement_pages/build/lib/movement_pages/page_interface.py -> /home/pedrohperes/edromufu/src/movement/Ros2_change/src/install/movement_pages/lib/python3.10/site-packages/movement_pages
[1.360s] copying /home/pedrohperes/edromufu/src/movement/Ros2_change/src/build/movement_pages/build/lib/movement_pages/__init__.py -> /home/pedrohperes/edromufu/src/movement/Ros2_change/src/install/movement_pages/lib/python3.10/site-packages/movement_pages
[1.360s] copying /home/pedrohperes/edromufu/src/movement/Ros2_change/src/build/movement_pages/build/lib/movement_pages/edrom_logo_rc.py -> /home/pedrohperes/edromufu/src/movement/Ros2_change/src/install/movement_pages/lib/python3.10/site-packages/movement_pages
[1.361s] copying /home/pedrohperes/edromufu/src/movement/Ros2_change/src/build/movement_pages/build/lib/movement_pages/new_pose.py -> /home/pedrohperes/edromufu/src/movement/Ros2_change/src/install/movement_pages/lib/python3.10/site-packages/movement_pages
[1.361s] copying /home/pedrohperes/edromufu/src/movement/Ros2_change/src/build/movement_pages/build/lib/movement_pages/ui.py -> /home/pedrohperes/edromufu/src/movement/Ros2_change/src/install/movement_pages/lib/python3.10/site-packages/movement_pages
[1.361s] byte-compiling /home/pedrohperes/edromufu/src/movement/Ros2_change/src/install/movement_pages/lib/python3.10/site-packages/movement_pages/page_runner.py to page_runner.cpython-310.pyc
[1.362s] byte-compiling /home/pedrohperes/edromufu/src/movement/Ros2_change/src/install/movement_pages/lib/python3.10/site-packages/movement_pages/page_interface.py to page_interface.cpython-310.pyc
[1.364s] byte-compiling /home/pedrohperes/edromufu/src/movement/Ros2_change/src/install/movement_pages/lib/python3.10/site-packages/movement_pages/__init__.py to __init__.cpython-310.pyc
[1.364s] byte-compiling /home/pedrohperes/edromufu/src/movement/Ros2_change/src/install/movement_pages/lib/python3.10/site-packages/movement_pages/edrom_logo_rc.py to edrom_logo_rc.cpython-310.pyc
[1.379s] byte-compiling /home/pedrohperes/edromufu/src/movement/Ros2_change/src/install/movement_pages/lib/python3.10/site-packages/movement_pages/new_pose.py to new_pose.cpython-310.pyc
[1.380s] byte-compiling /home/pedrohperes/edromufu/src/movement/Ros2_change/src/install/movement_pages/lib/python3.10/site-packages/movement_pages/ui.py to ui.cpython-310.pyc
[1.384s] running install_data
[1.384s] creating /home/pedrohperes/edromufu/src/movement/Ros2_change/src/install/movement_pages/share/ament_index
[1.384s] creating /home/pedrohperes/edromufu/src/movement/Ros2_change/src/install/movement_pages/share/ament_index/resource_index
[1.384s] creating /home/pedrohperes/edromufu/src/movement/Ros2_change/src/install/movement_pages/share/ament_index/resource_index/packages
[1.384s] copying resource/movement_pages -> /home/pedrohperes/edromufu/src/movement/Ros2_change/src/install/movement_pages/share/ament_index/resource_index/packages
[1.385s] copying package.xml -> /home/pedrohperes/edromufu/src/movement/Ros2_change/src/install/movement_pages/share/movement_pages
[1.385s] running install_egg_info
[1.386s] Copying ../build/movement_pages/movement_pages.egg-info to /home/pedrohperes/edromufu/src/movement/Ros2_change/src/install/movement_pages/lib/python3.10/site-packages/movement_pages-0.0.0-py3.10.egg-info
[1.387s] running install_scripts
[1.407s] writing list of installed files to '/home/pedrohperes/edromufu/src/movement/Ros2_change/src/build/movement_pages/install.log'
[1.428s] Invoked command in '/home/pedrohperes/edromufu/src/movement/Ros2_change/src/movement_pages' returned '0': AMENT_PREFIX_PATH=/home/pedrohperes/edromufu/src/movement/Ros2_change/src/install/movement_utils:${AMENT_PREFIX_PATH} CMAKE_PREFIX_PATH=/home/pedrohperes/edromufu/src/movement/Ros2_change/src/install/movement_utils:${CMAKE_PREFIX_PATH} LD_LIBRARY_PATH=/home/pedrohperes/edromufu/src/movement/Ros2_change/src/install/movement_utils/lib:${LD_LIBRARY_PATH} PYTHONPATH=/home/pedrohperes/edromufu/src/movement/Ros2_change/src/build/movement_pages/prefix_override:/home/pedrohperes/edromufu/src/movement/Ros2_change/src/install/movement_pages/lib/python3.10/site-packages:/home/pedrohperes/edromufu/src/movement/Ros2_change/src/install/movement_utils/local/lib/python3.10/dist-packages:${PYTHONPATH} /usr/bin/python3 -W ignore:setup.py install is deprecated setup.py egg_info --egg-base ../build/movement_pages build --build-base /home/pedrohperes/edromufu/src/movement/Ros2_change/src/build/movement_pages/build install --record /home/pedrohperes/edromufu/src/movement/Ros2_change/src/build/movement_pages/install.log --single-version-externally-managed install_data
