[1.423s] Invoking command in '/home/pedrohperes/edromufu/src/movement/Ros2_change/src/kinematic_functions': PYTHONPATH=/home/pedrohperes/edromufu/src/movement/Ros2_change/build/kinematic_functions/prefix_override:/home/pedrohperes/edromufu/src/movement/Ros2_change/install/kinematic_functions/lib/python3.10/site-packages:${PYTHONPATH} /usr/bin/python3 -W ignore:setup.py install is deprecated setup.py egg_info --egg-base ../../build/kinematic_functions build --build-base /home/pedrohperes/edromufu/src/movement/Ros2_change/build/kinematic_functions/build install --record /home/pedrohperes/edromufu/src/movement/Ros2_change/build/kinematic_functions/install.log --single-version-externally-managed install_data
[1.728s] running egg_info
[1.729s] creating ../../build/kinematic_functions/kinematic_functions.egg-info
[1.729s] writing ../../build/kinematic_functions/kinematic_functions.egg-info/PKG-INFO
[1.730s] writing dependency_links to ../../build/kinematic_functions/kinematic_functions.egg-info/dependency_links.txt
[1.730s] writing entry points to ../../build/kinematic_functions/kinematic_functions.egg-info/entry_points.txt
[1.730s] writing requirements to ../../build/kinematic_functions/kinematic_functions.egg-info/requires.txt
[1.730s] writing top-level names to ../../build/kinematic_functions/kinematic_functions.egg-info/top_level.txt
[1.730s] writing manifest file '../../build/kinematic_functions/kinematic_functions.egg-info/SOURCES.txt'
[1.732s] reading manifest file '../../build/kinematic_functions/kinematic_functions.egg-info/SOURCES.txt'
[1.733s] writing manifest file '../../build/kinematic_functions/kinematic_functions.egg-info/SOURCES.txt'
[1.733s] running build
[1.733s] running build_py
[1.734s] creating /home/pedrohperes/edromufu/src/movement/Ros2_change/build/kinematic_functions/build
[1.734s] creating /home/pedrohperes/edromufu/src/movement/Ros2_change/build/kinematic_functions/build/lib
[1.734s] creating /home/pedrohperes/edromufu/src/movement/Ros2_change/build/kinematic_functions/build/lib/kinematic_functions
[1.734s] copying kinematic_functions/__init__.py -> /home/pedrohperes/edromufu/src/movement/Ros2_change/build/kinematic_functions/build/lib/kinematic_functions
[1.734s] copying kinematic_functions/direct_kinematics.py -> /home/pedrohperes/edromufu/src/movement/Ros2_change/build/kinematic_functions/build/lib/kinematic_functions
[1.734s] copying kinematic_functions/ik_numerical.py -> /home/pedrohperes/edromufu/src/movement/Ros2_change/build/kinematic_functions/build/lib/kinematic_functions
[1.734s] running install
[1.735s] running install_lib
[1.736s] creating /home/pedrohperes/edromufu/src/movement/Ros2_change/install/kinematic_functions/lib/python3.10/site-packages/kinematic_functions
[1.736s] copying /home/pedrohperes/edromufu/src/movement/Ros2_change/build/kinematic_functions/build/lib/kinematic_functions/__init__.py -> /home/pedrohperes/edromufu/src/movement/Ros2_change/install/kinematic_functions/lib/python3.10/site-packages/kinematic_functions
[1.736s] copying /home/pedrohperes/edromufu/src/movement/Ros2_change/build/kinematic_functions/build/lib/kinematic_functions/direct_kinematics.py -> /home/pedrohperes/edromufu/src/movement/Ros2_change/install/kinematic_functions/lib/python3.10/site-packages/kinematic_functions
[1.736s] copying /home/pedrohperes/edromufu/src/movement/Ros2_change/build/kinematic_functions/build/lib/kinematic_functions/ik_numerical.py -> /home/pedrohperes/edromufu/src/movement/Ros2_change/install/kinematic_functions/lib/python3.10/site-packages/kinematic_functions
[1.736s] byte-compiling /home/pedrohperes/edromufu/src/movement/Ros2_change/install/kinematic_functions/lib/python3.10/site-packages/kinematic_functions/__init__.py to __init__.cpython-310.pyc
[1.737s] byte-compiling /home/pedrohperes/edromufu/src/movement/Ros2_change/install/kinematic_functions/lib/python3.10/site-packages/kinematic_functions/direct_kinematics.py to direct_kinematics.cpython-310.pyc
[1.737s] byte-compiling /home/pedrohperes/edromufu/src/movement/Ros2_change/install/kinematic_functions/lib/python3.10/site-packages/kinematic_functions/ik_numerical.py to ik_numerical.cpython-310.pyc
[1.738s] running install_data
[1.738s] creating /home/pedrohperes/edromufu/src/movement/Ros2_change/install/kinematic_functions/share/ament_index
[1.739s] creating /home/pedrohperes/edromufu/src/movement/Ros2_change/install/kinematic_functions/share/ament_index/resource_index
[1.739s] creating /home/pedrohperes/edromufu/src/movement/Ros2_change/install/kinematic_functions/share/ament_index/resource_index/packages
[1.739s] copying resource/kinematic_functions -> /home/pedrohperes/edromufu/src/movement/Ros2_change/install/kinematic_functions/share/ament_index/resource_index/packages
[1.739s] copying package.xml -> /home/pedrohperes/edromufu/src/movement/Ros2_change/install/kinematic_functions/share/kinematic_functions
[1.739s] running install_egg_info
[1.741s] Copying ../../build/kinematic_functions/kinematic_functions.egg-info to /home/pedrohperes/edromufu/src/movement/Ros2_change/install/kinematic_functions/lib/python3.10/site-packages/kinematic_functions-0.0.0-py3.10.egg-info
[1.741s] running install_scripts
[1.764s] writing list of installed files to '/home/pedrohperes/edromufu/src/movement/Ros2_change/build/kinematic_functions/install.log'
[1.786s] Invoked command in '/home/pedrohperes/edromufu/src/movement/Ros2_change/src/kinematic_functions' returned '0': PYTHONPATH=/home/pedrohperes/edromufu/src/movement/Ros2_change/build/kinematic_functions/prefix_override:/home/pedrohperes/edromufu/src/movement/Ros2_change/install/kinematic_functions/lib/python3.10/site-packages:${PYTHONPATH} /usr/bin/python3 -W ignore:setup.py install is deprecated setup.py egg_info --egg-base ../../build/kinematic_functions build --build-base /home/pedrohperes/edromufu/src/movement/Ros2_change/build/kinematic_functions/build install --record /home/pedrohperes/edromufu/src/movement/Ros2_change/build/kinematic_functions/install.log --single-version-externally-managed install_data
