[0.890s] Invoking command in '/home/pedrohperes/edromufu/src/movement/Ros2_change/build/urdf_robox': CMAKE_PREFIX_PATH=/opt/ros/humble /usr/bin/cmake --build /home/pedrohperes/edromufu/src/movement/Ros2_change/build/urdf_robox -- -j12 -l12
[0.930s] Invoked command in '/home/pedrohperes/edromufu/src/movement/Ros2_change/build/urdf_robox' returned '0': CMAKE_PREFIX_PATH=/opt/ros/humble /usr/bin/cmake --build /home/pedrohperes/edromufu/src/movement/Ros2_change/build/urdf_robox -- -j12 -l12
[0.962s] Invoking command in '/home/pedrohperes/edromufu/src/movement/Ros2_change/build/urdf_robox': CMAKE_PREFIX_PATH=/opt/ros/humble /usr/bin/cmake --install /home/pedrohperes/edromufu/src/movement/Ros2_change/build/urdf_robox
[0.975s] -- Install configuration: ""
[0.976s] -- Up-to-date: /home/pedrohperes/edromufu/src/movement/Ros2_change/install/urdf_robox/share/urdf_robox/urdf
[0.977s] -- Up-to-date: /home/pedrohperes/edromufu/src/movement/Ros2_change/install/urdf_robox/share/urdf_robox/urdf/urdf_robox.urdf
[0.977s] -- Up-to-date: /home/pedrohperes/edromufu/src/movement/Ros2_change/install/urdf_robox/share/urdf_robox/urdf/urdf_robox.csv
[0.977s] -- Up-to-date: /home/pedrohperes/edromufu/src/movement/Ros2_change/install/urdf_robox/share/urdf_robox/launch
[0.977s] -- Up-to-date: /home/pedrohperes/edromufu/src/movement/Ros2_change/install/urdf_robox/share/urdf_robox/launch/rsp_sim.launch.py
[0.978s] -- Up-to-date: /home/pedrohperes/edromufu/src/movement/Ros2_change/install/urdf_robox/share/urdf_robox/launch/gazebo.launch
[0.978s] -- Up-to-date: /home/pedrohperes/edromufu/src/movement/Ros2_change/install/urdf_robox/share/urdf_robox/launch/rsp.launch.py
[0.978s] -- Up-to-date: /home/pedrohperes/edromufu/src/movement/Ros2_change/install/urdf_robox/share/urdf_robox/launch/display.launch
[0.978s] -- Up-to-date: /home/pedrohperes/edromufu/src/movement/Ros2_change/install/urdf_robox/share/urdf_robox/meshes
[0.979s] -- Up-to-date: /home/pedrohperes/edromufu/src/movement/Ros2_change/install/urdf_robox/share/urdf_robox/meshes/RL_Link_4.1.STL
[0.979s] -- Up-to-date: /home/pedrohperes/edromufu/src/movement/Ros2_change/install/urdf_robox/share/urdf_robox/meshes/RL_Link_2.3.STL
[0.979s] -- Up-to-date: /home/pedrohperes/edromufu/src/movement/Ros2_change/install/urdf_robox/share/urdf_robox/meshes/RL_Link_1.STL
[0.979s] -- Up-to-date: /home/pedrohperes/edromufu/src/movement/Ros2_change/install/urdf_robox/share/urdf_robox/meshes/LL_Link_2.3.STL
[0.979s] -- Up-to-date: /home/pedrohperes/edromufu/src/movement/Ros2_change/install/urdf_robox/share/urdf_robox/meshes/RA_Link.STL
[0.980s] -- Up-to-date: /home/pedrohperes/edromufu/src/movement/Ros2_change/install/urdf_robox/share/urdf_robox/meshes/RL_Link_2.2.STL
[0.980s] -- Up-to-date: /home/pedrohperes/edromufu/src/movement/Ros2_change/install/urdf_robox/share/urdf_robox/meshes/Link_0.STL
[0.981s] -- Up-to-date: /home/pedrohperes/edromufu/src/movement/Ros2_change/install/urdf_robox/share/urdf_robox/meshes/LL_Link_3.2.STL
[0.981s] -- Up-to-date: /home/pedrohperes/edromufu/src/movement/Ros2_change/install/urdf_robox/share/urdf_robox/meshes/LL_Link_3.1.STL
[0.981s] -- Up-to-date: /home/pedrohperes/edromufu/src/movement/Ros2_change/install/urdf_robox/share/urdf_robox/meshes/RL_Link_4.3.STL
[0.981s] -- Up-to-date: /home/pedrohperes/edromufu/src/movement/Ros2_change/install/urdf_robox/share/urdf_robox/meshes/LL_Link_1.STL
[0.982s] -- Up-to-date: /home/pedrohperes/edromufu/src/movement/Ros2_change/install/urdf_robox/share/urdf_robox/meshes/LL_Link_5.3.STL
[0.983s] -- Up-to-date: /home/pedrohperes/edromufu/src/movement/Ros2_change/install/urdf_robox/share/urdf_robox/meshes/LL_Link_6.STL
[0.983s] -- Up-to-date: /home/pedrohperes/edromufu/src/movement/Ros2_change/install/urdf_robox/share/urdf_robox/meshes/RL_Link_6.STL
[0.983s] -- Up-to-date: /home/pedrohperes/edromufu/src/movement/Ros2_change/install/urdf_robox/share/urdf_robox/meshes/LA_Link.STL
[0.984s] -- Up-to-date: /home/pedrohperes/edromufu/src/movement/Ros2_change/install/urdf_robox/share/urdf_robox/meshes/LL_Link_5.1.STL
[0.984s] -- Up-to-date: /home/pedrohperes/edromufu/src/movement/Ros2_change/install/urdf_robox/share/urdf_robox/meshes/LL_Link_3.3.STL
[0.984s] -- Up-to-date: /home/pedrohperes/edromufu/src/movement/Ros2_change/install/urdf_robox/share/urdf_robox/meshes/RL_Link_2.1.STL
[0.984s] -- Up-to-date: /home/pedrohperes/edromufu/src/movement/Ros2_change/install/urdf_robox/share/urdf_robox/meshes/RL_Link_3.1.STL
[0.984s] -- Up-to-date: /home/pedrohperes/edromufu/src/movement/Ros2_change/install/urdf_robox/share/urdf_robox/meshes/LL_Link_2.1.STL
[0.985s] -- Up-to-date: /home/pedrohperes/edromufu/src/movement/Ros2_change/install/urdf_robox/share/urdf_robox/meshes/RL_Link_3.3.STL
[0.985s] -- Up-to-date: /home/pedrohperes/edromufu/src/movement/Ros2_change/install/urdf_robox/share/urdf_robox/meshes/RL_Link_3.2.STL
[0.985s] -- Up-to-date: /home/pedrohperes/edromufu/src/movement/Ros2_change/install/urdf_robox/share/urdf_robox/meshes/LL_Link_5.2.STL
[0.985s] -- Up-to-date: /home/pedrohperes/edromufu/src/movement/Ros2_change/install/urdf_robox/share/urdf_robox/meshes/LL_Link_4.2.STL
[0.986s] -- Up-to-date: /home/pedrohperes/edromufu/src/movement/Ros2_change/install/urdf_robox/share/urdf_robox/meshes/RL_Link_4.2.STL
[0.986s] -- Up-to-date: /home/pedrohperes/edromufu/src/movement/Ros2_change/install/urdf_robox/share/urdf_robox/meshes/LL_Link_2.2.STL
[0.986s] -- Up-to-date: /home/pedrohperes/edromufu/src/movement/Ros2_change/install/urdf_robox/share/urdf_robox/meshes/LL_Link_4.3.STL
[0.986s] -- Up-to-date: /home/pedrohperes/edromufu/src/movement/Ros2_change/install/urdf_robox/share/urdf_robox/meshes/RL_Link_5.2.STL
[0.987s] -- Up-to-date: /home/pedrohperes/edromufu/src/movement/Ros2_change/install/urdf_robox/share/urdf_robox/meshes/RL_Link_5.1.STL
[0.987s] -- Up-to-date: /home/pedrohperes/edromufu/src/movement/Ros2_change/install/urdf_robox/share/urdf_robox/meshes/RL_Link_5.3.STL
[0.987s] -- Up-to-date: /home/pedrohperes/edromufu/src/movement/Ros2_change/install/urdf_robox/share/urdf_robox/meshes/LL_Link_4.1.STL
[0.988s] -- Up-to-date: /home/pedrohperes/edromufu/src/movement/Ros2_change/install/urdf_robox/share/urdf_robox/config
[0.988s] -- Up-to-date: /home/pedrohperes/edromufu/src/movement/Ros2_change/install/urdf_robox/share/urdf_robox/config/joint_names_urdf_robox.yaml
[0.988s] -- Up-to-date: /home/pedrohperes/edromufu/src/movement/Ros2_change/install/urdf_robox/share/urdf_robox/worlds
[0.988s] -- Up-to-date: /home/pedrohperes/edromufu/src/movement/Ros2_change/install/urdf_robox/share/urdf_robox/worlds/test_world.world
[0.988s] -- Up-to-date: /home/pedrohperes/edromufu/src/movement/Ros2_change/install/urdf_robox/share/ament_index/resource_index/package_run_dependencies/urdf_robox
[0.988s] -- Up-to-date: /home/pedrohperes/edromufu/src/movement/Ros2_change/install/urdf_robox/share/ament_index/resource_index/parent_prefix_path/urdf_robox
[0.988s] -- Up-to-date: /home/pedrohperes/edromufu/src/movement/Ros2_change/install/urdf_robox/share/urdf_robox/environment/ament_prefix_path.sh
[0.988s] -- Up-to-date: /home/pedrohperes/edromufu/src/movement/Ros2_change/install/urdf_robox/share/urdf_robox/environment/ament_prefix_path.dsv
[0.988s] -- Up-to-date: /home/pedrohperes/edromufu/src/movement/Ros2_change/install/urdf_robox/share/urdf_robox/environment/path.sh
[0.989s] -- Up-to-date: /home/pedrohperes/edromufu/src/movement/Ros2_change/install/urdf_robox/share/urdf_robox/environment/path.dsv
[0.989s] -- Up-to-date: /home/pedrohperes/edromufu/src/movement/Ros2_change/install/urdf_robox/share/urdf_robox/local_setup.bash
[0.989s] -- Installing: /home/pedrohperes/edromufu/src/movement/Ros2_change/install/urdf_robox/share/urdf_robox/local_setup.sh
[0.989s] -- Up-to-date: /home/pedrohperes/edromufu/src/movement/Ros2_change/install/urdf_robox/share/urdf_robox/local_setup.zsh
[0.989s] -- Up-to-date: /home/pedrohperes/edromufu/src/movement/Ros2_change/install/urdf_robox/share/urdf_robox/local_setup.dsv
[0.990s] -- Installing: /home/pedrohperes/edromufu/src/movement/Ros2_change/install/urdf_robox/share/urdf_robox/package.dsv
[0.990s] -- Up-to-date: /home/pedrohperes/edromufu/src/movement/Ros2_change/install/urdf_robox/share/ament_index/resource_index/packages/urdf_robox
[0.991s] -- Up-to-date: /home/pedrohperes/edromufu/src/movement/Ros2_change/install/urdf_robox/share/urdf_robox/cmake/urdf_roboxConfig.cmake
[0.991s] -- Up-to-date: /home/pedrohperes/edromufu/src/movement/Ros2_change/install/urdf_robox/share/urdf_robox/cmake/urdf_roboxConfig-version.cmake
[0.991s] -- Up-to-date: /home/pedrohperes/edromufu/src/movement/Ros2_change/install/urdf_robox/share/urdf_robox/package.xml
[1.001s] Invoked command in '/home/pedrohperes/edromufu/src/movement/Ros2_change/build/urdf_robox' returned '0': CMAKE_PREFIX_PATH=/opt/ros/humble /usr/bin/cmake --install /home/pedrohperes/edromufu/src/movement/Ros2_change/build/urdf_robox
