[0.019s] Invoking command in '/home/edrom-mini/edromufu/src/movement/build/humanoid_definition': /home/edrom-mini/.local/bin/cmake /home/edrom-mini/edromufu/src/movement/humanoid_definition -DCATKIN_INSTALL_INTO_PREFIX_ROOT=0 -DCMAKE_INSTALL_PREFIX=/home/edrom-mini/edromufu/src/movement/install/humanoid_definition
[0.108s] [0mCMake Deprecation Warning at CMakeLists.txt:1 (cmake_minimum_required):
[0.108s]   Compatibility with CMake < 3.5 will be removed from a future version of
[0.108s]   CMake.
[0.108s] 
[0.108s]   Update the VERSION argument <min> value or use a ...<max> suffix to tell
[0.108s]   CMake that the project does not need compatibility with older versions.
[0.108s] 
[0.108s] [0m
[0.272s] -- The C compiler identification is GNU 11.4.0
[0.472s] -- The CXX compiler identification is GNU 11.4.0
[0.486s] -- Detecting C compiler ABI info
[0.573s] -- Detecting C compiler ABI info - done
[0.595s] -- Check for working C compiler: /usr/bin/cc - skipped
[0.596s] -- Detecting C compile features
[0.600s] -- Detecting C compile features - done
[0.603s] -- Detecting CXX compiler ABI info
[0.693s] -- Detecting CXX compiler ABI info - done
[0.715s] -- Check for working CXX compiler: /usr/bin/c++ - skipped
[0.716s] -- Detecting CXX compile features
[0.717s] -- Detecting CXX compile features - done
[0.736s] [31mCMake Error at CMakeLists.txt:10 (find_package):
[0.736s]   By not providing "Findcatkin.cmake" in CMAKE_MODULE_PATH this project has
[0.736s]   asked CMake to find a package configuration file provided by "catkin", but
[0.737s]   CMake did not find one.
[0.737s] 
[0.737s]   Could not find a package configuration file provided by "catkin" with any
[0.737s]   of the following names:
[0.737s] 
[0.737s]     catkinConfig.cmake
[0.737s]     catkin-config.cmake
[0.737s] 
[0.737s]   Add the installation prefix of "catkin" to CMAKE_PREFIX_PATH or set
[0.737s]   "catkin_DIR" to a directory containing one of the above files.  If "catkin"
[0.737s]   provides a separate development package or SDK, be sure it has been
[0.737s]   installed.
[0.737s] 
[0.738s] [0m
[0.738s] -- Configuring incomplete, errors occurred!
[0.770s] Invoked command in '/home/edrom-mini/edromufu/src/movement/build/humanoid_definition' returned '1': /home/edrom-mini/.local/bin/cmake /home/edrom-mini/edromufu/src/movement/humanoid_definition -DCATKIN_INSTALL_INTO_PREFIX_ROOT=0 -DCMAKE_INSTALL_PREFIX=/home/edrom-mini/edromufu/src/movement/install/humanoid_definition
