[1.283s] Invoking command in '/home/edrom-mini/edromufu/src/movement/Ros2_change/src/tahara_pages': PYTHONPATH=/home/edrom-mini/edromufu/src/movement/Ros2_change/build/tahara_pages/prefix_override:/home/edrom-mini/edromufu/src/movement/Ros2_change/install/tahara_pages/lib/python3.10/site-packages:${PYTHONPATH} /usr/bin/python3 -W ignore:setup.py install is deprecated setup.py egg_info --egg-base ../../build/tahara_pages build --build-base /home/edrom-mini/edromufu/src/movement/Ros2_change/build/tahara_pages/build install --record /home/edrom-mini/edromufu/src/movement/Ros2_change/build/tahara_pages/install.log --single-version-externally-managed install_data
[1.719s] running egg_info
[1.721s] writing ../../build/tahara_pages/tahara_pages.egg-info/PKG-INFO
[1.723s] writing dependency_links to ../../build/tahara_pages/tahara_pages.egg-info/dependency_links.txt
[1.723s] writing entry points to ../../build/tahara_pages/tahara_pages.egg-info/entry_points.txt
[1.724s] writing requirements to ../../build/tahara_pages/tahara_pages.egg-info/requires.txt
[1.724s] writing top-level names to ../../build/tahara_pages/tahara_pages.egg-info/top_level.txt
[1.725s] reading manifest file '../../build/tahara_pages/tahara_pages.egg-info/SOURCES.txt'
[1.729s] writing manifest file '../../build/tahara_pages/tahara_pages.egg-info/SOURCES.txt'
[1.730s] running build
[1.731s] running build_py
[1.736s] running install
[1.737s] running install_lib
[1.738s] running install_data
[1.740s] running install_egg_info
[1.744s] removing '/home/edrom-mini/edromufu/src/movement/Ros2_change/install/tahara_pages/lib/python3.10/site-packages/tahara_pages-0.0.0-py3.10.egg-info' (and everything under it)
[1.748s] Copying ../../build/tahara_pages/tahara_pages.egg-info to /home/edrom-mini/edromufu/src/movement/Ros2_change/install/tahara_pages/lib/python3.10/site-packages/tahara_pages-0.0.0-py3.10.egg-info
[1.753s] running install_scripts
[1.797s] Installing software_pages script to /home/edrom-mini/edromufu/src/movement/Ros2_change/install/tahara_pages/lib/tahara_pages
[1.798s] writing list of installed files to '/home/edrom-mini/edromufu/src/movement/Ros2_change/build/tahara_pages/install.log'
[1.856s] Invoked command in '/home/edrom-mini/edromufu/src/movement/Ros2_change/src/tahara_pages' returned '0': PYTHONPATH=/home/edrom-mini/edromufu/src/movement/Ros2_change/build/tahara_pages/prefix_override:/home/edrom-mini/edromufu/src/movement/Ros2_change/install/tahara_pages/lib/python3.10/site-packages:${PYTHONPATH} /usr/bin/python3 -W ignore:setup.py install is deprecated setup.py egg_info --egg-base ../../build/tahara_pages build --build-base /home/edrom-mini/edromufu/src/movement/Ros2_change/build/tahara_pages/build install --record /home/edrom-mini/edromufu/src/movement/Ros2_change/build/tahara_pages/install.log --single-version-externally-managed install_data
