running egg_info
writing ../build/sensor_observer/sensor_observer.egg-info/PKG-INFO
writing dependency_links to ../build/sensor_observer/sensor_observer.egg-info/dependency_links.txt
writing entry points to ../build/sensor_observer/sensor_observer.egg-info/entry_points.txt
writing requirements to ../build/sensor_observer/sensor_observer.egg-info/requires.txt
writing top-level names to ../build/sensor_observer/sensor_observer.egg-info/top_level.txt
reading manifest file '../build/sensor_observer/sensor_observer.egg-info/SOURCES.txt'
adding license file 'LICENSE'
writing manifest file '../build/sensor_observer/sensor_observer.egg-info/SOURCES.txt'
running build
running build_py
running install
running install_lib
running install_data
running install_egg_info
removing '/home/paulo/edromufu/src/behaviour/install/sensor_observer/lib/python3.10/site-packages/sensor_observer-0.0.0-py3.10.egg-info' (and everything under it)
Copying ../build/sensor_observer/sensor_observer.egg-info to /home/paulo/edromufu/src/behaviour/install/sensor_observer/lib/python3.10/site-packages/sensor_observer-0.0.0-py3.10.egg-info
running install_scripts
Installing ball_interpreter script to /home/paulo/edromufu/src/behaviour/install/sensor_observer/lib/sensor_observer
Installing fall_interpreter script to /home/paulo/edromufu/src/behaviour/install/sensor_observer/lib/sensor_observer
Installing neck_interpreter script to /home/paulo/edromufu/src/behaviour/install/sensor_observer/lib/sensor_observer
Installing ros_packer script to /home/paulo/edromufu/src/behaviour/install/sensor_observer/lib/sensor_observer
writing list of installed files to '/home/paulo/edromufu/src/behaviour/build/sensor_observer/install.log'
