[1.537s] Invoking command in '/home/paulo/edromufu/src/behaviour/sensor_observer': PYTHONPATH=/home/paulo/edromufu/src/behaviour/build/sensor_observer/prefix_override:/usr/lib/python3/dist-packages/colcon_core/task/python/colcon_distutils_commands:/home/paulo/edromufu/src/behaviour/install/sensor_observer/lib/python3.10/site-packages:${PYTHONPATH} /usr/bin/python3 -W ignore:setup.py install is deprecated setup.py egg_info --egg-base ../build/sensor_observer build --build-base /home/paulo/edromufu/src/behaviour/build/sensor_observer/build install --record /home/paulo/edromufu/src/behaviour/build/sensor_observer/install.log --single-version-externally-managed install_data
[1.762s] running egg_info
[1.763s] writing ../build/sensor_observer/sensor_observer.egg-info/PKG-INFO
[1.763s] writing dependency_links to ../build/sensor_observer/sensor_observer.egg-info/dependency_links.txt
[1.763s] writing entry points to ../build/sensor_observer/sensor_observer.egg-info/entry_points.txt
[1.763s] writing requirements to ../build/sensor_observer/sensor_observer.egg-info/requires.txt
[1.763s] writing top-level names to ../build/sensor_observer/sensor_observer.egg-info/top_level.txt
[1.765s] reading manifest file '../build/sensor_observer/sensor_observer.egg-info/SOURCES.txt'
[1.765s] adding license file 'LICENSE'
[1.766s] writing manifest file '../build/sensor_observer/sensor_observer.egg-info/SOURCES.txt'
[1.766s] running build
[1.766s] running build_py
[1.766s] running install
[1.767s] running install_lib
[1.770s] running install_data
[1.770s] running install_egg_info
[1.770s] removing '/home/paulo/edromufu/src/behaviour/install/sensor_observer/lib/python3.10/site-packages/sensor_observer-0.0.0-py3.10.egg-info' (and everything under it)
[1.770s] Copying ../build/sensor_observer/sensor_observer.egg-info to /home/paulo/edromufu/src/behaviour/install/sensor_observer/lib/python3.10/site-packages/sensor_observer-0.0.0-py3.10.egg-info
[1.770s] running install_scripts
[1.793s] Installing ball_interpreter script to /home/paulo/edromufu/src/behaviour/install/sensor_observer/lib/sensor_observer
[1.793s] Installing fall_interpreter script to /home/paulo/edromufu/src/behaviour/install/sensor_observer/lib/sensor_observer
[1.793s] Installing neck_interpreter script to /home/paulo/edromufu/src/behaviour/install/sensor_observer/lib/sensor_observer
[1.793s] Installing ros_packer script to /home/paulo/edromufu/src/behaviour/install/sensor_observer/lib/sensor_observer
[1.793s] writing list of installed files to '/home/paulo/edromufu/src/behaviour/build/sensor_observer/install.log'
[1.823s] Invoked command in '/home/paulo/edromufu/src/behaviour/sensor_observer' returned '0': PYTHONPATH=/home/paulo/edromufu/src/behaviour/build/sensor_observer/prefix_override:/usr/lib/python3/dist-packages/colcon_core/task/python/colcon_distutils_commands:/home/paulo/edromufu/src/behaviour/install/sensor_observer/lib/python3.10/site-packages:${PYTHONPATH} /usr/bin/python3 -W ignore:setup.py install is deprecated setup.py egg_info --egg-base ../build/sensor_observer build --build-base /home/paulo/edromufu/src/behaviour/build/sensor_observer/build install --record /home/paulo/edromufu/src/behaviour/build/sensor_observer/install.log --single-version-externally-managed install_data
