[1.214s] Invoking command in '/home/edrom-mini/edromufu/src/movement/Ros2_change/src/kinematic_functions': PYTHONPATH=/home/edrom-mini/edromufu/src/movement/Ros2_change/build/kinematic_functions/prefix_override:/home/edrom-mini/edromufu/src/movement/Ros2_change/install/kinematic_functions/lib/python3.10/site-packages:${PYTHONPATH} /usr/bin/python3 -W ignore:setup.py install is deprecated setup.py egg_info --egg-base ../../build/kinematic_functions build --build-base /home/edrom-mini/edromufu/src/movement/Ros2_change/build/kinematic_functions/build install --record /home/edrom-mini/edromufu/src/movement/Ros2_change/build/kinematic_functions/install.log --single-version-externally-managed install_data
[1.647s] running egg_info
[1.648s] writing ../../build/kinematic_functions/kinematic_functions.egg-info/PKG-INFO
[1.648s] writing dependency_links to ../../build/kinematic_functions/kinematic_functions.egg-info/dependency_links.txt
[1.649s] writing entry points to ../../build/kinematic_functions/kinematic_functions.egg-info/entry_points.txt
[1.649s] writing requirements to ../../build/kinematic_functions/kinematic_functions.egg-info/requires.txt
[1.649s] writing top-level names to ../../build/kinematic_functions/kinematic_functions.egg-info/top_level.txt
[1.651s] reading manifest file '../../build/kinematic_functions/kinematic_functions.egg-info/SOURCES.txt'
[1.653s] writing manifest file '../../build/kinematic_functions/kinematic_functions.egg-info/SOURCES.txt'
[1.654s] running build
[1.654s] running build_py
[1.654s] running install
[1.654s] running install_lib
[1.656s] running install_data
[1.656s] running install_egg_info
[1.659s] removing '/home/edrom-mini/edromufu/src/movement/Ros2_change/install/kinematic_functions/lib/python3.10/site-packages/kinematic_functions-0.0.0-py3.10.egg-info' (and everything under it)
[1.660s] Copying ../../build/kinematic_functions/kinematic_functions.egg-info to /home/edrom-mini/edromufu/src/movement/Ros2_change/install/kinematic_functions/lib/python3.10/site-packages/kinematic_functions-0.0.0-py3.10.egg-info
[1.660s] running install_scripts
[1.692s] writing list of installed files to '/home/edrom-mini/edromufu/src/movement/Ros2_change/build/kinematic_functions/install.log'
[1.912s] Invoked command in '/home/edrom-mini/edromufu/src/movement/Ros2_change/src/kinematic_functions' returned '0': PYTHONPATH=/home/edrom-mini/edromufu/src/movement/Ros2_change/build/kinematic_functions/prefix_override:/home/edrom-mini/edromufu/src/movement/Ros2_change/install/kinematic_functions/lib/python3.10/site-packages:${PYTHONPATH} /usr/bin/python3 -W ignore:setup.py install is deprecated setup.py egg_info --egg-base ../../build/kinematic_functions build --build-base /home/edrom-mini/edromufu/src/movement/Ros2_change/build/kinematic_functions/build install --record /home/edrom-mini/edromufu/src/movement/Ros2_change/build/kinematic_functions/install.log --single-version-externally-managed install_data
