[0.009s] Invoking command in '/home/edrom-mini/edromufu/src/movement/Ros2_change/build/tinyxml2': /home/edrom-mini/.local/bin/cmake /home/edrom-mini/edromufu/src/movement/Ros2_change/src/Tinyxml2 -DCMAKE_INSTALL_PREFIX=/home/edrom-mini/edromufu/src/movement/Ros2_change/install/tinyxml2
[0.124s] -- The C compiler identification is GNU 11.4.0
[0.177s] -- The CXX compiler identification is GNU 11.4.0
[0.188s] -- Detecting C compiler ABI info
[0.246s] -- Detecting C compiler ABI info - done
[0.264s] -- Check for working C compiler: /usr/bin/cc - skipped
[0.264s] -- Detecting C compile features
[0.265s] -- Detecting C compile features - done
[0.269s] -- Detecting CXX compiler ABI info
[0.337s] -- Detecting CXX compiler ABI info - done
[0.356s] -- Check for working CXX compiler: /usr/bin/c++ - skipped
[0.356s] -- Detecting CXX compile features
[0.357s] -- Detecting CXX compile features - done
[0.364s] -- Configuring done (0.3s)
[0.379s] -- Generating done (0.0s)
[0.382s] -- Build files have been written to: /home/edrom-mini/edromufu/src/movement/Ros2_change/build/tinyxml2
[0.400s] Invoked command in '/home/edrom-mini/edromufu/src/movement/Ros2_change/build/tinyxml2' returned '0': /home/edrom-mini/.local/bin/cmake /home/edrom-mini/edromufu/src/movement/Ros2_change/src/Tinyxml2 -DCMAKE_INSTALL_PREFIX=/home/edrom-mini/edromufu/src/movement/Ros2_change/install/tinyxml2
[0.402s] Invoking command in '/home/edrom-mini/edromufu/src/movement/Ros2_change/build/tinyxml2': /home/edrom-mini/.local/bin/cmake --build /home/edrom-mini/edromufu/src/movement/Ros2_change/build/tinyxml2 -- -j4 -l4
[0.496s] [ 25%] [32mBuilding CXX object CMakeFiles/tinyxml2.dir/tinyxml2.cpp.o[0m
[0.802s] [ 50%] [32m[1mLinking CXX static library libtinyxml2.a[0m
[0.847s] [ 50%] Built target tinyxml2
[0.856s] [ 75%] [32mBuilding CXX object CMakeFiles/xmltest.dir/xmltest.cpp.o[0m
[1.160s] [100%] [32m[1mLinking CXX executable xmltest[0m
[1.245s] [100%] Built target xmltest
[1.265s] Invoked command in '/home/edrom-mini/edromufu/src/movement/Ros2_change/build/tinyxml2' returned '0': /home/edrom-mini/.local/bin/cmake --build /home/edrom-mini/edromufu/src/movement/Ros2_change/build/tinyxml2 -- -j4 -l4
[1.490s] Invoking command in '/home/edrom-mini/edromufu/src/movement/Ros2_change/build/tinyxml2': /home/edrom-mini/.local/bin/cmake --install /home/edrom-mini/edromufu/src/movement/Ros2_change/build/tinyxml2
[1.569s] -- Install configuration: ""
[1.569s] -- Installing: /home/edrom-mini/edromufu/src/movement/Ros2_change/install/tinyxml2/lib/libtinyxml2.a
[1.569s] -- Installing: /home/edrom-mini/edromufu/src/movement/Ros2_change/install/tinyxml2/lib/cmake/tinyxml2/tinyxml2-static-targets.cmake
[1.569s] -- Installing: /home/edrom-mini/edromufu/src/movement/Ros2_change/install/tinyxml2/lib/cmake/tinyxml2/tinyxml2-static-targets-noconfig.cmake
[1.570s] -- Installing: /home/edrom-mini/edromufu/src/movement/Ros2_change/install/tinyxml2/lib/cmake/tinyxml2/tinyxml2-config.cmake
[1.570s] -- Installing: /home/edrom-mini/edromufu/src/movement/Ros2_change/install/tinyxml2/lib/cmake/tinyxml2/tinyxml2-config-version.cmake
[1.570s] -- Installing: /home/edrom-mini/edromufu/src/movement/Ros2_change/install/tinyxml2/include/tinyxml2.h
[1.570s] -- Installing: /home/edrom-mini/edromufu/src/movement/Ros2_change/install/tinyxml2/lib/pkgconfig/tinyxml2.pc
[1.586s] Invoked command in '/home/edrom-mini/edromufu/src/movement/Ros2_change/build/tinyxml2' returned '0': /home/edrom-mini/.local/bin/cmake --install /home/edrom-mini/edromufu/src/movement/Ros2_change/build/tinyxml2
