[0.912s] Invoking command in '/home/paulo/edromufu/src/movement/Ros2_change/src/erro_package': PYTHONPATH=/home/paulo/edromufu/src/movement/Ros2_change/build/erro_package/prefix_override:/usr/lib/python3/dist-packages/colcon_core/task/python/colcon_distutils_commands:/home/paulo/edromufu/src/movement/Ros2_change/install/erro_package/lib/python3.10/site-packages:${PYTHONPATH} /usr/bin/python3 -W ignore:setup.py install is deprecated setup.py egg_info --egg-base ../../build/erro_package build --build-base /home/paulo/edromufu/src/movement/Ros2_change/build/erro_package/build install --record /home/paulo/edromufu/src/movement/Ros2_change/build/erro_package/install.log --single-version-externally-managed install_data
[1.102s] running egg_info
[1.103s] writing ../../build/erro_package/erro_package.egg-info/PKG-INFO
[1.103s] writing dependency_links to ../../build/erro_package/erro_package.egg-info/dependency_links.txt
[1.103s] writing entry points to ../../build/erro_package/erro_package.egg-info/entry_points.txt
[1.103s] writing requirements to ../../build/erro_package/erro_package.egg-info/requires.txt
[1.103s] writing top-level names to ../../build/erro_package/erro_package.egg-info/top_level.txt
[1.105s] reading manifest file '../../build/erro_package/erro_package.egg-info/SOURCES.txt'
[1.105s] writing manifest file '../../build/erro_package/erro_package.egg-info/SOURCES.txt'
[1.106s] running build
[1.106s] running build_py
[1.106s] running install
[1.106s] running install_lib
[1.107s] running install_data
[1.107s] running install_egg_info
[1.108s] removing '/home/paulo/edromufu/src/movement/Ros2_change/install/erro_package/lib/python3.10/site-packages/erro_package-0.0.0-py3.10.egg-info' (and everything under it)
[1.108s] Copying ../../build/erro_package/erro_package.egg-info to /home/paulo/edromufu/src/movement/Ros2_change/install/erro_package/lib/python3.10/site-packages/erro_package-0.0.0-py3.10.egg-info
[1.109s] running install_scripts
[1.125s] Installing erro_publisher script to /home/paulo/edromufu/src/movement/Ros2_change/install/erro_package/lib/erro_package
[1.126s] writing list of installed files to '/home/paulo/edromufu/src/movement/Ros2_change/build/erro_package/install.log'
[1.416s] Invoked command in '/home/paulo/edromufu/src/movement/Ros2_change/src/erro_package' returned '0': PYTHONPATH=/home/paulo/edromufu/src/movement/Ros2_change/build/erro_package/prefix_override:/usr/lib/python3/dist-packages/colcon_core/task/python/colcon_distutils_commands:/home/paulo/edromufu/src/movement/Ros2_change/install/erro_package/lib/python3.10/site-packages:${PYTHONPATH} /usr/bin/python3 -W ignore:setup.py install is deprecated setup.py egg_info --egg-base ../../build/erro_package build --build-base /home/paulo/edromufu/src/movement/Ros2_change/build/erro_package/build install --record /home/paulo/edromufu/src/movement/Ros2_change/build/erro_package/install.log --single-version-externally-managed install_data
