[0.254s] Invoking command in '/home/edrom-mini/edromufu/src/movement/Ros2_change/build/movement_utils': CMAKE_PREFIX_PATH=/opt/ros/humble /home/edrom-mini/.local/bin/cmake --build /home/edrom-mini/edromufu/src/movement/Ros2_change/build/movement_utils -- -j4 -l4
[0.541s] [  1%] Built target movement_utils__cpp
[0.541s] [ 12%] Built target movement_utils__rosidl_generator_c
[0.541s] [ 12%] Built target ament_cmake_python_copy_movement_utils
[0.541s] [ 24%] Built target movement_utils__rosidl_typesupport_cpp
[0.541s] [ 35%] Built target movement_utils__rosidl_typesupport_fastrtps_cpp
[0.541s] [ 47%] Built target movement_utils__rosidl_typesupport_introspection_cpp
[0.541s] [ 58%] Built target movement_utils__rosidl_typesupport_c
[0.542s] [ 70%] Built target movement_utils__rosidl_typesupport_fastrtps_c
[0.542s] [ 82%] Built target movement_utils__rosidl_typesupport_introspection_c
[0.542s] [ 82%] Built target movement_utils
[0.542s] [ 83%] Built target movement_utils__py
[0.542s] [ 93%] Built target movement_utils__rosidl_generator_py
[0.542s] [ 95%] Built target movement_utils__rosidl_typesupport_fastrtps_c__pyext
[0.542s] [ 97%] Built target movement_utils__rosidl_typesupport_introspection_c__pyext
[0.542s] [100%] Built target movement_utils__rosidl_typesupport_c__pyext
[0.779s] running egg_info
[0.780s] writing movement_utils.egg-info/PKG-INFO
[0.780s] writing dependency_links to movement_utils.egg-info/dependency_links.txt
[0.781s] writing top-level names to movement_utils.egg-info/top_level.txt
[0.785s] reading manifest file 'movement_utils.egg-info/SOURCES.txt'
[0.788s] writing manifest file 'movement_utils.egg-info/SOURCES.txt'
[0.823s] [100%] Built target ament_cmake_python_build_movement_utils_egg
[0.942s] Invoked command in '/home/edrom-mini/edromufu/src/movement/Ros2_change/build/movement_utils' returned '0': CMAKE_PREFIX_PATH=/opt/ros/humble /home/edrom-mini/.local/bin/cmake --build /home/edrom-mini/edromufu/src/movement/Ros2_change/build/movement_utils -- -j4 -l4
[1.582s] Invoking command in '/home/edrom-mini/edromufu/src/movement/Ros2_change/build/movement_utils': CMAKE_PREFIX_PATH=/opt/ros/humble /home/edrom-mini/.local/bin/cmake --install /home/edrom-mini/edromufu/src/movement/Ros2_change/build/movement_utils
[1.672s] -- Install configuration: ""
[1.672s] -- Up-to-date: /home/edrom-mini/edromufu/src/movement/Ros2_change/install/movement_utils/share/ament_index/resource_index/rosidl_interfaces/movement_utils
[1.672s] -- Up-to-date: /home/edrom-mini/edromufu/src/movement/Ros2_change/install/movement_utils/include/movement_utils/movement_utils
[1.672s] -- Up-to-date: /home/edrom-mini/edromufu/src/movement/Ros2_change/install/movement_utils/include/movement_utils/movement_utils/msg
[1.673s] -- Up-to-date: /home/edrom-mini/edromufu/src/movement/Ros2_change/install/movement_utils/include/movement_utils/movement_utils/msg/head_motors_data.h
[1.673s] -- Up-to-date: /home/edrom-mini/edromufu/src/movement/Ros2_change/install/movement_utils/include/movement_utils/movement_utils/msg/rosidl_generator_c__visibility_control.h
[1.673s] -- Up-to-date: /home/edrom-mini/edromufu/src/movement/Ros2_change/install/movement_utils/include/movement_utils/movement_utils/msg/detail
[1.673s] -- Up-to-date: /home/edrom-mini/edromufu/src/movement/Ros2_change/install/movement_utils/include/movement_utils/movement_utils/msg/detail/body_motors_data__struct.h
[1.673s] -- Up-to-date: /home/edrom-mini/edromufu/src/movement/Ros2_change/install/movement_utils/include/movement_utils/movement_utils/msg/detail/body_motors_data__functions.c
[1.673s] -- Up-to-date: /home/edrom-mini/edromufu/src/movement/Ros2_change/install/movement_utils/include/movement_utils/movement_utils/msg/detail/head_motors_data__type_support.h
[1.673s] -- Up-to-date: /home/edrom-mini/edromufu/src/movement/Ros2_change/install/movement_utils/include/movement_utils/movement_utils/msg/detail/head_motors_data__functions.h
[1.673s] -- Up-to-date: /home/edrom-mini/edromufu/src/movement/Ros2_change/install/movement_utils/include/movement_utils/movement_utils/msg/detail/body_motors_data__functions.h
[1.673s] -- Up-to-date: /home/edrom-mini/edromufu/src/movement/Ros2_change/install/movement_utils/include/movement_utils/movement_utils/msg/detail/head_motors_data__struct.h
[1.673s] -- Up-to-date: /home/edrom-mini/edromufu/src/movement/Ros2_change/install/movement_utils/include/movement_utils/movement_utils/msg/detail/body_motors_data__type_support.h
[1.674s] -- Up-to-date: /home/edrom-mini/edromufu/src/movement/Ros2_change/install/movement_utils/include/movement_utils/movement_utils/msg/detail/head_motors_data__functions.c
[1.674s] -- Up-to-date: /home/edrom-mini/edromufu/src/movement/Ros2_change/install/movement_utils/include/movement_utils/movement_utils/msg/body_motors_data.h
[1.674s] -- Up-to-date: /home/edrom-mini/edromufu/src/movement/Ros2_change/install/movement_utils/include/movement_utils/movement_utils/srv
[1.674s] -- Up-to-date: /home/edrom-mini/edromufu/src/movement/Ros2_change/install/movement_utils/include/movement_utils/movement_utils/srv/body_feedback.h
[1.674s] -- Up-to-date: /home/edrom-mini/edromufu/src/movement/Ros2_change/install/movement_utils/include/movement_utils/movement_utils/srv/detail
[1.674s] -- Up-to-date: /home/edrom-mini/edromufu/src/movement/Ros2_change/install/movement_utils/include/movement_utils/movement_utils/srv/detail/rotate__functions.c
[1.674s] -- Up-to-date: /home/edrom-mini/edromufu/src/movement/Ros2_change/install/movement_utils/include/movement_utils/movement_utils/srv/detail/page__functions.c
[1.674s] -- Up-to-date: /home/edrom-mini/edromufu/src/movement/Ros2_change/install/movement_utils/include/movement_utils/movement_utils/srv/detail/enable_torque__functions.h
[1.674s] -- Up-to-date: /home/edrom-mini/edromufu/src/movement/Ros2_change/install/movement_utils/include/movement_utils/movement_utils/srv/detail/body_feedback__functions.c
[1.674s] -- Up-to-date: /home/edrom-mini/edromufu/src/movement/Ros2_change/install/movement_utils/include/movement_utils/movement_utils/srv/detail/page__type_support.h
[1.674s] -- Up-to-date: /home/edrom-mini/edromufu/src/movement/Ros2_change/install/movement_utils/include/movement_utils/movement_utils/srv/detail/page__struct.h
[1.674s] -- Up-to-date: /home/edrom-mini/edromufu/src/movement/Ros2_change/install/movement_utils/include/movement_utils/movement_utils/srv/detail/head_feedback__struct.h
[1.674s] -- Up-to-date: /home/edrom-mini/edromufu/src/movement/Ros2_change/install/movement_utils/include/movement_utils/movement_utils/srv/detail/rotate__struct.h
[1.674s] -- Up-to-date: /home/edrom-mini/edromufu/src/movement/Ros2_change/install/movement_utils/include/movement_utils/movement_utils/srv/detail/body_feedback__struct.h
[1.674s] -- Up-to-date: /home/edrom-mini/edromufu/src/movement/Ros2_change/install/movement_utils/include/movement_utils/movement_utils/srv/detail/walk_forward__struct.h
[1.675s] -- Up-to-date: /home/edrom-mini/edromufu/src/movement/Ros2_change/install/movement_utils/include/movement_utils/movement_utils/srv/detail/walk_forward__functions.c
[1.675s] -- Up-to-date: /home/edrom-mini/edromufu/src/movement/Ros2_change/install/movement_utils/include/movement_utils/movement_utils/srv/detail/gait__functions.c
[1.675s] -- Up-to-date: /home/edrom-mini/edromufu/src/movement/Ros2_change/install/movement_utils/include/movement_utils/movement_utils/srv/detail/gait__type_support.h
[1.675s] -- Up-to-date: /home/edrom-mini/edromufu/src/movement/Ros2_change/install/movement_utils/include/movement_utils/movement_utils/srv/detail/body_feedback__functions.h
[1.675s] -- Up-to-date: /home/edrom-mini/edromufu/src/movement/Ros2_change/install/movement_utils/include/movement_utils/movement_utils/srv/detail/rotate__type_support.h
[1.675s] -- Up-to-date: /home/edrom-mini/edromufu/src/movement/Ros2_change/install/movement_utils/include/movement_utils/movement_utils/srv/detail/head_feedback__functions.h
[1.675s] -- Up-to-date: /home/edrom-mini/edromufu/src/movement/Ros2_change/install/movement_utils/include/movement_utils/movement_utils/srv/detail/page__functions.h
[1.675s] -- Up-to-date: /home/edrom-mini/edromufu/src/movement/Ros2_change/install/movement_utils/include/movement_utils/movement_utils/srv/detail/enable_torque__functions.c
[1.675s] -- Up-to-date: /home/edrom-mini/edromufu/src/movement/Ros2_change/install/movement_utils/include/movement_utils/movement_utils/srv/detail/head_feedback__functions.c
[1.675s] -- Up-to-date: /home/edrom-mini/edromufu/src/movement/Ros2_change/install/movement_utils/include/movement_utils/movement_utils/srv/detail/gait__functions.h
[1.675s] -- Up-to-date: /home/edrom-mini/edromufu/src/movement/Ros2_change/install/movement_utils/include/movement_utils/movement_utils/srv/detail/walk_forward__functions.h
[1.676s] -- Up-to-date: /home/edrom-mini/edromufu/src/movement/Ros2_change/install/movement_utils/include/movement_utils/movement_utils/srv/detail/rotate__functions.h
[1.676s] -- Up-to-date: /home/edrom-mini/edromufu/src/movement/Ros2_change/install/movement_utils/include/movement_utils/movement_utils/srv/detail/enable_torque__type_support.h
[1.676s] -- Up-to-date: /home/edrom-mini/edromufu/src/movement/Ros2_change/install/movement_utils/include/movement_utils/movement_utils/srv/detail/head_feedback__type_support.h
[1.676s] -- Up-to-date: /home/edrom-mini/edromufu/src/movement/Ros2_change/install/movement_utils/include/movement_utils/movement_utils/srv/detail/body_feedback__type_support.h
[1.676s] -- Up-to-date: /home/edrom-mini/edromufu/src/movement/Ros2_change/install/movement_utils/include/movement_utils/movement_utils/srv/detail/gait__struct.h
[1.676s] -- Up-to-date: /home/edrom-mini/edromufu/src/movement/Ros2_change/install/movement_utils/include/movement_utils/movement_utils/srv/detail/walk_forward__type_support.h
[1.676s] -- Up-to-date: /home/edrom-mini/edromufu/src/movement/Ros2_change/install/movement_utils/include/movement_utils/movement_utils/srv/detail/enable_torque__struct.h
[1.676s] -- Up-to-date: /home/edrom-mini/edromufu/src/movement/Ros2_change/install/movement_utils/include/movement_utils/movement_utils/srv/head_feedback.h
[1.676s] -- Up-to-date: /home/edrom-mini/edromufu/src/movement/Ros2_change/install/movement_utils/include/movement_utils/movement_utils/srv/walk_forward.h
[1.676s] -- Up-to-date: /home/edrom-mini/edromufu/src/movement/Ros2_change/install/movement_utils/include/movement_utils/movement_utils/srv/rotate.h
[1.676s] -- Up-to-date: /home/edrom-mini/edromufu/src/movement/Ros2_change/install/movement_utils/include/movement_utils/movement_utils/srv/enable_torque.h
[1.676s] -- Up-to-date: /home/edrom-mini/edromufu/src/movement/Ros2_change/install/movement_utils/include/movement_utils/movement_utils/srv/gait.h
[1.676s] -- Up-to-date: /home/edrom-mini/edromufu/src/movement/Ros2_change/install/movement_utils/include/movement_utils/movement_utils/srv/page.h
[1.677s] -- Up-to-date: /home/edrom-mini/edromufu/src/movement/Ros2_change/install/movement_utils/share/movement_utils/environment/library_path.sh
[1.677s] -- Up-to-date: /home/edrom-mini/edromufu/src/movement/Ros2_change/install/movement_utils/share/movement_utils/environment/library_path.dsv
[1.677s] -- Up-to-date: /home/edrom-mini/edromufu/src/movement/Ros2_change/install/movement_utils/lib/libmovement_utils__rosidl_generator_c.so
[1.677s] -- Up-to-date: /home/edrom-mini/edromufu/src/movement/Ros2_change/install/movement_utils/include/movement_utils/movement_utils
[1.677s] -- Up-to-date: /home/edrom-mini/edromufu/src/movement/Ros2_change/install/movement_utils/include/movement_utils/movement_utils/msg
[1.677s] -- Up-to-date: /home/edrom-mini/edromufu/src/movement/Ros2_change/install/movement_utils/include/movement_utils/movement_utils/msg/detail
[1.677s] -- Up-to-date: /home/edrom-mini/edromufu/src/movement/Ros2_change/install/movement_utils/include/movement_utils/movement_utils/msg/detail/head_motors_data__rosidl_typesupport_fastrtps_c.h
[1.677s] -- Up-to-date: /home/edrom-mini/edromufu/src/movement/Ros2_change/install/movement_utils/include/movement_utils/movement_utils/msg/detail/body_motors_data__rosidl_typesupport_fastrtps_c.h
[1.678s] -- Up-to-date: /home/edrom-mini/edromufu/src/movement/Ros2_change/install/movement_utils/include/movement_utils/movement_utils/msg/rosidl_typesupport_fastrtps_c__visibility_control.h
[1.679s] -- Up-to-date: /home/edrom-mini/edromufu/src/movement/Ros2_change/install/movement_utils/include/movement_utils/movement_utils/srv
[1.679s] -- Up-to-date: /home/edrom-mini/edromufu/src/movement/Ros2_change/install/movement_utils/include/movement_utils/movement_utils/srv/detail
[1.679s] -- Up-to-date: /home/edrom-mini/edromufu/src/movement/Ros2_change/install/movement_utils/include/movement_utils/movement_utils/srv/detail/walk_forward__rosidl_typesupport_fastrtps_c.h
[1.679s] -- Up-to-date: /home/edrom-mini/edromufu/src/movement/Ros2_change/install/movement_utils/include/movement_utils/movement_utils/srv/detail/rotate__rosidl_typesupport_fastrtps_c.h
[1.679s] -- Up-to-date: /home/edrom-mini/edromufu/src/movement/Ros2_change/install/movement_utils/include/movement_utils/movement_utils/srv/detail/body_feedback__rosidl_typesupport_fastrtps_c.h
[1.679s] -- Up-to-date: /home/edrom-mini/edromufu/src/movement/Ros2_change/install/movement_utils/include/movement_utils/movement_utils/srv/detail/enable_torque__rosidl_typesupport_fastrtps_c.h
[1.679s] -- Up-to-date: /home/edrom-mini/edromufu/src/movement/Ros2_change/install/movement_utils/include/movement_utils/movement_utils/srv/detail/page__rosidl_typesupport_fastrtps_c.h
[1.679s] -- Up-to-date: /home/edrom-mini/edromufu/src/movement/Ros2_change/install/movement_utils/include/movement_utils/movement_utils/srv/detail/head_feedback__rosidl_typesupport_fastrtps_c.h
[1.679s] -- Up-to-date: /home/edrom-mini/edromufu/src/movement/Ros2_change/install/movement_utils/include/movement_utils/movement_utils/srv/detail/gait__rosidl_typesupport_fastrtps_c.h
[1.679s] -- Up-to-date: /home/edrom-mini/edromufu/src/movement/Ros2_change/install/movement_utils/lib/libmovement_utils__rosidl_typesupport_fastrtps_c.so
[1.680s] -- Up-to-date: /home/edrom-mini/edromufu/src/movement/Ros2_change/install/movement_utils/include/movement_utils/movement_utils
[1.680s] -- Up-to-date: /home/edrom-mini/edromufu/src/movement/Ros2_change/install/movement_utils/include/movement_utils/movement_utils/msg
[1.680s] -- Up-to-date: /home/edrom-mini/edromufu/src/movement/Ros2_change/install/movement_utils/include/movement_utils/movement_utils/msg/rosidl_typesupport_introspection_c__visibility_control.h
[1.680s] -- Up-to-date: /home/edrom-mini/edromufu/src/movement/Ros2_change/install/movement_utils/include/movement_utils/movement_utils/msg/detail
[1.680s] -- Up-to-date: /home/edrom-mini/edromufu/src/movement/Ros2_change/install/movement_utils/include/movement_utils/movement_utils/msg/detail/head_motors_data__type_support.c
[1.680s] -- Up-to-date: /home/edrom-mini/edromufu/src/movement/Ros2_change/install/movement_utils/include/movement_utils/movement_utils/msg/detail/body_motors_data__type_support.c
[1.680s] -- Up-to-date: /home/edrom-mini/edromufu/src/movement/Ros2_change/install/movement_utils/include/movement_utils/movement_utils/msg/detail/body_motors_data__rosidl_typesupport_introspection_c.h
[1.681s] -- Up-to-date: /home/edrom-mini/edromufu/src/movement/Ros2_change/install/movement_utils/include/movement_utils/movement_utils/msg/detail/head_motors_data__rosidl_typesupport_introspection_c.h
[1.681s] -- Up-to-date: /home/edrom-mini/edromufu/src/movement/Ros2_change/install/movement_utils/include/movement_utils/movement_utils/srv
[1.681s] -- Up-to-date: /home/edrom-mini/edromufu/src/movement/Ros2_change/install/movement_utils/include/movement_utils/movement_utils/srv/detail
[1.681s] -- Up-to-date: /home/edrom-mini/edromufu/src/movement/Ros2_change/install/movement_utils/include/movement_utils/movement_utils/srv/detail/gait__type_support.c
[1.681s] -- Up-to-date: /home/edrom-mini/edromufu/src/movement/Ros2_change/install/movement_utils/include/movement_utils/movement_utils/srv/detail/enable_torque__type_support.c
[1.681s] -- Up-to-date: /home/edrom-mini/edromufu/src/movement/Ros2_change/install/movement_utils/include/movement_utils/movement_utils/srv/detail/body_feedback__rosidl_typesupport_introspection_c.h
[1.681s] -- Up-to-date: /home/edrom-mini/edromufu/src/movement/Ros2_change/install/movement_utils/include/movement_utils/movement_utils/srv/detail/page__type_support.c
[1.681s] -- Up-to-date: /home/edrom-mini/edromufu/src/movement/Ros2_change/install/movement_utils/include/movement_utils/movement_utils/srv/detail/enable_torque__rosidl_typesupport_introspection_c.h
[1.681s] -- Up-to-date: /home/edrom-mini/edromufu/src/movement/Ros2_change/install/movement_utils/include/movement_utils/movement_utils/srv/detail/body_feedback__type_support.c
[1.681s] -- Up-to-date: /home/edrom-mini/edromufu/src/movement/Ros2_change/install/movement_utils/include/movement_utils/movement_utils/srv/detail/walk_forward__type_support.c
[1.681s] -- Up-to-date: /home/edrom-mini/edromufu/src/movement/Ros2_change/install/movement_utils/include/movement_utils/movement_utils/srv/detail/head_feedback__type_support.c
[1.681s] -- Up-to-date: /home/edrom-mini/edromufu/src/movement/Ros2_change/install/movement_utils/include/movement_utils/movement_utils/srv/detail/rotate__type_support.c
[1.681s] -- Up-to-date: /home/edrom-mini/edromufu/src/movement/Ros2_change/install/movement_utils/include/movement_utils/movement_utils/srv/detail/gait__rosidl_typesupport_introspection_c.h
[1.682s] -- Up-to-date: /home/edrom-mini/edromufu/src/movement/Ros2_change/install/movement_utils/include/movement_utils/movement_utils/srv/detail/walk_forward__rosidl_typesupport_introspection_c.h
[1.682s] -- Up-to-date: /home/edrom-mini/edromufu/src/movement/Ros2_change/install/movement_utils/include/movement_utils/movement_utils/srv/detail/page__rosidl_typesupport_introspection_c.h
[1.682s] -- Up-to-date: /home/edrom-mini/edromufu/src/movement/Ros2_change/install/movement_utils/include/movement_utils/movement_utils/srv/detail/head_feedback__rosidl_typesupport_introspection_c.h
[1.682s] -- Up-to-date: /home/edrom-mini/edromufu/src/movement/Ros2_change/install/movement_utils/include/movement_utils/movement_utils/srv/detail/rotate__rosidl_typesupport_introspection_c.h
[1.682s] -- Up-to-date: /home/edrom-mini/edromufu/src/movement/Ros2_change/install/movement_utils/lib/libmovement_utils__rosidl_typesupport_introspection_c.so
[1.682s] -- Up-to-date: /home/edrom-mini/edromufu/src/movement/Ros2_change/install/movement_utils/lib/libmovement_utils__rosidl_typesupport_c.so
[1.682s] -- Up-to-date: /home/edrom-mini/edromufu/src/movement/Ros2_change/install/movement_utils/include/movement_utils/movement_utils
[1.682s] -- Up-to-date: /home/edrom-mini/edromufu/src/movement/Ros2_change/install/movement_utils/include/movement_utils/movement_utils/msg
[1.682s] -- Up-to-date: /home/edrom-mini/edromufu/src/movement/Ros2_change/install/movement_utils/include/movement_utils/movement_utils/msg/body_motors_data.hpp
[1.682s] -- Up-to-date: /home/edrom-mini/edromufu/src/movement/Ros2_change/install/movement_utils/include/movement_utils/movement_utils/msg/detail
[1.682s] -- Up-to-date: /home/edrom-mini/edromufu/src/movement/Ros2_change/install/movement_utils/include/movement_utils/movement_utils/msg/detail/head_motors_data__traits.hpp
[1.683s] -- Up-to-date: /home/edrom-mini/edromufu/src/movement/Ros2_change/install/movement_utils/include/movement_utils/movement_utils/msg/detail/body_motors_data__struct.hpp
[1.683s] -- Up-to-date: /home/edrom-mini/edromufu/src/movement/Ros2_change/install/movement_utils/include/movement_utils/movement_utils/msg/detail/body_motors_data__traits.hpp
[1.683s] -- Up-to-date: /home/edrom-mini/edromufu/src/movement/Ros2_change/install/movement_utils/include/movement_utils/movement_utils/msg/detail/head_motors_data__builder.hpp
[1.683s] -- Up-to-date: /home/edrom-mini/edromufu/src/movement/Ros2_change/install/movement_utils/include/movement_utils/movement_utils/msg/detail/body_motors_data__builder.hpp
[1.683s] -- Up-to-date: /home/edrom-mini/edromufu/src/movement/Ros2_change/install/movement_utils/include/movement_utils/movement_utils/msg/detail/head_motors_data__struct.hpp
[1.683s] -- Up-to-date: /home/edrom-mini/edromufu/src/movement/Ros2_change/install/movement_utils/include/movement_utils/movement_utils/msg/head_motors_data.hpp
[1.684s] -- Up-to-date: /home/edrom-mini/edromufu/src/movement/Ros2_change/install/movement_utils/include/movement_utils/movement_utils/srv
[1.684s] -- Up-to-date: /home/edrom-mini/edromufu/src/movement/Ros2_change/install/movement_utils/include/movement_utils/movement_utils/srv/enable_torque.hpp
[1.684s] -- Up-to-date: /home/edrom-mini/edromufu/src/movement/Ros2_change/install/movement_utils/include/movement_utils/movement_utils/srv/page.hpp
[1.684s] -- Up-to-date: /home/edrom-mini/edromufu/src/movement/Ros2_change/install/movement_utils/include/movement_utils/movement_utils/srv/detail
[1.684s] -- Up-to-date: /home/edrom-mini/edromufu/src/movement/Ros2_change/install/movement_utils/include/movement_utils/movement_utils/srv/detail/body_feedback__struct.hpp
[1.684s] -- Up-to-date: /home/edrom-mini/edromufu/src/movement/Ros2_change/install/movement_utils/include/movement_utils/movement_utils/srv/detail/rotate__traits.hpp
[1.684s] -- Up-to-date: /home/edrom-mini/edromufu/src/movement/Ros2_change/install/movement_utils/include/movement_utils/movement_utils/srv/detail/rotate__struct.hpp
[1.684s] -- Up-to-date: /home/edrom-mini/edromufu/src/movement/Ros2_change/install/movement_utils/include/movement_utils/movement_utils/srv/detail/head_feedback__struct.hpp
[1.684s] -- Up-to-date: /home/edrom-mini/edromufu/src/movement/Ros2_change/install/movement_utils/include/movement_utils/movement_utils/srv/detail/body_feedback__builder.hpp
[1.684s] -- Up-to-date: /home/edrom-mini/edromufu/src/movement/Ros2_change/install/movement_utils/include/movement_utils/movement_utils/srv/detail/body_feedback__traits.hpp
[1.684s] -- Up-to-date: /home/edrom-mini/edromufu/src/movement/Ros2_change/install/movement_utils/include/movement_utils/movement_utils/srv/detail/enable_torque__traits.hpp
[1.684s] -- Up-to-date: /home/edrom-mini/edromufu/src/movement/Ros2_change/install/movement_utils/include/movement_utils/movement_utils/srv/detail/gait__struct.hpp
[1.684s] -- Up-to-date: /home/edrom-mini/edromufu/src/movement/Ros2_change/install/movement_utils/include/movement_utils/movement_utils/srv/detail/head_feedback__builder.hpp
[1.685s] -- Up-to-date: /home/edrom-mini/edromufu/src/movement/Ros2_change/install/movement_utils/include/movement_utils/movement_utils/srv/detail/page__builder.hpp
[1.685s] -- Up-to-date: /home/edrom-mini/edromufu/src/movement/Ros2_change/install/movement_utils/include/movement_utils/movement_utils/srv/detail/gait__traits.hpp
[1.685s] -- Up-to-date: /home/edrom-mini/edromufu/src/movement/Ros2_change/install/movement_utils/include/movement_utils/movement_utils/srv/detail/walk_forward__traits.hpp
[1.685s] -- Up-to-date: /home/edrom-mini/edromufu/src/movement/Ros2_change/install/movement_utils/include/movement_utils/movement_utils/srv/detail/enable_torque__builder.hpp
[1.685s] -- Up-to-date: /home/edrom-mini/edromufu/src/movement/Ros2_change/install/movement_utils/include/movement_utils/movement_utils/srv/detail/gait__builder.hpp
[1.685s] -- Up-to-date: /home/edrom-mini/edromufu/src/movement/Ros2_change/install/movement_utils/include/movement_utils/movement_utils/srv/detail/page__struct.hpp
[1.685s] -- Up-to-date: /home/edrom-mini/edromufu/src/movement/Ros2_change/install/movement_utils/include/movement_utils/movement_utils/srv/detail/rotate__builder.hpp
[1.685s] -- Up-to-date: /home/edrom-mini/edromufu/src/movement/Ros2_change/install/movement_utils/include/movement_utils/movement_utils/srv/detail/page__traits.hpp
[1.685s] -- Up-to-date: /home/edrom-mini/edromufu/src/movement/Ros2_change/install/movement_utils/include/movement_utils/movement_utils/srv/detail/enable_torque__struct.hpp
[1.685s] -- Up-to-date: /home/edrom-mini/edromufu/src/movement/Ros2_change/install/movement_utils/include/movement_utils/movement_utils/srv/detail/walk_forward__builder.hpp
[1.685s] -- Up-to-date: /home/edrom-mini/edromufu/src/movement/Ros2_change/install/movement_utils/include/movement_utils/movement_utils/srv/detail/walk_forward__struct.hpp
[1.685s] -- Up-to-date: /home/edrom-mini/edromufu/src/movement/Ros2_change/install/movement_utils/include/movement_utils/movement_utils/srv/detail/head_feedback__traits.hpp
[1.685s] -- Up-to-date: /home/edrom-mini/edromufu/src/movement/Ros2_change/install/movement_utils/include/movement_utils/movement_utils/srv/rotate.hpp
[1.685s] -- Up-to-date: /home/edrom-mini/edromufu/src/movement/Ros2_change/install/movement_utils/include/movement_utils/movement_utils/srv/body_feedback.hpp
[1.685s] -- Up-to-date: /home/edrom-mini/edromufu/src/movement/Ros2_change/install/movement_utils/include/movement_utils/movement_utils/srv/head_feedback.hpp
[1.685s] -- Up-to-date: /home/edrom-mini/edromufu/src/movement/Ros2_change/install/movement_utils/include/movement_utils/movement_utils/srv/walk_forward.hpp
[1.686s] -- Up-to-date: /home/edrom-mini/edromufu/src/movement/Ros2_change/install/movement_utils/include/movement_utils/movement_utils/srv/gait.hpp
[1.686s] -- Up-to-date: /home/edrom-mini/edromufu/src/movement/Ros2_change/install/movement_utils/include/movement_utils/movement_utils
[1.686s] -- Up-to-date: /home/edrom-mini/edromufu/src/movement/Ros2_change/install/movement_utils/include/movement_utils/movement_utils/msg
[1.686s] -- Up-to-date: /home/edrom-mini/edromufu/src/movement/Ros2_change/install/movement_utils/include/movement_utils/movement_utils/msg/detail
[1.686s] -- Up-to-date: /home/edrom-mini/edromufu/src/movement/Ros2_change/install/movement_utils/include/movement_utils/movement_utils/msg/detail/head_motors_data__rosidl_typesupport_fastrtps_cpp.hpp
[1.686s] -- Up-to-date: /home/edrom-mini/edromufu/src/movement/Ros2_change/install/movement_utils/include/movement_utils/movement_utils/msg/detail/dds_fastrtps
[1.686s] -- Up-to-date: /home/edrom-mini/edromufu/src/movement/Ros2_change/install/movement_utils/include/movement_utils/movement_utils/msg/detail/body_motors_data__rosidl_typesupport_fastrtps_cpp.hpp
[1.686s] -- Up-to-date: /home/edrom-mini/edromufu/src/movement/Ros2_change/install/movement_utils/include/movement_utils/movement_utils/msg/rosidl_typesupport_fastrtps_cpp__visibility_control.h
[1.686s] -- Up-to-date: /home/edrom-mini/edromufu/src/movement/Ros2_change/install/movement_utils/include/movement_utils/movement_utils/srv
[1.686s] -- Up-to-date: /home/edrom-mini/edromufu/src/movement/Ros2_change/install/movement_utils/include/movement_utils/movement_utils/srv/detail
[1.686s] -- Up-to-date: /home/edrom-mini/edromufu/src/movement/Ros2_change/install/movement_utils/include/movement_utils/movement_utils/srv/detail/head_feedback__rosidl_typesupport_fastrtps_cpp.hpp
[1.687s] -- Up-to-date: /home/edrom-mini/edromufu/src/movement/Ros2_change/install/movement_utils/include/movement_utils/movement_utils/srv/detail/page__rosidl_typesupport_fastrtps_cpp.hpp
[1.687s] -- Up-to-date: /home/edrom-mini/edromufu/src/movement/Ros2_change/install/movement_utils/include/movement_utils/movement_utils/srv/detail/dds_fastrtps
[1.687s] -- Up-to-date: /home/edrom-mini/edromufu/src/movement/Ros2_change/install/movement_utils/include/movement_utils/movement_utils/srv/detail/body_feedback__rosidl_typesupport_fastrtps_cpp.hpp
[1.687s] -- Up-to-date: /home/edrom-mini/edromufu/src/movement/Ros2_change/install/movement_utils/include/movement_utils/movement_utils/srv/detail/gait__rosidl_typesupport_fastrtps_cpp.hpp
[1.687s] -- Up-to-date: /home/edrom-mini/edromufu/src/movement/Ros2_change/install/movement_utils/include/movement_utils/movement_utils/srv/detail/walk_forward__rosidl_typesupport_fastrtps_cpp.hpp
[1.687s] -- Up-to-date: /home/edrom-mini/edromufu/src/movement/Ros2_change/install/movement_utils/include/movement_utils/movement_utils/srv/detail/enable_torque__rosidl_typesupport_fastrtps_cpp.hpp
[1.687s] -- Up-to-date: /home/edrom-mini/edromufu/src/movement/Ros2_change/install/movement_utils/include/movement_utils/movement_utils/srv/detail/rotate__rosidl_typesupport_fastrtps_cpp.hpp
[1.687s] -- Up-to-date: /home/edrom-mini/edromufu/src/movement/Ros2_change/install/movement_utils/lib/libmovement_utils__rosidl_typesupport_fastrtps_cpp.so
[1.687s] -- Up-to-date: /home/edrom-mini/edromufu/src/movement/Ros2_change/install/movement_utils/include/movement_utils/movement_utils
[1.687s] -- Up-to-date: /home/edrom-mini/edromufu/src/movement/Ros2_change/install/movement_utils/include/movement_utils/movement_utils/msg
[1.687s] -- Up-to-date: /home/edrom-mini/edromufu/src/movement/Ros2_change/install/movement_utils/include/movement_utils/movement_utils/msg/detail
[1.687s] -- Up-to-date: /home/edrom-mini/edromufu/src/movement/Ros2_change/install/movement_utils/include/movement_utils/movement_utils/msg/detail/head_motors_data__type_support.cpp
[1.687s] -- Up-to-date: /home/edrom-mini/edromufu/src/movement/Ros2_change/install/movement_utils/include/movement_utils/movement_utils/msg/detail/body_motors_data__type_support.cpp
[1.687s] -- Up-to-date: /home/edrom-mini/edromufu/src/movement/Ros2_change/install/movement_utils/include/movement_utils/movement_utils/msg/detail/body_motors_data__rosidl_typesupport_introspection_cpp.hpp
[1.688s] -- Up-to-date: /home/edrom-mini/edromufu/src/movement/Ros2_change/install/movement_utils/include/movement_utils/movement_utils/msg/detail/head_motors_data__rosidl_typesupport_introspection_cpp.hpp
[1.688s] -- Up-to-date: /home/edrom-mini/edromufu/src/movement/Ros2_change/install/movement_utils/include/movement_utils/movement_utils/srv
[1.688s] -- Up-to-date: /home/edrom-mini/edromufu/src/movement/Ros2_change/install/movement_utils/include/movement_utils/movement_utils/srv/detail
[1.688s] -- Up-to-date: /home/edrom-mini/edromufu/src/movement/Ros2_change/install/movement_utils/include/movement_utils/movement_utils/srv/detail/page__rosidl_typesupport_introspection_cpp.hpp
[1.688s] -- Up-to-date: /home/edrom-mini/edromufu/src/movement/Ros2_change/install/movement_utils/include/movement_utils/movement_utils/srv/detail/head_feedback__rosidl_typesupport_introspection_cpp.hpp
[1.688s] -- Up-to-date: /home/edrom-mini/edromufu/src/movement/Ros2_change/install/movement_utils/include/movement_utils/movement_utils/srv/detail/enable_torque__type_support.cpp
[1.688s] -- Up-to-date: /home/edrom-mini/edromufu/src/movement/Ros2_change/install/movement_utils/include/movement_utils/movement_utils/srv/detail/body_feedback__type_support.cpp
[1.688s] -- Up-to-date: /home/edrom-mini/edromufu/src/movement/Ros2_change/install/movement_utils/include/movement_utils/movement_utils/srv/detail/gait__rosidl_typesupport_introspection_cpp.hpp
[1.688s] -- Up-to-date: /home/edrom-mini/edromufu/src/movement/Ros2_change/install/movement_utils/include/movement_utils/movement_utils/srv/detail/gait__type_support.cpp
[1.688s] -- Up-to-date: /home/edrom-mini/edromufu/src/movement/Ros2_change/install/movement_utils/include/movement_utils/movement_utils/srv/detail/head_feedback__type_support.cpp
[1.688s] -- Up-to-date: /home/edrom-mini/edromufu/src/movement/Ros2_change/install/movement_utils/include/movement_utils/movement_utils/srv/detail/page__type_support.cpp
[1.688s] -- Up-to-date: /home/edrom-mini/edromufu/src/movement/Ros2_change/install/movement_utils/include/movement_utils/movement_utils/srv/detail/walk_forward__rosidl_typesupport_introspection_cpp.hpp
[1.688s] -- Up-to-date: /home/edrom-mini/edromufu/src/movement/Ros2_change/install/movement_utils/include/movement_utils/movement_utils/srv/detail/walk_forward__type_support.cpp
[1.688s] -- Up-to-date: /home/edrom-mini/edromufu/src/movement/Ros2_change/install/movement_utils/include/movement_utils/movement_utils/srv/detail/rotate__rosidl_typesupport_introspection_cpp.hpp
[1.689s] -- Up-to-date: /home/edrom-mini/edromufu/src/movement/Ros2_change/install/movement_utils/include/movement_utils/movement_utils/srv/detail/rotate__type_support.cpp
[1.689s] -- Up-to-date: /home/edrom-mini/edromufu/src/movement/Ros2_change/install/movement_utils/include/movement_utils/movement_utils/srv/detail/body_feedback__rosidl_typesupport_introspection_cpp.hpp
[1.689s] -- Up-to-date: /home/edrom-mini/edromufu/src/movement/Ros2_change/install/movement_utils/include/movement_utils/movement_utils/srv/detail/enable_torque__rosidl_typesupport_introspection_cpp.hpp
[1.689s] -- Up-to-date: /home/edrom-mini/edromufu/src/movement/Ros2_change/install/movement_utils/lib/libmovement_utils__rosidl_typesupport_introspection_cpp.so
[1.689s] -- Up-to-date: /home/edrom-mini/edromufu/src/movement/Ros2_change/install/movement_utils/lib/libmovement_utils__rosidl_typesupport_cpp.so
[1.689s] -- Up-to-date: /home/edrom-mini/edromufu/src/movement/Ros2_change/install/movement_utils/share/movement_utils/environment/pythonpath.sh
[1.689s] -- Up-to-date: /home/edrom-mini/edromufu/src/movement/Ros2_change/install/movement_utils/share/movement_utils/environment/pythonpath.dsv
[1.689s] -- Up-to-date: /home/edrom-mini/edromufu/src/movement/Ros2_change/install/movement_utils/local/lib/python3.10/dist-packages/movement_utils-0.0.0-py3.10.egg-info
[1.689s] -- Installing: /home/edrom-mini/edromufu/src/movement/Ros2_change/install/movement_utils/local/lib/python3.10/dist-packages/movement_utils-0.0.0-py3.10.egg-info/dependency_links.txt
[1.689s] -- Installing: /home/edrom-mini/edromufu/src/movement/Ros2_change/install/movement_utils/local/lib/python3.10/dist-packages/movement_utils-0.0.0-py3.10.egg-info/PKG-INFO
[1.689s] -- Installing: /home/edrom-mini/edromufu/src/movement/Ros2_change/install/movement_utils/local/lib/python3.10/dist-packages/movement_utils-0.0.0-py3.10.egg-info/top_level.txt
[1.689s] -- Installing: /home/edrom-mini/edromufu/src/movement/Ros2_change/install/movement_utils/local/lib/python3.10/dist-packages/movement_utils-0.0.0-py3.10.egg-info/SOURCES.txt
[1.689s] -- Up-to-date: /home/edrom-mini/edromufu/src/movement/Ros2_change/install/movement_utils/local/lib/python3.10/dist-packages/movement_utils
[1.689s] -- Up-to-date: /home/edrom-mini/edromufu/src/movement/Ros2_change/install/movement_utils/local/lib/python3.10/dist-packages/movement_utils/_movement_utils_s.ep.rosidl_typesupport_fastrtps_c.c
[1.690s] -- Up-to-date: /home/edrom-mini/edromufu/src/movement/Ros2_change/install/movement_utils/local/lib/python3.10/dist-packages/movement_utils/__init__.py
[1.690s] -- Up-to-date: /home/edrom-mini/edromufu/src/movement/Ros2_change/install/movement_utils/local/lib/python3.10/dist-packages/movement_utils/libmovement_utils__rosidl_generator_py.so
[1.690s] -- Up-to-date: /home/edrom-mini/edromufu/src/movement/Ros2_change/install/movement_utils/local/lib/python3.10/dist-packages/movement_utils/msg
[1.690s] -- Up-to-date: /home/edrom-mini/edromufu/src/movement/Ros2_change/install/movement_utils/local/lib/python3.10/dist-packages/movement_utils/msg/_head_motors_data.py
[1.690s] -- Up-to-date: /home/edrom-mini/edromufu/src/movement/Ros2_change/install/movement_utils/local/lib/python3.10/dist-packages/movement_utils/msg/__init__.py
[1.690s] -- Up-to-date: /home/edrom-mini/edromufu/src/movement/Ros2_change/install/movement_utils/local/lib/python3.10/dist-packages/movement_utils/msg/_head_motors_data_s.c
[1.690s] -- Up-to-date: /home/edrom-mini/edromufu/src/movement/Ros2_change/install/movement_utils/local/lib/python3.10/dist-packages/movement_utils/msg/_body_motors_data_s.c
[1.690s] -- Up-to-date: /home/edrom-mini/edromufu/src/movement/Ros2_change/install/movement_utils/local/lib/python3.10/dist-packages/movement_utils/msg/_body_motors_data.py
[1.690s] -- Up-to-date: /home/edrom-mini/edromufu/src/movement/Ros2_change/install/movement_utils/local/lib/python3.10/dist-packages/movement_utils/srv
[1.690s] -- Up-to-date: /home/edrom-mini/edromufu/src/movement/Ros2_change/install/movement_utils/local/lib/python3.10/dist-packages/movement_utils/srv/_walk_forward.py
[1.690s] -- Up-to-date: /home/edrom-mini/edromufu/src/movement/Ros2_change/install/movement_utils/local/lib/python3.10/dist-packages/movement_utils/srv/_head_feedback.py
[1.690s] -- Up-to-date: /home/edrom-mini/edromufu/src/movement/Ros2_change/install/movement_utils/local/lib/python3.10/dist-packages/movement_utils/srv/__init__.py
[1.690s] -- Up-to-date: /home/edrom-mini/edromufu/src/movement/Ros2_change/install/movement_utils/local/lib/python3.10/dist-packages/movement_utils/srv/_body_feedback.py
[1.690s] -- Up-to-date: /home/edrom-mini/edromufu/src/movement/Ros2_change/install/movement_utils/local/lib/python3.10/dist-packages/movement_utils/srv/_rotate_s.c
[1.690s] -- Up-to-date: /home/edrom-mini/edromufu/src/movement/Ros2_change/install/movement_utils/local/lib/python3.10/dist-packages/movement_utils/srv/_gait_s.c
[1.691s] -- Up-to-date: /home/edrom-mini/edromufu/src/movement/Ros2_change/install/movement_utils/local/lib/python3.10/dist-packages/movement_utils/srv/_page.py
[1.691s] -- Up-to-date: /home/edrom-mini/edromufu/src/movement/Ros2_change/install/movement_utils/local/lib/python3.10/dist-packages/movement_utils/srv/_enable_torque_s.c
[1.691s] -- Up-to-date: /home/edrom-mini/edromufu/src/movement/Ros2_change/install/movement_utils/local/lib/python3.10/dist-packages/movement_utils/srv/_body_feedback_s.c
[1.691s] -- Up-to-date: /home/edrom-mini/edromufu/src/movement/Ros2_change/install/movement_utils/local/lib/python3.10/dist-packages/movement_utils/srv/_rotate.py
[1.691s] -- Up-to-date: /home/edrom-mini/edromufu/src/movement/Ros2_change/install/movement_utils/local/lib/python3.10/dist-packages/movement_utils/srv/_walk_forward_s.c
[1.691s] -- Up-to-date: /home/edrom-mini/edromufu/src/movement/Ros2_change/install/movement_utils/local/lib/python3.10/dist-packages/movement_utils/srv/_enable_torque.py
[1.691s] -- Up-to-date: /home/edrom-mini/edromufu/src/movement/Ros2_change/install/movement_utils/local/lib/python3.10/dist-packages/movement_utils/srv/_head_feedback_s.c
[1.691s] -- Up-to-date: /home/edrom-mini/edromufu/src/movement/Ros2_change/install/movement_utils/local/lib/python3.10/dist-packages/movement_utils/srv/_page_s.c
[1.691s] -- Up-to-date: /home/edrom-mini/edromufu/src/movement/Ros2_change/install/movement_utils/local/lib/python3.10/dist-packages/movement_utils/srv/_gait.py
[1.691s] -- Up-to-date: /home/edrom-mini/edromufu/src/movement/Ros2_change/install/movement_utils/local/lib/python3.10/dist-packages/movement_utils/movement_utils_s__rosidl_typesupport_fastrtps_c.cpython-310-x86_64-linux-gnu.so
[1.691s] -- Up-to-date: /home/edrom-mini/edromufu/src/movement/Ros2_change/install/movement_utils/local/lib/python3.10/dist-packages/movement_utils/_movement_utils_s.ep.rosidl_typesupport_introspection_c.c
[1.691s] -- Up-to-date: /home/edrom-mini/edromufu/src/movement/Ros2_change/install/movement_utils/local/lib/python3.10/dist-packages/movement_utils/movement_utils_s__rosidl_typesupport_introspection_c.cpython-310-x86_64-linux-gnu.so
[1.691s] -- Up-to-date: /home/edrom-mini/edromufu/src/movement/Ros2_change/install/movement_utils/local/lib/python3.10/dist-packages/movement_utils/movement_utils_s__rosidl_typesupport_c.cpython-310-x86_64-linux-gnu.so
[1.691s] -- Up-to-date: /home/edrom-mini/edromufu/src/movement/Ros2_change/install/movement_utils/local/lib/python3.10/dist-packages/movement_utils/_movement_utils_s.ep.rosidl_typesupport_c.c
[1.723s] Listing '/home/edrom-mini/edromufu/src/movement/Ros2_change/install/movement_utils/local/lib/python3.10/dist-packages/movement_utils'...
[1.723s] Listing '/home/edrom-mini/edromufu/src/movement/Ros2_change/install/movement_utils/local/lib/python3.10/dist-packages/movement_utils/msg'...
[1.723s] Listing '/home/edrom-mini/edromufu/src/movement/Ros2_change/install/movement_utils/local/lib/python3.10/dist-packages/movement_utils/srv'...
[1.729s] -- Up-to-date: /home/edrom-mini/edromufu/src/movement/Ros2_change/install/movement_utils/local/lib/python3.10/dist-packages/movement_utils/movement_utils_s__rosidl_typesupport_fastrtps_c.cpython-310-x86_64-linux-gnu.so
[1.730s] -- Up-to-date: /home/edrom-mini/edromufu/src/movement/Ros2_change/install/movement_utils/local/lib/python3.10/dist-packages/movement_utils/movement_utils_s__rosidl_typesupport_introspection_c.cpython-310-x86_64-linux-gnu.so
[1.731s] -- Up-to-date: /home/edrom-mini/edromufu/src/movement/Ros2_change/install/movement_utils/local/lib/python3.10/dist-packages/movement_utils/movement_utils_s__rosidl_typesupport_c.cpython-310-x86_64-linux-gnu.so
[1.731s] -- Up-to-date: /home/edrom-mini/edromufu/src/movement/Ros2_change/install/movement_utils/lib/libmovement_utils__rosidl_generator_py.so
[1.732s] -- Up-to-date: /home/edrom-mini/edromufu/src/movement/Ros2_change/install/movement_utils/share/movement_utils/msg/BodyMotorsData.idl
[1.732s] -- Up-to-date: /home/edrom-mini/edromufu/src/movement/Ros2_change/install/movement_utils/share/movement_utils/msg/HeadMotorsData.idl
[1.732s] -- Up-to-date: /home/edrom-mini/edromufu/src/movement/Ros2_change/install/movement_utils/share/movement_utils/srv/BodyFeedback.idl
[1.732s] -- Up-to-date: /home/edrom-mini/edromufu/src/movement/Ros2_change/install/movement_utils/share/movement_utils/srv/EnableTorque.idl
[1.732s] -- Up-to-date: /home/edrom-mini/edromufu/src/movement/Ros2_change/install/movement_utils/share/movement_utils/srv/Gait.idl
[1.732s] -- Up-to-date: /home/edrom-mini/edromufu/src/movement/Ros2_change/install/movement_utils/share/movement_utils/srv/HeadFeedback.idl
[1.732s] -- Up-to-date: /home/edrom-mini/edromufu/src/movement/Ros2_change/install/movement_utils/share/movement_utils/srv/Page.idl
[1.733s] -- Up-to-date: /home/edrom-mini/edromufu/src/movement/Ros2_change/install/movement_utils/share/movement_utils/srv/Rotate.idl
[1.733s] -- Up-to-date: /home/edrom-mini/edromufu/src/movement/Ros2_change/install/movement_utils/share/movement_utils/srv/WalkForward.idl
[1.733s] -- Up-to-date: /home/edrom-mini/edromufu/src/movement/Ros2_change/install/movement_utils/share/movement_utils/msg/BodyMotorsData.msg
[1.733s] -- Up-to-date: /home/edrom-mini/edromufu/src/movement/Ros2_change/install/movement_utils/share/movement_utils/msg/HeadMotorsData.msg
[1.733s] -- Up-to-date: /home/edrom-mini/edromufu/src/movement/Ros2_change/install/movement_utils/share/movement_utils/srv/BodyFeedback.srv
[1.733s] -- Up-to-date: /home/edrom-mini/edromufu/src/movement/Ros2_change/install/movement_utils/share/movement_utils/srv/BodyFeedback_Request.msg
[1.733s] -- Up-to-date: /home/edrom-mini/edromufu/src/movement/Ros2_change/install/movement_utils/share/movement_utils/srv/BodyFeedback_Response.msg
[1.733s] -- Up-to-date: /home/edrom-mini/edromufu/src/movement/Ros2_change/install/movement_utils/share/movement_utils/srv/EnableTorque.srv
[1.733s] -- Up-to-date: /home/edrom-mini/edromufu/src/movement/Ros2_change/install/movement_utils/share/movement_utils/srv/EnableTorque_Request.msg
[1.733s] -- Up-to-date: /home/edrom-mini/edromufu/src/movement/Ros2_change/install/movement_utils/share/movement_utils/srv/EnableTorque_Response.msg
[1.734s] -- Up-to-date: /home/edrom-mini/edromufu/src/movement/Ros2_change/install/movement_utils/share/movement_utils/srv/Gait.srv
[1.734s] -- Up-to-date: /home/edrom-mini/edromufu/src/movement/Ros2_change/install/movement_utils/share/movement_utils/srv/Gait_Request.msg
[1.734s] -- Up-to-date: /home/edrom-mini/edromufu/src/movement/Ros2_change/install/movement_utils/share/movement_utils/srv/Gait_Response.msg
[1.734s] -- Up-to-date: /home/edrom-mini/edromufu/src/movement/Ros2_change/install/movement_utils/share/movement_utils/srv/HeadFeedback.srv
[1.734s] -- Up-to-date: /home/edrom-mini/edromufu/src/movement/Ros2_change/install/movement_utils/share/movement_utils/srv/HeadFeedback_Request.msg
[1.734s] -- Up-to-date: /home/edrom-mini/edromufu/src/movement/Ros2_change/install/movement_utils/share/movement_utils/srv/HeadFeedback_Response.msg
[1.734s] -- Up-to-date: /home/edrom-mini/edromufu/src/movement/Ros2_change/install/movement_utils/share/movement_utils/srv/Page.srv
[1.734s] -- Up-to-date: /home/edrom-mini/edromufu/src/movement/Ros2_change/install/movement_utils/share/movement_utils/srv/Page_Request.msg
[1.734s] -- Up-to-date: /home/edrom-mini/edromufu/src/movement/Ros2_change/install/movement_utils/share/movement_utils/srv/Page_Response.msg
[1.734s] -- Up-to-date: /home/edrom-mini/edromufu/src/movement/Ros2_change/install/movement_utils/share/movement_utils/srv/Rotate.srv
[1.734s] -- Up-to-date: /home/edrom-mini/edromufu/src/movement/Ros2_change/install/movement_utils/share/movement_utils/srv/Rotate_Request.msg
[1.735s] -- Up-to-date: /home/edrom-mini/edromufu/src/movement/Ros2_change/install/movement_utils/share/movement_utils/srv/Rotate_Response.msg
[1.735s] -- Up-to-date: /home/edrom-mini/edromufu/src/movement/Ros2_change/install/movement_utils/share/movement_utils/srv/WalkForward.srv
[1.735s] -- Up-to-date: /home/edrom-mini/edromufu/src/movement/Ros2_change/install/movement_utils/share/movement_utils/srv/WalkForward_Request.msg
[1.735s] -- Up-to-date: /home/edrom-mini/edromufu/src/movement/Ros2_change/install/movement_utils/share/movement_utils/srv/WalkForward_Response.msg
[1.735s] -- Up-to-date: /home/edrom-mini/edromufu/src/movement/Ros2_change/install/movement_utils/share/movement_utils/launch
[1.735s] -- Up-to-date: /home/edrom-mini/edromufu/src/movement/Ros2_change/install/movement_utils/share/movement_utils/launch/movement_start.launch.py
[1.735s] -- Up-to-date: /home/edrom-mini/edromufu/src/movement/Ros2_change/install/movement_utils/share/movement_utils/launch/tahara_launch.py
[1.735s] -- Up-to-date: /home/edrom-mini/edromufu/src/movement/Ros2_change/install/movement_utils/share/ament_index/resource_index/package_run_dependencies/movement_utils
[1.735s] -- Installing: /home/edrom-mini/edromufu/src/movement/Ros2_change/install/movement_utils/share/ament_index/resource_index/parent_prefix_path/movement_utils
[1.735s] -- Up-to-date: /home/edrom-mini/edromufu/src/movement/Ros2_change/install/movement_utils/share/movement_utils/environment/ament_prefix_path.sh
[1.735s] -- Up-to-date: /home/edrom-mini/edromufu/src/movement/Ros2_change/install/movement_utils/share/movement_utils/environment/ament_prefix_path.dsv
[1.735s] -- Up-to-date: /home/edrom-mini/edromufu/src/movement/Ros2_change/install/movement_utils/share/movement_utils/environment/path.sh
[1.736s] -- Up-to-date: /home/edrom-mini/edromufu/src/movement/Ros2_change/install/movement_utils/share/movement_utils/environment/path.dsv
[1.736s] -- Up-to-date: /home/edrom-mini/edromufu/src/movement/Ros2_change/install/movement_utils/share/movement_utils/local_setup.bash
[1.736s] -- Installing: /home/edrom-mini/edromufu/src/movement/Ros2_change/install/movement_utils/share/movement_utils/local_setup.sh
[1.736s] -- Up-to-date: /home/edrom-mini/edromufu/src/movement/Ros2_change/install/movement_utils/share/movement_utils/local_setup.zsh
[1.736s] -- Up-to-date: /home/edrom-mini/edromufu/src/movement/Ros2_change/install/movement_utils/share/movement_utils/local_setup.dsv
[1.736s] -- Installing: /home/edrom-mini/edromufu/src/movement/Ros2_change/install/movement_utils/share/movement_utils/package.dsv
[1.736s] -- Up-to-date: /home/edrom-mini/edromufu/src/movement/Ros2_change/install/movement_utils/share/ament_index/resource_index/packages/movement_utils
[1.736s] -- Old export file "/home/edrom-mini/edromufu/src/movement/Ros2_change/install/movement_utils/share/movement_utils/cmake/export_movement_utils__rosidl_generator_cExport.cmake" will be replaced.  Removing files [/home/edrom-mini/edromufu/src/movement/Ros2_change/install/movement_utils/share/movement_utils/cmake/export_movement_utils__rosidl_generator_cExport-noconfig.cmake].
[1.736s] -- Installing: /home/edrom-mini/edromufu/src/movement/Ros2_change/install/movement_utils/share/movement_utils/cmake/export_movement_utils__rosidl_generator_cExport.cmake
[1.736s] -- Installing: /home/edrom-mini/edromufu/src/movement/Ros2_change/install/movement_utils/share/movement_utils/cmake/export_movement_utils__rosidl_generator_cExport-noconfig.cmake
[1.737s] -- Old export file "/home/edrom-mini/edromufu/src/movement/Ros2_change/install/movement_utils/share/movement_utils/cmake/export_movement_utils__rosidl_typesupport_fastrtps_cExport.cmake" will be replaced.  Removing files [/home/edrom-mini/edromufu/src/movement/Ros2_change/install/movement_utils/share/movement_utils/cmake/export_movement_utils__rosidl_typesupport_fastrtps_cExport-noconfig.cmake].
[1.737s] -- Installing: /home/edrom-mini/edromufu/src/movement/Ros2_change/install/movement_utils/share/movement_utils/cmake/export_movement_utils__rosidl_typesupport_fastrtps_cExport.cmake
[1.737s] -- Installing: /home/edrom-mini/edromufu/src/movement/Ros2_change/install/movement_utils/share/movement_utils/cmake/export_movement_utils__rosidl_typesupport_fastrtps_cExport-noconfig.cmake
[1.737s] -- Old export file "/home/edrom-mini/edromufu/src/movement/Ros2_change/install/movement_utils/share/movement_utils/cmake/movement_utils__rosidl_typesupport_introspection_cExport.cmake" will be replaced.  Removing files [/home/edrom-mini/edromufu/src/movement/Ros2_change/install/movement_utils/share/movement_utils/cmake/movement_utils__rosidl_typesupport_introspection_cExport-noconfig.cmake].
[1.737s] -- Installing: /home/edrom-mini/edromufu/src/movement/Ros2_change/install/movement_utils/share/movement_utils/cmake/movement_utils__rosidl_typesupport_introspection_cExport.cmake
[1.738s] -- Installing: /home/edrom-mini/edromufu/src/movement/Ros2_change/install/movement_utils/share/movement_utils/cmake/movement_utils__rosidl_typesupport_introspection_cExport-noconfig.cmake
[1.738s] -- Old export file "/home/edrom-mini/edromufu/src/movement/Ros2_change/install/movement_utils/share/movement_utils/cmake/movement_utils__rosidl_typesupport_cExport.cmake" will be replaced.  Removing files [/home/edrom-mini/edromufu/src/movement/Ros2_change/install/movement_utils/share/movement_utils/cmake/movement_utils__rosidl_typesupport_cExport-noconfig.cmake].
[1.738s] -- Installing: /home/edrom-mini/edromufu/src/movement/Ros2_change/install/movement_utils/share/movement_utils/cmake/movement_utils__rosidl_typesupport_cExport.cmake
[1.738s] -- Installing: /home/edrom-mini/edromufu/src/movement/Ros2_change/install/movement_utils/share/movement_utils/cmake/movement_utils__rosidl_typesupport_cExport-noconfig.cmake
[1.739s] -- Installing: /home/edrom-mini/edromufu/src/movement/Ros2_change/install/movement_utils/share/movement_utils/cmake/export_movement_utils__rosidl_generator_cppExport.cmake
[1.739s] -- Old export file "/home/edrom-mini/edromufu/src/movement/Ros2_change/install/movement_utils/share/movement_utils/cmake/export_movement_utils__rosidl_typesupport_fastrtps_cppExport.cmake" will be replaced.  Removing files [/home/edrom-mini/edromufu/src/movement/Ros2_change/install/movement_utils/share/movement_utils/cmake/export_movement_utils__rosidl_typesupport_fastrtps_cppExport-noconfig.cmake].
[1.739s] -- Installing: /home/edrom-mini/edromufu/src/movement/Ros2_change/install/movement_utils/share/movement_utils/cmake/export_movement_utils__rosidl_typesupport_fastrtps_cppExport.cmake
[1.740s] -- Installing: /home/edrom-mini/edromufu/src/movement/Ros2_change/install/movement_utils/share/movement_utils/cmake/export_movement_utils__rosidl_typesupport_fastrtps_cppExport-noconfig.cmake
[1.740s] -- Old export file "/home/edrom-mini/edromufu/src/movement/Ros2_change/install/movement_utils/share/movement_utils/cmake/movement_utils__rosidl_typesupport_introspection_cppExport.cmake" will be replaced.  Removing files [/home/edrom-mini/edromufu/src/movement/Ros2_change/install/movement_utils/share/movement_utils/cmake/movement_utils__rosidl_typesupport_introspection_cppExport-noconfig.cmake].
[1.740s] -- Installing: /home/edrom-mini/edromufu/src/movement/Ros2_change/install/movement_utils/share/movement_utils/cmake/movement_utils__rosidl_typesupport_introspection_cppExport.cmake
[1.741s] -- Installing: /home/edrom-mini/edromufu/src/movement/Ros2_change/install/movement_utils/share/movement_utils/cmake/movement_utils__rosidl_typesupport_introspection_cppExport-noconfig.cmake
[1.741s] -- Old export file "/home/edrom-mini/edromufu/src/movement/Ros2_change/install/movement_utils/share/movement_utils/cmake/movement_utils__rosidl_typesupport_cppExport.cmake" will be replaced.  Removing files [/home/edrom-mini/edromufu/src/movement/Ros2_change/install/movement_utils/share/movement_utils/cmake/movement_utils__rosidl_typesupport_cppExport-noconfig.cmake].
[1.741s] -- Installing: /home/edrom-mini/edromufu/src/movement/Ros2_change/install/movement_utils/share/movement_utils/cmake/movement_utils__rosidl_typesupport_cppExport.cmake
[1.741s] -- Installing: /home/edrom-mini/edromufu/src/movement/Ros2_change/install/movement_utils/share/movement_utils/cmake/movement_utils__rosidl_typesupport_cppExport-noconfig.cmake
[1.742s] -- Old export file "/home/edrom-mini/edromufu/src/movement/Ros2_change/install/movement_utils/share/movement_utils/cmake/export_movement_utils__rosidl_generator_pyExport.cmake" will be replaced.  Removing files [/home/edrom-mini/edromufu/src/movement/Ros2_change/install/movement_utils/share/movement_utils/cmake/export_movement_utils__rosidl_generator_pyExport-noconfig.cmake].
[1.742s] -- Installing: /home/edrom-mini/edromufu/src/movement/Ros2_change/install/movement_utils/share/movement_utils/cmake/export_movement_utils__rosidl_generator_pyExport.cmake
[1.742s] -- Installing: /home/edrom-mini/edromufu/src/movement/Ros2_change/install/movement_utils/share/movement_utils/cmake/export_movement_utils__rosidl_generator_pyExport-noconfig.cmake
[1.742s] -- Up-to-date: /home/edrom-mini/edromufu/src/movement/Ros2_change/install/movement_utils/share/movement_utils/cmake/rosidl_cmake-extras.cmake
[1.742s] -- Up-to-date: /home/edrom-mini/edromufu/src/movement/Ros2_change/install/movement_utils/share/movement_utils/cmake/ament_cmake_export_dependencies-extras.cmake
[1.743s] -- Up-to-date: /home/edrom-mini/edromufu/src/movement/Ros2_change/install/movement_utils/share/movement_utils/cmake/ament_cmake_export_include_directories-extras.cmake
[1.743s] -- Up-to-date: /home/edrom-mini/edromufu/src/movement/Ros2_change/install/movement_utils/share/movement_utils/cmake/ament_cmake_export_libraries-extras.cmake
[1.743s] -- Up-to-date: /home/edrom-mini/edromufu/src/movement/Ros2_change/install/movement_utils/share/movement_utils/cmake/ament_cmake_export_targets-extras.cmake
[1.743s] -- Up-to-date: /home/edrom-mini/edromufu/src/movement/Ros2_change/install/movement_utils/share/movement_utils/cmake/rosidl_cmake_export_typesupport_targets-extras.cmake
[1.743s] -- Up-to-date: /home/edrom-mini/edromufu/src/movement/Ros2_change/install/movement_utils/share/movement_utils/cmake/rosidl_cmake_export_typesupport_libraries-extras.cmake
[1.743s] -- Up-to-date: /home/edrom-mini/edromufu/src/movement/Ros2_change/install/movement_utils/share/movement_utils/cmake/movement_utilsConfig.cmake
[1.743s] -- Up-to-date: /home/edrom-mini/edromufu/src/movement/Ros2_change/install/movement_utils/share/movement_utils/cmake/movement_utilsConfig-version.cmake
[1.743s] -- Up-to-date: /home/edrom-mini/edromufu/src/movement/Ros2_change/install/movement_utils/share/movement_utils/package.xml
[2.173s] Invoked command in '/home/edrom-mini/edromufu/src/movement/Ros2_change/build/movement_utils' returned '0': CMAKE_PREFIX_PATH=/opt/ros/humble /home/edrom-mini/.local/bin/cmake --install /home/edrom-mini/edromufu/src/movement/Ros2_change/build/movement_utils
