-- The C compiler identification is GNU 11.4.0
-- The CXX compiler identification is GNU 11.4.0
-- Detecting C compiler ABI info
-- Detecting C compiler ABI info - done
-- Check for working C compiler: /usr/bin/cc - skipped
-- Detecting C compile features
-- Detecting C compile features - done
-- Detecting CXX compiler ABI info
-- Detecting CXX compiler ABI info - done
-- Check for working CXX compiler: /usr/bin/c++ - skipped
-- Detecting CXX compile features
-- Detecting CXX compile features - done
-- Found ament_cmake: 2.0.7 (/opt/ros/iron/share/ament_cmake/cmake)
-- Found Python3: /usr/bin/python3.10 (found version "3.10.12") found components: Interpreter 
-- Found rosidl_default_generators: 1.5.0 (/opt/ros/iron/share/rosidl_default_generators/cmake)
-- Using all available rosidl_typesupport_c: rosidl_typesupport_fastrtps_c;rosidl_typesupport_introspection_c
-- Using all available rosidl_typesupport_cpp: rosidl_typesupport_fastrtps_cpp;rosidl_typesupport_introspection_cpp
-- Found rosidl_adapter: 4.0.1 (/opt/ros/iron/share/rosidl_adapter/cmake)
-- Found std_msgs: 5.0.1 (/opt/ros/iron/share/std_msgs/cmake)
-- Found geometry_msgs: 5.0.1 (/opt/ros/iron/share/geometry_msgs/cmake)
-- Found ament_cmake_ros: 0.11.2 (/opt/ros/iron/share/ament_cmake_ros/cmake)
-- Using all available rosidl_typesupport_c: rosidl_typesupport_fastrtps_c;rosidl_typesupport_introspection_c
-- Using all available rosidl_typesupport_cpp: rosidl_typesupport_fastrtps_cpp;rosidl_typesupport_introspection_cpp
-- Found PythonInterp: /usr/bin/python3 (found suitable version "3.10.12", minimum required is "3.6") 
-- Found python_cmake_module: 0.10.2 (/opt/ros/iron/share/python_cmake_module/cmake)
-- Found PythonLibs: /usr/lib/x86_64-linux-gnu/libpython3.10.so (found suitable version "3.10.12", minimum required is "3.5") 
-- Using PYTHON_EXECUTABLE: /usr/bin/python3
-- Using PYTHON_INCLUDE_DIRS: /usr/include/python3.10
-- Using PYTHON_LIBRARIES: /usr/lib/x86_64-linux-gnu/libpython3.10.so
-- Found PythonExtra: .so  
-- Configuring done
-- Generating done
-- Build files have been written to: /home/vtr_caixeta/edromufu/build/modularized_bhv_msgs
[  1%] [34m[1mGenerating type hashes for ROS interfaces[0m
[  1%] Built target ament_cmake_python_copy_modularized_bhv_msgs
[  1%] Built target modularized_bhv_msgs__rosidl_generator_type_description
[  3%] [34m[1mGenerating C code for ROS interfaces[0m
[  5%] [34m[1mGenerating C++ code for ROS interfaces[0m
running egg_info
creating modularized_bhv_msgs.egg-info
writing modularized_bhv_msgs.egg-info/PKG-INFO
writing dependency_links to modularized_bhv_msgs.egg-info/dependency_links.txt
writing top-level names to modularized_bhv_msgs.egg-info/top_level.txt
writing manifest file 'modularized_bhv_msgs.egg-info/SOURCES.txt'
reading manifest file 'modularized_bhv_msgs.egg-info/SOURCES.txt'
writing manifest file 'modularized_bhv_msgs.egg-info/SOURCES.txt'
[  5%] Built target ament_cmake_python_build_modularized_bhv_msgs_egg
[  5%] Built target modularized_bhv_msgs__cpp
[ 11%] [32mBuilding C object CMakeFiles/modularized_bhv_msgs__rosidl_generator_c.dir/rosidl_generator_c/modularized_bhv_msgs/msg/detail/state_machine_msg__type_support.c.o[0m
[ 11%] [32mBuilding C object CMakeFiles/modularized_bhv_msgs__rosidl_generator_c.dir/rosidl_generator_c/modularized_bhv_msgs/msg/detail/state_machine_msg__description.c.o[0m
[ 12%] [32mBuilding C object CMakeFiles/modularized_bhv_msgs__rosidl_generator_c.dir/rosidl_generator_c/modularized_bhv_msgs/msg/detail/current_state_msg__description.c.o[0m
[ 11%] [32mBuilding C object CMakeFiles/modularized_bhv_msgs__rosidl_generator_c.dir/rosidl_generator_c/modularized_bhv_msgs/msg/detail/state_machine_msg__functions.c.o[0m
[ 14%] [32mBuilding C object CMakeFiles/modularized_bhv_msgs__rosidl_generator_c.dir/rosidl_generator_c/modularized_bhv_msgs/msg/detail/current_state_msg__functions.c.o[0m
[ 16%] [32mBuilding C object CMakeFiles/modularized_bhv_msgs__rosidl_generator_c.dir/rosidl_generator_c/modularized_bhv_msgs/msg/detail/current_state_msg__type_support.c.o[0m
[ 18%] [32mBuilding C object CMakeFiles/modularized_bhv_msgs__rosidl_generator_c.dir/rosidl_generator_c/modularized_bhv_msgs/srv/detail/move_request__description.c.o[0m
[ 20%] [32mBuilding C object CMakeFiles/modularized_bhv_msgs__rosidl_generator_c.dir/rosidl_generator_c/modularized_bhv_msgs/srv/detail/move_request__functions.c.o[0m
[ 22%] [32mBuilding C object CMakeFiles/modularized_bhv_msgs__rosidl_generator_c.dir/rosidl_generator_c/modularized_bhv_msgs/srv/detail/move_request__type_support.c.o[0m
[ 24%] [32m[1mLinking C shared library libmodularized_bhv_msgs__rosidl_generator_c.so[0m
[ 24%] Built target modularized_bhv_msgs__rosidl_generator_c
[ 31%] [34m[1mGenerating C introspection for ROS interfaces[0m
[ 31%] [34m[1mGenerating C type support for eProsima Fast-RTPS[0m
[ 31%] [34m[1mGenerating C++ type support dispatch for ROS interfaces[0m
[ 31%] [34m[1mGenerating C type support dispatch for ROS interfaces[0m
[ 33%] [32mBuilding CXX object CMakeFiles/modularized_bhv_msgs__rosidl_typesupport_c.dir/rosidl_typesupport_c/modularized_bhv_msgs/msg/state_machine_msg__type_support.cpp.o[0m
[ 35%] [32mBuilding CXX object CMakeFiles/modularized_bhv_msgs__rosidl_typesupport_cpp.dir/rosidl_typesupport_cpp/modularized_bhv_msgs/msg/state_machine_msg__type_support.cpp.o[0m
[ 37%] [32mBuilding CXX object CMakeFiles/modularized_bhv_msgs__rosidl_typesupport_c.dir/rosidl_typesupport_c/modularized_bhv_msgs/msg/current_state_msg__type_support.cpp.o[0m
[ 38%] [32mBuilding C object CMakeFiles/modularized_bhv_msgs__rosidl_typesupport_introspection_c.dir/rosidl_typesupport_introspection_c/modularized_bhv_msgs/msg/detail/state_machine_msg__type_support.c.o[0m
[ 40%] [32mBuilding CXX object CMakeFiles/modularized_bhv_msgs__rosidl_typesupport_c.dir/rosidl_typesupport_c/modularized_bhv_msgs/srv/move_request__type_support.cpp.o[0m
[ 42%] [32mBuilding CXX object CMakeFiles/modularized_bhv_msgs__rosidl_typesupport_fastrtps_c.dir/rosidl_typesupport_fastrtps_c/modularized_bhv_msgs/msg/detail/state_machine_msg__type_support_c.cpp.o[0m
[ 44%] [32mBuilding C object CMakeFiles/modularized_bhv_msgs__rosidl_typesupport_introspection_c.dir/rosidl_typesupport_introspection_c/modularized_bhv_msgs/msg/detail/current_state_msg__type_support.c.o[0m
[ 46%] [32m[1mLinking CXX shared library libmodularized_bhv_msgs__rosidl_typesupport_c.so[0m
[ 48%] [32mBuilding C object CMakeFiles/modularized_bhv_msgs__rosidl_typesupport_introspection_c.dir/rosidl_typesupport_introspection_c/modularized_bhv_msgs/srv/detail/move_request__type_support.c.o[0m
[ 48%] Built target modularized_bhv_msgs__rosidl_typesupport_c
[ 50%] [32mBuilding CXX object CMakeFiles/modularized_bhv_msgs__rosidl_typesupport_fastrtps_c.dir/rosidl_typesupport_fastrtps_c/modularized_bhv_msgs/msg/detail/current_state_msg__type_support_c.cpp.o[0m
[ 51%] [32m[1mLinking C shared library libmodularized_bhv_msgs__rosidl_typesupport_introspection_c.so[0m
[ 51%] Built target modularized_bhv_msgs__rosidl_typesupport_introspection_c
[ 53%] [32mBuilding CXX object CMakeFiles/modularized_bhv_msgs__rosidl_typesupport_cpp.dir/rosidl_typesupport_cpp/modularized_bhv_msgs/msg/current_state_msg__type_support.cpp.o[0m
[ 55%] [34m[1mGenerating C++ type support for eProsima Fast-RTPS[0m
[ 57%] [34m[1mGenerating C++ introspection for ROS interfaces[0m
[ 59%] [32mBuilding CXX object CMakeFiles/modularized_bhv_msgs__rosidl_typesupport_fastrtps_c.dir/rosidl_typesupport_fastrtps_c/modularized_bhv_msgs/srv/detail/move_request__type_support_c.cpp.o[0m
[ 61%] [32mBuilding CXX object CMakeFiles/modularized_bhv_msgs__rosidl_typesupport_cpp.dir/rosidl_typesupport_cpp/modularized_bhv_msgs/srv/move_request__type_support.cpp.o[0m
[ 62%] [32mBuilding CXX object CMakeFiles/modularized_bhv_msgs__rosidl_typesupport_fastrtps_cpp.dir/rosidl_typesupport_fastrtps_cpp/modularized_bhv_msgs/msg/detail/dds_fastrtps/state_machine_msg__type_support.cpp.o[0m
[ 64%] [32mBuilding CXX object CMakeFiles/modularized_bhv_msgs__rosidl_typesupport_introspection_cpp.dir/rosidl_typesupport_introspection_cpp/modularized_bhv_msgs/msg/detail/state_machine_msg__type_support.cpp.o[0m
[ 66%] [32m[1mLinking CXX shared library libmodularized_bhv_msgs__rosidl_typesupport_fastrtps_c.so[0m
[ 66%] Built target modularized_bhv_msgs__rosidl_typesupport_fastrtps_c
[ 68%] [32mBuilding CXX object CMakeFiles/modularized_bhv_msgs__rosidl_typesupport_introspection_cpp.dir/rosidl_typesupport_introspection_cpp/modularized_bhv_msgs/msg/detail/current_state_msg__type_support.cpp.o[0m
[ 70%] [32m[1mLinking CXX shared library libmodularized_bhv_msgs__rosidl_typesupport_cpp.so[0m
[ 70%] Built target modularized_bhv_msgs__rosidl_typesupport_cpp
[ 72%] [32mBuilding CXX object CMakeFiles/modularized_bhv_msgs__rosidl_typesupport_introspection_cpp.dir/rosidl_typesupport_introspection_cpp/modularized_bhv_msgs/srv/detail/move_request__type_support.cpp.o[0m
[ 74%] [32mBuilding CXX object CMakeFiles/modularized_bhv_msgs__rosidl_typesupport_fastrtps_cpp.dir/rosidl_typesupport_fastrtps_cpp/modularized_bhv_msgs/msg/detail/dds_fastrtps/current_state_msg__type_support.cpp.o[0m
[ 75%] [32mBuilding CXX object CMakeFiles/modularized_bhv_msgs__rosidl_typesupport_fastrtps_cpp.dir/rosidl_typesupport_fastrtps_cpp/modularized_bhv_msgs/srv/detail/dds_fastrtps/move_request__type_support.cpp.o[0m
[ 77%] [32m[1mLinking CXX shared library libmodularized_bhv_msgs__rosidl_typesupport_introspection_cpp.so[0m
[ 77%] Built target modularized_bhv_msgs__rosidl_typesupport_introspection_cpp
[ 79%] [32m[1mLinking CXX shared library libmodularized_bhv_msgs__rosidl_typesupport_fastrtps_cpp.so[0m
[ 79%] Built target modularized_bhv_msgs__rosidl_typesupport_fastrtps_cpp
[ 79%] Built target modularized_bhv_msgs
[ 81%] [34m[1mGenerating Python code for ROS interfaces[0m
[ 81%] Built target modularized_bhv_msgs__py
[ 83%] [32mBuilding C object CMakeFiles/modularized_bhv_msgs__rosidl_generator_py.dir/rosidl_generator_py/modularized_bhv_msgs/msg/_state_machine_msg_s.c.o[0m
[ 85%] [32mBuilding C object CMakeFiles/modularized_bhv_msgs__rosidl_generator_py.dir/rosidl_generator_py/modularized_bhv_msgs/msg/_current_state_msg_s.c.o[0m
[ 87%] [32mBuilding C object CMakeFiles/modularized_bhv_msgs__rosidl_generator_py.dir/rosidl_generator_py/modularized_bhv_msgs/srv/_move_request_s.c.o[0m
[ 88%] [32m[1mLinking C shared library rosidl_generator_py/modularized_bhv_msgs/libmodularized_bhv_msgs__rosidl_generator_py.so[0m
[ 88%] Built target modularized_bhv_msgs__rosidl_generator_py
[ 90%] [32mBuilding C object CMakeFiles/modularized_bhv_msgs__rosidl_typesupport_introspection_c__pyext.dir/rosidl_generator_py/modularized_bhv_msgs/_modularized_bhv_msgs_s.ep.rosidl_typesupport_introspection_c.c.o[0m
[ 92%] [32mBuilding C object CMakeFiles/modularized_bhv_msgs__rosidl_typesupport_c__pyext.dir/rosidl_generator_py/modularized_bhv_msgs/_modularized_bhv_msgs_s.ep.rosidl_typesupport_c.c.o[0m
[ 94%] [32mBuilding C object CMakeFiles/modularized_bhv_msgs__rosidl_typesupport_fastrtps_c__pyext.dir/rosidl_generator_py/modularized_bhv_msgs/_modularized_bhv_msgs_s.ep.rosidl_typesupport_fastrtps_c.c.o[0m
[ 96%] [32m[1mLinking C shared library rosidl_generator_py/modularized_bhv_msgs/modularized_bhv_msgs_s__rosidl_typesupport_introspection_c.cpython-310-x86_64-linux-gnu.so[0m
[ 96%] Built target modularized_bhv_msgs__rosidl_typesupport_introspection_c__pyext
[100%] [32m[1mLinking C shared library rosidl_generator_py/modularized_bhv_msgs/modularized_bhv_msgs_s__rosidl_typesupport_c.cpython-310-x86_64-linux-gnu.so[0m
[100%] [32m[1mLinking C shared library rosidl_generator_py/modularized_bhv_msgs/modularized_bhv_msgs_s__rosidl_typesupport_fastrtps_c.cpython-310-x86_64-linux-gnu.so[0m
[100%] Built target modularized_bhv_msgs__rosidl_typesupport_c__pyext
[100%] Built target modularized_bhv_msgs__rosidl_typesupport_fastrtps_c__pyext
-- Install configuration: ""
-- Installing: /home/vtr_caixeta/edromufu/install/modularized_bhv_msgs/share/ament_index/resource_index/rosidl_interfaces/modularized_bhv_msgs
-- Installing: /home/vtr_caixeta/edromufu/install/modularized_bhv_msgs/share/modularized_bhv_msgs/msg/StateMachineMsg.json
-- Installing: /home/vtr_caixeta/edromufu/install/modularized_bhv_msgs/share/modularized_bhv_msgs/msg/CurrentStateMsg.json
-- Installing: /home/vtr_caixeta/edromufu/install/modularized_bhv_msgs/share/modularized_bhv_msgs/srv/MoveRequest.json
-- Installing: /home/vtr_caixeta/edromufu/install/modularized_bhv_msgs/include/modularized_bhv_msgs/modularized_bhv_msgs
-- Installing: /home/vtr_caixeta/edromufu/install/modularized_bhv_msgs/include/modularized_bhv_msgs/modularized_bhv_msgs/srv
-- Installing: /home/vtr_caixeta/edromufu/install/modularized_bhv_msgs/include/modularized_bhv_msgs/modularized_bhv_msgs/srv/move_request.h
-- Installing: /home/vtr_caixeta/edromufu/install/modularized_bhv_msgs/include/modularized_bhv_msgs/modularized_bhv_msgs/srv/detail
-- Installing: /home/vtr_caixeta/edromufu/install/modularized_bhv_msgs/include/modularized_bhv_msgs/modularized_bhv_msgs/srv/detail/move_request__functions.h
-- Installing: /home/vtr_caixeta/edromufu/install/modularized_bhv_msgs/include/modularized_bhv_msgs/modularized_bhv_msgs/srv/detail/move_request__functions.c
-- Installing: /home/vtr_caixeta/edromufu/install/modularized_bhv_msgs/include/modularized_bhv_msgs/modularized_bhv_msgs/srv/detail/move_request__type_support.h
-- Installing: /home/vtr_caixeta/edromufu/install/modularized_bhv_msgs/include/modularized_bhv_msgs/modularized_bhv_msgs/srv/detail/move_request__description.c
-- Installing: /home/vtr_caixeta/edromufu/install/modularized_bhv_msgs/include/modularized_bhv_msgs/modularized_bhv_msgs/srv/detail/move_request__type_support.c
-- Installing: /home/vtr_caixeta/edromufu/install/modularized_bhv_msgs/include/modularized_bhv_msgs/modularized_bhv_msgs/srv/detail/move_request__struct.h
-- Installing: /home/vtr_caixeta/edromufu/install/modularized_bhv_msgs/include/modularized_bhv_msgs/modularized_bhv_msgs/msg
-- Installing: /home/vtr_caixeta/edromufu/install/modularized_bhv_msgs/include/modularized_bhv_msgs/modularized_bhv_msgs/msg/state_machine_msg.h
-- Installing: /home/vtr_caixeta/edromufu/install/modularized_bhv_msgs/include/modularized_bhv_msgs/modularized_bhv_msgs/msg/detail
-- Installing: /home/vtr_caixeta/edromufu/install/modularized_bhv_msgs/include/modularized_bhv_msgs/modularized_bhv_msgs/msg/detail/current_state_msg__type_support.h
-- Installing: /home/vtr_caixeta/edromufu/install/modularized_bhv_msgs/include/modularized_bhv_msgs/modularized_bhv_msgs/msg/detail/state_machine_msg__functions.c
-- Installing: /home/vtr_caixeta/edromufu/install/modularized_bhv_msgs/include/modularized_bhv_msgs/modularized_bhv_msgs/msg/detail/current_state_msg__type_support.c
-- Installing: /home/vtr_caixeta/edromufu/install/modularized_bhv_msgs/include/modularized_bhv_msgs/modularized_bhv_msgs/msg/detail/state_machine_msg__type_support.c
-- Installing: /home/vtr_caixeta/edromufu/install/modularized_bhv_msgs/include/modularized_bhv_msgs/modularized_bhv_msgs/msg/detail/current_state_msg__description.c
-- Installing: /home/vtr_caixeta/edromufu/install/modularized_bhv_msgs/include/modularized_bhv_msgs/modularized_bhv_msgs/msg/detail/current_state_msg__struct.h
-- Installing: /home/vtr_caixeta/edromufu/install/modularized_bhv_msgs/include/modularized_bhv_msgs/modularized_bhv_msgs/msg/detail/current_state_msg__functions.h
-- Installing: /home/vtr_caixeta/edromufu/install/modularized_bhv_msgs/include/modularized_bhv_msgs/modularized_bhv_msgs/msg/detail/state_machine_msg__description.c
-- Installing: /home/vtr_caixeta/edromufu/install/modularized_bhv_msgs/include/modularized_bhv_msgs/modularized_bhv_msgs/msg/detail/state_machine_msg__struct.h
-- Installing: /home/vtr_caixeta/edromufu/install/modularized_bhv_msgs/include/modularized_bhv_msgs/modularized_bhv_msgs/msg/detail/state_machine_msg__type_support.h
-- Installing: /home/vtr_caixeta/edromufu/install/modularized_bhv_msgs/include/modularized_bhv_msgs/modularized_bhv_msgs/msg/detail/state_machine_msg__functions.h
-- Installing: /home/vtr_caixeta/edromufu/install/modularized_bhv_msgs/include/modularized_bhv_msgs/modularized_bhv_msgs/msg/detail/current_state_msg__functions.c
-- Installing: /home/vtr_caixeta/edromufu/install/modularized_bhv_msgs/include/modularized_bhv_msgs/modularized_bhv_msgs/msg/current_state_msg.h
-- Installing: /home/vtr_caixeta/edromufu/install/modularized_bhv_msgs/include/modularized_bhv_msgs/modularized_bhv_msgs/msg/rosidl_generator_c__visibility_control.h
-- Installing: /home/vtr_caixeta/edromufu/install/modularized_bhv_msgs/share/modularized_bhv_msgs/environment/library_path.sh
-- Installing: /home/vtr_caixeta/edromufu/install/modularized_bhv_msgs/share/modularized_bhv_msgs/environment/library_path.dsv
-- Installing: /home/vtr_caixeta/edromufu/install/modularized_bhv_msgs/lib/libmodularized_bhv_msgs__rosidl_generator_c.so
-- Set runtime path of "/home/vtr_caixeta/edromufu/install/modularized_bhv_msgs/lib/libmodularized_bhv_msgs__rosidl_generator_c.so" to ""
-- Up-to-date: /home/vtr_caixeta/edromufu/install/modularized_bhv_msgs/include/modularized_bhv_msgs/modularized_bhv_msgs
-- Up-to-date: /home/vtr_caixeta/edromufu/install/modularized_bhv_msgs/include/modularized_bhv_msgs/modularized_bhv_msgs/srv
-- Up-to-date: /home/vtr_caixeta/edromufu/install/modularized_bhv_msgs/include/modularized_bhv_msgs/modularized_bhv_msgs/srv/detail
-- Installing: /home/vtr_caixeta/edromufu/install/modularized_bhv_msgs/include/modularized_bhv_msgs/modularized_bhv_msgs/srv/detail/move_request__rosidl_typesupport_fastrtps_c.h
-- Up-to-date: /home/vtr_caixeta/edromufu/install/modularized_bhv_msgs/include/modularized_bhv_msgs/modularized_bhv_msgs/msg
-- Installing: /home/vtr_caixeta/edromufu/install/modularized_bhv_msgs/include/modularized_bhv_msgs/modularized_bhv_msgs/msg/rosidl_typesupport_fastrtps_c__visibility_control.h
-- Up-to-date: /home/vtr_caixeta/edromufu/install/modularized_bhv_msgs/include/modularized_bhv_msgs/modularized_bhv_msgs/msg/detail
-- Installing: /home/vtr_caixeta/edromufu/install/modularized_bhv_msgs/include/modularized_bhv_msgs/modularized_bhv_msgs/msg/detail/state_machine_msg__rosidl_typesupport_fastrtps_c.h
-- Installing: /home/vtr_caixeta/edromufu/install/modularized_bhv_msgs/include/modularized_bhv_msgs/modularized_bhv_msgs/msg/detail/current_state_msg__rosidl_typesupport_fastrtps_c.h
-- Installing: /home/vtr_caixeta/edromufu/install/modularized_bhv_msgs/lib/libmodularized_bhv_msgs__rosidl_typesupport_fastrtps_c.so
-- Set runtime path of "/home/vtr_caixeta/edromufu/install/modularized_bhv_msgs/lib/libmodularized_bhv_msgs__rosidl_typesupport_fastrtps_c.so" to ""
-- Up-to-date: /home/vtr_caixeta/edromufu/install/modularized_bhv_msgs/include/modularized_bhv_msgs/modularized_bhv_msgs
-- Up-to-date: /home/vtr_caixeta/edromufu/install/modularized_bhv_msgs/include/modularized_bhv_msgs/modularized_bhv_msgs/srv
-- Up-to-date: /home/vtr_caixeta/edromufu/install/modularized_bhv_msgs/include/modularized_bhv_msgs/modularized_bhv_msgs/srv/detail
-- Installing: /home/vtr_caixeta/edromufu/install/modularized_bhv_msgs/include/modularized_bhv_msgs/modularized_bhv_msgs/srv/detail/move_request__rosidl_typesupport_introspection_c.h
-- Installing: /home/vtr_caixeta/edromufu/install/modularized_bhv_msgs/include/modularized_bhv_msgs/modularized_bhv_msgs/srv/detail/move_request__type_support.c
-- Up-to-date: /home/vtr_caixeta/edromufu/install/modularized_bhv_msgs/include/modularized_bhv_msgs/modularized_bhv_msgs/msg
-- Up-to-date: /home/vtr_caixeta/edromufu/install/modularized_bhv_msgs/include/modularized_bhv_msgs/modularized_bhv_msgs/msg/detail
-- Installing: /home/vtr_caixeta/edromufu/install/modularized_bhv_msgs/include/modularized_bhv_msgs/modularized_bhv_msgs/msg/detail/current_state_msg__type_support.c
-- Installing: /home/vtr_caixeta/edromufu/install/modularized_bhv_msgs/include/modularized_bhv_msgs/modularized_bhv_msgs/msg/detail/state_machine_msg__type_support.c
-- Installing: /home/vtr_caixeta/edromufu/install/modularized_bhv_msgs/include/modularized_bhv_msgs/modularized_bhv_msgs/msg/detail/state_machine_msg__rosidl_typesupport_introspection_c.h
-- Installing: /home/vtr_caixeta/edromufu/install/modularized_bhv_msgs/include/modularized_bhv_msgs/modularized_bhv_msgs/msg/detail/current_state_msg__rosidl_typesupport_introspection_c.h
-- Installing: /home/vtr_caixeta/edromufu/install/modularized_bhv_msgs/include/modularized_bhv_msgs/modularized_bhv_msgs/msg/rosidl_typesupport_introspection_c__visibility_control.h
-- Installing: /home/vtr_caixeta/edromufu/install/modularized_bhv_msgs/lib/libmodularized_bhv_msgs__rosidl_typesupport_introspection_c.so
-- Set runtime path of "/home/vtr_caixeta/edromufu/install/modularized_bhv_msgs/lib/libmodularized_bhv_msgs__rosidl_typesupport_introspection_c.so" to ""
-- Installing: /home/vtr_caixeta/edromufu/install/modularized_bhv_msgs/lib/libmodularized_bhv_msgs__rosidl_typesupport_c.so
-- Set runtime path of "/home/vtr_caixeta/edromufu/install/modularized_bhv_msgs/lib/libmodularized_bhv_msgs__rosidl_typesupport_c.so" to ""
-- Up-to-date: /home/vtr_caixeta/edromufu/install/modularized_bhv_msgs/include/modularized_bhv_msgs/modularized_bhv_msgs
-- Up-to-date: /home/vtr_caixeta/edromufu/install/modularized_bhv_msgs/include/modularized_bhv_msgs/modularized_bhv_msgs/srv
-- Installing: /home/vtr_caixeta/edromufu/install/modularized_bhv_msgs/include/modularized_bhv_msgs/modularized_bhv_msgs/srv/move_request.hpp
-- Up-to-date: /home/vtr_caixeta/edromufu/install/modularized_bhv_msgs/include/modularized_bhv_msgs/modularized_bhv_msgs/srv/detail
-- Installing: /home/vtr_caixeta/edromufu/install/modularized_bhv_msgs/include/modularized_bhv_msgs/modularized_bhv_msgs/srv/detail/move_request__traits.hpp
-- Installing: /home/vtr_caixeta/edromufu/install/modularized_bhv_msgs/include/modularized_bhv_msgs/modularized_bhv_msgs/srv/detail/move_request__builder.hpp
-- Installing: /home/vtr_caixeta/edromufu/install/modularized_bhv_msgs/include/modularized_bhv_msgs/modularized_bhv_msgs/srv/detail/move_request__struct.hpp
-- Up-to-date: /home/vtr_caixeta/edromufu/install/modularized_bhv_msgs/include/modularized_bhv_msgs/modularized_bhv_msgs/msg
-- Up-to-date: /home/vtr_caixeta/edromufu/install/modularized_bhv_msgs/include/modularized_bhv_msgs/modularized_bhv_msgs/msg/detail
-- Installing: /home/vtr_caixeta/edromufu/install/modularized_bhv_msgs/include/modularized_bhv_msgs/modularized_bhv_msgs/msg/detail/state_machine_msg__struct.hpp
-- Installing: /home/vtr_caixeta/edromufu/install/modularized_bhv_msgs/include/modularized_bhv_msgs/modularized_bhv_msgs/msg/detail/current_state_msg__builder.hpp
-- Installing: /home/vtr_caixeta/edromufu/install/modularized_bhv_msgs/include/modularized_bhv_msgs/modularized_bhv_msgs/msg/detail/current_state_msg__traits.hpp
-- Installing: /home/vtr_caixeta/edromufu/install/modularized_bhv_msgs/include/modularized_bhv_msgs/modularized_bhv_msgs/msg/detail/current_state_msg__struct.hpp
-- Installing: /home/vtr_caixeta/edromufu/install/modularized_bhv_msgs/include/modularized_bhv_msgs/modularized_bhv_msgs/msg/detail/state_machine_msg__builder.hpp
-- Installing: /home/vtr_caixeta/edromufu/install/modularized_bhv_msgs/include/modularized_bhv_msgs/modularized_bhv_msgs/msg/detail/state_machine_msg__traits.hpp
-- Installing: /home/vtr_caixeta/edromufu/install/modularized_bhv_msgs/include/modularized_bhv_msgs/modularized_bhv_msgs/msg/state_machine_msg.hpp
-- Installing: /home/vtr_caixeta/edromufu/install/modularized_bhv_msgs/include/modularized_bhv_msgs/modularized_bhv_msgs/msg/current_state_msg.hpp
-- Up-to-date: /home/vtr_caixeta/edromufu/install/modularized_bhv_msgs/include/modularized_bhv_msgs/modularized_bhv_msgs
-- Up-to-date: /home/vtr_caixeta/edromufu/install/modularized_bhv_msgs/include/modularized_bhv_msgs/modularized_bhv_msgs/srv
-- Up-to-date: /home/vtr_caixeta/edromufu/install/modularized_bhv_msgs/include/modularized_bhv_msgs/modularized_bhv_msgs/srv/detail
-- Installing: /home/vtr_caixeta/edromufu/install/modularized_bhv_msgs/include/modularized_bhv_msgs/modularized_bhv_msgs/srv/detail/move_request__rosidl_typesupport_fastrtps_cpp.hpp
-- Installing: /home/vtr_caixeta/edromufu/install/modularized_bhv_msgs/include/modularized_bhv_msgs/modularized_bhv_msgs/srv/detail/dds_fastrtps
-- Up-to-date: /home/vtr_caixeta/edromufu/install/modularized_bhv_msgs/include/modularized_bhv_msgs/modularized_bhv_msgs/msg
-- Up-to-date: /home/vtr_caixeta/edromufu/install/modularized_bhv_msgs/include/modularized_bhv_msgs/modularized_bhv_msgs/msg/detail
-- Installing: /home/vtr_caixeta/edromufu/install/modularized_bhv_msgs/include/modularized_bhv_msgs/modularized_bhv_msgs/msg/detail/state_machine_msg__rosidl_typesupport_fastrtps_cpp.hpp
-- Installing: /home/vtr_caixeta/edromufu/install/modularized_bhv_msgs/include/modularized_bhv_msgs/modularized_bhv_msgs/msg/detail/current_state_msg__rosidl_typesupport_fastrtps_cpp.hpp
-- Installing: /home/vtr_caixeta/edromufu/install/modularized_bhv_msgs/include/modularized_bhv_msgs/modularized_bhv_msgs/msg/detail/dds_fastrtps
-- Installing: /home/vtr_caixeta/edromufu/install/modularized_bhv_msgs/include/modularized_bhv_msgs/modularized_bhv_msgs/msg/rosidl_typesupport_fastrtps_cpp__visibility_control.h
-- Installing: /home/vtr_caixeta/edromufu/install/modularized_bhv_msgs/lib/libmodularized_bhv_msgs__rosidl_typesupport_fastrtps_cpp.so
-- Set runtime path of "/home/vtr_caixeta/edromufu/install/modularized_bhv_msgs/lib/libmodularized_bhv_msgs__rosidl_typesupport_fastrtps_cpp.so" to ""
-- Up-to-date: /home/vtr_caixeta/edromufu/install/modularized_bhv_msgs/include/modularized_bhv_msgs/modularized_bhv_msgs
-- Up-to-date: /home/vtr_caixeta/edromufu/install/modularized_bhv_msgs/include/modularized_bhv_msgs/modularized_bhv_msgs/srv
-- Up-to-date: /home/vtr_caixeta/edromufu/install/modularized_bhv_msgs/include/modularized_bhv_msgs/modularized_bhv_msgs/srv/detail
-- Installing: /home/vtr_caixeta/edromufu/install/modularized_bhv_msgs/include/modularized_bhv_msgs/modularized_bhv_msgs/srv/detail/move_request__type_support.cpp
-- Installing: /home/vtr_caixeta/edromufu/install/modularized_bhv_msgs/include/modularized_bhv_msgs/modularized_bhv_msgs/srv/detail/move_request__rosidl_typesupport_introspection_cpp.hpp
-- Up-to-date: /home/vtr_caixeta/edromufu/install/modularized_bhv_msgs/include/modularized_bhv_msgs/modularized_bhv_msgs/msg
-- Up-to-date: /home/vtr_caixeta/edromufu/install/modularized_bhv_msgs/include/modularized_bhv_msgs/modularized_bhv_msgs/msg/detail
-- Installing: /home/vtr_caixeta/edromufu/install/modularized_bhv_msgs/include/modularized_bhv_msgs/modularized_bhv_msgs/msg/detail/state_machine_msg__rosidl_typesupport_introspection_cpp.hpp
-- Installing: /home/vtr_caixeta/edromufu/install/modularized_bhv_msgs/include/modularized_bhv_msgs/modularized_bhv_msgs/msg/detail/current_state_msg__rosidl_typesupport_introspection_cpp.hpp
-- Installing: /home/vtr_caixeta/edromufu/install/modularized_bhv_msgs/include/modularized_bhv_msgs/modularized_bhv_msgs/msg/detail/current_state_msg__type_support.cpp
-- Installing: /home/vtr_caixeta/edromufu/install/modularized_bhv_msgs/include/modularized_bhv_msgs/modularized_bhv_msgs/msg/detail/state_machine_msg__type_support.cpp
-- Installing: /home/vtr_caixeta/edromufu/install/modularized_bhv_msgs/lib/libmodularized_bhv_msgs__rosidl_typesupport_introspection_cpp.so
-- Set runtime path of "/home/vtr_caixeta/edromufu/install/modularized_bhv_msgs/lib/libmodularized_bhv_msgs__rosidl_typesupport_introspection_cpp.so" to ""
-- Installing: /home/vtr_caixeta/edromufu/install/modularized_bhv_msgs/lib/libmodularized_bhv_msgs__rosidl_typesupport_cpp.so
-- Set runtime path of "/home/vtr_caixeta/edromufu/install/modularized_bhv_msgs/lib/libmodularized_bhv_msgs__rosidl_typesupport_cpp.so" to ""
-- Installing: /home/vtr_caixeta/edromufu/install/modularized_bhv_msgs/share/modularized_bhv_msgs/environment/pythonpath.sh
-- Installing: /home/vtr_caixeta/edromufu/install/modularized_bhv_msgs/share/modularized_bhv_msgs/environment/pythonpath.dsv
-- Installing: /home/vtr_caixeta/edromufu/install/modularized_bhv_msgs/lib/python3.10/site-packages/modularized_bhv_msgs-0.0.0-py3.10.egg-info
-- Installing: /home/vtr_caixeta/edromufu/install/modularized_bhv_msgs/lib/python3.10/site-packages/modularized_bhv_msgs-0.0.0-py3.10.egg-info/top_level.txt
-- Installing: /home/vtr_caixeta/edromufu/install/modularized_bhv_msgs/lib/python3.10/site-packages/modularized_bhv_msgs-0.0.0-py3.10.egg-info/PKG-INFO
-- Installing: /home/vtr_caixeta/edromufu/install/modularized_bhv_msgs/lib/python3.10/site-packages/modularized_bhv_msgs-0.0.0-py3.10.egg-info/SOURCES.txt
-- Installing: /home/vtr_caixeta/edromufu/install/modularized_bhv_msgs/lib/python3.10/site-packages/modularized_bhv_msgs-0.0.0-py3.10.egg-info/dependency_links.txt
-- Installing: /home/vtr_caixeta/edromufu/install/modularized_bhv_msgs/lib/python3.10/site-packages/modularized_bhv_msgs
-- Installing: /home/vtr_caixeta/edromufu/install/modularized_bhv_msgs/lib/python3.10/site-packages/modularized_bhv_msgs/__init__.py
-- Installing: /home/vtr_caixeta/edromufu/install/modularized_bhv_msgs/lib/python3.10/site-packages/modularized_bhv_msgs/srv
-- Installing: /home/vtr_caixeta/edromufu/install/modularized_bhv_msgs/lib/python3.10/site-packages/modularized_bhv_msgs/srv/__init__.py
-- Installing: /home/vtr_caixeta/edromufu/install/modularized_bhv_msgs/lib/python3.10/site-packages/modularized_bhv_msgs/srv/_move_request_s.c
-- Installing: /home/vtr_caixeta/edromufu/install/modularized_bhv_msgs/lib/python3.10/site-packages/modularized_bhv_msgs/srv/_move_request.py
-- Installing: /home/vtr_caixeta/edromufu/install/modularized_bhv_msgs/lib/python3.10/site-packages/modularized_bhv_msgs/modularized_bhv_msgs_s__rosidl_typesupport_c.cpython-310-x86_64-linux-gnu.so
-- Installing: /home/vtr_caixeta/edromufu/install/modularized_bhv_msgs/lib/python3.10/site-packages/modularized_bhv_msgs/_modularized_bhv_msgs_s.ep.rosidl_typesupport_c.c
-- Installing: /home/vtr_caixeta/edromufu/install/modularized_bhv_msgs/lib/python3.10/site-packages/modularized_bhv_msgs/modularized_bhv_msgs_s__rosidl_typesupport_fastrtps_c.cpython-310-x86_64-linux-gnu.so
-- Installing: /home/vtr_caixeta/edromufu/install/modularized_bhv_msgs/lib/python3.10/site-packages/modularized_bhv_msgs/_modularized_bhv_msgs_s.ep.rosidl_typesupport_fastrtps_c.c
-- Installing: /home/vtr_caixeta/edromufu/install/modularized_bhv_msgs/lib/python3.10/site-packages/modularized_bhv_msgs/_modularized_bhv_msgs_s.ep.rosidl_typesupport_introspection_c.c
-- Installing: /home/vtr_caixeta/edromufu/install/modularized_bhv_msgs/lib/python3.10/site-packages/modularized_bhv_msgs/modularized_bhv_msgs_s__rosidl_typesupport_introspection_c.cpython-310-x86_64-linux-gnu.so
-- Installing: /home/vtr_caixeta/edromufu/install/modularized_bhv_msgs/lib/python3.10/site-packages/modularized_bhv_msgs/libmodularized_bhv_msgs__rosidl_generator_py.so
-- Installing: /home/vtr_caixeta/edromufu/install/modularized_bhv_msgs/lib/python3.10/site-packages/modularized_bhv_msgs/msg
-- Installing: /home/vtr_caixeta/edromufu/install/modularized_bhv_msgs/lib/python3.10/site-packages/modularized_bhv_msgs/msg/__init__.py
-- Installing: /home/vtr_caixeta/edromufu/install/modularized_bhv_msgs/lib/python3.10/site-packages/modularized_bhv_msgs/msg/_state_machine_msg.py
-- Installing: /home/vtr_caixeta/edromufu/install/modularized_bhv_msgs/lib/python3.10/site-packages/modularized_bhv_msgs/msg/_current_state_msg.py
-- Installing: /home/vtr_caixeta/edromufu/install/modularized_bhv_msgs/lib/python3.10/site-packages/modularized_bhv_msgs/msg/_state_machine_msg_s.c
-- Installing: /home/vtr_caixeta/edromufu/install/modularized_bhv_msgs/lib/python3.10/site-packages/modularized_bhv_msgs/msg/_current_state_msg_s.c
Listing '/home/vtr_caixeta/edromufu/install/modularized_bhv_msgs/lib/python3.10/site-packages/modularized_bhv_msgs'...
Compiling '/home/vtr_caixeta/edromufu/install/modularized_bhv_msgs/lib/python3.10/site-packages/modularized_bhv_msgs/__init__.py'...
Listing '/home/vtr_caixeta/edromufu/install/modularized_bhv_msgs/lib/python3.10/site-packages/modularized_bhv_msgs/msg'...
Compiling '/home/vtr_caixeta/edromufu/install/modularized_bhv_msgs/lib/python3.10/site-packages/modularized_bhv_msgs/msg/__init__.py'...
Compiling '/home/vtr_caixeta/edromufu/install/modularized_bhv_msgs/lib/python3.10/site-packages/modularized_bhv_msgs/msg/_current_state_msg.py'...
Compiling '/home/vtr_caixeta/edromufu/install/modularized_bhv_msgs/lib/python3.10/site-packages/modularized_bhv_msgs/msg/_state_machine_msg.py'...
Listing '/home/vtr_caixeta/edromufu/install/modularized_bhv_msgs/lib/python3.10/site-packages/modularized_bhv_msgs/srv'...
Compiling '/home/vtr_caixeta/edromufu/install/modularized_bhv_msgs/lib/python3.10/site-packages/modularized_bhv_msgs/srv/__init__.py'...
Compiling '/home/vtr_caixeta/edromufu/install/modularized_bhv_msgs/lib/python3.10/site-packages/modularized_bhv_msgs/srv/_move_request.py'...
-- Installing: /home/vtr_caixeta/edromufu/install/modularized_bhv_msgs/lib/python3.10/site-packages/modularized_bhv_msgs/modularized_bhv_msgs_s__rosidl_typesupport_fastrtps_c.cpython-310-x86_64-linux-gnu.so
-- Set runtime path of "/home/vtr_caixeta/edromufu/install/modularized_bhv_msgs/lib/python3.10/site-packages/modularized_bhv_msgs/modularized_bhv_msgs_s__rosidl_typesupport_fastrtps_c.cpython-310-x86_64-linux-gnu.so" to ""
-- Installing: /home/vtr_caixeta/edromufu/install/modularized_bhv_msgs/lib/python3.10/site-packages/modularized_bhv_msgs/modularized_bhv_msgs_s__rosidl_typesupport_introspection_c.cpython-310-x86_64-linux-gnu.so
-- Set runtime path of "/home/vtr_caixeta/edromufu/install/modularized_bhv_msgs/lib/python3.10/site-packages/modularized_bhv_msgs/modularized_bhv_msgs_s__rosidl_typesupport_introspection_c.cpython-310-x86_64-linux-gnu.so" to ""
-- Installing: /home/vtr_caixeta/edromufu/install/modularized_bhv_msgs/lib/python3.10/site-packages/modularized_bhv_msgs/modularized_bhv_msgs_s__rosidl_typesupport_c.cpython-310-x86_64-linux-gnu.so
-- Set runtime path of "/home/vtr_caixeta/edromufu/install/modularized_bhv_msgs/lib/python3.10/site-packages/modularized_bhv_msgs/modularized_bhv_msgs_s__rosidl_typesupport_c.cpython-310-x86_64-linux-gnu.so" to ""
-- Installing: /home/vtr_caixeta/edromufu/install/modularized_bhv_msgs/lib/libmodularized_bhv_msgs__rosidl_generator_py.so
-- Set runtime path of "/home/vtr_caixeta/edromufu/install/modularized_bhv_msgs/lib/libmodularized_bhv_msgs__rosidl_generator_py.so" to ""
-- Installing: /home/vtr_caixeta/edromufu/install/modularized_bhv_msgs/share/modularized_bhv_msgs/msg/StateMachineMsg.idl
-- Installing: /home/vtr_caixeta/edromufu/install/modularized_bhv_msgs/share/modularized_bhv_msgs/msg/CurrentStateMsg.idl
-- Installing: /home/vtr_caixeta/edromufu/install/modularized_bhv_msgs/share/modularized_bhv_msgs/srv/MoveRequest.idl
-- Installing: /home/vtr_caixeta/edromufu/install/modularized_bhv_msgs/share/modularized_bhv_msgs/msg/StateMachineMsg.msg
-- Installing: /home/vtr_caixeta/edromufu/install/modularized_bhv_msgs/share/modularized_bhv_msgs/msg/CurrentStateMsg.msg
-- Installing: /home/vtr_caixeta/edromufu/install/modularized_bhv_msgs/share/modularized_bhv_msgs/srv/MoveRequest.srv
-- Installing: /home/vtr_caixeta/edromufu/install/modularized_bhv_msgs/share/modularized_bhv_msgs/srv/MoveRequest_Request.msg
-- Installing: /home/vtr_caixeta/edromufu/install/modularized_bhv_msgs/share/modularized_bhv_msgs/srv/MoveRequest_Response.msg
-- Installing: /home/vtr_caixeta/edromufu/install/modularized_bhv_msgs/share/ament_index/resource_index/package_run_dependencies/modularized_bhv_msgs
-- Installing: /home/vtr_caixeta/edromufu/install/modularized_bhv_msgs/share/ament_index/resource_index/parent_prefix_path/modularized_bhv_msgs
-- Installing: /home/vtr_caixeta/edromufu/install/modularized_bhv_msgs/share/modularized_bhv_msgs/environment/ament_prefix_path.sh
-- Installing: /home/vtr_caixeta/edromufu/install/modularized_bhv_msgs/share/modularized_bhv_msgs/environment/ament_prefix_path.dsv
-- Installing: /home/vtr_caixeta/edromufu/install/modularized_bhv_msgs/share/modularized_bhv_msgs/environment/path.sh
-- Installing: /home/vtr_caixeta/edromufu/install/modularized_bhv_msgs/share/modularized_bhv_msgs/environment/path.dsv
-- Installing: /home/vtr_caixeta/edromufu/install/modularized_bhv_msgs/share/modularized_bhv_msgs/local_setup.bash
-- Installing: /home/vtr_caixeta/edromufu/install/modularized_bhv_msgs/share/modularized_bhv_msgs/local_setup.sh
-- Installing: /home/vtr_caixeta/edromufu/install/modularized_bhv_msgs/share/modularized_bhv_msgs/local_setup.zsh
-- Installing: /home/vtr_caixeta/edromufu/install/modularized_bhv_msgs/share/modularized_bhv_msgs/local_setup.dsv
-- Installing: /home/vtr_caixeta/edromufu/install/modularized_bhv_msgs/share/modularized_bhv_msgs/package.dsv
-- Installing: /home/vtr_caixeta/edromufu/install/modularized_bhv_msgs/share/ament_index/resource_index/packages/modularized_bhv_msgs
-- Installing: /home/vtr_caixeta/edromufu/install/modularized_bhv_msgs/share/modularized_bhv_msgs/cmake/export_modularized_bhv_msgs__rosidl_generator_cExport.cmake
-- Installing: /home/vtr_caixeta/edromufu/install/modularized_bhv_msgs/share/modularized_bhv_msgs/cmake/export_modularized_bhv_msgs__rosidl_generator_cExport-noconfig.cmake
-- Installing: /home/vtr_caixeta/edromufu/install/modularized_bhv_msgs/share/modularized_bhv_msgs/cmake/export_modularized_bhv_msgs__rosidl_typesupport_fastrtps_cExport.cmake
-- Installing: /home/vtr_caixeta/edromufu/install/modularized_bhv_msgs/share/modularized_bhv_msgs/cmake/export_modularized_bhv_msgs__rosidl_typesupport_fastrtps_cExport-noconfig.cmake
-- Installing: /home/vtr_caixeta/edromufu/install/modularized_bhv_msgs/share/modularized_bhv_msgs/cmake/modularized_bhv_msgs__rosidl_typesupport_introspection_cExport.cmake
-- Installing: /home/vtr_caixeta/edromufu/install/modularized_bhv_msgs/share/modularized_bhv_msgs/cmake/modularized_bhv_msgs__rosidl_typesupport_introspection_cExport-noconfig.cmake
-- Installing: /home/vtr_caixeta/edromufu/install/modularized_bhv_msgs/share/modularized_bhv_msgs/cmake/modularized_bhv_msgs__rosidl_typesupport_cExport.cmake
-- Installing: /home/vtr_caixeta/edromufu/install/modularized_bhv_msgs/share/modularized_bhv_msgs/cmake/modularized_bhv_msgs__rosidl_typesupport_cExport-noconfig.cmake
-- Installing: /home/vtr_caixeta/edromufu/install/modularized_bhv_msgs/share/modularized_bhv_msgs/cmake/export_modularized_bhv_msgs__rosidl_generator_cppExport.cmake
-- Installing: /home/vtr_caixeta/edromufu/install/modularized_bhv_msgs/share/modularized_bhv_msgs/cmake/export_modularized_bhv_msgs__rosidl_typesupport_fastrtps_cppExport.cmake
-- Installing: /home/vtr_caixeta/edromufu/install/modularized_bhv_msgs/share/modularized_bhv_msgs/cmake/export_modularized_bhv_msgs__rosidl_typesupport_fastrtps_cppExport-noconfig.cmake
-- Installing: /home/vtr_caixeta/edromufu/install/modularized_bhv_msgs/share/modularized_bhv_msgs/cmake/modularized_bhv_msgs__rosidl_typesupport_introspection_cppExport.cmake
-- Installing: /home/vtr_caixeta/edromufu/install/modularized_bhv_msgs/share/modularized_bhv_msgs/cmake/modularized_bhv_msgs__rosidl_typesupport_introspection_cppExport-noconfig.cmake
-- Installing: /home/vtr_caixeta/edromufu/install/modularized_bhv_msgs/share/modularized_bhv_msgs/cmake/modularized_bhv_msgs__rosidl_typesupport_cppExport.cmake
-- Installing: /home/vtr_caixeta/edromufu/install/modularized_bhv_msgs/share/modularized_bhv_msgs/cmake/modularized_bhv_msgs__rosidl_typesupport_cppExport-noconfig.cmake
-- Installing: /home/vtr_caixeta/edromufu/install/modularized_bhv_msgs/share/modularized_bhv_msgs/cmake/export_modularized_bhv_msgs__rosidl_generator_pyExport.cmake
-- Installing: /home/vtr_caixeta/edromufu/install/modularized_bhv_msgs/share/modularized_bhv_msgs/cmake/export_modularized_bhv_msgs__rosidl_generator_pyExport-noconfig.cmake
-- Installing: /home/vtr_caixeta/edromufu/install/modularized_bhv_msgs/share/modularized_bhv_msgs/cmake/rosidl_cmake-extras.cmake
-- Installing: /home/vtr_caixeta/edromufu/install/modularized_bhv_msgs/share/modularized_bhv_msgs/cmake/ament_cmake_export_dependencies-extras.cmake
-- Installing: /home/vtr_caixeta/edromufu/install/modularized_bhv_msgs/share/modularized_bhv_msgs/cmake/ament_cmake_export_include_directories-extras.cmake
-- Installing: /home/vtr_caixeta/edromufu/install/modularized_bhv_msgs/share/modularized_bhv_msgs/cmake/ament_cmake_export_libraries-extras.cmake
-- Installing: /home/vtr_caixeta/edromufu/install/modularized_bhv_msgs/share/modularized_bhv_msgs/cmake/ament_cmake_export_targets-extras.cmake
-- Installing: /home/vtr_caixeta/edromufu/install/modularized_bhv_msgs/share/modularized_bhv_msgs/cmake/rosidl_cmake_export_typesupport_targets-extras.cmake
-- Installing: /home/vtr_caixeta/edromufu/install/modularized_bhv_msgs/share/modularized_bhv_msgs/cmake/rosidl_cmake_export_typesupport_libraries-extras.cmake
-- Installing: /home/vtr_caixeta/edromufu/install/modularized_bhv_msgs/share/modularized_bhv_msgs/cmake/modularized_bhv_msgsConfig.cmake
-- Installing: /home/vtr_caixeta/edromufu/install/modularized_bhv_msgs/share/modularized_bhv_msgs/cmake/modularized_bhv_msgsConfig-version.cmake
-- Installing: /home/vtr_caixeta/edromufu/install/modularized_bhv_msgs/share/modularized_bhv_msgs/package.xml
