[1.062s] Invoking command in '/home/pedrohperes/edromufu/src/movement/Ros2_change/src/humanoid_definition': AMENT_PREFIX_PATH=/home/pedrohperes/edromufu/src/movement/Ros2_change/install/kinematic_functions:${AMENT_PREFIX_PATH} PYTHONPATH=/home/pedrohperes/edromufu/src/movement/Ros2_change/build/humanoid_definition/prefix_override:/home/pedrohperes/edromufu/src/movement/Ros2_change/install/humanoid_definition/lib/python3.10/site-packages:/home/pedrohperes/edromufu/src/movement/Ros2_change/install/kinematic_functions/lib/python3.10/site-packages:${PYTHONPATH} /usr/bin/python3 -W ignore:setup.py install is deprecated setup.py egg_info --egg-base ../../build/humanoid_definition build --build-base /home/pedrohperes/edromufu/src/movement/Ros2_change/build/humanoid_definition/build install --record /home/pedrohperes/edromufu/src/movement/Ros2_change/build/humanoid_definition/install.log --single-version-externally-managed install_data
[1.320s] running egg_info
[1.320s] writing ../../build/humanoid_definition/humanoid_definition.egg-info/PKG-INFO
[1.321s] writing dependency_links to ../../build/humanoid_definition/humanoid_definition.egg-info/dependency_links.txt
[1.321s] writing entry points to ../../build/humanoid_definition/humanoid_definition.egg-info/entry_points.txt
[1.321s] writing requirements to ../../build/humanoid_definition/humanoid_definition.egg-info/requires.txt
[1.321s] writing top-level names to ../../build/humanoid_definition/humanoid_definition.egg-info/top_level.txt
[1.323s] reading manifest file '../../build/humanoid_definition/humanoid_definition.egg-info/SOURCES.txt'
[1.324s] writing manifest file '../../build/humanoid_definition/humanoid_definition.egg-info/SOURCES.txt'
[1.325s] running build
[1.325s] running build_py
[1.326s] running install
[1.326s] running install_lib
[1.328s] running install_data
[1.328s] running install_egg_info
[1.329s] removing '/home/pedrohperes/edromufu/src/movement/Ros2_change/install/humanoid_definition/lib/python3.10/site-packages/humanoid_definition-0.0.0-py3.10.egg-info' (and everything under it)
[1.330s] Copying ../../build/humanoid_definition/humanoid_definition.egg-info to /home/pedrohperes/edromufu/src/movement/Ros2_change/install/humanoid_definition/lib/python3.10/site-packages/humanoid_definition-0.0.0-py3.10.egg-info
[1.331s] running install_scripts
[1.349s] writing list of installed files to '/home/pedrohperes/edromufu/src/movement/Ros2_change/build/humanoid_definition/install.log'
[1.379s] Invoked command in '/home/pedrohperes/edromufu/src/movement/Ros2_change/src/humanoid_definition' returned '0': AMENT_PREFIX_PATH=/home/pedrohperes/edromufu/src/movement/Ros2_change/install/kinematic_functions:${AMENT_PREFIX_PATH} PYTHONPATH=/home/pedrohperes/edromufu/src/movement/Ros2_change/build/humanoid_definition/prefix_override:/home/pedrohperes/edromufu/src/movement/Ros2_change/install/humanoid_definition/lib/python3.10/site-packages:/home/pedrohperes/edromufu/src/movement/Ros2_change/install/kinematic_functions/lib/python3.10/site-packages:${PYTHONPATH} /usr/bin/python3 -W ignore:setup.py install is deprecated setup.py egg_info --egg-base ../../build/humanoid_definition build --build-base /home/pedrohperes/edromufu/src/movement/Ros2_change/build/humanoid_definition/build install --record /home/pedrohperes/edromufu/src/movement/Ros2_change/build/humanoid_definition/install.log --single-version-externally-managed install_data
