[1.830s] Invoking command in '/home/paulo/edromufu/src/behaviour/GameController': PYTHONPATH=/home/paulo/edromufu/src/behaviour/build/GameController/prefix_override:/usr/lib/python3/dist-packages/colcon_core/task/python/colcon_distutils_commands:/home/paulo/edromufu/src/behaviour/install/GameController/lib/python3.10/site-packages:${PYTHONPATH} /usr/bin/python3 -W ignore:setup.py install is deprecated setup.py egg_info --egg-base ../build/GameController build --build-base /home/paulo/edromufu/src/behaviour/build/GameController/build install --record /home/paulo/edromufu/src/behaviour/build/GameController/install.log --single-version-externally-managed install_data
[2.260s] running egg_info
[2.261s] writing ../build/GameController/GameController.egg-info/PKG-INFO
[2.261s] writing dependency_links to ../build/GameController/GameController.egg-info/dependency_links.txt
[2.262s] writing entry points to ../build/GameController/GameController.egg-info/entry_points.txt
[2.262s] writing requirements to ../build/GameController/GameController.egg-info/requires.txt
[2.262s] writing top-level names to ../build/GameController/GameController.egg-info/top_level.txt
[2.265s] reading manifest file '../build/GameController/GameController.egg-info/SOURCES.txt'
[2.267s] writing manifest file '../build/GameController/GameController.egg-info/SOURCES.txt'
[2.267s] running build
[2.267s] running build_py
[2.267s] copying GameController/connect.py -> /home/paulo/edromufu/src/behaviour/build/GameController/build/lib/GameController
[2.268s] running install
[2.268s] running install_lib
[2.270s] copying /home/paulo/edromufu/src/behaviour/build/GameController/build/lib/GameController/connect.py -> /home/paulo/edromufu/src/behaviour/install/GameController/lib/python3.10/site-packages/GameController
[2.271s] byte-compiling /home/paulo/edromufu/src/behaviour/install/GameController/lib/python3.10/site-packages/GameController/connect.py to connect.cpython-310.pyc
[2.274s] running install_data
[2.274s] running install_egg_info
[2.277s] removing '/home/paulo/edromufu/src/behaviour/install/GameController/lib/python3.10/site-packages/GameController-1.0.0-py3.10.egg-info' (and everything under it)
[2.277s] Copying ../build/GameController/GameController.egg-info to /home/paulo/edromufu/src/behaviour/install/GameController/lib/python3.10/site-packages/GameController-1.0.0-py3.10.egg-info
[2.279s] running install_scripts
[2.314s] Installing gameController script to /home/paulo/edromufu/src/behaviour/install/GameController/lib/GameController
[2.315s] writing list of installed files to '/home/paulo/edromufu/src/behaviour/build/GameController/install.log'
[2.345s] Invoked command in '/home/paulo/edromufu/src/behaviour/GameController' returned '0': PYTHONPATH=/home/paulo/edromufu/src/behaviour/build/GameController/prefix_override:/usr/lib/python3/dist-packages/colcon_core/task/python/colcon_distutils_commands:/home/paulo/edromufu/src/behaviour/install/GameController/lib/python3.10/site-packages:${PYTHONPATH} /usr/bin/python3 -W ignore:setup.py install is deprecated setup.py egg_info --egg-base ../build/GameController build --build-base /home/paulo/edromufu/src/behaviour/build/GameController/build install --record /home/paulo/edromufu/src/behaviour/build/GameController/install.log --single-version-externally-managed install_data
