[0.294s] Invoking command in '/home/daniel/edromufu/src/movement/PID_codes/build/potmessage': CMAKE_PREFIX_PATH=/home/daniel/ros2_ws/src/install/talker_listener:/home/daniel/ros2_ws/src/install/my_robot_controller:/home/daniel/ros2_ws/src/install/meu_pacote:/opt/ros/humble /usr/bin/cmake /home/daniel/edromufu/src/movement/PID_codes/ros_library/micro_ros_arduino/extras/library_generation/extra_packages/potmessage -DCMAKE_INSTALL_PREFIX=/home/daniel/edromufu/src/movement/PID_codes/install/potmessage
[0.499s] -- The C compiler identification is GNU 11.4.0
[0.632s] -- The CXX compiler identification is GNU 11.4.0
[0.651s] -- Detecting C compiler ABI info
[0.729s] -- Detecting C compiler ABI info - done
[0.739s] -- Check for working C compiler: /usr/bin/cc - skipped
[0.740s] -- Detecting C compile features
[0.741s] -- Detecting C compile features - done
[0.745s] -- Detecting CXX compiler ABI info
[0.818s] -- Detecting CXX compiler ABI info - done
[0.829s] -- Check for working CXX compiler: /usr/bin/c++ - skipped
[0.829s] -- Detecting CXX compile features
[0.830s] -- Detecting CXX compile features - done
[0.839s] -- Found ament_cmake: 1.3.10 (/opt/ros/humble/share/ament_cmake/cmake)
[1.003s] -- Found Python3: /usr/bin/python3 (found version "3.10.12") found components: Interpreter 
[1.206s] -- Found ament_lint_auto: 0.12.11 (/opt/ros/humble/share/ament_lint_auto/cmake)
[1.372s] -- Found rosidl_default_generators: 1.2.0 (/opt/ros/humble/share/rosidl_default_generators/cmake)
[1.387s] -- Using all available rosidl_typesupport_c: rosidl_typesupport_fastrtps_c;rosidl_typesupport_introspection_c
[1.403s] -- Found rosidl_adapter: 3.1.5 (/opt/ros/humble/share/rosidl_adapter/cmake)
[1.470s] -- Using all available rosidl_typesupport_cpp: rosidl_typesupport_fastrtps_cpp;rosidl_typesupport_introspection_cpp
[1.690s] -- Found ament_cmake_ros: 0.10.0 (/opt/ros/humble/share/ament_cmake_ros/cmake)
[1.823s] -- Using all available rosidl_typesupport_c: rosidl_typesupport_fastrtps_c;rosidl_typesupport_introspection_c
[1.999s] -- Using all available rosidl_typesupport_cpp: rosidl_typesupport_fastrtps_cpp;rosidl_typesupport_introspection_cpp
[2.037s] -- Found PythonInterp: /usr/bin/python3 (found suitable version "3.10.12", minimum required is "3.6") 
[2.040s] -- Found python_cmake_module: 0.10.0 (/opt/ros/humble/share/python_cmake_module/cmake)
[2.085s] -- Found PythonLibs: /usr/lib/x86_64-linux-gnu/libpython3.10.so (found suitable version "3.10.12", minimum required is "3.5") 
[2.085s] -- Using PYTHON_EXECUTABLE: /usr/bin/python3
[2.085s] -- Using PYTHON_INCLUDE_DIRS: /usr/include/python3.10
[2.086s] -- Using PYTHON_LIBRARIES: /usr/lib/x86_64-linux-gnu/libpython3.10.so
[2.108s] -- Found PythonExtra: .so  
[2.179s] -- Added test 'lint_cmake' to check CMake code style
[2.183s] -- Added test 'xmllint' to check XML markup files
[2.194s] -- Configuring done
[2.231s] -- Generating done
[2.235s] -- Build files have been written to: /home/daniel/edromufu/src/movement/PID_codes/build/potmessage
[2.243s] Invoked command in '/home/daniel/edromufu/src/movement/PID_codes/build/potmessage' returned '0': CMAKE_PREFIX_PATH=/home/daniel/ros2_ws/src/install/talker_listener:/home/daniel/ros2_ws/src/install/my_robot_controller:/home/daniel/ros2_ws/src/install/meu_pacote:/opt/ros/humble /usr/bin/cmake /home/daniel/edromufu/src/movement/PID_codes/ros_library/micro_ros_arduino/extras/library_generation/extra_packages/potmessage -DCMAKE_INSTALL_PREFIX=/home/daniel/edromufu/src/movement/PID_codes/install/potmessage
[2.247s] Invoking command in '/home/daniel/edromufu/src/movement/PID_codes/build/potmessage': CMAKE_PREFIX_PATH=/home/daniel/ros2_ws/src/install/talker_listener:/home/daniel/ros2_ws/src/install/my_robot_controller:/home/daniel/ros2_ws/src/install/meu_pacote:/opt/ros/humble /usr/bin/cmake --build /home/daniel/edromufu/src/movement/PID_codes/build/potmessage -- -j12 -l12
[2.281s] [  2%] [34m[1mGenerating C code for ROS interfaces[0m
[2.288s] [  4%] [34m[1mGenerating C++ code for ROS interfaces[0m
[2.291s] [  4%] Built target ament_cmake_python_copy_potmessage
[2.545s] running egg_info
[2.545s] creating potmessage.egg-info
[2.545s] writing potmessage.egg-info/PKG-INFO
[2.545s] writing dependency_links to potmessage.egg-info/dependency_links.txt
[2.546s] writing top-level names to potmessage.egg-info/top_level.txt
[2.546s] writing manifest file 'potmessage.egg-info/SOURCES.txt'
[2.547s] reading manifest file 'potmessage.egg-info/SOURCES.txt'
[2.548s] writing manifest file 'potmessage.egg-info/SOURCES.txt'
[2.569s] [  4%] Built target ament_cmake_python_build_potmessage_egg
[2.632s] [  4%] Built target potmessage__cpp
[2.639s] [  8%] [34m[1mGenerating C++ introspection for ROS interfaces[0m
[2.639s] [  8%] [34m[1mGenerating C++ type support dispatch for ROS interfaces[0m
[2.645s] [ 10%] [34m[1mGenerating C++ type support for eProsima Fast-RTPS[0m
[2.650s] [ 12%] [32mBuilding C object CMakeFiles/potmessage__rosidl_generator_c.dir/rosidl_generator_c/potmessage/msg/detail/buttonmsg__functions.c.o[0m
[2.651s] [ 14%] [32mBuilding C object CMakeFiles/potmessage__rosidl_generator_c.dir/rosidl_generator_c/potmessage/msg/detail/potmsg__functions.c.o[0m
[2.653s] [ 17%] [32mBuilding C object CMakeFiles/potmessage__rosidl_generator_c.dir/rosidl_generator_c/potmessage/msg/detail/imumsg__functions.c.o[0m
[2.705s] [ 19%] [32m[1mLinking C shared library libpotmessage__rosidl_generator_c.so[0m
[2.737s] [ 19%] Built target potmessage__rosidl_generator_c
[2.745s] [ 21%] [34m[1mGenerating C type support dispatch for ROS interfaces[0m
[2.745s] [ 23%] [34m[1mGenerating C type support for eProsima Fast-RTPS[0m
[2.748s] [ 25%] [34m[1mGenerating C introspection for ROS interfaces[0m
[2.927s] [ 27%] [32mBuilding CXX object CMakeFiles/potmessage__rosidl_typesupport_cpp.dir/rosidl_typesupport_cpp/potmessage/msg/imumsg__type_support.cpp.o[0m
[2.927s] [ 31%] [32mBuilding CXX object CMakeFiles/potmessage__rosidl_typesupport_cpp.dir/rosidl_typesupport_cpp/potmessage/msg/buttonmsg__type_support.cpp.o[0m
[2.927s] [ 31%] [32mBuilding CXX object CMakeFiles/potmessage__rosidl_typesupport_cpp.dir/rosidl_typesupport_cpp/potmessage/msg/potmsg__type_support.cpp.o[0m
[2.961s] [ 38%] [32mBuilding CXX object CMakeFiles/potmessage__rosidl_typesupport_introspection_cpp.dir/rosidl_typesupport_introspection_cpp/potmessage/msg/detail/imumsg__type_support.cpp.o[0m
[2.961s] [ 38%] [32mBuilding CXX object CMakeFiles/potmessage__rosidl_typesupport_introspection_cpp.dir/rosidl_typesupport_introspection_cpp/potmessage/msg/detail/buttonmsg__type_support.cpp.o[0m
[2.961s] [ 38%] [32mBuilding CXX object CMakeFiles/potmessage__rosidl_typesupport_introspection_cpp.dir/rosidl_typesupport_introspection_cpp/potmessage/msg/detail/potmsg__type_support.cpp.o[0m
[3.009s] [ 40%] [32mBuilding CXX object CMakeFiles/potmessage__rosidl_typesupport_fastrtps_cpp.dir/rosidl_typesupport_fastrtps_cpp/potmessage/msg/detail/dds_fastrtps/buttonmsg__type_support.cpp.o[0m
[3.009s] [ 42%] [32mBuilding CXX object CMakeFiles/potmessage__rosidl_typesupport_fastrtps_cpp.dir/rosidl_typesupport_fastrtps_cpp/potmessage/msg/detail/dds_fastrtps/potmsg__type_support.cpp.o[0m
[3.009s] [ 44%] [32mBuilding CXX object CMakeFiles/potmessage__rosidl_typesupport_fastrtps_cpp.dir/rosidl_typesupport_fastrtps_cpp/potmessage/msg/detail/dds_fastrtps/imumsg__type_support.cpp.o[0m
[3.070s] [ 46%] [32mBuilding CXX object CMakeFiles/potmessage__rosidl_typesupport_c.dir/rosidl_typesupport_c/potmessage/msg/potmsg__type_support.cpp.o[0m
[3.118s] [ 48%] [32mBuilding CXX object CMakeFiles/potmessage__rosidl_typesupport_c.dir/rosidl_typesupport_c/potmessage/msg/buttonmsg__type_support.cpp.o[0m
[3.162s] [ 51%] [32mBuilding CXX object CMakeFiles/potmessage__rosidl_typesupport_c.dir/rosidl_typesupport_c/potmessage/msg/imumsg__type_support.cpp.o[0m
[3.183s] [ 53%] [32mBuilding C object CMakeFiles/potmessage__rosidl_typesupport_introspection_c.dir/rosidl_typesupport_introspection_c/potmessage/msg/detail/potmsg__type_support.c.o[0m
[3.199s] [ 55%] [32mBuilding CXX object CMakeFiles/potmessage__rosidl_typesupport_fastrtps_c.dir/rosidl_typesupport_fastrtps_c/potmessage/msg/detail/potmsg__type_support_c.cpp.o[0m
[3.206s] [ 57%] [32m[1mLinking CXX shared library libpotmessage__rosidl_typesupport_c.so[0m
[3.235s] [ 59%] [32mBuilding C object CMakeFiles/potmessage__rosidl_typesupport_introspection_c.dir/rosidl_typesupport_introspection_c/potmessage/msg/detail/buttonmsg__type_support.c.o[0m
[3.266s] [ 59%] Built target potmessage__rosidl_typesupport_c
[3.271s] [ 61%] [32mBuilding C object CMakeFiles/potmessage__rosidl_typesupport_introspection_c.dir/rosidl_typesupport_introspection_c/potmessage/msg/detail/imumsg__type_support.c.o[0m
[3.286s] [ 63%] [32mBuilding CXX object CMakeFiles/potmessage__rosidl_typesupport_fastrtps_c.dir/rosidl_typesupport_fastrtps_c/potmessage/msg/detail/buttonmsg__type_support_c.cpp.o[0m
[3.324s] [ 65%] [32m[1mLinking C shared library libpotmessage__rosidl_typesupport_introspection_c.so[0m
[3.332s] [ 68%] [32mBuilding CXX object CMakeFiles/potmessage__rosidl_typesupport_fastrtps_c.dir/rosidl_typesupport_fastrtps_c/potmessage/msg/detail/imumsg__type_support_c.cpp.o[0m
[3.336s] [ 70%] [32m[1mLinking CXX shared library libpotmessage__rosidl_typesupport_cpp.so[0m
[3.371s] [ 70%] Built target potmessage__rosidl_typesupport_introspection_c
[3.387s] [ 70%] Built target potmessage__rosidl_typesupport_cpp
[3.547s] [ 72%] [32m[1mLinking CXX shared library libpotmessage__rosidl_typesupport_introspection_cpp.so[0m
[3.603s] [ 74%] [32m[1mLinking CXX shared library libpotmessage__rosidl_typesupport_fastrtps_cpp.so[0m
[3.632s] [ 74%] Built target potmessage__rosidl_typesupport_introspection_cpp
[3.691s] [ 74%] Built target potmessage__rosidl_typesupport_fastrtps_cpp
[3.722s] [ 76%] [32m[1mLinking CXX shared library libpotmessage__rosidl_typesupport_fastrtps_c.so[0m
[3.802s] [ 76%] Built target potmessage__rosidl_typesupport_fastrtps_c
[3.821s] [ 76%] Built target potmessage
[3.835s] [ 78%] [34m[1mGenerating Python code for ROS interfaces[0m
[4.321s] [ 78%] Built target potmessage__py
[4.340s] [ 80%] [32mBuilding C object CMakeFiles/potmessage__rosidl_generator_py.dir/rosidl_generator_py/potmessage/msg/_potmsg_s.c.o[0m
[4.340s] [ 82%] [32mBuilding C object CMakeFiles/potmessage__rosidl_generator_py.dir/rosidl_generator_py/potmessage/msg/_imumsg_s.c.o[0m
[4.343s] [ 85%] [32mBuilding C object CMakeFiles/potmessage__rosidl_generator_py.dir/rosidl_generator_py/potmessage/msg/_buttonmsg_s.c.o[0m
[4.468s] [ 87%] [32m[1mLinking C shared library rosidl_generator_py/potmessage/libpotmessage__rosidl_generator_py.so[0m
[4.501s] [ 87%] Built target potmessage__rosidl_generator_py
[4.516s] [ 89%] [32mBuilding C object CMakeFiles/potmessage__rosidl_typesupport_fastrtps_c__pyext.dir/rosidl_generator_py/potmessage/_potmessage_s.ep.rosidl_typesupport_fastrtps_c.c.o[0m
[4.518s] [ 91%] [32mBuilding C object CMakeFiles/potmessage__rosidl_typesupport_c__pyext.dir/rosidl_generator_py/potmessage/_potmessage_s.ep.rosidl_typesupport_c.c.o[0m
[4.518s] [ 93%] [32mBuilding C object CMakeFiles/potmessage__rosidl_typesupport_introspection_c__pyext.dir/rosidl_generator_py/potmessage/_potmessage_s.ep.rosidl_typesupport_introspection_c.c.o[0m
[4.619s] [ 95%] [32m[1mLinking C shared library rosidl_generator_py/potmessage/potmessage_s__rosidl_typesupport_introspection_c.cpython-310-x86_64-linux-gnu.so[0m
[4.623s] [ 97%] [32m[1mLinking C shared library rosidl_generator_py/potmessage/potmessage_s__rosidl_typesupport_c.cpython-310-x86_64-linux-gnu.so[0m
[4.625s] [100%] [32m[1mLinking C shared library rosidl_generator_py/potmessage/potmessage_s__rosidl_typesupport_fastrtps_c.cpython-310-x86_64-linux-gnu.so[0m
[4.647s] [100%] Built target potmessage__rosidl_typesupport_introspection_c__pyext
[4.652s] [100%] Built target potmessage__rosidl_typesupport_c__pyext
[4.658s] [100%] Built target potmessage__rosidl_typesupport_fastrtps_c__pyext
[4.666s] Invoked command in '/home/daniel/edromufu/src/movement/PID_codes/build/potmessage' returned '0': CMAKE_PREFIX_PATH=/home/daniel/ros2_ws/src/install/talker_listener:/home/daniel/ros2_ws/src/install/my_robot_controller:/home/daniel/ros2_ws/src/install/meu_pacote:/opt/ros/humble /usr/bin/cmake --build /home/daniel/edromufu/src/movement/PID_codes/build/potmessage -- -j12 -l12
[4.799s] Invoking command in '/home/daniel/edromufu/src/movement/PID_codes/build/potmessage': CMAKE_PREFIX_PATH=/home/daniel/ros2_ws/src/install/talker_listener:/home/daniel/ros2_ws/src/install/my_robot_controller:/home/daniel/ros2_ws/src/install/meu_pacote:/opt/ros/humble /usr/bin/cmake --install /home/daniel/edromufu/src/movement/PID_codes/build/potmessage
[4.809s] -- Install configuration: ""
[4.809s] -- Installing: /home/daniel/edromufu/src/movement/PID_codes/install/potmessage/share/ament_index/resource_index/rosidl_interfaces/potmessage
[4.810s] -- Installing: /home/daniel/edromufu/src/movement/PID_codes/install/potmessage/include/potmessage/potmessage
[4.810s] -- Installing: /home/daniel/edromufu/src/movement/PID_codes/install/potmessage/include/potmessage/potmessage/msg
[4.810s] -- Installing: /home/daniel/edromufu/src/movement/PID_codes/install/potmessage/include/potmessage/potmessage/msg/detail
[4.811s] -- Installing: /home/daniel/edromufu/src/movement/PID_codes/install/potmessage/include/potmessage/potmessage/msg/detail/imumsg__struct.h
[4.811s] -- Installing: /home/daniel/edromufu/src/movement/PID_codes/install/potmessage/include/potmessage/potmessage/msg/detail/potmsg__functions.c
[4.812s] -- Installing: /home/daniel/edromufu/src/movement/PID_codes/install/potmessage/include/potmessage/potmessage/msg/detail/buttonmsg__functions.h
[4.812s] -- Installing: /home/daniel/edromufu/src/movement/PID_codes/install/potmessage/include/potmessage/potmessage/msg/detail/imumsg__functions.c
[4.812s] -- Installing: /home/daniel/edromufu/src/movement/PID_codes/install/potmessage/include/potmessage/potmessage/msg/detail/potmsg__functions.h
[4.813s] -- Installing: /home/daniel/edromufu/src/movement/PID_codes/install/potmessage/include/potmessage/potmessage/msg/detail/imumsg__functions.h
[4.813s] -- Installing: /home/daniel/edromufu/src/movement/PID_codes/install/potmessage/include/potmessage/potmessage/msg/detail/buttonmsg__functions.c
[4.813s] -- Installing: /home/daniel/edromufu/src/movement/PID_codes/install/potmessage/include/potmessage/potmessage/msg/detail/potmsg__struct.h
[4.813s] -- Installing: /home/daniel/edromufu/src/movement/PID_codes/install/potmessage/include/potmessage/potmessage/msg/detail/imumsg__type_support.h
[4.813s] -- Installing: /home/daniel/edromufu/src/movement/PID_codes/install/potmessage/include/potmessage/potmessage/msg/detail/buttonmsg__type_support.h
[4.814s] -- Installing: /home/daniel/edromufu/src/movement/PID_codes/install/potmessage/include/potmessage/potmessage/msg/detail/buttonmsg__struct.h
[4.814s] -- Installing: /home/daniel/edromufu/src/movement/PID_codes/install/potmessage/include/potmessage/potmessage/msg/detail/potmsg__type_support.h
[4.814s] -- Installing: /home/daniel/edromufu/src/movement/PID_codes/install/potmessage/include/potmessage/potmessage/msg/rosidl_generator_c__visibility_control.h
[4.814s] -- Installing: /home/daniel/edromufu/src/movement/PID_codes/install/potmessage/include/potmessage/potmessage/msg/imumsg.h
[4.814s] -- Installing: /home/daniel/edromufu/src/movement/PID_codes/install/potmessage/include/potmessage/potmessage/msg/potmsg.h
[4.815s] -- Installing: /home/daniel/edromufu/src/movement/PID_codes/install/potmessage/include/potmessage/potmessage/msg/buttonmsg.h
[4.815s] -- Installing: /home/daniel/edromufu/src/movement/PID_codes/install/potmessage/share/potmessage/environment/library_path.sh
[4.815s] -- Installing: /home/daniel/edromufu/src/movement/PID_codes/install/potmessage/share/potmessage/environment/library_path.dsv
[4.815s] -- Installing: /home/daniel/edromufu/src/movement/PID_codes/install/potmessage/lib/libpotmessage__rosidl_generator_c.so
[4.816s] -- Set runtime path of "/home/daniel/edromufu/src/movement/PID_codes/install/potmessage/lib/libpotmessage__rosidl_generator_c.so" to ""
[4.816s] -- Up-to-date: /home/daniel/edromufu/src/movement/PID_codes/install/potmessage/include/potmessage/potmessage
[4.816s] -- Up-to-date: /home/daniel/edromufu/src/movement/PID_codes/install/potmessage/include/potmessage/potmessage/msg
[4.816s] -- Up-to-date: /home/daniel/edromufu/src/movement/PID_codes/install/potmessage/include/potmessage/potmessage/msg/detail
[4.816s] -- Installing: /home/daniel/edromufu/src/movement/PID_codes/install/potmessage/include/potmessage/potmessage/msg/detail/potmsg__rosidl_typesupport_fastrtps_c.h
[4.816s] -- Installing: /home/daniel/edromufu/src/movement/PID_codes/install/potmessage/include/potmessage/potmessage/msg/detail/imumsg__rosidl_typesupport_fastrtps_c.h
[4.816s] -- Installing: /home/daniel/edromufu/src/movement/PID_codes/install/potmessage/include/potmessage/potmessage/msg/detail/buttonmsg__rosidl_typesupport_fastrtps_c.h
[4.816s] -- Installing: /home/daniel/edromufu/src/movement/PID_codes/install/potmessage/include/potmessage/potmessage/msg/rosidl_typesupport_fastrtps_c__visibility_control.h
[4.817s] -- Installing: /home/daniel/edromufu/src/movement/PID_codes/install/potmessage/lib/libpotmessage__rosidl_typesupport_fastrtps_c.so
[4.817s] -- Set runtime path of "/home/daniel/edromufu/src/movement/PID_codes/install/potmessage/lib/libpotmessage__rosidl_typesupport_fastrtps_c.so" to ""
[4.817s] -- Up-to-date: /home/daniel/edromufu/src/movement/PID_codes/install/potmessage/include/potmessage/potmessage
[4.817s] -- Up-to-date: /home/daniel/edromufu/src/movement/PID_codes/install/potmessage/include/potmessage/potmessage/msg
[4.817s] -- Up-to-date: /home/daniel/edromufu/src/movement/PID_codes/install/potmessage/include/potmessage/potmessage/msg/detail
[4.818s] -- Installing: /home/daniel/edromufu/src/movement/PID_codes/install/potmessage/include/potmessage/potmessage/msg/detail/buttonmsg__rosidl_typesupport_introspection_c.h
[4.818s] -- Installing: /home/daniel/edromufu/src/movement/PID_codes/install/potmessage/include/potmessage/potmessage/msg/detail/potmsg__type_support.c
[4.818s] -- Installing: /home/daniel/edromufu/src/movement/PID_codes/install/potmessage/include/potmessage/potmessage/msg/detail/potmsg__rosidl_typesupport_introspection_c.h
[4.818s] -- Installing: /home/daniel/edromufu/src/movement/PID_codes/install/potmessage/include/potmessage/potmessage/msg/detail/buttonmsg__type_support.c
[4.818s] -- Installing: /home/daniel/edromufu/src/movement/PID_codes/install/potmessage/include/potmessage/potmessage/msg/detail/imumsg__type_support.c
[4.819s] -- Installing: /home/daniel/edromufu/src/movement/PID_codes/install/potmessage/include/potmessage/potmessage/msg/detail/imumsg__rosidl_typesupport_introspection_c.h
[4.819s] -- Installing: /home/daniel/edromufu/src/movement/PID_codes/install/potmessage/include/potmessage/potmessage/msg/rosidl_typesupport_introspection_c__visibility_control.h
[4.819s] -- Installing: /home/daniel/edromufu/src/movement/PID_codes/install/potmessage/lib/libpotmessage__rosidl_typesupport_introspection_c.so
[4.819s] -- Set runtime path of "/home/daniel/edromufu/src/movement/PID_codes/install/potmessage/lib/libpotmessage__rosidl_typesupport_introspection_c.so" to ""
[4.819s] -- Installing: /home/daniel/edromufu/src/movement/PID_codes/install/potmessage/lib/libpotmessage__rosidl_typesupport_c.so
[4.819s] -- Set runtime path of "/home/daniel/edromufu/src/movement/PID_codes/install/potmessage/lib/libpotmessage__rosidl_typesupport_c.so" to ""
[4.820s] -- Up-to-date: /home/daniel/edromufu/src/movement/PID_codes/install/potmessage/include/potmessage/potmessage
[4.820s] -- Up-to-date: /home/daniel/edromufu/src/movement/PID_codes/install/potmessage/include/potmessage/potmessage/msg
[4.820s] -- Up-to-date: /home/daniel/edromufu/src/movement/PID_codes/install/potmessage/include/potmessage/potmessage/msg/detail
[4.820s] -- Installing: /home/daniel/edromufu/src/movement/PID_codes/install/potmessage/include/potmessage/potmessage/msg/detail/buttonmsg__builder.hpp
[4.820s] -- Installing: /home/daniel/edromufu/src/movement/PID_codes/install/potmessage/include/potmessage/potmessage/msg/detail/potmsg__builder.hpp
[4.821s] -- Installing: /home/daniel/edromufu/src/movement/PID_codes/install/potmessage/include/potmessage/potmessage/msg/detail/imumsg__traits.hpp
[4.821s] -- Installing: /home/daniel/edromufu/src/movement/PID_codes/install/potmessage/include/potmessage/potmessage/msg/detail/buttonmsg__struct.hpp
[4.821s] -- Installing: /home/daniel/edromufu/src/movement/PID_codes/install/potmessage/include/potmessage/potmessage/msg/detail/potmsg__struct.hpp
[4.821s] -- Installing: /home/daniel/edromufu/src/movement/PID_codes/install/potmessage/include/potmessage/potmessage/msg/detail/potmsg__traits.hpp
[4.821s] -- Installing: /home/daniel/edromufu/src/movement/PID_codes/install/potmessage/include/potmessage/potmessage/msg/detail/imumsg__struct.hpp
[4.821s] -- Installing: /home/daniel/edromufu/src/movement/PID_codes/install/potmessage/include/potmessage/potmessage/msg/detail/imumsg__builder.hpp
[4.822s] -- Installing: /home/daniel/edromufu/src/movement/PID_codes/install/potmessage/include/potmessage/potmessage/msg/detail/buttonmsg__traits.hpp
[4.822s] -- Installing: /home/daniel/edromufu/src/movement/PID_codes/install/potmessage/include/potmessage/potmessage/msg/buttonmsg.hpp
[4.822s] -- Installing: /home/daniel/edromufu/src/movement/PID_codes/install/potmessage/include/potmessage/potmessage/msg/potmsg.hpp
[4.822s] -- Installing: /home/daniel/edromufu/src/movement/PID_codes/install/potmessage/include/potmessage/potmessage/msg/imumsg.hpp
[4.822s] -- Up-to-date: /home/daniel/edromufu/src/movement/PID_codes/install/potmessage/include/potmessage/potmessage
[4.823s] -- Up-to-date: /home/daniel/edromufu/src/movement/PID_codes/install/potmessage/include/potmessage/potmessage/msg
[4.823s] -- Up-to-date: /home/daniel/edromufu/src/movement/PID_codes/install/potmessage/include/potmessage/potmessage/msg/detail
[4.823s] -- Installing: /home/daniel/edromufu/src/movement/PID_codes/install/potmessage/include/potmessage/potmessage/msg/detail/potmsg__rosidl_typesupport_fastrtps_cpp.hpp
[4.823s] -- Installing: /home/daniel/edromufu/src/movement/PID_codes/install/potmessage/include/potmessage/potmessage/msg/detail/dds_fastrtps
[4.823s] -- Installing: /home/daniel/edromufu/src/movement/PID_codes/install/potmessage/include/potmessage/potmessage/msg/detail/buttonmsg__rosidl_typesupport_fastrtps_cpp.hpp
[4.823s] -- Installing: /home/daniel/edromufu/src/movement/PID_codes/install/potmessage/include/potmessage/potmessage/msg/detail/imumsg__rosidl_typesupport_fastrtps_cpp.hpp
[4.824s] -- Installing: /home/daniel/edromufu/src/movement/PID_codes/install/potmessage/include/potmessage/potmessage/msg/rosidl_typesupport_fastrtps_cpp__visibility_control.h
[4.824s] -- Installing: /home/daniel/edromufu/src/movement/PID_codes/install/potmessage/lib/libpotmessage__rosidl_typesupport_fastrtps_cpp.so
[4.824s] -- Set runtime path of "/home/daniel/edromufu/src/movement/PID_codes/install/potmessage/lib/libpotmessage__rosidl_typesupport_fastrtps_cpp.so" to ""
[4.824s] -- Up-to-date: /home/daniel/edromufu/src/movement/PID_codes/install/potmessage/include/potmessage/potmessage
[4.824s] -- Up-to-date: /home/daniel/edromufu/src/movement/PID_codes/install/potmessage/include/potmessage/potmessage/msg
[4.825s] -- Up-to-date: /home/daniel/edromufu/src/movement/PID_codes/install/potmessage/include/potmessage/potmessage/msg/detail
[4.825s] -- Installing: /home/daniel/edromufu/src/movement/PID_codes/install/potmessage/include/potmessage/potmessage/msg/detail/potmsg__rosidl_typesupport_introspection_cpp.hpp
[4.825s] -- Installing: /home/daniel/edromufu/src/movement/PID_codes/install/potmessage/include/potmessage/potmessage/msg/detail/buttonmsg__rosidl_typesupport_introspection_cpp.hpp
[4.825s] -- Installing: /home/daniel/edromufu/src/movement/PID_codes/install/potmessage/include/potmessage/potmessage/msg/detail/buttonmsg__type_support.cpp
[4.825s] -- Installing: /home/daniel/edromufu/src/movement/PID_codes/install/potmessage/include/potmessage/potmessage/msg/detail/potmsg__type_support.cpp
[4.825s] -- Installing: /home/daniel/edromufu/src/movement/PID_codes/install/potmessage/include/potmessage/potmessage/msg/detail/imumsg__type_support.cpp
[4.826s] -- Installing: /home/daniel/edromufu/src/movement/PID_codes/install/potmessage/include/potmessage/potmessage/msg/detail/imumsg__rosidl_typesupport_introspection_cpp.hpp
[4.826s] -- Installing: /home/daniel/edromufu/src/movement/PID_codes/install/potmessage/lib/libpotmessage__rosidl_typesupport_introspection_cpp.so
[4.826s] -- Set runtime path of "/home/daniel/edromufu/src/movement/PID_codes/install/potmessage/lib/libpotmessage__rosidl_typesupport_introspection_cpp.so" to ""
[4.826s] -- Installing: /home/daniel/edromufu/src/movement/PID_codes/install/potmessage/lib/libpotmessage__rosidl_typesupport_cpp.so
[4.826s] -- Set runtime path of "/home/daniel/edromufu/src/movement/PID_codes/install/potmessage/lib/libpotmessage__rosidl_typesupport_cpp.so" to ""
[4.827s] -- Installing: /home/daniel/edromufu/src/movement/PID_codes/install/potmessage/share/potmessage/environment/pythonpath.sh
[4.827s] -- Installing: /home/daniel/edromufu/src/movement/PID_codes/install/potmessage/share/potmessage/environment/pythonpath.dsv
[4.827s] -- Installing: /home/daniel/edromufu/src/movement/PID_codes/install/potmessage/local/lib/python3.10/dist-packages/potmessage-0.0.0-py3.10.egg-info
[4.827s] -- Installing: /home/daniel/edromufu/src/movement/PID_codes/install/potmessage/local/lib/python3.10/dist-packages/potmessage-0.0.0-py3.10.egg-info/SOURCES.txt
[4.827s] -- Installing: /home/daniel/edromufu/src/movement/PID_codes/install/potmessage/local/lib/python3.10/dist-packages/potmessage-0.0.0-py3.10.egg-info/dependency_links.txt
[4.828s] -- Installing: /home/daniel/edromufu/src/movement/PID_codes/install/potmessage/local/lib/python3.10/dist-packages/potmessage-0.0.0-py3.10.egg-info/top_level.txt
[4.828s] -- Installing: /home/daniel/edromufu/src/movement/PID_codes/install/potmessage/local/lib/python3.10/dist-packages/potmessage-0.0.0-py3.10.egg-info/PKG-INFO
[4.828s] -- Installing: /home/daniel/edromufu/src/movement/PID_codes/install/potmessage/local/lib/python3.10/dist-packages/potmessage
[4.828s] -- Installing: /home/daniel/edromufu/src/movement/PID_codes/install/potmessage/local/lib/python3.10/dist-packages/potmessage/msg
[4.828s] -- Installing: /home/daniel/edromufu/src/movement/PID_codes/install/potmessage/local/lib/python3.10/dist-packages/potmessage/msg/_potmsg_s.c
[4.828s] -- Installing: /home/daniel/edromufu/src/movement/PID_codes/install/potmessage/local/lib/python3.10/dist-packages/potmessage/msg/_potmsg.py
[4.829s] -- Installing: /home/daniel/edromufu/src/movement/PID_codes/install/potmessage/local/lib/python3.10/dist-packages/potmessage/msg/__init__.py
[4.829s] -- Installing: /home/daniel/edromufu/src/movement/PID_codes/install/potmessage/local/lib/python3.10/dist-packages/potmessage/msg/_imumsg.py
[4.829s] -- Installing: /home/daniel/edromufu/src/movement/PID_codes/install/potmessage/local/lib/python3.10/dist-packages/potmessage/msg/_buttonmsg_s.c
[4.829s] -- Installing: /home/daniel/edromufu/src/movement/PID_codes/install/potmessage/local/lib/python3.10/dist-packages/potmessage/msg/_buttonmsg.py
[4.829s] -- Installing: /home/daniel/edromufu/src/movement/PID_codes/install/potmessage/local/lib/python3.10/dist-packages/potmessage/msg/_imumsg_s.c
[4.829s] -- Installing: /home/daniel/edromufu/src/movement/PID_codes/install/potmessage/local/lib/python3.10/dist-packages/potmessage/potmessage_s__rosidl_typesupport_introspection_c.cpython-310-x86_64-linux-gnu.so
[4.830s] -- Installing: /home/daniel/edromufu/src/movement/PID_codes/install/potmessage/local/lib/python3.10/dist-packages/potmessage/potmessage_s__rosidl_typesupport_fastrtps_c.cpython-310-x86_64-linux-gnu.so
[4.830s] -- Installing: /home/daniel/edromufu/src/movement/PID_codes/install/potmessage/local/lib/python3.10/dist-packages/potmessage/_potmessage_s.ep.rosidl_typesupport_introspection_c.c
[4.830s] -- Installing: /home/daniel/edromufu/src/movement/PID_codes/install/potmessage/local/lib/python3.10/dist-packages/potmessage/libpotmessage__rosidl_generator_py.so
[4.830s] -- Installing: /home/daniel/edromufu/src/movement/PID_codes/install/potmessage/local/lib/python3.10/dist-packages/potmessage/_potmessage_s.ep.rosidl_typesupport_fastrtps_c.c
[4.830s] -- Installing: /home/daniel/edromufu/src/movement/PID_codes/install/potmessage/local/lib/python3.10/dist-packages/potmessage/potmessage_s__rosidl_typesupport_c.cpython-310-x86_64-linux-gnu.so
[4.830s] -- Installing: /home/daniel/edromufu/src/movement/PID_codes/install/potmessage/local/lib/python3.10/dist-packages/potmessage/__init__.py
[4.831s] -- Installing: /home/daniel/edromufu/src/movement/PID_codes/install/potmessage/local/lib/python3.10/dist-packages/potmessage/_potmessage_s.ep.rosidl_typesupport_c.c
[4.872s] Listing '/home/daniel/edromufu/src/movement/PID_codes/install/potmessage/local/lib/python3.10/dist-packages/potmessage'...
[4.873s] Compiling '/home/daniel/edromufu/src/movement/PID_codes/install/potmessage/local/lib/python3.10/dist-packages/potmessage/__init__.py'...
[4.873s] Listing '/home/daniel/edromufu/src/movement/PID_codes/install/potmessage/local/lib/python3.10/dist-packages/potmessage/msg'...
[4.873s] Compiling '/home/daniel/edromufu/src/movement/PID_codes/install/potmessage/local/lib/python3.10/dist-packages/potmessage/msg/__init__.py'...
[4.873s] Compiling '/home/daniel/edromufu/src/movement/PID_codes/install/potmessage/local/lib/python3.10/dist-packages/potmessage/msg/_buttonmsg.py'...
[4.873s] Compiling '/home/daniel/edromufu/src/movement/PID_codes/install/potmessage/local/lib/python3.10/dist-packages/potmessage/msg/_imumsg.py'...
[4.874s] Compiling '/home/daniel/edromufu/src/movement/PID_codes/install/potmessage/local/lib/python3.10/dist-packages/potmessage/msg/_potmsg.py'...
[4.877s] -- Installing: /home/daniel/edromufu/src/movement/PID_codes/install/potmessage/local/lib/python3.10/dist-packages/potmessage/potmessage_s__rosidl_typesupport_fastrtps_c.cpython-310-x86_64-linux-gnu.so
[4.877s] -- Set runtime path of "/home/daniel/edromufu/src/movement/PID_codes/install/potmessage/local/lib/python3.10/dist-packages/potmessage/potmessage_s__rosidl_typesupport_fastrtps_c.cpython-310-x86_64-linux-gnu.so" to ""
[4.878s] -- Installing: /home/daniel/edromufu/src/movement/PID_codes/install/potmessage/local/lib/python3.10/dist-packages/potmessage/potmessage_s__rosidl_typesupport_introspection_c.cpython-310-x86_64-linux-gnu.so
[4.878s] -- Set runtime path of "/home/daniel/edromufu/src/movement/PID_codes/install/potmessage/local/lib/python3.10/dist-packages/potmessage/potmessage_s__rosidl_typesupport_introspection_c.cpython-310-x86_64-linux-gnu.so" to ""
[4.878s] -- Installing: /home/daniel/edromufu/src/movement/PID_codes/install/potmessage/local/lib/python3.10/dist-packages/potmessage/potmessage_s__rosidl_typesupport_c.cpython-310-x86_64-linux-gnu.so
[4.879s] -- Set runtime path of "/home/daniel/edromufu/src/movement/PID_codes/install/potmessage/local/lib/python3.10/dist-packages/potmessage/potmessage_s__rosidl_typesupport_c.cpython-310-x86_64-linux-gnu.so" to ""
[4.879s] -- Installing: /home/daniel/edromufu/src/movement/PID_codes/install/potmessage/lib/libpotmessage__rosidl_generator_py.so
[4.880s] -- Set runtime path of "/home/daniel/edromufu/src/movement/PID_codes/install/potmessage/lib/libpotmessage__rosidl_generator_py.so" to ""
[4.880s] -- Installing: /home/daniel/edromufu/src/movement/PID_codes/install/potmessage/share/potmessage/msg/Potmsg.idl
[4.880s] -- Installing: /home/daniel/edromufu/src/movement/PID_codes/install/potmessage/share/potmessage/msg/Buttonmsg.idl
[4.880s] -- Installing: /home/daniel/edromufu/src/movement/PID_codes/install/potmessage/share/potmessage/msg/Imumsg.idl
[4.881s] -- Installing: /home/daniel/edromufu/src/movement/PID_codes/install/potmessage/share/potmessage/msg/Potmsg.msg
[4.881s] -- Installing: /home/daniel/edromufu/src/movement/PID_codes/install/potmessage/share/potmessage/msg/Buttonmsg.msg
[4.881s] -- Installing: /home/daniel/edromufu/src/movement/PID_codes/install/potmessage/share/potmessage/msg/Imumsg.msg
[4.882s] -- Installing: /home/daniel/edromufu/src/movement/PID_codes/install/potmessage/share/ament_index/resource_index/package_run_dependencies/potmessage
[4.882s] -- Installing: /home/daniel/edromufu/src/movement/PID_codes/install/potmessage/share/ament_index/resource_index/parent_prefix_path/potmessage
[4.882s] -- Installing: /home/daniel/edromufu/src/movement/PID_codes/install/potmessage/share/potmessage/environment/ament_prefix_path.sh
[4.882s] -- Installing: /home/daniel/edromufu/src/movement/PID_codes/install/potmessage/share/potmessage/environment/ament_prefix_path.dsv
[4.883s] -- Installing: /home/daniel/edromufu/src/movement/PID_codes/install/potmessage/share/potmessage/environment/path.sh
[4.883s] -- Installing: /home/daniel/edromufu/src/movement/PID_codes/install/potmessage/share/potmessage/environment/path.dsv
[4.883s] -- Installing: /home/daniel/edromufu/src/movement/PID_codes/install/potmessage/share/potmessage/local_setup.bash
[4.883s] -- Installing: /home/daniel/edromufu/src/movement/PID_codes/install/potmessage/share/potmessage/local_setup.sh
[4.884s] -- Installing: /home/daniel/edromufu/src/movement/PID_codes/install/potmessage/share/potmessage/local_setup.zsh
[4.884s] -- Installing: /home/daniel/edromufu/src/movement/PID_codes/install/potmessage/share/potmessage/local_setup.dsv
[4.884s] -- Installing: /home/daniel/edromufu/src/movement/PID_codes/install/potmessage/share/potmessage/package.dsv
[4.884s] -- Installing: /home/daniel/edromufu/src/movement/PID_codes/install/potmessage/share/ament_index/resource_index/packages/potmessage
[4.885s] -- Installing: /home/daniel/edromufu/src/movement/PID_codes/install/potmessage/share/potmessage/cmake/export_potmessage__rosidl_generator_cExport.cmake
[4.885s] -- Installing: /home/daniel/edromufu/src/movement/PID_codes/install/potmessage/share/potmessage/cmake/export_potmessage__rosidl_generator_cExport-noconfig.cmake
[4.885s] -- Installing: /home/daniel/edromufu/src/movement/PID_codes/install/potmessage/share/potmessage/cmake/export_potmessage__rosidl_typesupport_fastrtps_cExport.cmake
[4.886s] -- Installing: /home/daniel/edromufu/src/movement/PID_codes/install/potmessage/share/potmessage/cmake/export_potmessage__rosidl_typesupport_fastrtps_cExport-noconfig.cmake
[4.886s] -- Installing: /home/daniel/edromufu/src/movement/PID_codes/install/potmessage/share/potmessage/cmake/potmessage__rosidl_typesupport_introspection_cExport.cmake
[4.886s] -- Installing: /home/daniel/edromufu/src/movement/PID_codes/install/potmessage/share/potmessage/cmake/potmessage__rosidl_typesupport_introspection_cExport-noconfig.cmake
[4.886s] -- Installing: /home/daniel/edromufu/src/movement/PID_codes/install/potmessage/share/potmessage/cmake/potmessage__rosidl_typesupport_cExport.cmake
[4.887s] -- Installing: /home/daniel/edromufu/src/movement/PID_codes/install/potmessage/share/potmessage/cmake/potmessage__rosidl_typesupport_cExport-noconfig.cmake
[4.887s] -- Installing: /home/daniel/edromufu/src/movement/PID_codes/install/potmessage/share/potmessage/cmake/export_potmessage__rosidl_generator_cppExport.cmake
[4.887s] -- Installing: /home/daniel/edromufu/src/movement/PID_codes/install/potmessage/share/potmessage/cmake/export_potmessage__rosidl_typesupport_fastrtps_cppExport.cmake
[4.888s] -- Installing: /home/daniel/edromufu/src/movement/PID_codes/install/potmessage/share/potmessage/cmake/export_potmessage__rosidl_typesupport_fastrtps_cppExport-noconfig.cmake
[4.888s] -- Installing: /home/daniel/edromufu/src/movement/PID_codes/install/potmessage/share/potmessage/cmake/potmessage__rosidl_typesupport_introspection_cppExport.cmake
[4.888s] -- Installing: /home/daniel/edromufu/src/movement/PID_codes/install/potmessage/share/potmessage/cmake/potmessage__rosidl_typesupport_introspection_cppExport-noconfig.cmake
[4.888s] -- Installing: /home/daniel/edromufu/src/movement/PID_codes/install/potmessage/share/potmessage/cmake/potmessage__rosidl_typesupport_cppExport.cmake
[4.889s] -- Installing: /home/daniel/edromufu/src/movement/PID_codes/install/potmessage/share/potmessage/cmake/potmessage__rosidl_typesupport_cppExport-noconfig.cmake
[4.889s] -- Installing: /home/daniel/edromufu/src/movement/PID_codes/install/potmessage/share/potmessage/cmake/export_potmessage__rosidl_generator_pyExport.cmake
[4.889s] -- Installing: /home/daniel/edromufu/src/movement/PID_codes/install/potmessage/share/potmessage/cmake/export_potmessage__rosidl_generator_pyExport-noconfig.cmake
[4.889s] -- Installing: /home/daniel/edromufu/src/movement/PID_codes/install/potmessage/share/potmessage/cmake/rosidl_cmake-extras.cmake
[4.890s] -- Installing: /home/daniel/edromufu/src/movement/PID_codes/install/potmessage/share/potmessage/cmake/ament_cmake_export_include_directories-extras.cmake
[4.890s] -- Installing: /home/daniel/edromufu/src/movement/PID_codes/install/potmessage/share/potmessage/cmake/ament_cmake_export_libraries-extras.cmake
[4.890s] -- Installing: /home/daniel/edromufu/src/movement/PID_codes/install/potmessage/share/potmessage/cmake/ament_cmake_export_targets-extras.cmake
[4.890s] -- Installing: /home/daniel/edromufu/src/movement/PID_codes/install/potmessage/share/potmessage/cmake/rosidl_cmake_export_typesupport_targets-extras.cmake
[4.891s] -- Installing: /home/daniel/edromufu/src/movement/PID_codes/install/potmessage/share/potmessage/cmake/ament_cmake_export_dependencies-extras.cmake
[4.891s] -- Installing: /home/daniel/edromufu/src/movement/PID_codes/install/potmessage/share/potmessage/cmake/rosidl_cmake_export_typesupport_libraries-extras.cmake
[4.891s] -- Installing: /home/daniel/edromufu/src/movement/PID_codes/install/potmessage/share/potmessage/cmake/potmessageConfig.cmake
[4.891s] -- Installing: /home/daniel/edromufu/src/movement/PID_codes/install/potmessage/share/potmessage/cmake/potmessageConfig-version.cmake
[4.892s] -- Installing: /home/daniel/edromufu/src/movement/PID_codes/install/potmessage/share/potmessage/package.xml
[4.894s] Invoked command in '/home/daniel/edromufu/src/movement/PID_codes/build/potmessage' returned '0': CMAKE_PREFIX_PATH=/home/daniel/ros2_ws/src/install/talker_listener:/home/daniel/ros2_ws/src/install/my_robot_controller:/home/daniel/ros2_ws/src/install/meu_pacote:/opt/ros/humble /usr/bin/cmake --install /home/daniel/edromufu/src/movement/PID_codes/build/potmessage
