[1.760s] Invoking command in '/home/pedrohperes/edromufu/src/movement/Ros2_change/src/erro_package': PYTHONPATH=/home/pedrohperes/edromufu/src/movement/Ros2_change/build/erro_package/prefix_override:/home/pedrohperes/edromufu/src/movement/Ros2_change/install/erro_package/lib/python3.10/site-packages:${PYTHONPATH} /usr/bin/python3 -W ignore:setup.py install is deprecated setup.py egg_info --egg-base ../../build/erro_package build --build-base /home/pedrohperes/edromufu/src/movement/Ros2_change/build/erro_package/build install --record /home/pedrohperes/edromufu/src/movement/Ros2_change/build/erro_package/install.log --single-version-externally-managed install_data
[2.119s] running egg_info
[2.120s] creating ../../build/erro_package/erro_package.egg-info
[2.121s] writing ../../build/erro_package/erro_package.egg-info/PKG-INFO
[2.121s] writing dependency_links to ../../build/erro_package/erro_package.egg-info/dependency_links.txt
[2.121s] writing entry points to ../../build/erro_package/erro_package.egg-info/entry_points.txt
[2.122s] writing requirements to ../../build/erro_package/erro_package.egg-info/requires.txt
[2.122s] writing top-level names to ../../build/erro_package/erro_package.egg-info/top_level.txt
[2.122s] writing manifest file '../../build/erro_package/erro_package.egg-info/SOURCES.txt'
[2.125s] reading manifest file '../../build/erro_package/erro_package.egg-info/SOURCES.txt'
[2.126s] writing manifest file '../../build/erro_package/erro_package.egg-info/SOURCES.txt'
[2.126s] running build
[2.126s] running build_py
[2.127s] creating /home/pedrohperes/edromufu/src/movement/Ros2_change/build/erro_package/build
[2.127s] creating /home/pedrohperes/edromufu/src/movement/Ros2_change/build/erro_package/build/lib
[2.127s] creating /home/pedrohperes/edromufu/src/movement/Ros2_change/build/erro_package/build/lib/erro_package
[2.127s] copying erro_package/__init__.py -> /home/pedrohperes/edromufu/src/movement/Ros2_change/build/erro_package/build/lib/erro_package
[2.127s] copying erro_package/erro_publisher.py -> /home/pedrohperes/edromufu/src/movement/Ros2_change/build/erro_package/build/lib/erro_package
[2.128s] running install
[2.128s] running install_lib
[2.130s] byte-compiling /home/pedrohperes/edromufu/src/movement/Ros2_change/install/erro_package/lib/python3.10/site-packages/erro_package/__init__.py to __init__.cpython-310.pyc
[2.130s] byte-compiling /home/pedrohperes/edromufu/src/movement/Ros2_change/install/erro_package/lib/python3.10/site-packages/erro_package/erro_publisher.py to erro_publisher.cpython-310.pyc
[2.131s] running install_data
[2.131s] running install_egg_info
[2.134s] removing '/home/pedrohperes/edromufu/src/movement/Ros2_change/install/erro_package/lib/python3.10/site-packages/erro_package-0.0.0-py3.10.egg-info' (and everything under it)
[2.134s] Copying ../../build/erro_package/erro_package.egg-info to /home/pedrohperes/edromufu/src/movement/Ros2_change/install/erro_package/lib/python3.10/site-packages/erro_package-0.0.0-py3.10.egg-info
[2.135s] running install_scripts
[2.160s] Installing erro_publisher script to /home/pedrohperes/edromufu/src/movement/Ros2_change/install/erro_package/lib/erro_package
[2.160s] writing list of installed files to '/home/pedrohperes/edromufu/src/movement/Ros2_change/build/erro_package/install.log'
[2.188s] Invoked command in '/home/pedrohperes/edromufu/src/movement/Ros2_change/src/erro_package' returned '0': PYTHONPATH=/home/pedrohperes/edromufu/src/movement/Ros2_change/build/erro_package/prefix_override:/home/pedrohperes/edromufu/src/movement/Ros2_change/install/erro_package/lib/python3.10/site-packages:${PYTHONPATH} /usr/bin/python3 -W ignore:setup.py install is deprecated setup.py egg_info --egg-base ../../build/erro_package build --build-base /home/pedrohperes/edromufu/src/movement/Ros2_change/build/erro_package/build install --record /home/pedrohperes/edromufu/src/movement/Ros2_change/build/erro_package/install.log --single-version-externally-managed install_data
