[0.304s] Invoking command in '/home/vtr_caixeta/edromufu/src/behaviour/build/imu_ros_arduino': /usr/bin/cmake /home/vtr_caixeta/edromufu/src/behaviour/imu_ros_arduino -DCATKIN_INSTALL_INTO_PREFIX_ROOT=0 -DCMAKE_INSTALL_PREFIX=/home/vtr_caixeta/edromufu/src/behaviour/install/imu_ros_arduino
[0.371s] -- Configuring incomplete, errors occurred!
[0.372s] See also "/home/vtr_caixeta/edromufu/src/behaviour/build/imu_ros_arduino/CMakeFiles/CMakeOutput.log".
[0.372s] [31mCMake Error at CMakeLists.txt:10 (find_package):
[0.372s]   By not providing "Findcatkin.cmake" in CMAKE_MODULE_PATH this project has
[0.372s]   asked CMake to find a package configuration file provided by "catkin", but
[0.372s]   CMake did not find one.
[0.372s] 
[0.372s]   Could not find a package configuration file provided by "catkin" with any
[0.372s]   of the following names:
[0.372s] 
[0.372s]     catkinConfig.cmake
[0.372s]     catkin-config.cmake
[0.373s] 
[0.373s]   Add the installation prefix of "catkin" to CMAKE_PREFIX_PATH or set
[0.373s]   "catkin_DIR" to a directory containing one of the above files.  If "catkin"
[0.373s]   provides a separate development package or SDK, be sure it has been
[0.373s]   installed.
[0.373s] 
[0.373s] [0m
[0.379s] Invoked command in '/home/vtr_caixeta/edromufu/src/behaviour/build/imu_ros_arduino' returned '1': /usr/bin/cmake /home/vtr_caixeta/edromufu/src/behaviour/imu_ros_arduino -DCATKIN_INSTALL_INTO_PREFIX_ROOT=0 -DCMAKE_INSTALL_PREFIX=/home/vtr_caixeta/edromufu/src/behaviour/install/imu_ros_arduino
