[  1%] Built target modularized_bhv_msgs__cpp
[ 12%] Built target modularized_bhv_msgs__rosidl_generator_c
[ 12%] Built target ament_cmake_python_copy_modularized_bhv_msgs
[ 23%] Built target modularized_bhv_msgs__rosidl_typesupport_cpp
[ 34%] Built target modularized_bhv_msgs__rosidl_typesupport_c
[ 45%] Built target modularized_bhv_msgs__rosidl_typesupport_introspection_cpp
[ 56%] Built target modularized_bhv_msgs__rosidl_typesupport_fastrtps_c
[ 67%] Built target modularized_bhv_msgs__rosidl_typesupport_fastrtps_cpp
[ 78%] Built target modularized_bhv_msgs__rosidl_typesupport_introspection_c
[ 78%] Built target modularized_bhv_msgs
[ 80%] Built target modularized_bhv_msgs__py
[ 89%] Built target modularized_bhv_msgs__rosidl_generator_py
[ 92%] Built target modularized_bhv_msgs__rosidl_typesupport_introspection_c__pyext
[ 96%] Built target modularized_bhv_msgs__rosidl_typesupport_fastrtps_c__pyext
[100%] Built target modularized_bhv_msgs__rosidl_typesupport_c__pyext
running egg_info
writing modularized_bhv_msgs.egg-info/PKG-INFO
writing dependency_links to modularized_bhv_msgs.egg-info/dependency_links.txt
writing top-level names to modularized_bhv_msgs.egg-info/top_level.txt
reading manifest file 'modularized_bhv_msgs.egg-info/SOURCES.txt'
writing manifest file 'modularized_bhv_msgs.egg-info/SOURCES.txt'
[100%] Built target ament_cmake_python_build_modularized_bhv_msgs_egg
-- Install configuration: ""
-- Up-to-date: /home/paulo/edromufu/src/behaviour/install/modularized_bhv_msgs/share/ament_index/resource_index/rosidl_interfaces/modularized_bhv_msgs
-- Up-to-date: /home/paulo/edromufu/src/behaviour/install/modularized_bhv_msgs/include/modularized_bhv_msgs/modularized_bhv_msgs
-- Up-to-date: /home/paulo/edromufu/src/behaviour/install/modularized_bhv_msgs/include/modularized_bhv_msgs/modularized_bhv_msgs/msg
-- Up-to-date: /home/paulo/edromufu/src/behaviour/install/modularized_bhv_msgs/include/modularized_bhv_msgs/modularized_bhv_msgs/msg/current_state_msg.h
-- Up-to-date: /home/paulo/edromufu/src/behaviour/install/modularized_bhv_msgs/include/modularized_bhv_msgs/modularized_bhv_msgs/msg/game_controller_msg.h
-- Up-to-date: /home/paulo/edromufu/src/behaviour/install/modularized_bhv_msgs/include/modularized_bhv_msgs/modularized_bhv_msgs/msg/rosidl_generator_c__visibility_control.h
-- Up-to-date: /home/paulo/edromufu/src/behaviour/install/modularized_bhv_msgs/include/modularized_bhv_msgs/modularized_bhv_msgs/msg/detail
-- Up-to-date: /home/paulo/edromufu/src/behaviour/install/modularized_bhv_msgs/include/modularized_bhv_msgs/modularized_bhv_msgs/msg/detail/game_controller_msg__functions.c
-- Up-to-date: /home/paulo/edromufu/src/behaviour/install/modularized_bhv_msgs/include/modularized_bhv_msgs/modularized_bhv_msgs/msg/detail/game_controller_msg__type_support.h
-- Up-to-date: /home/paulo/edromufu/src/behaviour/install/modularized_bhv_msgs/include/modularized_bhv_msgs/modularized_bhv_msgs/msg/detail/state_machine_msg__functions.h
-- Up-to-date: /home/paulo/edromufu/src/behaviour/install/modularized_bhv_msgs/include/modularized_bhv_msgs/modularized_bhv_msgs/msg/detail/current_state_msg__struct.h
-- Up-to-date: /home/paulo/edromufu/src/behaviour/install/modularized_bhv_msgs/include/modularized_bhv_msgs/modularized_bhv_msgs/msg/detail/game_controller_msg__struct.h
-- Up-to-date: /home/paulo/edromufu/src/behaviour/install/modularized_bhv_msgs/include/modularized_bhv_msgs/modularized_bhv_msgs/msg/detail/game_controller_msg__functions.h
-- Up-to-date: /home/paulo/edromufu/src/behaviour/install/modularized_bhv_msgs/include/modularized_bhv_msgs/modularized_bhv_msgs/msg/detail/current_state_msg__type_support.h
-- Up-to-date: /home/paulo/edromufu/src/behaviour/install/modularized_bhv_msgs/include/modularized_bhv_msgs/modularized_bhv_msgs/msg/detail/current_state_msg__functions.c
-- Up-to-date: /home/paulo/edromufu/src/behaviour/install/modularized_bhv_msgs/include/modularized_bhv_msgs/modularized_bhv_msgs/msg/detail/state_machine_msg__type_support.h
-- Up-to-date: /home/paulo/edromufu/src/behaviour/install/modularized_bhv_msgs/include/modularized_bhv_msgs/modularized_bhv_msgs/msg/detail/state_machine_msg__functions.c
-- Up-to-date: /home/paulo/edromufu/src/behaviour/install/modularized_bhv_msgs/include/modularized_bhv_msgs/modularized_bhv_msgs/msg/detail/state_machine_msg__struct.h
-- Up-to-date: /home/paulo/edromufu/src/behaviour/install/modularized_bhv_msgs/include/modularized_bhv_msgs/modularized_bhv_msgs/msg/detail/current_state_msg__functions.h
-- Up-to-date: /home/paulo/edromufu/src/behaviour/install/modularized_bhv_msgs/include/modularized_bhv_msgs/modularized_bhv_msgs/msg/state_machine_msg.h
-- Up-to-date: /home/paulo/edromufu/src/behaviour/install/modularized_bhv_msgs/include/modularized_bhv_msgs/modularized_bhv_msgs/srv
-- Up-to-date: /home/paulo/edromufu/src/behaviour/install/modularized_bhv_msgs/include/modularized_bhv_msgs/modularized_bhv_msgs/srv/move_request.h
-- Up-to-date: /home/paulo/edromufu/src/behaviour/install/modularized_bhv_msgs/include/modularized_bhv_msgs/modularized_bhv_msgs/srv/detail
-- Up-to-date: /home/paulo/edromufu/src/behaviour/install/modularized_bhv_msgs/include/modularized_bhv_msgs/modularized_bhv_msgs/srv/detail/move_request__functions.c
-- Up-to-date: /home/paulo/edromufu/src/behaviour/install/modularized_bhv_msgs/include/modularized_bhv_msgs/modularized_bhv_msgs/srv/detail/move_request__struct.h
-- Up-to-date: /home/paulo/edromufu/src/behaviour/install/modularized_bhv_msgs/include/modularized_bhv_msgs/modularized_bhv_msgs/srv/detail/move_request__type_support.h
-- Up-to-date: /home/paulo/edromufu/src/behaviour/install/modularized_bhv_msgs/include/modularized_bhv_msgs/modularized_bhv_msgs/srv/detail/move_request__functions.h
-- Up-to-date: /home/paulo/edromufu/src/behaviour/install/modularized_bhv_msgs/share/modularized_bhv_msgs/environment/library_path.sh
-- Up-to-date: /home/paulo/edromufu/src/behaviour/install/modularized_bhv_msgs/share/modularized_bhv_msgs/environment/library_path.dsv
-- Up-to-date: /home/paulo/edromufu/src/behaviour/install/modularized_bhv_msgs/lib/libmodularized_bhv_msgs__rosidl_generator_c.so
-- Up-to-date: /home/paulo/edromufu/src/behaviour/install/modularized_bhv_msgs/include/modularized_bhv_msgs/modularized_bhv_msgs
-- Up-to-date: /home/paulo/edromufu/src/behaviour/install/modularized_bhv_msgs/include/modularized_bhv_msgs/modularized_bhv_msgs/msg
-- Up-to-date: /home/paulo/edromufu/src/behaviour/install/modularized_bhv_msgs/include/modularized_bhv_msgs/modularized_bhv_msgs/msg/rosidl_typesupport_fastrtps_c__visibility_control.h
-- Up-to-date: /home/paulo/edromufu/src/behaviour/install/modularized_bhv_msgs/include/modularized_bhv_msgs/modularized_bhv_msgs/msg/detail
-- Up-to-date: /home/paulo/edromufu/src/behaviour/install/modularized_bhv_msgs/include/modularized_bhv_msgs/modularized_bhv_msgs/msg/detail/current_state_msg__rosidl_typesupport_fastrtps_c.h
-- Up-to-date: /home/paulo/edromufu/src/behaviour/install/modularized_bhv_msgs/include/modularized_bhv_msgs/modularized_bhv_msgs/msg/detail/state_machine_msg__rosidl_typesupport_fastrtps_c.h
-- Up-to-date: /home/paulo/edromufu/src/behaviour/install/modularized_bhv_msgs/include/modularized_bhv_msgs/modularized_bhv_msgs/msg/detail/game_controller_msg__rosidl_typesupport_fastrtps_c.h
-- Up-to-date: /home/paulo/edromufu/src/behaviour/install/modularized_bhv_msgs/include/modularized_bhv_msgs/modularized_bhv_msgs/srv
-- Up-to-date: /home/paulo/edromufu/src/behaviour/install/modularized_bhv_msgs/include/modularized_bhv_msgs/modularized_bhv_msgs/srv/detail
-- Up-to-date: /home/paulo/edromufu/src/behaviour/install/modularized_bhv_msgs/include/modularized_bhv_msgs/modularized_bhv_msgs/srv/detail/move_request__rosidl_typesupport_fastrtps_c.h
-- Up-to-date: /home/paulo/edromufu/src/behaviour/install/modularized_bhv_msgs/lib/libmodularized_bhv_msgs__rosidl_typesupport_fastrtps_c.so
-- Up-to-date: /home/paulo/edromufu/src/behaviour/install/modularized_bhv_msgs/include/modularized_bhv_msgs/modularized_bhv_msgs
-- Up-to-date: /home/paulo/edromufu/src/behaviour/install/modularized_bhv_msgs/include/modularized_bhv_msgs/modularized_bhv_msgs/msg
-- Up-to-date: /home/paulo/edromufu/src/behaviour/install/modularized_bhv_msgs/include/modularized_bhv_msgs/modularized_bhv_msgs/msg/rosidl_typesupport_introspection_c__visibility_control.h
-- Up-to-date: /home/paulo/edromufu/src/behaviour/install/modularized_bhv_msgs/include/modularized_bhv_msgs/modularized_bhv_msgs/msg/detail
-- Up-to-date: /home/paulo/edromufu/src/behaviour/install/modularized_bhv_msgs/include/modularized_bhv_msgs/modularized_bhv_msgs/msg/detail/current_state_msg__type_support.c
-- Up-to-date: /home/paulo/edromufu/src/behaviour/install/modularized_bhv_msgs/include/modularized_bhv_msgs/modularized_bhv_msgs/msg/detail/game_controller_msg__type_support.c
-- Up-to-date: /home/paulo/edromufu/src/behaviour/install/modularized_bhv_msgs/include/modularized_bhv_msgs/modularized_bhv_msgs/msg/detail/game_controller_msg__rosidl_typesupport_introspection_c.h
-- Up-to-date: /home/paulo/edromufu/src/behaviour/install/modularized_bhv_msgs/include/modularized_bhv_msgs/modularized_bhv_msgs/msg/detail/current_state_msg__rosidl_typesupport_introspection_c.h
-- Up-to-date: /home/paulo/edromufu/src/behaviour/install/modularized_bhv_msgs/include/modularized_bhv_msgs/modularized_bhv_msgs/msg/detail/state_machine_msg__rosidl_typesupport_introspection_c.h
-- Up-to-date: /home/paulo/edromufu/src/behaviour/install/modularized_bhv_msgs/include/modularized_bhv_msgs/modularized_bhv_msgs/msg/detail/state_machine_msg__type_support.c
-- Up-to-date: /home/paulo/edromufu/src/behaviour/install/modularized_bhv_msgs/include/modularized_bhv_msgs/modularized_bhv_msgs/srv
-- Up-to-date: /home/paulo/edromufu/src/behaviour/install/modularized_bhv_msgs/include/modularized_bhv_msgs/modularized_bhv_msgs/srv/detail
-- Up-to-date: /home/paulo/edromufu/src/behaviour/install/modularized_bhv_msgs/include/modularized_bhv_msgs/modularized_bhv_msgs/srv/detail/move_request__type_support.c
-- Up-to-date: /home/paulo/edromufu/src/behaviour/install/modularized_bhv_msgs/include/modularized_bhv_msgs/modularized_bhv_msgs/srv/detail/move_request__rosidl_typesupport_introspection_c.h
-- Up-to-date: /home/paulo/edromufu/src/behaviour/install/modularized_bhv_msgs/lib/libmodularized_bhv_msgs__rosidl_typesupport_introspection_c.so
-- Up-to-date: /home/paulo/edromufu/src/behaviour/install/modularized_bhv_msgs/lib/libmodularized_bhv_msgs__rosidl_typesupport_c.so
-- Up-to-date: /home/paulo/edromufu/src/behaviour/install/modularized_bhv_msgs/include/modularized_bhv_msgs/modularized_bhv_msgs
-- Up-to-date: /home/paulo/edromufu/src/behaviour/install/modularized_bhv_msgs/include/modularized_bhv_msgs/modularized_bhv_msgs/msg
-- Up-to-date: /home/paulo/edromufu/src/behaviour/install/modularized_bhv_msgs/include/modularized_bhv_msgs/modularized_bhv_msgs/msg/state_machine_msg.hpp
-- Up-to-date: /home/paulo/edromufu/src/behaviour/install/modularized_bhv_msgs/include/modularized_bhv_msgs/modularized_bhv_msgs/msg/game_controller_msg.hpp
-- Up-to-date: /home/paulo/edromufu/src/behaviour/install/modularized_bhv_msgs/include/modularized_bhv_msgs/modularized_bhv_msgs/msg/detail
-- Up-to-date: /home/paulo/edromufu/src/behaviour/install/modularized_bhv_msgs/include/modularized_bhv_msgs/modularized_bhv_msgs/msg/detail/game_controller_msg__traits.hpp
-- Up-to-date: /home/paulo/edromufu/src/behaviour/install/modularized_bhv_msgs/include/modularized_bhv_msgs/modularized_bhv_msgs/msg/detail/current_state_msg__builder.hpp
-- Up-to-date: /home/paulo/edromufu/src/behaviour/install/modularized_bhv_msgs/include/modularized_bhv_msgs/modularized_bhv_msgs/msg/detail/current_state_msg__struct.hpp
-- Up-to-date: /home/paulo/edromufu/src/behaviour/install/modularized_bhv_msgs/include/modularized_bhv_msgs/modularized_bhv_msgs/msg/detail/state_machine_msg__builder.hpp
-- Up-to-date: /home/paulo/edromufu/src/behaviour/install/modularized_bhv_msgs/include/modularized_bhv_msgs/modularized_bhv_msgs/msg/detail/state_machine_msg__struct.hpp
-- Up-to-date: /home/paulo/edromufu/src/behaviour/install/modularized_bhv_msgs/include/modularized_bhv_msgs/modularized_bhv_msgs/msg/detail/game_controller_msg__struct.hpp
-- Up-to-date: /home/paulo/edromufu/src/behaviour/install/modularized_bhv_msgs/include/modularized_bhv_msgs/modularized_bhv_msgs/msg/detail/state_machine_msg__traits.hpp
-- Up-to-date: /home/paulo/edromufu/src/behaviour/install/modularized_bhv_msgs/include/modularized_bhv_msgs/modularized_bhv_msgs/msg/detail/current_state_msg__traits.hpp
-- Up-to-date: /home/paulo/edromufu/src/behaviour/install/modularized_bhv_msgs/include/modularized_bhv_msgs/modularized_bhv_msgs/msg/detail/game_controller_msg__builder.hpp
-- Up-to-date: /home/paulo/edromufu/src/behaviour/install/modularized_bhv_msgs/include/modularized_bhv_msgs/modularized_bhv_msgs/msg/current_state_msg.hpp
-- Up-to-date: /home/paulo/edromufu/src/behaviour/install/modularized_bhv_msgs/include/modularized_bhv_msgs/modularized_bhv_msgs/srv
-- Up-to-date: /home/paulo/edromufu/src/behaviour/install/modularized_bhv_msgs/include/modularized_bhv_msgs/modularized_bhv_msgs/srv/detail
-- Up-to-date: /home/paulo/edromufu/src/behaviour/install/modularized_bhv_msgs/include/modularized_bhv_msgs/modularized_bhv_msgs/srv/detail/move_request__struct.hpp
-- Up-to-date: /home/paulo/edromufu/src/behaviour/install/modularized_bhv_msgs/include/modularized_bhv_msgs/modularized_bhv_msgs/srv/detail/move_request__builder.hpp
-- Up-to-date: /home/paulo/edromufu/src/behaviour/install/modularized_bhv_msgs/include/modularized_bhv_msgs/modularized_bhv_msgs/srv/detail/move_request__traits.hpp
-- Up-to-date: /home/paulo/edromufu/src/behaviour/install/modularized_bhv_msgs/include/modularized_bhv_msgs/modularized_bhv_msgs/srv/move_request.hpp
-- Up-to-date: /home/paulo/edromufu/src/behaviour/install/modularized_bhv_msgs/include/modularized_bhv_msgs/modularized_bhv_msgs
-- Up-to-date: /home/paulo/edromufu/src/behaviour/install/modularized_bhv_msgs/include/modularized_bhv_msgs/modularized_bhv_msgs/msg
-- Up-to-date: /home/paulo/edromufu/src/behaviour/install/modularized_bhv_msgs/include/modularized_bhv_msgs/modularized_bhv_msgs/msg/rosidl_typesupport_fastrtps_cpp__visibility_control.h
-- Up-to-date: /home/paulo/edromufu/src/behaviour/install/modularized_bhv_msgs/include/modularized_bhv_msgs/modularized_bhv_msgs/msg/detail
-- Up-to-date: /home/paulo/edromufu/src/behaviour/install/modularized_bhv_msgs/include/modularized_bhv_msgs/modularized_bhv_msgs/msg/detail/dds_fastrtps
-- Up-to-date: /home/paulo/edromufu/src/behaviour/install/modularized_bhv_msgs/include/modularized_bhv_msgs/modularized_bhv_msgs/msg/detail/game_controller_msg__rosidl_typesupport_fastrtps_cpp.hpp
-- Up-to-date: /home/paulo/edromufu/src/behaviour/install/modularized_bhv_msgs/include/modularized_bhv_msgs/modularized_bhv_msgs/msg/detail/current_state_msg__rosidl_typesupport_fastrtps_cpp.hpp
-- Up-to-date: /home/paulo/edromufu/src/behaviour/install/modularized_bhv_msgs/include/modularized_bhv_msgs/modularized_bhv_msgs/msg/detail/state_machine_msg__rosidl_typesupport_fastrtps_cpp.hpp
-- Up-to-date: /home/paulo/edromufu/src/behaviour/install/modularized_bhv_msgs/include/modularized_bhv_msgs/modularized_bhv_msgs/srv
-- Up-to-date: /home/paulo/edromufu/src/behaviour/install/modularized_bhv_msgs/include/modularized_bhv_msgs/modularized_bhv_msgs/srv/detail
-- Up-to-date: /home/paulo/edromufu/src/behaviour/install/modularized_bhv_msgs/include/modularized_bhv_msgs/modularized_bhv_msgs/srv/detail/dds_fastrtps
-- Up-to-date: /home/paulo/edromufu/src/behaviour/install/modularized_bhv_msgs/include/modularized_bhv_msgs/modularized_bhv_msgs/srv/detail/move_request__rosidl_typesupport_fastrtps_cpp.hpp
-- Up-to-date: /home/paulo/edromufu/src/behaviour/install/modularized_bhv_msgs/lib/libmodularized_bhv_msgs__rosidl_typesupport_fastrtps_cpp.so
-- Up-to-date: /home/paulo/edromufu/src/behaviour/install/modularized_bhv_msgs/include/modularized_bhv_msgs/modularized_bhv_msgs
-- Up-to-date: /home/paulo/edromufu/src/behaviour/install/modularized_bhv_msgs/include/modularized_bhv_msgs/modularized_bhv_msgs/msg
-- Up-to-date: /home/paulo/edromufu/src/behaviour/install/modularized_bhv_msgs/include/modularized_bhv_msgs/modularized_bhv_msgs/msg/detail
-- Up-to-date: /home/paulo/edromufu/src/behaviour/install/modularized_bhv_msgs/include/modularized_bhv_msgs/modularized_bhv_msgs/msg/detail/state_machine_msg__type_support.cpp
-- Up-to-date: /home/paulo/edromufu/src/behaviour/install/modularized_bhv_msgs/include/modularized_bhv_msgs/modularized_bhv_msgs/msg/detail/game_controller_msg__rosidl_typesupport_introspection_cpp.hpp
-- Up-to-date: /home/paulo/edromufu/src/behaviour/install/modularized_bhv_msgs/include/modularized_bhv_msgs/modularized_bhv_msgs/msg/detail/current_state_msg__rosidl_typesupport_introspection_cpp.hpp
-- Up-to-date: /home/paulo/edromufu/src/behaviour/install/modularized_bhv_msgs/include/modularized_bhv_msgs/modularized_bhv_msgs/msg/detail/state_machine_msg__rosidl_typesupport_introspection_cpp.hpp
-- Up-to-date: /home/paulo/edromufu/src/behaviour/install/modularized_bhv_msgs/include/modularized_bhv_msgs/modularized_bhv_msgs/msg/detail/current_state_msg__type_support.cpp
-- Up-to-date: /home/paulo/edromufu/src/behaviour/install/modularized_bhv_msgs/include/modularized_bhv_msgs/modularized_bhv_msgs/msg/detail/game_controller_msg__type_support.cpp
-- Up-to-date: /home/paulo/edromufu/src/behaviour/install/modularized_bhv_msgs/include/modularized_bhv_msgs/modularized_bhv_msgs/srv
-- Up-to-date: /home/paulo/edromufu/src/behaviour/install/modularized_bhv_msgs/include/modularized_bhv_msgs/modularized_bhv_msgs/srv/detail
-- Up-to-date: /home/paulo/edromufu/src/behaviour/install/modularized_bhv_msgs/include/modularized_bhv_msgs/modularized_bhv_msgs/srv/detail/move_request__rosidl_typesupport_introspection_cpp.hpp
-- Up-to-date: /home/paulo/edromufu/src/behaviour/install/modularized_bhv_msgs/include/modularized_bhv_msgs/modularized_bhv_msgs/srv/detail/move_request__type_support.cpp
-- Up-to-date: /home/paulo/edromufu/src/behaviour/install/modularized_bhv_msgs/lib/libmodularized_bhv_msgs__rosidl_typesupport_introspection_cpp.so
-- Up-to-date: /home/paulo/edromufu/src/behaviour/install/modularized_bhv_msgs/lib/libmodularized_bhv_msgs__rosidl_typesupport_cpp.so
-- Up-to-date: /home/paulo/edromufu/src/behaviour/install/modularized_bhv_msgs/share/modularized_bhv_msgs/environment/pythonpath.sh
-- Up-to-date: /home/paulo/edromufu/src/behaviour/install/modularized_bhv_msgs/share/modularized_bhv_msgs/environment/pythonpath.dsv
-- Up-to-date: /home/paulo/edromufu/src/behaviour/install/modularized_bhv_msgs/local/lib/python3.10/dist-packages/modularized_bhv_msgs-0.0.0-py3.10.egg-info
-- Installing: /home/paulo/edromufu/src/behaviour/install/modularized_bhv_msgs/local/lib/python3.10/dist-packages/modularized_bhv_msgs-0.0.0-py3.10.egg-info/top_level.txt
-- Installing: /home/paulo/edromufu/src/behaviour/install/modularized_bhv_msgs/local/lib/python3.10/dist-packages/modularized_bhv_msgs-0.0.0-py3.10.egg-info/PKG-INFO
-- Installing: /home/paulo/edromufu/src/behaviour/install/modularized_bhv_msgs/local/lib/python3.10/dist-packages/modularized_bhv_msgs-0.0.0-py3.10.egg-info/SOURCES.txt
-- Installing: /home/paulo/edromufu/src/behaviour/install/modularized_bhv_msgs/local/lib/python3.10/dist-packages/modularized_bhv_msgs-0.0.0-py3.10.egg-info/dependency_links.txt
-- Up-to-date: /home/paulo/edromufu/src/behaviour/install/modularized_bhv_msgs/local/lib/python3.10/dist-packages/modularized_bhv_msgs
-- Up-to-date: /home/paulo/edromufu/src/behaviour/install/modularized_bhv_msgs/local/lib/python3.10/dist-packages/modularized_bhv_msgs/__init__.py
-- Up-to-date: /home/paulo/edromufu/src/behaviour/install/modularized_bhv_msgs/local/lib/python3.10/dist-packages/modularized_bhv_msgs/msg
-- Up-to-date: /home/paulo/edromufu/src/behaviour/install/modularized_bhv_msgs/local/lib/python3.10/dist-packages/modularized_bhv_msgs/msg/__init__.py
-- Up-to-date: /home/paulo/edromufu/src/behaviour/install/modularized_bhv_msgs/local/lib/python3.10/dist-packages/modularized_bhv_msgs/msg/_state_machine_msg.py
-- Up-to-date: /home/paulo/edromufu/src/behaviour/install/modularized_bhv_msgs/local/lib/python3.10/dist-packages/modularized_bhv_msgs/msg/_state_machine_msg_s.c
-- Up-to-date: /home/paulo/edromufu/src/behaviour/install/modularized_bhv_msgs/local/lib/python3.10/dist-packages/modularized_bhv_msgs/msg/_current_state_msg_s.c
-- Up-to-date: /home/paulo/edromufu/src/behaviour/install/modularized_bhv_msgs/local/lib/python3.10/dist-packages/modularized_bhv_msgs/msg/_game_controller_msg.py
-- Up-to-date: /home/paulo/edromufu/src/behaviour/install/modularized_bhv_msgs/local/lib/python3.10/dist-packages/modularized_bhv_msgs/msg/_game_controller_msg_s.c
-- Up-to-date: /home/paulo/edromufu/src/behaviour/install/modularized_bhv_msgs/local/lib/python3.10/dist-packages/modularized_bhv_msgs/msg/_current_state_msg.py
-- Up-to-date: /home/paulo/edromufu/src/behaviour/install/modularized_bhv_msgs/local/lib/python3.10/dist-packages/modularized_bhv_msgs/libmodularized_bhv_msgs__rosidl_generator_py.so
-- Up-to-date: /home/paulo/edromufu/src/behaviour/install/modularized_bhv_msgs/local/lib/python3.10/dist-packages/modularized_bhv_msgs/modularized_bhv_msgs_s__rosidl_typesupport_introspection_c.cpython-310-x86_64-linux-gnu.so
-- Up-to-date: /home/paulo/edromufu/src/behaviour/install/modularized_bhv_msgs/local/lib/python3.10/dist-packages/modularized_bhv_msgs/modularized_bhv_msgs_s__rosidl_typesupport_fastrtps_c.cpython-310-x86_64-linux-gnu.so
-- Up-to-date: /home/paulo/edromufu/src/behaviour/install/modularized_bhv_msgs/local/lib/python3.10/dist-packages/modularized_bhv_msgs/srv
-- Up-to-date: /home/paulo/edromufu/src/behaviour/install/modularized_bhv_msgs/local/lib/python3.10/dist-packages/modularized_bhv_msgs/srv/__init__.py
-- Up-to-date: /home/paulo/edromufu/src/behaviour/install/modularized_bhv_msgs/local/lib/python3.10/dist-packages/modularized_bhv_msgs/srv/_move_request.py
-- Up-to-date: /home/paulo/edromufu/src/behaviour/install/modularized_bhv_msgs/local/lib/python3.10/dist-packages/modularized_bhv_msgs/srv/_move_request_s.c
-- Up-to-date: /home/paulo/edromufu/src/behaviour/install/modularized_bhv_msgs/local/lib/python3.10/dist-packages/modularized_bhv_msgs/_modularized_bhv_msgs_s.ep.rosidl_typesupport_introspection_c.c
-- Up-to-date: /home/paulo/edromufu/src/behaviour/install/modularized_bhv_msgs/local/lib/python3.10/dist-packages/modularized_bhv_msgs/_modularized_bhv_msgs_s.ep.rosidl_typesupport_c.c
-- Up-to-date: /home/paulo/edromufu/src/behaviour/install/modularized_bhv_msgs/local/lib/python3.10/dist-packages/modularized_bhv_msgs/_modularized_bhv_msgs_s.ep.rosidl_typesupport_fastrtps_c.c
-- Up-to-date: /home/paulo/edromufu/src/behaviour/install/modularized_bhv_msgs/local/lib/python3.10/dist-packages/modularized_bhv_msgs/modularized_bhv_msgs_s__rosidl_typesupport_c.cpython-310-x86_64-linux-gnu.so
Listing '/home/paulo/edromufu/src/behaviour/install/modularized_bhv_msgs/local/lib/python3.10/dist-packages/modularized_bhv_msgs'...
Listing '/home/paulo/edromufu/src/behaviour/install/modularized_bhv_msgs/local/lib/python3.10/dist-packages/modularized_bhv_msgs/msg'...
Listing '/home/paulo/edromufu/src/behaviour/install/modularized_bhv_msgs/local/lib/python3.10/dist-packages/modularized_bhv_msgs/srv'...
-- Up-to-date: /home/paulo/edromufu/src/behaviour/install/modularized_bhv_msgs/local/lib/python3.10/dist-packages/modularized_bhv_msgs/modularized_bhv_msgs_s__rosidl_typesupport_fastrtps_c.cpython-310-x86_64-linux-gnu.so
-- Up-to-date: /home/paulo/edromufu/src/behaviour/install/modularized_bhv_msgs/local/lib/python3.10/dist-packages/modularized_bhv_msgs/modularized_bhv_msgs_s__rosidl_typesupport_introspection_c.cpython-310-x86_64-linux-gnu.so
-- Up-to-date: /home/paulo/edromufu/src/behaviour/install/modularized_bhv_msgs/local/lib/python3.10/dist-packages/modularized_bhv_msgs/modularized_bhv_msgs_s__rosidl_typesupport_c.cpython-310-x86_64-linux-gnu.so
-- Up-to-date: /home/paulo/edromufu/src/behaviour/install/modularized_bhv_msgs/lib/libmodularized_bhv_msgs__rosidl_generator_py.so
-- Up-to-date: /home/paulo/edromufu/src/behaviour/install/modularized_bhv_msgs/share/modularized_bhv_msgs/msg/CurrentStateMsg.idl
-- Up-to-date: /home/paulo/edromufu/src/behaviour/install/modularized_bhv_msgs/share/modularized_bhv_msgs/msg/GameControllerMsg.idl
-- Up-to-date: /home/paulo/edromufu/src/behaviour/install/modularized_bhv_msgs/share/modularized_bhv_msgs/msg/StateMachineMsg.idl
-- Up-to-date: /home/paulo/edromufu/src/behaviour/install/modularized_bhv_msgs/share/modularized_bhv_msgs/srv/MoveRequest.idl
-- Up-to-date: /home/paulo/edromufu/src/behaviour/install/modularized_bhv_msgs/share/modularized_bhv_msgs/msg/CurrentStateMsg.msg
-- Up-to-date: /home/paulo/edromufu/src/behaviour/install/modularized_bhv_msgs/share/modularized_bhv_msgs/msg/GameControllerMsg.msg
-- Up-to-date: /home/paulo/edromufu/src/behaviour/install/modularized_bhv_msgs/share/modularized_bhv_msgs/msg/StateMachineMsg.msg
-- Up-to-date: /home/paulo/edromufu/src/behaviour/install/modularized_bhv_msgs/share/modularized_bhv_msgs/srv/MoveRequest.srv
-- Up-to-date: /home/paulo/edromufu/src/behaviour/install/modularized_bhv_msgs/share/modularized_bhv_msgs/srv/MoveRequest_Request.msg
-- Up-to-date: /home/paulo/edromufu/src/behaviour/install/modularized_bhv_msgs/share/modularized_bhv_msgs/srv/MoveRequest_Response.msg
-- Up-to-date: /home/paulo/edromufu/src/behaviour/install/modularized_bhv_msgs/share/ament_index/resource_index/package_run_dependencies/modularized_bhv_msgs
-- Up-to-date: /home/paulo/edromufu/src/behaviour/install/modularized_bhv_msgs/share/ament_index/resource_index/parent_prefix_path/modularized_bhv_msgs
-- Up-to-date: /home/paulo/edromufu/src/behaviour/install/modularized_bhv_msgs/share/modularized_bhv_msgs/environment/ament_prefix_path.sh
-- Up-to-date: /home/paulo/edromufu/src/behaviour/install/modularized_bhv_msgs/share/modularized_bhv_msgs/environment/ament_prefix_path.dsv
-- Up-to-date: /home/paulo/edromufu/src/behaviour/install/modularized_bhv_msgs/share/modularized_bhv_msgs/environment/path.sh
-- Up-to-date: /home/paulo/edromufu/src/behaviour/install/modularized_bhv_msgs/share/modularized_bhv_msgs/environment/path.dsv
-- Up-to-date: /home/paulo/edromufu/src/behaviour/install/modularized_bhv_msgs/share/modularized_bhv_msgs/local_setup.bash
-- Up-to-date: /home/paulo/edromufu/src/behaviour/install/modularized_bhv_msgs/share/modularized_bhv_msgs/local_setup.sh
-- Up-to-date: /home/paulo/edromufu/src/behaviour/install/modularized_bhv_msgs/share/modularized_bhv_msgs/local_setup.zsh
-- Up-to-date: /home/paulo/edromufu/src/behaviour/install/modularized_bhv_msgs/share/modularized_bhv_msgs/local_setup.dsv
-- Installing: /home/paulo/edromufu/src/behaviour/install/modularized_bhv_msgs/share/modularized_bhv_msgs/package.dsv
-- Up-to-date: /home/paulo/edromufu/src/behaviour/install/modularized_bhv_msgs/share/ament_index/resource_index/packages/modularized_bhv_msgs
-- Up-to-date: /home/paulo/edromufu/src/behaviour/install/modularized_bhv_msgs/share/modularized_bhv_msgs/cmake/export_modularized_bhv_msgs__rosidl_generator_cExport.cmake
-- Up-to-date: /home/paulo/edromufu/src/behaviour/install/modularized_bhv_msgs/share/modularized_bhv_msgs/cmake/export_modularized_bhv_msgs__rosidl_generator_cExport-noconfig.cmake
-- Up-to-date: /home/paulo/edromufu/src/behaviour/install/modularized_bhv_msgs/share/modularized_bhv_msgs/cmake/export_modularized_bhv_msgs__rosidl_typesupport_fastrtps_cExport.cmake
-- Up-to-date: /home/paulo/edromufu/src/behaviour/install/modularized_bhv_msgs/share/modularized_bhv_msgs/cmake/export_modularized_bhv_msgs__rosidl_typesupport_fastrtps_cExport-noconfig.cmake
-- Up-to-date: /home/paulo/edromufu/src/behaviour/install/modularized_bhv_msgs/share/modularized_bhv_msgs/cmake/modularized_bhv_msgs__rosidl_typesupport_introspection_cExport.cmake
-- Up-to-date: /home/paulo/edromufu/src/behaviour/install/modularized_bhv_msgs/share/modularized_bhv_msgs/cmake/modularized_bhv_msgs__rosidl_typesupport_introspection_cExport-noconfig.cmake
-- Up-to-date: /home/paulo/edromufu/src/behaviour/install/modularized_bhv_msgs/share/modularized_bhv_msgs/cmake/modularized_bhv_msgs__rosidl_typesupport_cExport.cmake
-- Up-to-date: /home/paulo/edromufu/src/behaviour/install/modularized_bhv_msgs/share/modularized_bhv_msgs/cmake/modularized_bhv_msgs__rosidl_typesupport_cExport-noconfig.cmake
-- Up-to-date: /home/paulo/edromufu/src/behaviour/install/modularized_bhv_msgs/share/modularized_bhv_msgs/cmake/export_modularized_bhv_msgs__rosidl_generator_cppExport.cmake
-- Up-to-date: /home/paulo/edromufu/src/behaviour/install/modularized_bhv_msgs/share/modularized_bhv_msgs/cmake/export_modularized_bhv_msgs__rosidl_typesupport_fastrtps_cppExport.cmake
-- Up-to-date: /home/paulo/edromufu/src/behaviour/install/modularized_bhv_msgs/share/modularized_bhv_msgs/cmake/export_modularized_bhv_msgs__rosidl_typesupport_fastrtps_cppExport-noconfig.cmake
-- Up-to-date: /home/paulo/edromufu/src/behaviour/install/modularized_bhv_msgs/share/modularized_bhv_msgs/cmake/modularized_bhv_msgs__rosidl_typesupport_introspection_cppExport.cmake
-- Up-to-date: /home/paulo/edromufu/src/behaviour/install/modularized_bhv_msgs/share/modularized_bhv_msgs/cmake/modularized_bhv_msgs__rosidl_typesupport_introspection_cppExport-noconfig.cmake
-- Up-to-date: /home/paulo/edromufu/src/behaviour/install/modularized_bhv_msgs/share/modularized_bhv_msgs/cmake/modularized_bhv_msgs__rosidl_typesupport_cppExport.cmake
-- Up-to-date: /home/paulo/edromufu/src/behaviour/install/modularized_bhv_msgs/share/modularized_bhv_msgs/cmake/modularized_bhv_msgs__rosidl_typesupport_cppExport-noconfig.cmake
-- Up-to-date: /home/paulo/edromufu/src/behaviour/install/modularized_bhv_msgs/share/modularized_bhv_msgs/cmake/export_modularized_bhv_msgs__rosidl_generator_pyExport.cmake
-- Up-to-date: /home/paulo/edromufu/src/behaviour/install/modularized_bhv_msgs/share/modularized_bhv_msgs/cmake/export_modularized_bhv_msgs__rosidl_generator_pyExport-noconfig.cmake
-- Up-to-date: /home/paulo/edromufu/src/behaviour/install/modularized_bhv_msgs/share/modularized_bhv_msgs/cmake/rosidl_cmake-extras.cmake
-- Up-to-date: /home/paulo/edromufu/src/behaviour/install/modularized_bhv_msgs/share/modularized_bhv_msgs/cmake/ament_cmake_export_dependencies-extras.cmake
-- Up-to-date: /home/paulo/edromufu/src/behaviour/install/modularized_bhv_msgs/share/modularized_bhv_msgs/cmake/ament_cmake_export_include_directories-extras.cmake
-- Up-to-date: /home/paulo/edromufu/src/behaviour/install/modularized_bhv_msgs/share/modularized_bhv_msgs/cmake/ament_cmake_export_libraries-extras.cmake
-- Up-to-date: /home/paulo/edromufu/src/behaviour/install/modularized_bhv_msgs/share/modularized_bhv_msgs/cmake/ament_cmake_export_targets-extras.cmake
-- Up-to-date: /home/paulo/edromufu/src/behaviour/install/modularized_bhv_msgs/share/modularized_bhv_msgs/cmake/rosidl_cmake_export_typesupport_targets-extras.cmake
-- Up-to-date: /home/paulo/edromufu/src/behaviour/install/modularized_bhv_msgs/share/modularized_bhv_msgs/cmake/rosidl_cmake_export_typesupport_libraries-extras.cmake
-- Up-to-date: /home/paulo/edromufu/src/behaviour/install/modularized_bhv_msgs/share/modularized_bhv_msgs/cmake/modularized_bhv_msgsConfig.cmake
-- Up-to-date: /home/paulo/edromufu/src/behaviour/install/modularized_bhv_msgs/share/modularized_bhv_msgs/cmake/modularized_bhv_msgsConfig-version.cmake
-- Up-to-date: /home/paulo/edromufu/src/behaviour/install/modularized_bhv_msgs/share/modularized_bhv_msgs/package.xml
