[2.504s] Invoking command in '/home/paulo/edromufu/src/movement/Ros2_change/src/movement_functions': AMENT_PREFIX_PATH=/home/paulo/edromufu/src/movement/Ros2_change/install/kinematic_functions:${AMENT_PREFIX_PATH} PYTHONPATH=/home/paulo/edromufu/src/movement/Ros2_change/build/movement_functions/prefix_override:/usr/lib/python3/dist-packages/colcon_core/task/python/colcon_distutils_commands:/home/paulo/edromufu/src/movement/Ros2_change/install/movement_functions/lib/python3.10/site-packages:/home/paulo/edromufu/src/movement/Ros2_change/install/kinematic_functions/lib/python3.10/site-packages:${PYTHONPATH} /usr/bin/python3 -W ignore:setup.py install is deprecated setup.py egg_info --egg-base ../../build/movement_functions build --build-base /home/paulo/edromufu/src/movement/Ros2_change/build/movement_functions/build install --record /home/paulo/edromufu/src/movement/Ros2_change/build/movement_functions/install.log --single-version-externally-managed install_data
[3.382s] running egg_info
[3.387s] writing ../../build/movement_functions/movement_functions.egg-info/PKG-INFO
[3.388s] writing dependency_links to ../../build/movement_functions/movement_functions.egg-info/dependency_links.txt
[3.388s] writing entry points to ../../build/movement_functions/movement_functions.egg-info/entry_points.txt
[3.390s] writing requirements to ../../build/movement_functions/movement_functions.egg-info/requires.txt
[3.390s] writing top-level names to ../../build/movement_functions/movement_functions.egg-info/top_level.txt
[3.393s] reading manifest file '../../build/movement_functions/movement_functions.egg-info/SOURCES.txt'
[3.394s] writing manifest file '../../build/movement_functions/movement_functions.egg-info/SOURCES.txt'
[3.395s] running build
[3.395s] running build_py
[3.397s] copying movement_functions/__init__.py -> /home/paulo/edromufu/src/movement/Ros2_change/build/movement_functions/build/lib/movement_functions
[3.400s] copying movement_functions/gait_gen.py -> /home/paulo/edromufu/src/movement/Ros2_change/build/movement_functions/build/lib/movement_functions
[3.401s] copying movement_functions/walk_forward_gen.py -> /home/paulo/edromufu/src/movement/Ros2_change/build/movement_functions/build/lib/movement_functions
[3.401s] copying movement_functions/rotate_cc_ccw_gen.py -> /home/paulo/edromufu/src/movement/Ros2_change/build/movement_functions/build/lib/movement_functions
[3.401s] running install
[3.401s] running install_lib
[3.401s] creating /home/paulo/edromufu/src/movement/Ros2_change/install/movement_functions/lib/python3.10/site-packages/movement_functions
[3.401s] copying /home/paulo/edromufu/src/movement/Ros2_change/build/movement_functions/build/lib/movement_functions/__init__.py -> /home/paulo/edromufu/src/movement/Ros2_change/install/movement_functions/lib/python3.10/site-packages/movement_functions
[3.401s] copying /home/paulo/edromufu/src/movement/Ros2_change/build/movement_functions/build/lib/movement_functions/gait_gen.py -> /home/paulo/edromufu/src/movement/Ros2_change/install/movement_functions/lib/python3.10/site-packages/movement_functions
[3.401s] copying /home/paulo/edromufu/src/movement/Ros2_change/build/movement_functions/build/lib/movement_functions/walk_forward_gen.py -> /home/paulo/edromufu/src/movement/Ros2_change/install/movement_functions/lib/python3.10/site-packages/movement_functions
[3.401s] copying /home/paulo/edromufu/src/movement/Ros2_change/build/movement_functions/build/lib/movement_functions/rotate_cc_ccw_gen.py -> /home/paulo/edromufu/src/movement/Ros2_change/install/movement_functions/lib/python3.10/site-packages/movement_functions
[3.402s] byte-compiling /home/paulo/edromufu/src/movement/Ros2_change/install/movement_functions/lib/python3.10/site-packages/movement_functions/__init__.py to __init__.cpython-310.pyc
[3.402s] byte-compiling /home/paulo/edromufu/src/movement/Ros2_change/install/movement_functions/lib/python3.10/site-packages/movement_functions/gait_gen.py to gait_gen.cpython-310.pyc
[3.410s] byte-compiling /home/paulo/edromufu/src/movement/Ros2_change/install/movement_functions/lib/python3.10/site-packages/movement_functions/walk_forward_gen.py to walk_forward_gen.cpython-310.pyc
[3.410s] byte-compiling /home/paulo/edromufu/src/movement/Ros2_change/install/movement_functions/lib/python3.10/site-packages/movement_functions/rotate_cc_ccw_gen.py to rotate_cc_ccw_gen.cpython-310.pyc
[3.410s] running install_data
[3.410s] creating /home/paulo/edromufu/src/movement/Ros2_change/install/movement_functions/share/ament_index
[3.410s] creating /home/paulo/edromufu/src/movement/Ros2_change/install/movement_functions/share/ament_index/resource_index
[3.410s] creating /home/paulo/edromufu/src/movement/Ros2_change/install/movement_functions/share/ament_index/resource_index/packages
[3.410s] copying resource/movement_functions -> /home/paulo/edromufu/src/movement/Ros2_change/install/movement_functions/share/ament_index/resource_index/packages
[3.410s] copying package.xml -> /home/paulo/edromufu/src/movement/Ros2_change/install/movement_functions/share/movement_functions
[3.410s] running install_egg_info
[3.415s] Copying ../../build/movement_functions/movement_functions.egg-info to /home/paulo/edromufu/src/movement/Ros2_change/install/movement_functions/lib/python3.10/site-packages/movement_functions-0.0.0-py3.10.egg-info
[3.416s] running install_scripts
[3.442s] writing list of installed files to '/home/paulo/edromufu/src/movement/Ros2_change/build/movement_functions/install.log'
[3.485s] Invoked command in '/home/paulo/edromufu/src/movement/Ros2_change/src/movement_functions' returned '0': AMENT_PREFIX_PATH=/home/paulo/edromufu/src/movement/Ros2_change/install/kinematic_functions:${AMENT_PREFIX_PATH} PYTHONPATH=/home/paulo/edromufu/src/movement/Ros2_change/build/movement_functions/prefix_override:/usr/lib/python3/dist-packages/colcon_core/task/python/colcon_distutils_commands:/home/paulo/edromufu/src/movement/Ros2_change/install/movement_functions/lib/python3.10/site-packages:/home/paulo/edromufu/src/movement/Ros2_change/install/kinematic_functions/lib/python3.10/site-packages:${PYTHONPATH} /usr/bin/python3 -W ignore:setup.py install is deprecated setup.py egg_info --egg-base ../../build/movement_functions build --build-base /home/paulo/edromufu/src/movement/Ros2_change/build/movement_functions/build install --record /home/paulo/edromufu/src/movement/Ros2_change/build/movement_functions/install.log --single-version-externally-managed install_data
