[0.949s] Invoking command in '/home/pedrohperes/edromufu/src/movement/Ros2_change/build/urdf_example': CMAKE_PREFIX_PATH=/opt/ros/humble /usr/bin/cmake /home/pedrohperes/edromufu/src/movement/Ros2_change/src/urdf_example -DCMAKE_INSTALL_PREFIX=/home/pedrohperes/edromufu/src/movement/Ros2_change/install/urdf_example
[1.014s] -- The C compiler identification is GNU 11.4.0
[1.076s] -- The CXX compiler identification is GNU 11.4.0
[1.084s] -- Detecting C compiler ABI info
[1.163s] -- Detecting C compiler ABI info - done
[1.173s] -- Check for working C compiler: /usr/bin/cc - skipped
[1.173s] -- Detecting C compile features
[1.174s] -- Detecting C compile features - done
[1.178s] -- Detecting CXX compiler ABI info
[1.264s] -- Detecting CXX compiler ABI info - done
[1.275s] -- Check for working CXX compiler: /usr/bin/c++ - skipped
[1.275s] -- Detecting CXX compile features
[1.276s] -- Detecting CXX compile features - done
[1.278s] -- Found ament_cmake: 1.3.8 (/opt/ros/humble/share/ament_cmake/cmake)
[1.480s] -- Found Python3: /usr/bin/python3 (found version "3.10.12") found components: Interpreter 
[1.587s] -- Found ament_lint_auto: 0.12.10 (/opt/ros/humble/share/ament_lint_auto/cmake)
[1.692s] -- Added test 'copyright' to check source files copyright and LICENSE
[1.698s] -- Added test 'flake8' to check Python code syntax and style conventions
[1.698s] -- Added test 'lint_cmake' to check CMake code style
[1.698s] -- Added test 'pep257' to check Python code against some of the docstring style conventions in PEP 257
[1.700s] -- Added test 'xmllint' to check XML markup files
[1.702s] -- Configuring done
[1.707s] -- Generating done
[1.709s] -- Build files have been written to: /home/pedrohperes/edromufu/src/movement/Ros2_change/build/urdf_example
[1.716s] Invoked command in '/home/pedrohperes/edromufu/src/movement/Ros2_change/build/urdf_example' returned '0': CMAKE_PREFIX_PATH=/opt/ros/humble /usr/bin/cmake /home/pedrohperes/edromufu/src/movement/Ros2_change/src/urdf_example -DCMAKE_INSTALL_PREFIX=/home/pedrohperes/edromufu/src/movement/Ros2_change/install/urdf_example
[1.719s] Invoking command in '/home/pedrohperes/edromufu/src/movement/Ros2_change/build/urdf_example': CMAKE_PREFIX_PATH=/opt/ros/humble /usr/bin/cmake --build /home/pedrohperes/edromufu/src/movement/Ros2_change/build/urdf_example -- -j12 -l12
[1.757s] Invoked command in '/home/pedrohperes/edromufu/src/movement/Ros2_change/build/urdf_example' returned '0': CMAKE_PREFIX_PATH=/opt/ros/humble /usr/bin/cmake --build /home/pedrohperes/edromufu/src/movement/Ros2_change/build/urdf_example -- -j12 -l12
[1.780s] Invoking command in '/home/pedrohperes/edromufu/src/movement/Ros2_change/build/urdf_example': CMAKE_PREFIX_PATH=/opt/ros/humble /usr/bin/cmake --install /home/pedrohperes/edromufu/src/movement/Ros2_change/build/urdf_example
[1.788s] -- Install configuration: ""
[1.788s] -- Up-to-date: /home/pedrohperes/edromufu/src/movement/Ros2_change/install/urdf_example/share/urdf_example/description
[1.788s] -- Installing: /home/pedrohperes/edromufu/src/movement/Ros2_change/install/urdf_example/share/urdf_example/description/example_robot.urdf.xacro
[1.788s] -- Installing: /home/pedrohperes/edromufu/src/movement/Ros2_change/install/urdf_example/share/urdf_example/description/example_gazebo.xacro
[1.788s] -- Installing: /home/pedrohperes/edromufu/src/movement/Ros2_change/install/urdf_example/share/urdf_example/description/example_include.xacro
[1.788s] -- Up-to-date: /home/pedrohperes/edromufu/src/movement/Ros2_change/install/urdf_example/share/urdf_example/launch
[1.789s] -- Installing: /home/pedrohperes/edromufu/src/movement/Ros2_change/install/urdf_example/share/urdf_example/launch/rsp_sim.launch.py
[1.789s] -- Installing: /home/pedrohperes/edromufu/src/movement/Ros2_change/install/urdf_example/share/urdf_example/launch/rsp.launch.py
[1.789s] -- Up-to-date: /home/pedrohperes/edromufu/src/movement/Ros2_change/install/urdf_example/share/urdf_example/worlds
[1.789s] -- Installing: /home/pedrohperes/edromufu/src/movement/Ros2_change/install/urdf_example/share/urdf_example/worlds/test_world.world
[1.789s] -- Installing: /home/pedrohperes/edromufu/src/movement/Ros2_change/install/urdf_example/share/ament_index/resource_index/package_run_dependencies/urdf_example
[1.790s] -- Installing: /home/pedrohperes/edromufu/src/movement/Ros2_change/install/urdf_example/share/ament_index/resource_index/parent_prefix_path/urdf_example
[1.790s] -- Installing: /home/pedrohperes/edromufu/src/movement/Ros2_change/install/urdf_example/share/urdf_example/environment/ament_prefix_path.sh
[1.790s] -- Installing: /home/pedrohperes/edromufu/src/movement/Ros2_change/install/urdf_example/share/urdf_example/environment/ament_prefix_path.dsv
[1.790s] -- Installing: /home/pedrohperes/edromufu/src/movement/Ros2_change/install/urdf_example/share/urdf_example/environment/path.sh
[1.790s] -- Installing: /home/pedrohperes/edromufu/src/movement/Ros2_change/install/urdf_example/share/urdf_example/environment/path.dsv
[1.790s] -- Installing: /home/pedrohperes/edromufu/src/movement/Ros2_change/install/urdf_example/share/urdf_example/local_setup.bash
[1.790s] -- Installing: /home/pedrohperes/edromufu/src/movement/Ros2_change/install/urdf_example/share/urdf_example/local_setup.sh
[1.791s] -- Installing: /home/pedrohperes/edromufu/src/movement/Ros2_change/install/urdf_example/share/urdf_example/local_setup.zsh
[1.791s] -- Installing: /home/pedrohperes/edromufu/src/movement/Ros2_change/install/urdf_example/share/urdf_example/local_setup.dsv
[1.791s] -- Installing: /home/pedrohperes/edromufu/src/movement/Ros2_change/install/urdf_example/share/urdf_example/package.dsv
[1.791s] -- Installing: /home/pedrohperes/edromufu/src/movement/Ros2_change/install/urdf_example/share/ament_index/resource_index/packages/urdf_example
[1.791s] -- Installing: /home/pedrohperes/edromufu/src/movement/Ros2_change/install/urdf_example/share/urdf_example/cmake/urdf_exampleConfig.cmake
[1.791s] -- Installing: /home/pedrohperes/edromufu/src/movement/Ros2_change/install/urdf_example/share/urdf_example/cmake/urdf_exampleConfig-version.cmake
[1.792s] -- Installing: /home/pedrohperes/edromufu/src/movement/Ros2_change/install/urdf_example/share/urdf_example/package.xml
[1.794s] Invoked command in '/home/pedrohperes/edromufu/src/movement/Ros2_change/build/urdf_example' returned '0': CMAKE_PREFIX_PATH=/opt/ros/humble /usr/bin/cmake --install /home/pedrohperes/edromufu/src/movement/Ros2_change/build/urdf_example
