[1.132s] Invoking command in '/home/pedrohperes/edromufu/src/movement/Ros2_change/src/movement_functions': AMENT_PREFIX_PATH=/home/pedrohperes/edromufu/src/movement/Ros2_change/src/install/kinematic_functions:${AMENT_PREFIX_PATH} PYTHONPATH=/home/pedrohperes/edromufu/src/movement/Ros2_change/src/build/movement_functions/prefix_override:/home/pedrohperes/edromufu/src/movement/Ros2_change/src/install/movement_functions/lib/python3.10/site-packages:/home/pedrohperes/edromufu/src/movement/Ros2_change/src/install/kinematic_functions/lib/python3.10/site-packages:${PYTHONPATH} /usr/bin/python3 -W ignore:setup.py install is deprecated setup.py egg_info --egg-base ../build/movement_functions build --build-base /home/pedrohperes/edromufu/src/movement/Ros2_change/src/build/movement_functions/build install --record /home/pedrohperes/edromufu/src/movement/Ros2_change/src/build/movement_functions/install.log --single-version-externally-managed install_data
[1.410s] running egg_info
[1.411s] writing ../build/movement_functions/movement_functions.egg-info/PKG-INFO
[1.411s] writing dependency_links to ../build/movement_functions/movement_functions.egg-info/dependency_links.txt
[1.411s] writing entry points to ../build/movement_functions/movement_functions.egg-info/entry_points.txt
[1.411s] writing requirements to ../build/movement_functions/movement_functions.egg-info/requires.txt
[1.411s] writing top-level names to ../build/movement_functions/movement_functions.egg-info/top_level.txt
[1.414s] reading manifest file '../build/movement_functions/movement_functions.egg-info/SOURCES.txt'
[1.415s] writing manifest file '../build/movement_functions/movement_functions.egg-info/SOURCES.txt'
[1.415s] running build
[1.415s] running build_py
[1.415s] running install
[1.416s] running install_lib
[1.417s] running install_data
[1.417s] running install_egg_info
[1.419s] removing '/home/pedrohperes/edromufu/src/movement/Ros2_change/src/install/movement_functions/lib/python3.10/site-packages/movement_functions-0.0.0-py3.10.egg-info' (and everything under it)
[1.419s] Copying ../build/movement_functions/movement_functions.egg-info to /home/pedrohperes/edromufu/src/movement/Ros2_change/src/install/movement_functions/lib/python3.10/site-packages/movement_functions-0.0.0-py3.10.egg-info
[1.420s] running install_scripts
[1.440s] writing list of installed files to '/home/pedrohperes/edromufu/src/movement/Ros2_change/src/build/movement_functions/install.log'
[1.462s] Invoked command in '/home/pedrohperes/edromufu/src/movement/Ros2_change/src/movement_functions' returned '0': AMENT_PREFIX_PATH=/home/pedrohperes/edromufu/src/movement/Ros2_change/src/install/kinematic_functions:${AMENT_PREFIX_PATH} PYTHONPATH=/home/pedrohperes/edromufu/src/movement/Ros2_change/src/build/movement_functions/prefix_override:/home/pedrohperes/edromufu/src/movement/Ros2_change/src/install/movement_functions/lib/python3.10/site-packages:/home/pedrohperes/edromufu/src/movement/Ros2_change/src/install/kinematic_functions/lib/python3.10/site-packages:${PYTHONPATH} /usr/bin/python3 -W ignore:setup.py install is deprecated setup.py egg_info --egg-base ../build/movement_functions build --build-base /home/pedrohperes/edromufu/src/movement/Ros2_change/src/build/movement_functions/build install --record /home/pedrohperes/edromufu/src/movement/Ros2_change/src/build/movement_functions/install.log --single-version-externally-managed install_data
