[1.591s] Invoking command in '/home/paulo/edromufu/src/behaviour/GameController': PYTHONPATH=/home/paulo/edromufu/src/behaviour/build/GameController/prefix_override:/usr/lib/python3/dist-packages/colcon_core/task/python/colcon_distutils_commands:/home/paulo/edromufu/src/behaviour/install/GameController/lib/python3.10/site-packages:${PYTHONPATH} /usr/bin/python3 -W ignore:setup.py install is deprecated setup.py egg_info --egg-base ../build/GameController build --build-base /home/paulo/edromufu/src/behaviour/build/GameController/build install --record /home/paulo/edromufu/src/behaviour/build/GameController/install.log --single-version-externally-managed install_data
[1.819s] running egg_info
[1.820s] writing ../build/GameController/GameController.egg-info/PKG-INFO
[1.820s] writing dependency_links to ../build/GameController/GameController.egg-info/dependency_links.txt
[1.820s] writing entry points to ../build/GameController/GameController.egg-info/entry_points.txt
[1.820s] writing requirements to ../build/GameController/GameController.egg-info/requires.txt
[1.820s] writing top-level names to ../build/GameController/GameController.egg-info/top_level.txt
[1.822s] reading manifest file '../build/GameController/GameController.egg-info/SOURCES.txt'
[1.822s] writing manifest file '../build/GameController/GameController.egg-info/SOURCES.txt'
[1.823s] running build
[1.823s] running build_py
[1.823s] copying GameController/connect.py -> /home/paulo/edromufu/src/behaviour/build/GameController/build/lib/GameController
[1.823s] running install
[1.823s] running install_lib
[1.824s] copying /home/paulo/edromufu/src/behaviour/build/GameController/build/lib/GameController/connect.py -> /home/paulo/edromufu/src/behaviour/install/GameController/lib/python3.10/site-packages/GameController
[1.825s] byte-compiling /home/paulo/edromufu/src/behaviour/install/GameController/lib/python3.10/site-packages/GameController/connect.py to connect.cpython-310.pyc
[1.826s] running install_data
[1.826s] running install_egg_info
[1.828s] removing '/home/paulo/edromufu/src/behaviour/install/GameController/lib/python3.10/site-packages/GameController-1.0.0-py3.10.egg-info' (and everything under it)
[1.828s] Copying ../build/GameController/GameController.egg-info to /home/paulo/edromufu/src/behaviour/install/GameController/lib/python3.10/site-packages/GameController-1.0.0-py3.10.egg-info
[1.829s] running install_scripts
[1.848s] Installing gameController script to /home/paulo/edromufu/src/behaviour/install/GameController/lib/GameController
[1.849s] writing list of installed files to '/home/paulo/edromufu/src/behaviour/build/GameController/install.log'
[1.878s] Invoked command in '/home/paulo/edromufu/src/behaviour/GameController' returned '0': PYTHONPATH=/home/paulo/edromufu/src/behaviour/build/GameController/prefix_override:/usr/lib/python3/dist-packages/colcon_core/task/python/colcon_distutils_commands:/home/paulo/edromufu/src/behaviour/install/GameController/lib/python3.10/site-packages:${PYTHONPATH} /usr/bin/python3 -W ignore:setup.py install is deprecated setup.py egg_info --egg-base ../build/GameController build --build-base /home/paulo/edromufu/src/behaviour/build/GameController/build install --record /home/paulo/edromufu/src/behaviour/build/GameController/install.log --single-version-externally-managed install_data
