[1.069s] Invoking command in '/home/pedrohperes/edromufu/src/movement/Ros2_change/src/u2d2_comm': CMAKE_PREFIX_PATH=/home/pedrohperes/edromufu/src/movement/Ros2_change/install/movement_utils:/home/pedrohperes/edromufu/src/movement/Ros2_change/install/urdf_robox:/home/pedrohperes/edromufu/src/movement/Ros2_change/install/urdf_example:/home/pedrohperes/edromufu/src/movement/Ros2_change/install/micro_ros_agent:/home/pedrohperes/edromufu/src/movement/Ros2_change/install/micro_ros_msgs:/home/pedrohperes/edromufu/src/movement/Ros2_change/install/humanoid_visualization PYTHONPATH=/home/pedrohperes/edromufu/src/movement/Ros2_change/build/u2d2_comm/prefix_override:/home/pedrohperes/edromufu/src/movement/Ros2_change/install/u2d2_comm/lib/python3.10/site-packages:${PYTHONPATH} /usr/bin/python3 -W ignore:setup.py install is deprecated setup.py egg_info --egg-base ../../build/u2d2_comm build --build-base /home/pedrohperes/edromufu/src/movement/Ros2_change/build/u2d2_comm/build install --record /home/pedrohperes/edromufu/src/movement/Ros2_change/build/u2d2_comm/install.log --single-version-externally-managed install_data
[1.337s] running egg_info
[1.338s] creating ../../build/u2d2_comm/u2d2_comm.egg-info
[1.338s] writing ../../build/u2d2_comm/u2d2_comm.egg-info/PKG-INFO
[1.338s] writing dependency_links to ../../build/u2d2_comm/u2d2_comm.egg-info/dependency_links.txt
[1.338s] writing entry points to ../../build/u2d2_comm/u2d2_comm.egg-info/entry_points.txt
[1.338s] writing requirements to ../../build/u2d2_comm/u2d2_comm.egg-info/requires.txt
[1.338s] writing top-level names to ../../build/u2d2_comm/u2d2_comm.egg-info/top_level.txt
[1.339s] writing manifest file '../../build/u2d2_comm/u2d2_comm.egg-info/SOURCES.txt'
[1.340s] reading manifest file '../../build/u2d2_comm/u2d2_comm.egg-info/SOURCES.txt'
[1.340s] adding license file 'LICENSE'
[1.341s] writing manifest file '../../build/u2d2_comm/u2d2_comm.egg-info/SOURCES.txt'
[1.341s] running build
[1.341s] running build_py
[1.341s] creating /home/pedrohperes/edromufu/src/movement/Ros2_change/build/u2d2_comm/build
[1.341s] creating /home/pedrohperes/edromufu/src/movement/Ros2_change/build/u2d2_comm/build/lib
[1.341s] creating /home/pedrohperes/edromufu/src/movement/Ros2_change/build/u2d2_comm/build/lib/u2d2_comm
[1.341s] copying u2d2_comm/dynamixel_sdk_comm.py -> /home/pedrohperes/edromufu/src/movement/Ros2_change/build/u2d2_comm/build/lib/u2d2_comm
[1.341s] copying u2d2_comm/dynamixel_sdk_test.py -> /home/pedrohperes/edromufu/src/movement/Ros2_change/build/u2d2_comm/build/lib/u2d2_comm
[1.341s] copying u2d2_comm/__init__.py -> /home/pedrohperes/edromufu/src/movement/Ros2_change/build/u2d2_comm/build/lib/u2d2_comm
[1.342s] running install
[1.342s] running install_lib
[1.342s] creating /home/pedrohperes/edromufu/src/movement/Ros2_change/install/u2d2_comm/lib/python3.10/site-packages/u2d2_comm
[1.342s] copying /home/pedrohperes/edromufu/src/movement/Ros2_change/build/u2d2_comm/build/lib/u2d2_comm/dynamixel_sdk_comm.py -> /home/pedrohperes/edromufu/src/movement/Ros2_change/install/u2d2_comm/lib/python3.10/site-packages/u2d2_comm
[1.342s] copying /home/pedrohperes/edromufu/src/movement/Ros2_change/build/u2d2_comm/build/lib/u2d2_comm/dynamixel_sdk_test.py -> /home/pedrohperes/edromufu/src/movement/Ros2_change/install/u2d2_comm/lib/python3.10/site-packages/u2d2_comm
[1.343s] copying /home/pedrohperes/edromufu/src/movement/Ros2_change/build/u2d2_comm/build/lib/u2d2_comm/__init__.py -> /home/pedrohperes/edromufu/src/movement/Ros2_change/install/u2d2_comm/lib/python3.10/site-packages/u2d2_comm
[1.343s] byte-compiling /home/pedrohperes/edromufu/src/movement/Ros2_change/install/u2d2_comm/lib/python3.10/site-packages/u2d2_comm/dynamixel_sdk_comm.py to dynamixel_sdk_comm.cpython-310.pyc
[1.345s] byte-compiling /home/pedrohperes/edromufu/src/movement/Ros2_change/install/u2d2_comm/lib/python3.10/site-packages/u2d2_comm/dynamixel_sdk_test.py to dynamixel_sdk_test.cpython-310.pyc
[1.346s] byte-compiling /home/pedrohperes/edromufu/src/movement/Ros2_change/install/u2d2_comm/lib/python3.10/site-packages/u2d2_comm/__init__.py to __init__.cpython-310.pyc
[1.346s] running install_data
[1.346s] creating /home/pedrohperes/edromufu/src/movement/Ros2_change/install/u2d2_comm/share/ament_index
[1.346s] creating /home/pedrohperes/edromufu/src/movement/Ros2_change/install/u2d2_comm/share/ament_index/resource_index
[1.346s] creating /home/pedrohperes/edromufu/src/movement/Ros2_change/install/u2d2_comm/share/ament_index/resource_index/packages
[1.346s] copying resource/u2d2_comm -> /home/pedrohperes/edromufu/src/movement/Ros2_change/install/u2d2_comm/share/ament_index/resource_index/packages
[1.346s] copying package.xml -> /home/pedrohperes/edromufu/src/movement/Ros2_change/install/u2d2_comm/share/u2d2_comm
[1.346s] running install_egg_info
[1.348s] Copying ../../build/u2d2_comm/u2d2_comm.egg-info to /home/pedrohperes/edromufu/src/movement/Ros2_change/install/u2d2_comm/lib/python3.10/site-packages/u2d2_comm-0.0.0-py3.10.egg-info
[1.348s] running install_scripts
[1.367s] Installing dynamixel_sdk_comm script to /home/pedrohperes/edromufu/src/movement/Ros2_change/install/u2d2_comm/lib/u2d2_comm
[1.367s] Installing dynamixel_sdk_test script to /home/pedrohperes/edromufu/src/movement/Ros2_change/install/u2d2_comm/lib/u2d2_comm
[1.367s] writing list of installed files to '/home/pedrohperes/edromufu/src/movement/Ros2_change/build/u2d2_comm/install.log'
[1.388s] Invoked command in '/home/pedrohperes/edromufu/src/movement/Ros2_change/src/u2d2_comm' returned '0': CMAKE_PREFIX_PATH=/home/pedrohperes/edromufu/src/movement/Ros2_change/install/movement_utils:/home/pedrohperes/edromufu/src/movement/Ros2_change/install/urdf_robox:/home/pedrohperes/edromufu/src/movement/Ros2_change/install/urdf_example:/home/pedrohperes/edromufu/src/movement/Ros2_change/install/micro_ros_agent:/home/pedrohperes/edromufu/src/movement/Ros2_change/install/micro_ros_msgs:/home/pedrohperes/edromufu/src/movement/Ros2_change/install/humanoid_visualization PYTHONPATH=/home/pedrohperes/edromufu/src/movement/Ros2_change/build/u2d2_comm/prefix_override:/home/pedrohperes/edromufu/src/movement/Ros2_change/install/u2d2_comm/lib/python3.10/site-packages:${PYTHONPATH} /usr/bin/python3 -W ignore:setup.py install is deprecated setup.py egg_info --egg-base ../../build/u2d2_comm build --build-base /home/pedrohperes/edromufu/src/movement/Ros2_change/build/u2d2_comm/build install --record /home/pedrohperes/edromufu/src/movement/Ros2_change/build/u2d2_comm/install.log --single-version-externally-managed install_data
