running egg_info
creating ../build/sensor_observer/sensor_observer.egg-info
writing ../build/sensor_observer/sensor_observer.egg-info/PKG-INFO
writing dependency_links to ../build/sensor_observer/sensor_observer.egg-info/dependency_links.txt
writing entry points to ../build/sensor_observer/sensor_observer.egg-info/entry_points.txt
writing requirements to ../build/sensor_observer/sensor_observer.egg-info/requires.txt
writing top-level names to ../build/sensor_observer/sensor_observer.egg-info/top_level.txt
writing manifest file '../build/sensor_observer/sensor_observer.egg-info/SOURCES.txt'
reading manifest file '../build/sensor_observer/sensor_observer.egg-info/SOURCES.txt'
adding license file 'LICENSE'
writing manifest file '../build/sensor_observer/sensor_observer.egg-info/SOURCES.txt'
running build
running build_py
creating /home/paulo/edromufu/src/behaviour/build/sensor_observer/build
creating /home/paulo/edromufu/src/behaviour/build/sensor_observer/build/lib
creating /home/paulo/edromufu/src/behaviour/build/sensor_observer/build/lib/sensor_observer
copying sensor_observer/__init__.py -> /home/paulo/edromufu/src/behaviour/build/sensor_observer/build/lib/sensor_observer
copying sensor_observer/ros_packer.py -> /home/paulo/edromufu/src/behaviour/build/sensor_observer/build/lib/sensor_observer
copying sensor_observer/neck_interpreter.py -> /home/paulo/edromufu/src/behaviour/build/sensor_observer/build/lib/sensor_observer
copying sensor_observer/fall_interpreter.py -> /home/paulo/edromufu/src/behaviour/build/sensor_observer/build/lib/sensor_observer
copying sensor_observer/ball_interpreter.py -> /home/paulo/edromufu/src/behaviour/build/sensor_observer/build/lib/sensor_observer
running install
running install_lib
creating /home/paulo/edromufu/src/behaviour/install/sensor_observer/lib/python3.10/site-packages/sensor_observer
copying /home/paulo/edromufu/src/behaviour/build/sensor_observer/build/lib/sensor_observer/__init__.py -> /home/paulo/edromufu/src/behaviour/install/sensor_observer/lib/python3.10/site-packages/sensor_observer
copying /home/paulo/edromufu/src/behaviour/build/sensor_observer/build/lib/sensor_observer/ros_packer.py -> /home/paulo/edromufu/src/behaviour/install/sensor_observer/lib/python3.10/site-packages/sensor_observer
copying /home/paulo/edromufu/src/behaviour/build/sensor_observer/build/lib/sensor_observer/neck_interpreter.py -> /home/paulo/edromufu/src/behaviour/install/sensor_observer/lib/python3.10/site-packages/sensor_observer
copying /home/paulo/edromufu/src/behaviour/build/sensor_observer/build/lib/sensor_observer/fall_interpreter.py -> /home/paulo/edromufu/src/behaviour/install/sensor_observer/lib/python3.10/site-packages/sensor_observer
copying /home/paulo/edromufu/src/behaviour/build/sensor_observer/build/lib/sensor_observer/ball_interpreter.py -> /home/paulo/edromufu/src/behaviour/install/sensor_observer/lib/python3.10/site-packages/sensor_observer
byte-compiling /home/paulo/edromufu/src/behaviour/install/sensor_observer/lib/python3.10/site-packages/sensor_observer/__init__.py to __init__.cpython-310.pyc
byte-compiling /home/paulo/edromufu/src/behaviour/install/sensor_observer/lib/python3.10/site-packages/sensor_observer/ros_packer.py to ros_packer.cpython-310.pyc
byte-compiling /home/paulo/edromufu/src/behaviour/install/sensor_observer/lib/python3.10/site-packages/sensor_observer/neck_interpreter.py to neck_interpreter.cpython-310.pyc
byte-compiling /home/paulo/edromufu/src/behaviour/install/sensor_observer/lib/python3.10/site-packages/sensor_observer/fall_interpreter.py to fall_interpreter.cpython-310.pyc
byte-compiling /home/paulo/edromufu/src/behaviour/install/sensor_observer/lib/python3.10/site-packages/sensor_observer/ball_interpreter.py to ball_interpreter.cpython-310.pyc
running install_data
creating /home/paulo/edromufu/src/behaviour/install/sensor_observer/share/ament_index
creating /home/paulo/edromufu/src/behaviour/install/sensor_observer/share/ament_index/resource_index
creating /home/paulo/edromufu/src/behaviour/install/sensor_observer/share/ament_index/resource_index/packages
copying resource/sensor_observer -> /home/paulo/edromufu/src/behaviour/install/sensor_observer/share/ament_index/resource_index/packages
copying package.xml -> /home/paulo/edromufu/src/behaviour/install/sensor_observer/share/sensor_observer
running install_egg_info
Copying ../build/sensor_observer/sensor_observer.egg-info to /home/paulo/edromufu/src/behaviour/install/sensor_observer/lib/python3.10/site-packages/sensor_observer-0.0.0-py3.10.egg-info
running install_scripts
Installing ball_interpreter script to /home/paulo/edromufu/src/behaviour/install/sensor_observer/lib/sensor_observer
Installing fall_interpreter script to /home/paulo/edromufu/src/behaviour/install/sensor_observer/lib/sensor_observer
Installing neck_interpreter script to /home/paulo/edromufu/src/behaviour/install/sensor_observer/lib/sensor_observer
Installing ros_packer script to /home/paulo/edromufu/src/behaviour/install/sensor_observer/lib/sensor_observer
writing list of installed files to '/home/paulo/edromufu/src/behaviour/build/sensor_observer/install.log'
