[2.264s] Invoking command in '/home/paulo/edromufu/src/movement/Ros2_change/src/humanoid_definition': AMENT_PREFIX_PATH=/home/paulo/edromufu/src/movement/Ros2_change/install/kinematic_functions:${AMENT_PREFIX_PATH} PYTHONPATH=/home/paulo/edromufu/src/movement/Ros2_change/build/humanoid_definition/prefix_override:/usr/lib/python3/dist-packages/colcon_core/task/python/colcon_distutils_commands:/home/paulo/edromufu/src/movement/Ros2_change/install/humanoid_definition/lib/python3.10/site-packages:/home/paulo/edromufu/src/movement/Ros2_change/install/kinematic_functions/lib/python3.10/site-packages:${PYTHONPATH} /usr/bin/python3 -W ignore:setup.py install is deprecated setup.py egg_info --egg-base ../../build/humanoid_definition build --build-base /home/paulo/edromufu/src/movement/Ros2_change/build/humanoid_definition/build install --record /home/paulo/edromufu/src/movement/Ros2_change/build/humanoid_definition/install.log --single-version-externally-managed install_data
[3.034s] running egg_info
[3.038s] writing ../../build/humanoid_definition/humanoid_definition.egg-info/PKG-INFO
[3.038s] writing dependency_links to ../../build/humanoid_definition/humanoid_definition.egg-info/dependency_links.txt
[3.040s] writing entry points to ../../build/humanoid_definition/humanoid_definition.egg-info/entry_points.txt
[3.040s] writing requirements to ../../build/humanoid_definition/humanoid_definition.egg-info/requires.txt
[3.041s] writing top-level names to ../../build/humanoid_definition/humanoid_definition.egg-info/top_level.txt
[3.047s] reading manifest file '../../build/humanoid_definition/humanoid_definition.egg-info/SOURCES.txt'
[3.048s] writing manifest file '../../build/humanoid_definition/humanoid_definition.egg-info/SOURCES.txt'
[3.052s] running build
[3.053s] running build_py
[3.053s] copying humanoid_definition/__init__.py -> /home/paulo/edromufu/src/movement/Ros2_change/build/humanoid_definition/build/lib/humanoid_definition
[3.053s] copying humanoid_definition/joint.py -> /home/paulo/edromufu/src/movement/Ros2_change/build/humanoid_definition/build/lib/humanoid_definition
[3.061s] copying humanoid_definition/setup_robot.py -> /home/paulo/edromufu/src/movement/Ros2_change/build/humanoid_definition/build/lib/humanoid_definition
[3.062s] running install
[3.068s] running install_lib
[3.072s] creating /home/paulo/edromufu/src/movement/Ros2_change/install/humanoid_definition/lib/python3.10/site-packages/humanoid_definition
[3.073s] copying /home/paulo/edromufu/src/movement/Ros2_change/build/humanoid_definition/build/lib/humanoid_definition/__init__.py -> /home/paulo/edromufu/src/movement/Ros2_change/install/humanoid_definition/lib/python3.10/site-packages/humanoid_definition
[3.076s] copying /home/paulo/edromufu/src/movement/Ros2_change/build/humanoid_definition/build/lib/humanoid_definition/joint.py -> /home/paulo/edromufu/src/movement/Ros2_change/install/humanoid_definition/lib/python3.10/site-packages/humanoid_definition
[3.077s] copying /home/paulo/edromufu/src/movement/Ros2_change/build/humanoid_definition/build/lib/humanoid_definition/setup_robot.py -> /home/paulo/edromufu/src/movement/Ros2_change/install/humanoid_definition/lib/python3.10/site-packages/humanoid_definition
[3.077s] byte-compiling /home/paulo/edromufu/src/movement/Ros2_change/install/humanoid_definition/lib/python3.10/site-packages/humanoid_definition/__init__.py to __init__.cpython-310.pyc
[3.077s] byte-compiling /home/paulo/edromufu/src/movement/Ros2_change/install/humanoid_definition/lib/python3.10/site-packages/humanoid_definition/joint.py to joint.cpython-310.pyc
[3.077s] byte-compiling /home/paulo/edromufu/src/movement/Ros2_change/install/humanoid_definition/lib/python3.10/site-packages/humanoid_definition/setup_robot.py to setup_robot.cpython-310.pyc
[3.080s] running install_data
[3.080s] creating /home/paulo/edromufu/src/movement/Ros2_change/install/humanoid_definition/share/ament_index
[3.080s] creating /home/paulo/edromufu/src/movement/Ros2_change/install/humanoid_definition/share/ament_index/resource_index
[3.080s] creating /home/paulo/edromufu/src/movement/Ros2_change/install/humanoid_definition/share/ament_index/resource_index/packages
[3.080s] copying resource/humanoid_definition -> /home/paulo/edromufu/src/movement/Ros2_change/install/humanoid_definition/share/ament_index/resource_index/packages
[3.080s] copying package.xml -> /home/paulo/edromufu/src/movement/Ros2_change/install/humanoid_definition/share/humanoid_definition
[3.080s] running install_egg_info
[3.090s] Copying ../../build/humanoid_definition/humanoid_definition.egg-info to /home/paulo/edromufu/src/movement/Ros2_change/install/humanoid_definition/lib/python3.10/site-packages/humanoid_definition-0.0.0-py3.10.egg-info
[3.095s] running install_scripts
[3.152s] writing list of installed files to '/home/paulo/edromufu/src/movement/Ros2_change/build/humanoid_definition/install.log'
[3.251s] Invoked command in '/home/paulo/edromufu/src/movement/Ros2_change/src/humanoid_definition' returned '0': AMENT_PREFIX_PATH=/home/paulo/edromufu/src/movement/Ros2_change/install/kinematic_functions:${AMENT_PREFIX_PATH} PYTHONPATH=/home/paulo/edromufu/src/movement/Ros2_change/build/humanoid_definition/prefix_override:/usr/lib/python3/dist-packages/colcon_core/task/python/colcon_distutils_commands:/home/paulo/edromufu/src/movement/Ros2_change/install/humanoid_definition/lib/python3.10/site-packages:/home/paulo/edromufu/src/movement/Ros2_change/install/kinematic_functions/lib/python3.10/site-packages:${PYTHONPATH} /usr/bin/python3 -W ignore:setup.py install is deprecated setup.py egg_info --egg-base ../../build/humanoid_definition build --build-base /home/paulo/edromufu/src/movement/Ros2_change/build/humanoid_definition/build install --record /home/paulo/edromufu/src/movement/Ros2_change/build/humanoid_definition/install.log --single-version-externally-managed install_data
