[1.608s] Invoking command in '/home/pedrohperes/edromufu/src/movement/Ros2_change/src/u2d2_comm': CMAKE_PREFIX_PATH=/home/pedrohperes/edromufu/src/movement/Ros2_change/install/movement_utils:/home/pedrohperes/edromufu/src/movement/Ros2_change/install/urdf_robox:/home/pedrohperes/edromufu/src/movement/Ros2_change/install/urdf_example:/home/pedrohperes/edromufu/src/movement/Ros2_change/install/micro_ros_agent:/home/pedrohperes/edromufu/src/movement/Ros2_change/install/micro_ros_msgs:/home/pedrohperes/edromufu/src/movement/Ros2_change/install/humanoid_visualization PYTHONPATH=/home/pedrohperes/edromufu/src/movement/Ros2_change/build/u2d2_comm/prefix_override:/home/pedrohperes/edromufu/src/movement/Ros2_change/install/u2d2_comm/lib/python3.10/site-packages:${PYTHONPATH} /usr/bin/python3 -W ignore:setup.py install is deprecated setup.py egg_info --egg-base ../../build/u2d2_comm build --build-base /home/pedrohperes/edromufu/src/movement/Ros2_change/build/u2d2_comm/build install --record /home/pedrohperes/edromufu/src/movement/Ros2_change/build/u2d2_comm/install.log --single-version-externally-managed install_data
[1.876s] running egg_info
[1.877s] writing ../../build/u2d2_comm/u2d2_comm.egg-info/PKG-INFO
[1.877s] writing dependency_links to ../../build/u2d2_comm/u2d2_comm.egg-info/dependency_links.txt
[1.877s] writing entry points to ../../build/u2d2_comm/u2d2_comm.egg-info/entry_points.txt
[1.877s] writing requirements to ../../build/u2d2_comm/u2d2_comm.egg-info/requires.txt
[1.878s] writing top-level names to ../../build/u2d2_comm/u2d2_comm.egg-info/top_level.txt
[1.879s] reading manifest file '../../build/u2d2_comm/u2d2_comm.egg-info/SOURCES.txt'
[1.879s] adding license file 'LICENSE'
[1.880s] writing manifest file '../../build/u2d2_comm/u2d2_comm.egg-info/SOURCES.txt'
[1.880s] running build
[1.880s] running build_py
[1.881s] running install
[1.881s] running install_lib
[1.882s] running install_data
[1.882s] running install_egg_info
[1.884s] removing '/home/pedrohperes/edromufu/src/movement/Ros2_change/install/u2d2_comm/lib/python3.10/site-packages/u2d2_comm-0.0.0-py3.10.egg-info' (and everything under it)
[1.884s] Copying ../../build/u2d2_comm/u2d2_comm.egg-info to /home/pedrohperes/edromufu/src/movement/Ros2_change/install/u2d2_comm/lib/python3.10/site-packages/u2d2_comm-0.0.0-py3.10.egg-info
[1.885s] running install_scripts
[1.905s] Installing dynamixel_sdk_comm script to /home/pedrohperes/edromufu/src/movement/Ros2_change/install/u2d2_comm/lib/u2d2_comm
[1.905s] Installing dynamixel_sdk_test script to /home/pedrohperes/edromufu/src/movement/Ros2_change/install/u2d2_comm/lib/u2d2_comm
[1.905s] writing list of installed files to '/home/pedrohperes/edromufu/src/movement/Ros2_change/build/u2d2_comm/install.log'
[1.931s] Invoked command in '/home/pedrohperes/edromufu/src/movement/Ros2_change/src/u2d2_comm' returned '0': CMAKE_PREFIX_PATH=/home/pedrohperes/edromufu/src/movement/Ros2_change/install/movement_utils:/home/pedrohperes/edromufu/src/movement/Ros2_change/install/urdf_robox:/home/pedrohperes/edromufu/src/movement/Ros2_change/install/urdf_example:/home/pedrohperes/edromufu/src/movement/Ros2_change/install/micro_ros_agent:/home/pedrohperes/edromufu/src/movement/Ros2_change/install/micro_ros_msgs:/home/pedrohperes/edromufu/src/movement/Ros2_change/install/humanoid_visualization PYTHONPATH=/home/pedrohperes/edromufu/src/movement/Ros2_change/build/u2d2_comm/prefix_override:/home/pedrohperes/edromufu/src/movement/Ros2_change/install/u2d2_comm/lib/python3.10/site-packages:${PYTHONPATH} /usr/bin/python3 -W ignore:setup.py install is deprecated setup.py egg_info --egg-base ../../build/u2d2_comm build --build-base /home/pedrohperes/edromufu/src/movement/Ros2_change/build/u2d2_comm/build install --record /home/pedrohperes/edromufu/src/movement/Ros2_change/build/u2d2_comm/install.log --single-version-externally-managed install_data
