[0.529s] Invoking command in '/home/edrom-mini/edromufu/src/movement/Ros2_change/build/humanoid_visualization': CMAKE_PREFIX_PATH=/opt/ros/humble /home/edrom-mini/.local/bin/cmake /home/edrom-mini/edromufu/src/movement/Ros2_change/src/humanoid_visualization -DCMAKE_INSTALL_PREFIX=/home/edrom-mini/edromufu/src/movement/Ros2_change/install/humanoid_visualization
[0.679s] -- The C compiler identification is GNU 11.4.0
[0.748s] -- The CXX compiler identification is GNU 11.4.0
[0.762s] -- Detecting C compiler ABI info
[0.843s] -- Detecting C compiler ABI info - done
[0.870s] -- Check for working C compiler: /usr/bin/cc - skipped
[0.871s] -- Detecting C compile features
[0.871s] -- Detecting C compile features - done
[0.877s] -- Detecting CXX compiler ABI info
[0.981s] -- Detecting CXX compiler ABI info - done
[1.008s] -- Check for working CXX compiler: /usr/bin/c++ - skipped
[1.009s] -- Detecting CXX compile features
[1.010s] -- Detecting CXX compile features - done
[1.015s] -- Found ament_cmake: 1.3.8 (/opt/ros/humble/share/ament_cmake/cmake)
[1.218s] -- Found Python3: /usr/bin/python3 (found version "3.10.12") found components: Interpreter
[1.342s] -- Found ament_lint_auto: 0.12.10 (/opt/ros/humble/share/ament_lint_auto/cmake)
[1.467s] -- Added test 'flake8' to check Python code syntax and style conventions
[1.469s] -- Added test 'lint_cmake' to check CMake code style
[1.470s] -- Added test 'pep257' to check Python code against some of the docstring style conventions in PEP 257
[1.473s] -- Added test 'xmllint' to check XML markup files
[1.476s] -- Configuring done (0.9s)
[1.480s] -- Generating done (0.0s)
[1.482s] -- Build files have been written to: /home/edrom-mini/edromufu/src/movement/Ros2_change/build/humanoid_visualization
[1.525s] Invoked command in '/home/edrom-mini/edromufu/src/movement/Ros2_change/build/humanoid_visualization' returned '0': CMAKE_PREFIX_PATH=/opt/ros/humble /home/edrom-mini/.local/bin/cmake /home/edrom-mini/edromufu/src/movement/Ros2_change/src/humanoid_visualization -DCMAKE_INSTALL_PREFIX=/home/edrom-mini/edromufu/src/movement/Ros2_change/install/humanoid_visualization
[1.526s] Invoking command in '/home/edrom-mini/edromufu/src/movement/Ros2_change/build/humanoid_visualization': CMAKE_PREFIX_PATH=/opt/ros/humble /home/edrom-mini/.local/bin/cmake --build /home/edrom-mini/edromufu/src/movement/Ros2_change/build/humanoid_visualization -- -j4 -l4
[2.126s] Invoked command in '/home/edrom-mini/edromufu/src/movement/Ros2_change/build/humanoid_visualization' returned '0': CMAKE_PREFIX_PATH=/opt/ros/humble /home/edrom-mini/.local/bin/cmake --build /home/edrom-mini/edromufu/src/movement/Ros2_change/build/humanoid_visualization -- -j4 -l4
[2.391s] Invoking command in '/home/edrom-mini/edromufu/src/movement/Ros2_change/build/humanoid_visualization': CMAKE_PREFIX_PATH=/opt/ros/humble /home/edrom-mini/.local/bin/cmake --install /home/edrom-mini/edromufu/src/movement/Ros2_change/build/humanoid_visualization
[2.507s] -- Install configuration: ""
[2.507s] -- Up-to-date: /home/edrom-mini/edromufu/src/movement/Ros2_change/install/humanoid_visualization/share/humanoid_visualization//launch
[2.507s] -- Installing: /home/edrom-mini/edromufu/src/movement/Ros2_change/install/humanoid_visualization/share/humanoid_visualization//launch/display.launch.py
[2.508s] -- Installing: /home/edrom-mini/edromufu/src/movement/Ros2_change/install/humanoid_visualization/share/ament_index/resource_index/package_run_dependencies/humanoid_visualization
[2.509s] -- Installing: /home/edrom-mini/edromufu/src/movement/Ros2_change/install/humanoid_visualization/share/ament_index/resource_index/parent_prefix_path/humanoid_visualization
[2.509s] -- Installing: /home/edrom-mini/edromufu/src/movement/Ros2_change/install/humanoid_visualization/share/humanoid_visualization/environment/ament_prefix_path.sh
[2.510s] -- Installing: /home/edrom-mini/edromufu/src/movement/Ros2_change/install/humanoid_visualization/share/humanoid_visualization/environment/ament_prefix_path.dsv
[2.510s] -- Installing: /home/edrom-mini/edromufu/src/movement/Ros2_change/install/humanoid_visualization/share/humanoid_visualization/environment/path.sh
[2.511s] -- Installing: /home/edrom-mini/edromufu/src/movement/Ros2_change/install/humanoid_visualization/share/humanoid_visualization/environment/path.dsv
[2.511s] -- Installing: /home/edrom-mini/edromufu/src/movement/Ros2_change/install/humanoid_visualization/share/humanoid_visualization/local_setup.bash
[2.512s] -- Installing: /home/edrom-mini/edromufu/src/movement/Ros2_change/install/humanoid_visualization/share/humanoid_visualization/local_setup.sh
[2.512s] -- Installing: /home/edrom-mini/edromufu/src/movement/Ros2_change/install/humanoid_visualization/share/humanoid_visualization/local_setup.zsh
[2.513s] -- Installing: /home/edrom-mini/edromufu/src/movement/Ros2_change/install/humanoid_visualization/share/humanoid_visualization/local_setup.dsv
[2.513s] -- Installing: /home/edrom-mini/edromufu/src/movement/Ros2_change/install/humanoid_visualization/share/humanoid_visualization/package.dsv
[2.514s] -- Installing: /home/edrom-mini/edromufu/src/movement/Ros2_change/install/humanoid_visualization/share/ament_index/resource_index/packages/humanoid_visualization
[2.514s] -- Installing: /home/edrom-mini/edromufu/src/movement/Ros2_change/install/humanoid_visualization/share/humanoid_visualization/cmake/humanoid_visualizationConfig.cmake
[2.515s] -- Installing: /home/edrom-mini/edromufu/src/movement/Ros2_change/install/humanoid_visualization/share/humanoid_visualization/cmake/humanoid_visualizationConfig-version.cmake
[2.515s] -- Installing: /home/edrom-mini/edromufu/src/movement/Ros2_change/install/humanoid_visualization/share/humanoid_visualization/package.xml
[2.543s] Invoked command in '/home/edrom-mini/edromufu/src/movement/Ros2_change/build/humanoid_visualization' returned '0': CMAKE_PREFIX_PATH=/opt/ros/humble /home/edrom-mini/.local/bin/cmake --install /home/edrom-mini/edromufu/src/movement/Ros2_change/build/humanoid_visualization
