[0.925s] Invoking command in '/home/paulo/edromufu/src/movement/Ros2_change/src/erro_package': PYTHONPATH=/home/paulo/edromufu/src/movement/Ros2_change/build/erro_package/prefix_override:/usr/lib/python3/dist-packages/colcon_core/task/python/colcon_distutils_commands:/home/paulo/edromufu/src/movement/Ros2_change/install/erro_package/lib/python3.10/site-packages:${PYTHONPATH} /usr/bin/python3 -W ignore:setup.py install is deprecated setup.py egg_info --egg-base ../../build/erro_package build --build-base /home/paulo/edromufu/src/movement/Ros2_change/build/erro_package/build install --record /home/paulo/edromufu/src/movement/Ros2_change/build/erro_package/install.log --single-version-externally-managed install_data
[1.122s] running egg_info
[1.122s] writing ../../build/erro_package/erro_package.egg-info/PKG-INFO
[1.122s] writing dependency_links to ../../build/erro_package/erro_package.egg-info/dependency_links.txt
[1.122s] writing entry points to ../../build/erro_package/erro_package.egg-info/entry_points.txt
[1.123s] writing requirements to ../../build/erro_package/erro_package.egg-info/requires.txt
[1.123s] writing top-level names to ../../build/erro_package/erro_package.egg-info/top_level.txt
[1.124s] reading manifest file '../../build/erro_package/erro_package.egg-info/SOURCES.txt'
[1.124s] writing manifest file '../../build/erro_package/erro_package.egg-info/SOURCES.txt'
[1.124s] running build
[1.125s] running build_py
[1.125s] copying erro_package/erro_publisher.py -> /home/paulo/edromufu/src/movement/Ros2_change/build/erro_package/build/lib/erro_package
[1.125s] running install
[1.125s] running install_lib
[1.125s] copying /home/paulo/edromufu/src/movement/Ros2_change/build/erro_package/build/lib/erro_package/erro_publisher.py -> /home/paulo/edromufu/src/movement/Ros2_change/install/erro_package/lib/python3.10/site-packages/erro_package
[1.126s] byte-compiling /home/paulo/edromufu/src/movement/Ros2_change/install/erro_package/lib/python3.10/site-packages/erro_package/erro_publisher.py to erro_publisher.cpython-310.pyc
[1.127s] running install_data
[1.127s] running install_egg_info
[1.128s] removing '/home/paulo/edromufu/src/movement/Ros2_change/install/erro_package/lib/python3.10/site-packages/erro_package-0.0.0-py3.10.egg-info' (and everything under it)
[1.128s] Copying ../../build/erro_package/erro_package.egg-info to /home/paulo/edromufu/src/movement/Ros2_change/install/erro_package/lib/python3.10/site-packages/erro_package-0.0.0-py3.10.egg-info
[1.129s] running install_scripts
[1.145s] Installing erro_publisher script to /home/paulo/edromufu/src/movement/Ros2_change/install/erro_package/lib/erro_package
[1.145s] writing list of installed files to '/home/paulo/edromufu/src/movement/Ros2_change/build/erro_package/install.log'
[1.412s] Invoked command in '/home/paulo/edromufu/src/movement/Ros2_change/src/erro_package' returned '0': PYTHONPATH=/home/paulo/edromufu/src/movement/Ros2_change/build/erro_package/prefix_override:/usr/lib/python3/dist-packages/colcon_core/task/python/colcon_distutils_commands:/home/paulo/edromufu/src/movement/Ros2_change/install/erro_package/lib/python3.10/site-packages:${PYTHONPATH} /usr/bin/python3 -W ignore:setup.py install is deprecated setup.py egg_info --egg-base ../../build/erro_package build --build-base /home/paulo/edromufu/src/movement/Ros2_change/build/erro_package/build install --record /home/paulo/edromufu/src/movement/Ros2_change/build/erro_package/install.log --single-version-externally-managed install_data
