[1.099s] Invoking command in '/home/pedrohperes/edromufu/src/movement/Ros2_change/src/movement_functions': AMENT_PREFIX_PATH=/home/pedrohperes/edromufu/src/movement/Ros2_change/src/install/kinematic_functions:${AMENT_PREFIX_PATH} PYTHONPATH=/home/pedrohperes/edromufu/src/movement/Ros2_change/src/build/movement_functions/prefix_override:/home/pedrohperes/edromufu/src/movement/Ros2_change/src/install/movement_functions/lib/python3.10/site-packages:/home/pedrohperes/edromufu/src/movement/Ros2_change/src/install/kinematic_functions/lib/python3.10/site-packages:${PYTHONPATH} /usr/bin/python3 -W ignore:setup.py install is deprecated setup.py egg_info --egg-base ../build/movement_functions build --build-base /home/pedrohperes/edromufu/src/movement/Ros2_change/src/build/movement_functions/build install --record /home/pedrohperes/edromufu/src/movement/Ros2_change/src/build/movement_functions/install.log --single-version-externally-managed install_data
[1.370s] running egg_info
[1.370s] creating ../build/movement_functions/movement_functions.egg-info
[1.370s] writing ../build/movement_functions/movement_functions.egg-info/PKG-INFO
[1.371s] writing dependency_links to ../build/movement_functions/movement_functions.egg-info/dependency_links.txt
[1.371s] writing entry points to ../build/movement_functions/movement_functions.egg-info/entry_points.txt
[1.371s] writing requirements to ../build/movement_functions/movement_functions.egg-info/requires.txt
[1.371s] writing top-level names to ../build/movement_functions/movement_functions.egg-info/top_level.txt
[1.371s] writing manifest file '../build/movement_functions/movement_functions.egg-info/SOURCES.txt'
[1.373s] reading manifest file '../build/movement_functions/movement_functions.egg-info/SOURCES.txt'
[1.377s] writing manifest file '../build/movement_functions/movement_functions.egg-info/SOURCES.txt'
[1.377s] running build
[1.377s] running build_py
[1.377s] creating /home/pedrohperes/edromufu/src/movement/Ros2_change/src/build/movement_functions/build
[1.377s] creating /home/pedrohperes/edromufu/src/movement/Ros2_change/src/build/movement_functions/build/lib
[1.377s] creating /home/pedrohperes/edromufu/src/movement/Ros2_change/src/build/movement_functions/build/lib/movement_functions
[1.378s] copying movement_functions/rotate_cc_ccw_gen.py -> /home/pedrohperes/edromufu/src/movement/Ros2_change/src/build/movement_functions/build/lib/movement_functions
[1.378s] copying movement_functions/__init__.py -> /home/pedrohperes/edromufu/src/movement/Ros2_change/src/build/movement_functions/build/lib/movement_functions
[1.378s] copying movement_functions/gait_gen.py -> /home/pedrohperes/edromufu/src/movement/Ros2_change/src/build/movement_functions/build/lib/movement_functions
[1.378s] copying movement_functions/walk_forward_gen.py -> /home/pedrohperes/edromufu/src/movement/Ros2_change/src/build/movement_functions/build/lib/movement_functions
[1.378s] running install
[1.378s] running install_lib
[1.380s] creating /home/pedrohperes/edromufu/src/movement/Ros2_change/src/install/movement_functions/lib/python3.10/site-packages/movement_functions
[1.380s] copying /home/pedrohperes/edromufu/src/movement/Ros2_change/src/build/movement_functions/build/lib/movement_functions/rotate_cc_ccw_gen.py -> /home/pedrohperes/edromufu/src/movement/Ros2_change/src/install/movement_functions/lib/python3.10/site-packages/movement_functions
[1.380s] copying /home/pedrohperes/edromufu/src/movement/Ros2_change/src/build/movement_functions/build/lib/movement_functions/__init__.py -> /home/pedrohperes/edromufu/src/movement/Ros2_change/src/install/movement_functions/lib/python3.10/site-packages/movement_functions
[1.380s] copying /home/pedrohperes/edromufu/src/movement/Ros2_change/src/build/movement_functions/build/lib/movement_functions/gait_gen.py -> /home/pedrohperes/edromufu/src/movement/Ros2_change/src/install/movement_functions/lib/python3.10/site-packages/movement_functions
[1.380s] copying /home/pedrohperes/edromufu/src/movement/Ros2_change/src/build/movement_functions/build/lib/movement_functions/walk_forward_gen.py -> /home/pedrohperes/edromufu/src/movement/Ros2_change/src/install/movement_functions/lib/python3.10/site-packages/movement_functions
[1.381s] byte-compiling /home/pedrohperes/edromufu/src/movement/Ros2_change/src/install/movement_functions/lib/python3.10/site-packages/movement_functions/rotate_cc_ccw_gen.py to rotate_cc_ccw_gen.cpython-310.pyc
[1.381s] byte-compiling /home/pedrohperes/edromufu/src/movement/Ros2_change/src/install/movement_functions/lib/python3.10/site-packages/movement_functions/__init__.py to __init__.cpython-310.pyc
[1.381s] byte-compiling /home/pedrohperes/edromufu/src/movement/Ros2_change/src/install/movement_functions/lib/python3.10/site-packages/movement_functions/gait_gen.py to gait_gen.cpython-310.pyc
[1.382s] byte-compiling /home/pedrohperes/edromufu/src/movement/Ros2_change/src/install/movement_functions/lib/python3.10/site-packages/movement_functions/walk_forward_gen.py to walk_forward_gen.cpython-310.pyc
[1.389s] running install_data
[1.389s] creating /home/pedrohperes/edromufu/src/movement/Ros2_change/src/install/movement_functions/share/ament_index
[1.389s] creating /home/pedrohperes/edromufu/src/movement/Ros2_change/src/install/movement_functions/share/ament_index/resource_index
[1.389s] creating /home/pedrohperes/edromufu/src/movement/Ros2_change/src/install/movement_functions/share/ament_index/resource_index/packages
[1.389s] copying resource/movement_functions -> /home/pedrohperes/edromufu/src/movement/Ros2_change/src/install/movement_functions/share/ament_index/resource_index/packages
[1.389s] copying package.xml -> /home/pedrohperes/edromufu/src/movement/Ros2_change/src/install/movement_functions/share/movement_functions
[1.389s] running install_egg_info
[1.389s] Copying ../build/movement_functions/movement_functions.egg-info to /home/pedrohperes/edromufu/src/movement/Ros2_change/src/install/movement_functions/lib/python3.10/site-packages/movement_functions-0.0.0-py3.10.egg-info
[1.390s] running install_scripts
[1.417s] writing list of installed files to '/home/pedrohperes/edromufu/src/movement/Ros2_change/src/build/movement_functions/install.log'
[1.465s] Invoked command in '/home/pedrohperes/edromufu/src/movement/Ros2_change/src/movement_functions' returned '0': AMENT_PREFIX_PATH=/home/pedrohperes/edromufu/src/movement/Ros2_change/src/install/kinematic_functions:${AMENT_PREFIX_PATH} PYTHONPATH=/home/pedrohperes/edromufu/src/movement/Ros2_change/src/build/movement_functions/prefix_override:/home/pedrohperes/edromufu/src/movement/Ros2_change/src/install/movement_functions/lib/python3.10/site-packages:/home/pedrohperes/edromufu/src/movement/Ros2_change/src/install/kinematic_functions/lib/python3.10/site-packages:${PYTHONPATH} /usr/bin/python3 -W ignore:setup.py install is deprecated setup.py egg_info --egg-base ../build/movement_functions build --build-base /home/pedrohperes/edromufu/src/movement/Ros2_change/src/build/movement_functions/build install --record /home/pedrohperes/edromufu/src/movement/Ros2_change/src/build/movement_functions/install.log --single-version-externally-managed install_data
