[0.952s] Invoking command in '/home/edrom-mini/edromufu/src/movement/Ros2_change/src/movement_functions': AMENT_PREFIX_PATH=/home/edrom-mini/edromufu/src/movement/Ros2_change/install/kinematic_functions:${AMENT_PREFIX_PATH} PYTHONPATH=/home/edrom-mini/edromufu/src/movement/Ros2_change/build/movement_functions/prefix_override:/home/edrom-mini/edromufu/src/movement/Ros2_change/install/movement_functions/lib/python3.10/site-packages:/home/edrom-mini/edromufu/src/movement/Ros2_change/install/kinematic_functions/lib/python3.10/site-packages:${PYTHONPATH} /usr/bin/python3 -W ignore:setup.py install is deprecated setup.py egg_info --egg-base ../../build/movement_functions build --build-base /home/edrom-mini/edromufu/src/movement/Ros2_change/build/movement_functions/build install --record /home/edrom-mini/edromufu/src/movement/Ros2_change/build/movement_functions/install.log --single-version-externally-managed install_data
[1.323s] running egg_info
[1.324s] creating ../../build/movement_functions/movement_functions.egg-info
[1.324s] writing ../../build/movement_functions/movement_functions.egg-info/PKG-INFO
[1.324s] writing dependency_links to ../../build/movement_functions/movement_functions.egg-info/dependency_links.txt
[1.324s] writing entry points to ../../build/movement_functions/movement_functions.egg-info/entry_points.txt
[1.327s] writing requirements to ../../build/movement_functions/movement_functions.egg-info/requires.txt
[1.327s] writing top-level names to ../../build/movement_functions/movement_functions.egg-info/top_level.txt
[1.327s] writing manifest file '../../build/movement_functions/movement_functions.egg-info/SOURCES.txt'
[1.327s] reading manifest file '../../build/movement_functions/movement_functions.egg-info/SOURCES.txt'
[1.329s] writing manifest file '../../build/movement_functions/movement_functions.egg-info/SOURCES.txt'
[1.329s] running build
[1.329s] running build_py
[1.329s] creating /home/edrom-mini/edromufu/src/movement/Ros2_change/build/movement_functions/build
[1.329s] creating /home/edrom-mini/edromufu/src/movement/Ros2_change/build/movement_functions/build/lib
[1.329s] creating /home/edrom-mini/edromufu/src/movement/Ros2_change/build/movement_functions/build/lib/movement_functions
[1.330s] copying movement_functions/__init__.py -> /home/edrom-mini/edromufu/src/movement/Ros2_change/build/movement_functions/build/lib/movement_functions
[1.330s] copying movement_functions/gait_gen.py -> /home/edrom-mini/edromufu/src/movement/Ros2_change/build/movement_functions/build/lib/movement_functions
[1.332s] copying movement_functions/rotate_cc_ccw_gen.py -> /home/edrom-mini/edromufu/src/movement/Ros2_change/build/movement_functions/build/lib/movement_functions
[1.332s] copying movement_functions/walk_forward_gen.py -> /home/edrom-mini/edromufu/src/movement/Ros2_change/build/movement_functions/build/lib/movement_functions
[1.332s] running install
[1.332s] running install_lib
[1.332s] copying /home/edrom-mini/edromufu/src/movement/Ros2_change/build/movement_functions/build/lib/movement_functions/__init__.py -> /home/edrom-mini/edromufu/src/movement/Ros2_change/install/movement_functions/lib/python3.10/site-packages/movement_functions
[1.332s] copying /home/edrom-mini/edromufu/src/movement/Ros2_change/build/movement_functions/build/lib/movement_functions/gait_gen.py -> /home/edrom-mini/edromufu/src/movement/Ros2_change/install/movement_functions/lib/python3.10/site-packages/movement_functions
[1.335s] copying /home/edrom-mini/edromufu/src/movement/Ros2_change/build/movement_functions/build/lib/movement_functions/rotate_cc_ccw_gen.py -> /home/edrom-mini/edromufu/src/movement/Ros2_change/install/movement_functions/lib/python3.10/site-packages/movement_functions
[1.335s] copying /home/edrom-mini/edromufu/src/movement/Ros2_change/build/movement_functions/build/lib/movement_functions/walk_forward_gen.py -> /home/edrom-mini/edromufu/src/movement/Ros2_change/install/movement_functions/lib/python3.10/site-packages/movement_functions
[1.335s] byte-compiling /home/edrom-mini/edromufu/src/movement/Ros2_change/install/movement_functions/lib/python3.10/site-packages/movement_functions/__init__.py to __init__.cpython-310.pyc
[1.335s] byte-compiling /home/edrom-mini/edromufu/src/movement/Ros2_change/install/movement_functions/lib/python3.10/site-packages/movement_functions/gait_gen.py to gait_gen.cpython-310.pyc
[1.335s] byte-compiling /home/edrom-mini/edromufu/src/movement/Ros2_change/install/movement_functions/lib/python3.10/site-packages/movement_functions/rotate_cc_ccw_gen.py to rotate_cc_ccw_gen.cpython-310.pyc
[1.337s] byte-compiling /home/edrom-mini/edromufu/src/movement/Ros2_change/install/movement_functions/lib/python3.10/site-packages/movement_functions/walk_forward_gen.py to walk_forward_gen.cpython-310.pyc
[1.339s] running install_data
[1.339s] copying resource/movement_functions -> /home/edrom-mini/edromufu/src/movement/Ros2_change/install/movement_functions/share/ament_index/resource_index/packages
[1.339s] copying package.xml -> /home/edrom-mini/edromufu/src/movement/Ros2_change/install/movement_functions/share/movement_functions
[1.340s] running install_egg_info
[1.345s] removing '/home/edrom-mini/edromufu/src/movement/Ros2_change/install/movement_functions/lib/python3.10/site-packages/movement_functions-0.0.0-py3.10.egg-info' (and everything under it)
[1.345s] Copying ../../build/movement_functions/movement_functions.egg-info to /home/edrom-mini/edromufu/src/movement/Ros2_change/install/movement_functions/lib/python3.10/site-packages/movement_functions-0.0.0-py3.10.egg-info
[1.345s] running install_scripts
[1.378s] writing list of installed files to '/home/edrom-mini/edromufu/src/movement/Ros2_change/build/movement_functions/install.log'
[1.424s] Invoked command in '/home/edrom-mini/edromufu/src/movement/Ros2_change/src/movement_functions' returned '0': AMENT_PREFIX_PATH=/home/edrom-mini/edromufu/src/movement/Ros2_change/install/kinematic_functions:${AMENT_PREFIX_PATH} PYTHONPATH=/home/edrom-mini/edromufu/src/movement/Ros2_change/build/movement_functions/prefix_override:/home/edrom-mini/edromufu/src/movement/Ros2_change/install/movement_functions/lib/python3.10/site-packages:/home/edrom-mini/edromufu/src/movement/Ros2_change/install/kinematic_functions/lib/python3.10/site-packages:${PYTHONPATH} /usr/bin/python3 -W ignore:setup.py install is deprecated setup.py egg_info --egg-base ../../build/movement_functions build --build-base /home/edrom-mini/edromufu/src/movement/Ros2_change/build/movement_functions/build install --record /home/edrom-mini/edromufu/src/movement/Ros2_change/build/movement_functions/install.log --single-version-externally-managed install_data
