[0.557s] Invoking command in '/home/paulo/edromufu/src/movement/Ros2_change/build/urdf_example': CMAKE_PREFIX_PATH=/opt/ros/humble /usr/bin/cmake --build /home/paulo/edromufu/src/movement/Ros2_change/build/urdf_example -- -j12 -l12
[0.579s] -- Found ament_cmake: 1.3.10 (/opt/ros/humble/share/ament_cmake/cmake)
[0.689s] -- Found ament_lint_auto: 0.12.11 (/opt/ros/humble/share/ament_lint_auto/cmake)
[0.769s] -- Added test 'copyright' to check source files copyright and LICENSE
[0.771s] -- Added test 'flake8' to check Python code syntax and style conventions
[0.771s] -- Added test 'lint_cmake' to check CMake code style
[0.772s] -- Added test 'pep257' to check Python code against some of the docstring style conventions in PEP 257
[0.773s] -- Added test 'xmllint' to check XML markup files
[0.775s] -- Configuring done
[0.781s] -- Generating done
[0.782s] -- Build files have been written to: /home/paulo/edromufu/src/movement/Ros2_change/build/urdf_example
[0.800s] Invoked command in '/home/paulo/edromufu/src/movement/Ros2_change/build/urdf_example' returned '0': CMAKE_PREFIX_PATH=/opt/ros/humble /usr/bin/cmake --build /home/paulo/edromufu/src/movement/Ros2_change/build/urdf_example -- -j12 -l12
[0.818s] Invoking command in '/home/paulo/edromufu/src/movement/Ros2_change/build/urdf_example': CMAKE_PREFIX_PATH=/opt/ros/humble /usr/bin/cmake --install /home/paulo/edromufu/src/movement/Ros2_change/build/urdf_example
[0.828s] -- Install configuration: ""
[0.828s] -- Up-to-date: /home/paulo/edromufu/src/movement/Ros2_change/install/urdf_example/share/urdf_example/description
[0.828s] -- Up-to-date: /home/paulo/edromufu/src/movement/Ros2_change/install/urdf_example/share/urdf_example/description/example_include.xacro
[0.828s] -- Up-to-date: /home/paulo/edromufu/src/movement/Ros2_change/install/urdf_example/share/urdf_example/description/example_robot.urdf.xacro
[0.828s] -- Up-to-date: /home/paulo/edromufu/src/movement/Ros2_change/install/urdf_example/share/urdf_example/description/example_gazebo.xacro
[0.828s] -- Up-to-date: /home/paulo/edromufu/src/movement/Ros2_change/install/urdf_example/share/urdf_example/launch
[0.828s] -- Up-to-date: /home/paulo/edromufu/src/movement/Ros2_change/install/urdf_example/share/urdf_example/launch/rsp.launch.py
[0.828s] -- Up-to-date: /home/paulo/edromufu/src/movement/Ros2_change/install/urdf_example/share/urdf_example/launch/rsp_sim.launch.py
[0.828s] -- Up-to-date: /home/paulo/edromufu/src/movement/Ros2_change/install/urdf_example/share/urdf_example/worlds
[0.828s] -- Up-to-date: /home/paulo/edromufu/src/movement/Ros2_change/install/urdf_example/share/urdf_example/worlds/test_world.world
[0.828s] -- Installing: /home/paulo/edromufu/src/movement/Ros2_change/install/urdf_example/share/ament_index/resource_index/package_run_dependencies/urdf_example
[0.828s] -- Installing: /home/paulo/edromufu/src/movement/Ros2_change/install/urdf_example/share/ament_index/resource_index/parent_prefix_path/urdf_example
[0.829s] -- Installing: /home/paulo/edromufu/src/movement/Ros2_change/install/urdf_example/share/urdf_example/environment/ament_prefix_path.sh
[0.829s] -- Installing: /home/paulo/edromufu/src/movement/Ros2_change/install/urdf_example/share/urdf_example/environment/ament_prefix_path.dsv
[0.829s] -- Installing: /home/paulo/edromufu/src/movement/Ros2_change/install/urdf_example/share/urdf_example/environment/path.sh
[0.829s] -- Installing: /home/paulo/edromufu/src/movement/Ros2_change/install/urdf_example/share/urdf_example/environment/path.dsv
[0.829s] -- Installing: /home/paulo/edromufu/src/movement/Ros2_change/install/urdf_example/share/urdf_example/local_setup.bash
[0.829s] -- Installing: /home/paulo/edromufu/src/movement/Ros2_change/install/urdf_example/share/urdf_example/local_setup.sh
[0.829s] -- Installing: /home/paulo/edromufu/src/movement/Ros2_change/install/urdf_example/share/urdf_example/local_setup.zsh
[0.829s] -- Installing: /home/paulo/edromufu/src/movement/Ros2_change/install/urdf_example/share/urdf_example/local_setup.dsv
[0.829s] -- Installing: /home/paulo/edromufu/src/movement/Ros2_change/install/urdf_example/share/urdf_example/package.dsv
[0.829s] -- Installing: /home/paulo/edromufu/src/movement/Ros2_change/install/urdf_example/share/ament_index/resource_index/packages/urdf_example
[0.829s] -- Installing: /home/paulo/edromufu/src/movement/Ros2_change/install/urdf_example/share/urdf_example/cmake/urdf_exampleConfig.cmake
[0.829s] -- Installing: /home/paulo/edromufu/src/movement/Ros2_change/install/urdf_example/share/urdf_example/cmake/urdf_exampleConfig-version.cmake
[0.829s] -- Up-to-date: /home/paulo/edromufu/src/movement/Ros2_change/install/urdf_example/share/urdf_example/package.xml
[0.835s] Invoked command in '/home/paulo/edromufu/src/movement/Ros2_change/build/urdf_example' returned '0': CMAKE_PREFIX_PATH=/opt/ros/humble /usr/bin/cmake --install /home/paulo/edromufu/src/movement/Ros2_change/build/urdf_example
