[0.772s] Invoking command in '/home/pedrohperes/edromufu/src/movement/Ros2_change/src/movement_core': AMENT_PREFIX_PATH=/home/pedrohperes/edromufu/src/movement/Ros2_change/install/movement_pages:/home/pedrohperes/edromufu/src/movement/Ros2_change/install/movement_functions:/home/pedrohperes/edromufu/src/movement/Ros2_change/install/humanoid_definition:/home/pedrohperes/edromufu/src/movement/Ros2_change/install/kinematic_functions:/home/pedrohperes/edromufu/src/movement/Ros2_change/install/urdf_robox:/home/pedrohperes/edromufu/src/movement/Ros2_change/install/urdf_example:/home/pedrohperes/edromufu/src/movement/Ros2_change/install/u2d2_comm:/home/pedrohperes/edromufu/src/movement/Ros2_change/install/tahara_pages:/home/pedrohperes/edromufu/src/movement/Ros2_change/install/pot_package:/home/pedrohperes/edromufu/src/movement/Ros2_change/install/movement_core:/home/pedrohperes/edromufu/src/movement/Ros2_change/install/movement_utils:/home/pedrohperes/edromufu/src/movement/Ros2_change/install/micro_ros_agent:/home/pedrohperes/edromufu/src/movement/Ros2_change/install/micro_ros_msgs:/home/pedrohperes/edromufu/src/movement/Ros2_change/install/humanoid_visualization:/home/pedrohperes/edromufu/src/movement/Ros2_change/install/erro_package:/opt/ros/humble CMAKE_PREFIX_PATH=/home/pedrohperes/edromufu/src/movement/Ros2_change/install/movement_utils:/home/pedrohperes/edromufu/src/movement/Ros2_change/install/urdf_robox:/home/pedrohperes/edromufu/src/movement/Ros2_change/install/urdf_example:/home/pedrohperes/edromufu/src/movement/Ros2_change/install/micro_ros_agent:/home/pedrohperes/edromufu/src/movement/Ros2_change/install/micro_ros_msgs:/home/pedrohperes/edromufu/src/movement/Ros2_change/install/humanoid_visualization PYTHONPATH=/home/pedrohperes/edromufu/src/movement/Ros2_change/build/movement_core/prefix_override:/home/pedrohperes/edromufu/src/movement/Ros2_change/install/movement_core/lib/python3.10/site-packages:/home/pedrohperes/edromufu/src/movement/Ros2_change/install/movement_pages/lib/python3.10/site-packages:/home/pedrohperes/edromufu/src/movement/Ros2_change/install/movement_functions/lib/python3.10/site-packages:/home/pedrohperes/edromufu/src/movement/Ros2_change/install/humanoid_definition/lib/python3.10/site-packages:/home/pedrohperes/edromufu/src/movement/Ros2_change/install/kinematic_functions/lib/python3.10/site-packages:/home/pedrohperes/edromufu/src/movement/Ros2_change/install/u2d2_comm/lib/python3.10/site-packages:/home/pedrohperes/edromufu/src/movement/Ros2_change/install/tahara_pages/lib/python3.10/site-packages:/home/pedrohperes/edromufu/src/movement/Ros2_change/install/pot_package/lib/python3.10/site-packages:/home/pedrohperes/edromufu/src/movement/Ros2_change/install/movement_core/lib/python3.10/site-packages:/home/pedrohperes/edromufu/src/movement/Ros2_change/install/movement_utils/local/lib/python3.10/dist-packages:/home/pedrohperes/edromufu/src/movement/Ros2_change/install/micro_ros_msgs/local/lib/python3.10/dist-packages:/home/pedrohperes/edromufu/src/movement/Ros2_change/install/erro_package/lib/python3.10/site-packages:/opt/ros/humble/lib/python3.10/site-packages:/opt/ros/humble/local/lib/python3.10/dist-packages /usr/bin/python3 -W ignore:setup.py install is deprecated setup.py egg_info --egg-base ../../build/movement_core build --build-base /home/pedrohperes/edromufu/src/movement/Ros2_change/build/movement_core/build install --record /home/pedrohperes/edromufu/src/movement/Ros2_change/build/movement_core/install.log --single-version-externally-managed install_data
[1.037s] running egg_info
[1.038s] creating ../../build/movement_core/movement_core.egg-info
[1.038s] writing ../../build/movement_core/movement_core.egg-info/PKG-INFO
[1.038s] writing dependency_links to ../../build/movement_core/movement_core.egg-info/dependency_links.txt
[1.038s] writing entry points to ../../build/movement_core/movement_core.egg-info/entry_points.txt
[1.038s] writing requirements to ../../build/movement_core/movement_core.egg-info/requires.txt
[1.038s] writing top-level names to ../../build/movement_core/movement_core.egg-info/top_level.txt
[1.038s] writing manifest file '../../build/movement_core/movement_core.egg-info/SOURCES.txt'
[1.040s] reading manifest file '../../build/movement_core/movement_core.egg-info/SOURCES.txt'
[1.041s] writing manifest file '../../build/movement_core/movement_core.egg-info/SOURCES.txt'
[1.041s] running build
[1.041s] running build_py
[1.041s] creating /home/pedrohperes/edromufu/src/movement/Ros2_change/build/movement_core/build
[1.041s] creating /home/pedrohperes/edromufu/src/movement/Ros2_change/build/movement_core/build/lib
[1.041s] creating /home/pedrohperes/edromufu/src/movement/Ros2_change/build/movement_core/build/lib/movement_core
[1.041s] copying movement_core/core.py -> /home/pedrohperes/edromufu/src/movement/Ros2_change/build/movement_core/build/lib/movement_core
[1.041s] copying movement_core/__init__.py -> /home/pedrohperes/edromufu/src/movement/Ros2_change/build/movement_core/build/lib/movement_core
[1.041s] copying movement_core/teste.py -> /home/pedrohperes/edromufu/src/movement/Ros2_change/build/movement_core/build/lib/movement_core
[1.041s] copying movement_core/core_head.py -> /home/pedrohperes/edromufu/src/movement/Ros2_change/build/movement_core/build/lib/movement_core
[1.041s] running install
[1.041s] running install_lib
[1.042s] creating /home/pedrohperes/edromufu/src/movement/Ros2_change/install/movement_core/lib/python3.10/site-packages/movement_core
[1.042s] copying /home/pedrohperes/edromufu/src/movement/Ros2_change/build/movement_core/build/lib/movement_core/core.py -> /home/pedrohperes/edromufu/src/movement/Ros2_change/install/movement_core/lib/python3.10/site-packages/movement_core
[1.042s] copying /home/pedrohperes/edromufu/src/movement/Ros2_change/build/movement_core/build/lib/movement_core/__init__.py -> /home/pedrohperes/edromufu/src/movement/Ros2_change/install/movement_core/lib/python3.10/site-packages/movement_core
[1.042s] copying /home/pedrohperes/edromufu/src/movement/Ros2_change/build/movement_core/build/lib/movement_core/teste.py -> /home/pedrohperes/edromufu/src/movement/Ros2_change/install/movement_core/lib/python3.10/site-packages/movement_core
[1.042s] copying /home/pedrohperes/edromufu/src/movement/Ros2_change/build/movement_core/build/lib/movement_core/core_head.py -> /home/pedrohperes/edromufu/src/movement/Ros2_change/install/movement_core/lib/python3.10/site-packages/movement_core
[1.043s] byte-compiling /home/pedrohperes/edromufu/src/movement/Ros2_change/install/movement_core/lib/python3.10/site-packages/movement_core/core.py to core.cpython-310.pyc
[1.044s] byte-compiling /home/pedrohperes/edromufu/src/movement/Ros2_change/install/movement_core/lib/python3.10/site-packages/movement_core/__init__.py to __init__.cpython-310.pyc
[1.044s] byte-compiling /home/pedrohperes/edromufu/src/movement/Ros2_change/install/movement_core/lib/python3.10/site-packages/movement_core/teste.py to teste.cpython-310.pyc
[1.045s] byte-compiling /home/pedrohperes/edromufu/src/movement/Ros2_change/install/movement_core/lib/python3.10/site-packages/movement_core/core_head.py to core_head.cpython-310.pyc
[1.046s] running install_data
[1.046s] creating /home/pedrohperes/edromufu/src/movement/Ros2_change/install/movement_core/share/ament_index
[1.046s] creating /home/pedrohperes/edromufu/src/movement/Ros2_change/install/movement_core/share/ament_index/resource_index
[1.046s] creating /home/pedrohperes/edromufu/src/movement/Ros2_change/install/movement_core/share/ament_index/resource_index/packages
[1.047s] copying resource/movement_core -> /home/pedrohperes/edromufu/src/movement/Ros2_change/install/movement_core/share/ament_index/resource_index/packages
[1.047s] copying package.xml -> /home/pedrohperes/edromufu/src/movement/Ros2_change/install/movement_core/share/movement_core
[1.047s] running install_egg_info
[1.048s] Copying ../../build/movement_core/movement_core.egg-info to /home/pedrohperes/edromufu/src/movement/Ros2_change/install/movement_core/lib/python3.10/site-packages/movement_core-0.0.0-py3.10.egg-info
[1.049s] running install_scripts
[1.067s] Installing core script to /home/pedrohperes/edromufu/src/movement/Ros2_change/install/movement_core/lib/movement_core
[1.067s] Installing core_head script to /home/pedrohperes/edromufu/src/movement/Ros2_change/install/movement_core/lib/movement_core
[1.067s] Installing teste script to /home/pedrohperes/edromufu/src/movement/Ros2_change/install/movement_core/lib/movement_core
[1.067s] writing list of installed files to '/home/pedrohperes/edromufu/src/movement/Ros2_change/build/movement_core/install.log'
[1.085s] Invoked command in '/home/pedrohperes/edromufu/src/movement/Ros2_change/src/movement_core' returned '0': AMENT_PREFIX_PATH=/home/pedrohperes/edromufu/src/movement/Ros2_change/install/movement_pages:/home/pedrohperes/edromufu/src/movement/Ros2_change/install/movement_functions:/home/pedrohperes/edromufu/src/movement/Ros2_change/install/humanoid_definition:/home/pedrohperes/edromufu/src/movement/Ros2_change/install/kinematic_functions:/home/pedrohperes/edromufu/src/movement/Ros2_change/install/urdf_robox:/home/pedrohperes/edromufu/src/movement/Ros2_change/install/urdf_example:/home/pedrohperes/edromufu/src/movement/Ros2_change/install/u2d2_comm:/home/pedrohperes/edromufu/src/movement/Ros2_change/install/tahara_pages:/home/pedrohperes/edromufu/src/movement/Ros2_change/install/pot_package:/home/pedrohperes/edromufu/src/movement/Ros2_change/install/movement_core:/home/pedrohperes/edromufu/src/movement/Ros2_change/install/movement_utils:/home/pedrohperes/edromufu/src/movement/Ros2_change/install/micro_ros_agent:/home/pedrohperes/edromufu/src/movement/Ros2_change/install/micro_ros_msgs:/home/pedrohperes/edromufu/src/movement/Ros2_change/install/humanoid_visualization:/home/pedrohperes/edromufu/src/movement/Ros2_change/install/erro_package:/opt/ros/humble CMAKE_PREFIX_PATH=/home/pedrohperes/edromufu/src/movement/Ros2_change/install/movement_utils:/home/pedrohperes/edromufu/src/movement/Ros2_change/install/urdf_robox:/home/pedrohperes/edromufu/src/movement/Ros2_change/install/urdf_example:/home/pedrohperes/edromufu/src/movement/Ros2_change/install/micro_ros_agent:/home/pedrohperes/edromufu/src/movement/Ros2_change/install/micro_ros_msgs:/home/pedrohperes/edromufu/src/movement/Ros2_change/install/humanoid_visualization PYTHONPATH=/home/pedrohperes/edromufu/src/movement/Ros2_change/build/movement_core/prefix_override:/home/pedrohperes/edromufu/src/movement/Ros2_change/install/movement_core/lib/python3.10/site-packages:/home/pedrohperes/edromufu/src/movement/Ros2_change/install/movement_pages/lib/python3.10/site-packages:/home/pedrohperes/edromufu/src/movement/Ros2_change/install/movement_functions/lib/python3.10/site-packages:/home/pedrohperes/edromufu/src/movement/Ros2_change/install/humanoid_definition/lib/python3.10/site-packages:/home/pedrohperes/edromufu/src/movement/Ros2_change/install/kinematic_functions/lib/python3.10/site-packages:/home/pedrohperes/edromufu/src/movement/Ros2_change/install/u2d2_comm/lib/python3.10/site-packages:/home/pedrohperes/edromufu/src/movement/Ros2_change/install/tahara_pages/lib/python3.10/site-packages:/home/pedrohperes/edromufu/src/movement/Ros2_change/install/pot_package/lib/python3.10/site-packages:/home/pedrohperes/edromufu/src/movement/Ros2_change/install/movement_core/lib/python3.10/site-packages:/home/pedrohperes/edromufu/src/movement/Ros2_change/install/movement_utils/local/lib/python3.10/dist-packages:/home/pedrohperes/edromufu/src/movement/Ros2_change/install/micro_ros_msgs/local/lib/python3.10/dist-packages:/home/pedrohperes/edromufu/src/movement/Ros2_change/install/erro_package/lib/python3.10/site-packages:/opt/ros/humble/lib/python3.10/site-packages:/opt/ros/humble/local/lib/python3.10/dist-packages /usr/bin/python3 -W ignore:setup.py install is deprecated setup.py egg_info --egg-base ../../build/movement_core build --build-base /home/pedrohperes/edromufu/src/movement/Ros2_change/build/movement_core/build install --record /home/pedrohperes/edromufu/src/movement/Ros2_change/build/movement_core/install.log --single-version-externally-managed install_data
