[0.677s] Invoking command in '/home/daniel/edromufu/src/movement/PID_codes/src/pot_package': PYTHONPATH=/home/daniel/edromufu/src/movement/PID_codes/build/pot_package/prefix_override:/usr/lib/python3/dist-packages/colcon_core/task/python/colcon_distutils_commands:/home/daniel/edromufu/src/movement/PID_codes/install/pot_package/lib/python3.10/site-packages:${PYTHONPATH} /usr/bin/python3 -W ignore:setup.py install is deprecated setup.py egg_info --egg-base ../../build/pot_package build --build-base /home/daniel/edromufu/src/movement/PID_codes/build/pot_package/build install --record /home/daniel/edromufu/src/movement/PID_codes/build/pot_package/install.log --single-version-externally-managed install_data
[0.930s] running egg_info
[0.930s] creating ../../build/pot_package/pot_package.egg-info
[0.930s] writing ../../build/pot_package/pot_package.egg-info/PKG-INFO
[0.930s] writing dependency_links to ../../build/pot_package/pot_package.egg-info/dependency_links.txt
[0.931s] writing entry points to ../../build/pot_package/pot_package.egg-info/entry_points.txt
[0.931s] writing requirements to ../../build/pot_package/pot_package.egg-info/requires.txt
[0.931s] writing top-level names to ../../build/pot_package/pot_package.egg-info/top_level.txt
[0.931s] writing manifest file '../../build/pot_package/pot_package.egg-info/SOURCES.txt'
[0.932s] reading manifest file '../../build/pot_package/pot_package.egg-info/SOURCES.txt'
[0.933s] writing manifest file '../../build/pot_package/pot_package.egg-info/SOURCES.txt'
[0.933s] running build
[0.933s] running build_py
[0.934s] creating /home/daniel/edromufu/src/movement/PID_codes/build/pot_package/build
[0.934s] creating /home/daniel/edromufu/src/movement/PID_codes/build/pot_package/build/lib
[0.934s] creating /home/daniel/edromufu/src/movement/PID_codes/build/pot_package/build/lib/pot_package
[0.934s] copying pot_package/pot_values_publisher.py -> /home/daniel/edromufu/src/movement/PID_codes/build/pot_package/build/lib/pot_package
[0.934s] copying pot_package/__init__.py -> /home/daniel/edromufu/src/movement/PID_codes/build/pot_package/build/lib/pot_package
[0.934s] running install
[0.935s] running install_lib
[0.935s] creating /home/daniel/edromufu/src/movement/PID_codes/install/pot_package/lib/python3.10/site-packages/pot_package
[0.935s] copying /home/daniel/edromufu/src/movement/PID_codes/build/pot_package/build/lib/pot_package/pot_values_publisher.py -> /home/daniel/edromufu/src/movement/PID_codes/install/pot_package/lib/python3.10/site-packages/pot_package
[0.935s] copying /home/daniel/edromufu/src/movement/PID_codes/build/pot_package/build/lib/pot_package/__init__.py -> /home/daniel/edromufu/src/movement/PID_codes/install/pot_package/lib/python3.10/site-packages/pot_package
[0.935s] byte-compiling /home/daniel/edromufu/src/movement/PID_codes/install/pot_package/lib/python3.10/site-packages/pot_package/pot_values_publisher.py to pot_values_publisher.cpython-310.pyc
[0.936s] byte-compiling /home/daniel/edromufu/src/movement/PID_codes/install/pot_package/lib/python3.10/site-packages/pot_package/__init__.py to __init__.cpython-310.pyc
[0.936s] running install_data
[0.936s] creating /home/daniel/edromufu/src/movement/PID_codes/install/pot_package/share/ament_index
[0.937s] creating /home/daniel/edromufu/src/movement/PID_codes/install/pot_package/share/ament_index/resource_index
[0.937s] creating /home/daniel/edromufu/src/movement/PID_codes/install/pot_package/share/ament_index/resource_index/packages
[0.937s] copying resource/pot_package -> /home/daniel/edromufu/src/movement/PID_codes/install/pot_package/share/ament_index/resource_index/packages
[0.937s] copying package.xml -> /home/daniel/edromufu/src/movement/PID_codes/install/pot_package/share/pot_package
[0.937s] running install_egg_info
[0.938s] Copying ../../build/pot_package/pot_package.egg-info to /home/daniel/edromufu/src/movement/PID_codes/install/pot_package/lib/python3.10/site-packages/pot_package-0.0.0-py3.10.egg-info
[0.939s] running install_scripts
[0.959s] Installing pot_values_publisher script to /home/daniel/edromufu/src/movement/PID_codes/install/pot_package/lib/pot_package
[0.959s] writing list of installed files to '/home/daniel/edromufu/src/movement/PID_codes/build/pot_package/install.log'
[0.985s] Invoked command in '/home/daniel/edromufu/src/movement/PID_codes/src/pot_package' returned '0': PYTHONPATH=/home/daniel/edromufu/src/movement/PID_codes/build/pot_package/prefix_override:/usr/lib/python3/dist-packages/colcon_core/task/python/colcon_distutils_commands:/home/daniel/edromufu/src/movement/PID_codes/install/pot_package/lib/python3.10/site-packages:${PYTHONPATH} /usr/bin/python3 -W ignore:setup.py install is deprecated setup.py egg_info --egg-base ../../build/pot_package build --build-base /home/daniel/edromufu/src/movement/PID_codes/build/pot_package/build install --record /home/daniel/edromufu/src/movement/PID_codes/build/pot_package/install.log --single-version-externally-managed install_data
