[0.421s] Invoking command in '/home/paulo/edromufu/src/movement/Ros2_change/src/pot_package': PYTHONPATH=/home/paulo/edromufu/src/movement/Ros2_change/build/pot_package/prefix_override:/usr/lib/python3/dist-packages/colcon_core/task/python/colcon_distutils_commands:/home/paulo/edromufu/src/movement/Ros2_change/install/pot_package/lib/python3.10/site-packages:${PYTHONPATH} /usr/bin/python3 -W ignore:setup.py install is deprecated setup.py egg_info --egg-base ../../build/pot_package build --build-base /home/paulo/edromufu/src/movement/Ros2_change/build/pot_package/build install --record /home/paulo/edromufu/src/movement/Ros2_change/build/pot_package/install.log --single-version-externally-managed install_data
[0.581s] running egg_info
[0.581s] creating ../../build/pot_package/pot_package.egg-info
[0.581s] writing ../../build/pot_package/pot_package.egg-info/PKG-INFO
[0.582s] writing dependency_links to ../../build/pot_package/pot_package.egg-info/dependency_links.txt
[0.582s] writing entry points to ../../build/pot_package/pot_package.egg-info/entry_points.txt
[0.582s] writing requirements to ../../build/pot_package/pot_package.egg-info/requires.txt
[0.582s] writing top-level names to ../../build/pot_package/pot_package.egg-info/top_level.txt
[0.582s] writing manifest file '../../build/pot_package/pot_package.egg-info/SOURCES.txt'
[0.583s] reading manifest file '../../build/pot_package/pot_package.egg-info/SOURCES.txt'
[0.583s] writing manifest file '../../build/pot_package/pot_package.egg-info/SOURCES.txt'
[0.583s] running build
[0.583s] running build_py
[0.584s] creating /home/paulo/edromufu/src/movement/Ros2_change/build/pot_package/build
[0.584s] creating /home/paulo/edromufu/src/movement/Ros2_change/build/pot_package/build/lib
[0.584s] creating /home/paulo/edromufu/src/movement/Ros2_change/build/pot_package/build/lib/pot_package
[0.584s] copying pot_package/__init__.py -> /home/paulo/edromufu/src/movement/Ros2_change/build/pot_package/build/lib/pot_package
[0.584s] copying pot_package/pot_values_publisher.py -> /home/paulo/edromufu/src/movement/Ros2_change/build/pot_package/build/lib/pot_package
[0.584s] running install
[0.584s] running install_lib
[0.585s] creating /home/paulo/edromufu/src/movement/Ros2_change/install/pot_package/lib/python3.10/site-packages/pot_package
[0.585s] copying /home/paulo/edromufu/src/movement/Ros2_change/build/pot_package/build/lib/pot_package/__init__.py -> /home/paulo/edromufu/src/movement/Ros2_change/install/pot_package/lib/python3.10/site-packages/pot_package
[0.585s] copying /home/paulo/edromufu/src/movement/Ros2_change/build/pot_package/build/lib/pot_package/pot_values_publisher.py -> /home/paulo/edromufu/src/movement/Ros2_change/install/pot_package/lib/python3.10/site-packages/pot_package
[0.585s] byte-compiling /home/paulo/edromufu/src/movement/Ros2_change/install/pot_package/lib/python3.10/site-packages/pot_package/__init__.py to __init__.cpython-310.pyc
[0.585s] byte-compiling /home/paulo/edromufu/src/movement/Ros2_change/install/pot_package/lib/python3.10/site-packages/pot_package/pot_values_publisher.py to pot_values_publisher.cpython-310.pyc
[0.586s] running install_data
[0.586s] creating /home/paulo/edromufu/src/movement/Ros2_change/install/pot_package/share/ament_index
[0.586s] creating /home/paulo/edromufu/src/movement/Ros2_change/install/pot_package/share/ament_index/resource_index
[0.586s] creating /home/paulo/edromufu/src/movement/Ros2_change/install/pot_package/share/ament_index/resource_index/packages
[0.586s] copying resource/pot_package -> /home/paulo/edromufu/src/movement/Ros2_change/install/pot_package/share/ament_index/resource_index/packages
[0.586s] copying package.xml -> /home/paulo/edromufu/src/movement/Ros2_change/install/pot_package/share/pot_package
[0.586s] running install_egg_info
[0.587s] Copying ../../build/pot_package/pot_package.egg-info to /home/paulo/edromufu/src/movement/Ros2_change/install/pot_package/lib/python3.10/site-packages/pot_package-0.0.0-py3.10.egg-info
[0.588s] running install_scripts
[0.601s] Installing pot_values_publisher script to /home/paulo/edromufu/src/movement/Ros2_change/install/pot_package/lib/pot_package
[0.601s] writing list of installed files to '/home/paulo/edromufu/src/movement/Ros2_change/build/pot_package/install.log'
[0.618s] Invoked command in '/home/paulo/edromufu/src/movement/Ros2_change/src/pot_package' returned '0': PYTHONPATH=/home/paulo/edromufu/src/movement/Ros2_change/build/pot_package/prefix_override:/usr/lib/python3/dist-packages/colcon_core/task/python/colcon_distutils_commands:/home/paulo/edromufu/src/movement/Ros2_change/install/pot_package/lib/python3.10/site-packages:${PYTHONPATH} /usr/bin/python3 -W ignore:setup.py install is deprecated setup.py egg_info --egg-base ../../build/pot_package build --build-base /home/paulo/edromufu/src/movement/Ros2_change/build/pot_package/build install --record /home/paulo/edromufu/src/movement/Ros2_change/build/pot_package/install.log --single-version-externally-managed install_data
