[0.626s] Invoking command in '/home/paulo/edromufu/src/movement/Ros2_change/src/u2d2_comm': CMAKE_PREFIX_PATH=/home/paulo/edromufu/src/movement/Ros2_change/install/movement_utils:/home/paulo/edromufu/src/movement/Ros2_change/install/urdf_robox:/home/paulo/edromufu/src/movement/Ros2_change/install/urdf_example:/home/paulo/edromufu/src/movement/Ros2_change/install/humanoid_visualization:/home/paulo/edromufu/src/movement/Ros2_change/install/micro_ros_agent:/home/paulo/edromufu/src/movement/Ros2_change/install/micro_ros_msgs PYTHONPATH=/home/paulo/edromufu/src/movement/Ros2_change/build/u2d2_comm/prefix_override:/usr/lib/python3/dist-packages/colcon_core/task/python/colcon_distutils_commands:/home/paulo/edromufu/src/movement/Ros2_change/install/u2d2_comm/lib/python3.10/site-packages:${PYTHONPATH} /usr/bin/python3 -W ignore:setup.py install is deprecated setup.py egg_info --egg-base ../../build/u2d2_comm build --build-base /home/paulo/edromufu/src/movement/Ros2_change/build/u2d2_comm/build install --record /home/paulo/edromufu/src/movement/Ros2_change/build/u2d2_comm/install.log --single-version-externally-managed install_data
[0.803s] running egg_info
[0.803s] creating ../../build/u2d2_comm/u2d2_comm.egg-info
[0.803s] writing ../../build/u2d2_comm/u2d2_comm.egg-info/PKG-INFO
[0.803s] writing dependency_links to ../../build/u2d2_comm/u2d2_comm.egg-info/dependency_links.txt
[0.803s] writing entry points to ../../build/u2d2_comm/u2d2_comm.egg-info/entry_points.txt
[0.803s] writing requirements to ../../build/u2d2_comm/u2d2_comm.egg-info/requires.txt
[0.803s] writing top-level names to ../../build/u2d2_comm/u2d2_comm.egg-info/top_level.txt
[0.804s] writing manifest file '../../build/u2d2_comm/u2d2_comm.egg-info/SOURCES.txt'
[0.805s] reading manifest file '../../build/u2d2_comm/u2d2_comm.egg-info/SOURCES.txt'
[0.805s] adding license file 'LICENSE'
[0.805s] writing manifest file '../../build/u2d2_comm/u2d2_comm.egg-info/SOURCES.txt'
[0.806s] running build
[0.806s] running build_py
[0.806s] creating /home/paulo/edromufu/src/movement/Ros2_change/build/u2d2_comm/build
[0.806s] creating /home/paulo/edromufu/src/movement/Ros2_change/build/u2d2_comm/build/lib
[0.806s] creating /home/paulo/edromufu/src/movement/Ros2_change/build/u2d2_comm/build/lib/u2d2_comm
[0.806s] copying u2d2_comm/__init__.py -> /home/paulo/edromufu/src/movement/Ros2_change/build/u2d2_comm/build/lib/u2d2_comm
[0.806s] copying u2d2_comm/dynamixel_sdk_test.py -> /home/paulo/edromufu/src/movement/Ros2_change/build/u2d2_comm/build/lib/u2d2_comm
[0.806s] copying u2d2_comm/dynamixel_sdk_comm.py -> /home/paulo/edromufu/src/movement/Ros2_change/build/u2d2_comm/build/lib/u2d2_comm
[0.806s] running install
[0.806s] running install_lib
[0.807s] creating /home/paulo/edromufu/src/movement/Ros2_change/install/u2d2_comm/lib/python3.10/site-packages/u2d2_comm
[0.807s] copying /home/paulo/edromufu/src/movement/Ros2_change/build/u2d2_comm/build/lib/u2d2_comm/__init__.py -> /home/paulo/edromufu/src/movement/Ros2_change/install/u2d2_comm/lib/python3.10/site-packages/u2d2_comm
[0.807s] copying /home/paulo/edromufu/src/movement/Ros2_change/build/u2d2_comm/build/lib/u2d2_comm/dynamixel_sdk_test.py -> /home/paulo/edromufu/src/movement/Ros2_change/install/u2d2_comm/lib/python3.10/site-packages/u2d2_comm
[0.807s] copying /home/paulo/edromufu/src/movement/Ros2_change/build/u2d2_comm/build/lib/u2d2_comm/dynamixel_sdk_comm.py -> /home/paulo/edromufu/src/movement/Ros2_change/install/u2d2_comm/lib/python3.10/site-packages/u2d2_comm
[0.807s] byte-compiling /home/paulo/edromufu/src/movement/Ros2_change/install/u2d2_comm/lib/python3.10/site-packages/u2d2_comm/__init__.py to __init__.cpython-310.pyc
[0.807s] byte-compiling /home/paulo/edromufu/src/movement/Ros2_change/install/u2d2_comm/lib/python3.10/site-packages/u2d2_comm/dynamixel_sdk_test.py to dynamixel_sdk_test.cpython-310.pyc
[0.809s] byte-compiling /home/paulo/edromufu/src/movement/Ros2_change/install/u2d2_comm/lib/python3.10/site-packages/u2d2_comm/dynamixel_sdk_comm.py to dynamixel_sdk_comm.cpython-310.pyc
[0.810s] running install_data
[0.810s] creating /home/paulo/edromufu/src/movement/Ros2_change/install/u2d2_comm/share/ament_index
[0.810s] creating /home/paulo/edromufu/src/movement/Ros2_change/install/u2d2_comm/share/ament_index/resource_index
[0.810s] creating /home/paulo/edromufu/src/movement/Ros2_change/install/u2d2_comm/share/ament_index/resource_index/packages
[0.810s] copying resource/u2d2_comm -> /home/paulo/edromufu/src/movement/Ros2_change/install/u2d2_comm/share/ament_index/resource_index/packages
[0.810s] copying package.xml -> /home/paulo/edromufu/src/movement/Ros2_change/install/u2d2_comm/share/u2d2_comm
[0.810s] running install_egg_info
[0.812s] Copying ../../build/u2d2_comm/u2d2_comm.egg-info to /home/paulo/edromufu/src/movement/Ros2_change/install/u2d2_comm/lib/python3.10/site-packages/u2d2_comm-0.0.0-py3.10.egg-info
[0.812s] running install_scripts
[0.829s] Installing dynamixel_sdk_comm script to /home/paulo/edromufu/src/movement/Ros2_change/install/u2d2_comm/lib/u2d2_comm
[0.829s] Installing dynamixel_sdk_test script to /home/paulo/edromufu/src/movement/Ros2_change/install/u2d2_comm/lib/u2d2_comm
[0.829s] writing list of installed files to '/home/paulo/edromufu/src/movement/Ros2_change/build/u2d2_comm/install.log'
[0.849s] Invoked command in '/home/paulo/edromufu/src/movement/Ros2_change/src/u2d2_comm' returned '0': CMAKE_PREFIX_PATH=/home/paulo/edromufu/src/movement/Ros2_change/install/movement_utils:/home/paulo/edromufu/src/movement/Ros2_change/install/urdf_robox:/home/paulo/edromufu/src/movement/Ros2_change/install/urdf_example:/home/paulo/edromufu/src/movement/Ros2_change/install/humanoid_visualization:/home/paulo/edromufu/src/movement/Ros2_change/install/micro_ros_agent:/home/paulo/edromufu/src/movement/Ros2_change/install/micro_ros_msgs PYTHONPATH=/home/paulo/edromufu/src/movement/Ros2_change/build/u2d2_comm/prefix_override:/usr/lib/python3/dist-packages/colcon_core/task/python/colcon_distutils_commands:/home/paulo/edromufu/src/movement/Ros2_change/install/u2d2_comm/lib/python3.10/site-packages:${PYTHONPATH} /usr/bin/python3 -W ignore:setup.py install is deprecated setup.py egg_info --egg-base ../../build/u2d2_comm build --build-base /home/paulo/edromufu/src/movement/Ros2_change/build/u2d2_comm/build install --record /home/paulo/edromufu/src/movement/Ros2_change/build/u2d2_comm/install.log --single-version-externally-managed install_data
