[0.779s] Invoking command in '/home/vtr_caixeta/edromufu/src/behaviour/bhv_independent_simulator': PYTHONPATH=/home/vtr_caixeta/edromufu/build/bhv_independent_simulator/prefix_override:/usr/lib/python3/dist-packages/colcon_core/task/python/colcon_distutils_commands:/home/vtr_caixeta/edromufu/install/bhv_independent_simulator/lib/python3.10/site-packages:${PYTHONPATH} /usr/bin/python3 -W ignore:setup.py install is deprecated -W ignore:easy_install command is deprecated setup.py egg_info --egg-base ../../../build/bhv_independent_simulator build --build-base /home/vtr_caixeta/edromufu/build/bhv_independent_simulator/build install --record /home/vtr_caixeta/edromufu/build/bhv_independent_simulator/install.log --single-version-externally-managed install_data
[1.057s] running egg_info
[1.058s] creating ../../../build/bhv_independent_simulator/bhv_independent_simulator.egg-info
[1.058s] writing ../../../build/bhv_independent_simulator/bhv_independent_simulator.egg-info/PKG-INFO
[1.058s] writing dependency_links to ../../../build/bhv_independent_simulator/bhv_independent_simulator.egg-info/dependency_links.txt
[1.058s] writing entry points to ../../../build/bhv_independent_simulator/bhv_independent_simulator.egg-info/entry_points.txt
[1.058s] writing requirements to ../../../build/bhv_independent_simulator/bhv_independent_simulator.egg-info/requires.txt
[1.058s] writing top-level names to ../../../build/bhv_independent_simulator/bhv_independent_simulator.egg-info/top_level.txt
[1.059s] writing manifest file '../../../build/bhv_independent_simulator/bhv_independent_simulator.egg-info/SOURCES.txt'
[1.061s] reading manifest file '../../../build/bhv_independent_simulator/bhv_independent_simulator.egg-info/SOURCES.txt'
[1.062s] writing manifest file '../../../build/bhv_independent_simulator/bhv_independent_simulator.egg-info/SOURCES.txt'
[1.062s] running build
[1.062s] running build_py
[1.062s] creating /home/vtr_caixeta/edromufu/build/bhv_independent_simulator/build
[1.062s] creating /home/vtr_caixeta/edromufu/build/bhv_independent_simulator/build/lib
[1.062s] creating /home/vtr_caixeta/edromufu/build/bhv_independent_simulator/build/lib/bhv_independent_simulator
[1.062s] copying bhv_independent_simulator/__init__.py -> /home/vtr_caixeta/edromufu/build/bhv_independent_simulator/build/lib/bhv_independent_simulator
[1.062s] copying bhv_independent_simulator/sensors_update.py -> /home/vtr_caixeta/edromufu/build/bhv_independent_simulator/build/lib/bhv_independent_simulator
[1.063s] copying bhv_independent_simulator/color_based_vision_for_sim.py -> /home/vtr_caixeta/edromufu/build/bhv_independent_simulator/build/lib/bhv_independent_simulator
[1.063s] copying bhv_independent_simulator/hsv.py -> /home/vtr_caixeta/edromufu/build/bhv_independent_simulator/build/lib/bhv_independent_simulator
[1.063s] copying bhv_independent_simulator/move_head.py -> /home/vtr_caixeta/edromufu/build/bhv_independent_simulator/build/lib/bhv_independent_simulator
[1.063s] copying bhv_independent_simulator/robot_3D_moves.py -> /home/vtr_caixeta/edromufu/build/bhv_independent_simulator/build/lib/bhv_independent_simulator
[1.063s] copying bhv_independent_simulator/sim_page_exec.py -> /home/vtr_caixeta/edromufu/build/bhv_independent_simulator/build/lib/bhv_independent_simulator
[1.063s] copying bhv_independent_simulator/bhv_sim.py -> /home/vtr_caixeta/edromufu/build/bhv_independent_simulator/build/lib/bhv_independent_simulator
[1.063s] running install
[1.064s] running install_lib
[1.065s] creating /home/vtr_caixeta/edromufu/install/bhv_independent_simulator/lib/python3.10/site-packages/bhv_independent_simulator
[1.065s] copying /home/vtr_caixeta/edromufu/build/bhv_independent_simulator/build/lib/bhv_independent_simulator/__init__.py -> /home/vtr_caixeta/edromufu/install/bhv_independent_simulator/lib/python3.10/site-packages/bhv_independent_simulator
[1.065s] copying /home/vtr_caixeta/edromufu/build/bhv_independent_simulator/build/lib/bhv_independent_simulator/sensors_update.py -> /home/vtr_caixeta/edromufu/install/bhv_independent_simulator/lib/python3.10/site-packages/bhv_independent_simulator
[1.065s] copying /home/vtr_caixeta/edromufu/build/bhv_independent_simulator/build/lib/bhv_independent_simulator/color_based_vision_for_sim.py -> /home/vtr_caixeta/edromufu/install/bhv_independent_simulator/lib/python3.10/site-packages/bhv_independent_simulator
[1.065s] copying /home/vtr_caixeta/edromufu/build/bhv_independent_simulator/build/lib/bhv_independent_simulator/hsv.py -> /home/vtr_caixeta/edromufu/install/bhv_independent_simulator/lib/python3.10/site-packages/bhv_independent_simulator
[1.065s] copying /home/vtr_caixeta/edromufu/build/bhv_independent_simulator/build/lib/bhv_independent_simulator/move_head.py -> /home/vtr_caixeta/edromufu/install/bhv_independent_simulator/lib/python3.10/site-packages/bhv_independent_simulator
[1.066s] copying /home/vtr_caixeta/edromufu/build/bhv_independent_simulator/build/lib/bhv_independent_simulator/robot_3D_moves.py -> /home/vtr_caixeta/edromufu/install/bhv_independent_simulator/lib/python3.10/site-packages/bhv_independent_simulator
[1.066s] copying /home/vtr_caixeta/edromufu/build/bhv_independent_simulator/build/lib/bhv_independent_simulator/sim_page_exec.py -> /home/vtr_caixeta/edromufu/install/bhv_independent_simulator/lib/python3.10/site-packages/bhv_independent_simulator
[1.066s] copying /home/vtr_caixeta/edromufu/build/bhv_independent_simulator/build/lib/bhv_independent_simulator/bhv_sim.py -> /home/vtr_caixeta/edromufu/install/bhv_independent_simulator/lib/python3.10/site-packages/bhv_independent_simulator
[1.066s] byte-compiling /home/vtr_caixeta/edromufu/install/bhv_independent_simulator/lib/python3.10/site-packages/bhv_independent_simulator/__init__.py to __init__.cpython-310.pyc
[1.066s] byte-compiling /home/vtr_caixeta/edromufu/install/bhv_independent_simulator/lib/python3.10/site-packages/bhv_independent_simulator/sensors_update.py to sensors_update.cpython-310.pyc
[1.067s] byte-compiling /home/vtr_caixeta/edromufu/install/bhv_independent_simulator/lib/python3.10/site-packages/bhv_independent_simulator/color_based_vision_for_sim.py to color_based_vision_for_sim.cpython-310.pyc
[1.068s] byte-compiling /home/vtr_caixeta/edromufu/install/bhv_independent_simulator/lib/python3.10/site-packages/bhv_independent_simulator/hsv.py to hsv.cpython-310.pyc
[1.069s] byte-compiling /home/vtr_caixeta/edromufu/install/bhv_independent_simulator/lib/python3.10/site-packages/bhv_independent_simulator/move_head.py to move_head.cpython-310.pyc
[1.070s] byte-compiling /home/vtr_caixeta/edromufu/install/bhv_independent_simulator/lib/python3.10/site-packages/bhv_independent_simulator/robot_3D_moves.py to robot_3D_moves.cpython-310.pyc
[1.071s] byte-compiling /home/vtr_caixeta/edromufu/install/bhv_independent_simulator/lib/python3.10/site-packages/bhv_independent_simulator/sim_page_exec.py to sim_page_exec.cpython-310.pyc
[1.072s] byte-compiling /home/vtr_caixeta/edromufu/install/bhv_independent_simulator/lib/python3.10/site-packages/bhv_independent_simulator/bhv_sim.py to bhv_sim.cpython-310.pyc
[1.073s] running install_data
[1.073s] creating /home/vtr_caixeta/edromufu/install/bhv_independent_simulator/share/ament_index
[1.073s] creating /home/vtr_caixeta/edromufu/install/bhv_independent_simulator/share/ament_index/resource_index
[1.073s] creating /home/vtr_caixeta/edromufu/install/bhv_independent_simulator/share/ament_index/resource_index/packages
[1.073s] copying resource/bhv_independent_simulator -> /home/vtr_caixeta/edromufu/install/bhv_independent_simulator/share/ament_index/resource_index/packages
[1.074s] copying package.xml -> /home/vtr_caixeta/edromufu/install/bhv_independent_simulator/share/bhv_independent_simulator
[1.074s] creating /home/vtr_caixeta/edromufu/install/bhv_independent_simulator/share/bhv_independent_simulator/launch
[1.074s] copying launch/behaviour_simulator.launch.py -> /home/vtr_caixeta/edromufu/install/bhv_independent_simulator/share/bhv_independent_simulator/launch
[1.074s] copying launch/start_sim_world.launch.py -> /home/vtr_caixeta/edromufu/install/bhv_independent_simulator/share/bhv_independent_simulator/launch
[1.074s] copying launch/test.launch.py -> /home/vtr_caixeta/edromufu/install/bhv_independent_simulator/share/bhv_independent_simulator/launch
[1.074s] copying launch/webots.launch.py -> /home/vtr_caixeta/edromufu/install/bhv_independent_simulator/share/bhv_independent_simulator/launch
[1.074s] copying launch/start_sim_supervisor.launch.py -> /home/vtr_caixeta/edromufu/install/bhv_independent_simulator/share/bhv_independent_simulator/launch
[1.074s] running install_egg_info
[1.076s] Copying ../../../build/bhv_independent_simulator/bhv_independent_simulator.egg-info to /home/vtr_caixeta/edromufu/install/bhv_independent_simulator/lib/python3.10/site-packages/bhv_independent_simulator-0.0.0-py3.10.egg-info
[1.077s] running install_scripts
[1.099s] Installing bhv_sim script to /home/vtr_caixeta/edromufu/install/bhv_independent_simulator/bin
[1.100s] writing list of installed files to '/home/vtr_caixeta/edromufu/build/bhv_independent_simulator/install.log'
[1.128s] Invoked command in '/home/vtr_caixeta/edromufu/src/behaviour/bhv_independent_simulator' returned '0': PYTHONPATH=/home/vtr_caixeta/edromufu/build/bhv_independent_simulator/prefix_override:/usr/lib/python3/dist-packages/colcon_core/task/python/colcon_distutils_commands:/home/vtr_caixeta/edromufu/install/bhv_independent_simulator/lib/python3.10/site-packages:${PYTHONPATH} /usr/bin/python3 -W ignore:setup.py install is deprecated -W ignore:easy_install command is deprecated setup.py egg_info --egg-base ../../../build/bhv_independent_simulator build --build-base /home/vtr_caixeta/edromufu/build/bhv_independent_simulator/build install --record /home/vtr_caixeta/edromufu/build/bhv_independent_simulator/install.log --single-version-externally-managed install_data
