running egg_info
creating ../build/tahara_pages/tahara_pages.egg-info
writing ../build/tahara_pages/tahara_pages.egg-info/PKG-INFO
writing dependency_links to ../build/tahara_pages/tahara_pages.egg-info/dependency_links.txt
writing entry points to ../build/tahara_pages/tahara_pages.egg-info/entry_points.txt
writing requirements to ../build/tahara_pages/tahara_pages.egg-info/requires.txt
writing top-level names to ../build/tahara_pages/tahara_pages.egg-info/top_level.txt
writing manifest file '../build/tahara_pages/tahara_pages.egg-info/SOURCES.txt'
reading manifest file '../build/tahara_pages/tahara_pages.egg-info/SOURCES.txt'
writing manifest file '../build/tahara_pages/tahara_pages.egg-info/SOURCES.txt'
running build
running build_py
creating /home/pedrohperes/edromufu/src/movement/Ros2_change/src/build/tahara_pages/build
creating /home/pedrohperes/edromufu/src/movement/Ros2_change/src/build/tahara_pages/build/lib
creating /home/pedrohperes/edromufu/src/movement/Ros2_change/src/build/tahara_pages/build/lib/tahara_pages
copying tahara_pages/page_runner.py -> /home/pedrohperes/edromufu/src/movement/Ros2_change/src/build/tahara_pages/build/lib/tahara_pages
copying tahara_pages/__init__.py -> /home/pedrohperes/edromufu/src/movement/Ros2_change/src/build/tahara_pages/build/lib/tahara_pages
copying tahara_pages/software.py -> /home/pedrohperes/edromufu/src/movement/Ros2_change/src/build/tahara_pages/build/lib/tahara_pages
copying tahara_pages/test.py -> /home/pedrohperes/edromufu/src/movement/Ros2_change/src/build/tahara_pages/build/lib/tahara_pages
running install
running install_lib
creating /home/pedrohperes/edromufu/src/movement/Ros2_change/src/install/tahara_pages/lib/python3.10/site-packages/tahara_pages
copying /home/pedrohperes/edromufu/src/movement/Ros2_change/src/build/tahara_pages/build/lib/tahara_pages/page_runner.py -> /home/pedrohperes/edromufu/src/movement/Ros2_change/src/install/tahara_pages/lib/python3.10/site-packages/tahara_pages
copying /home/pedrohperes/edromufu/src/movement/Ros2_change/src/build/tahara_pages/build/lib/tahara_pages/__init__.py -> /home/pedrohperes/edromufu/src/movement/Ros2_change/src/install/tahara_pages/lib/python3.10/site-packages/tahara_pages
copying /home/pedrohperes/edromufu/src/movement/Ros2_change/src/build/tahara_pages/build/lib/tahara_pages/software.py -> /home/pedrohperes/edromufu/src/movement/Ros2_change/src/install/tahara_pages/lib/python3.10/site-packages/tahara_pages
copying /home/pedrohperes/edromufu/src/movement/Ros2_change/src/build/tahara_pages/build/lib/tahara_pages/test.py -> /home/pedrohperes/edromufu/src/movement/Ros2_change/src/install/tahara_pages/lib/python3.10/site-packages/tahara_pages
byte-compiling /home/pedrohperes/edromufu/src/movement/Ros2_change/src/install/tahara_pages/lib/python3.10/site-packages/tahara_pages/page_runner.py to page_runner.cpython-310.pyc
byte-compiling /home/pedrohperes/edromufu/src/movement/Ros2_change/src/install/tahara_pages/lib/python3.10/site-packages/tahara_pages/__init__.py to __init__.cpython-310.pyc
byte-compiling /home/pedrohperes/edromufu/src/movement/Ros2_change/src/install/tahara_pages/lib/python3.10/site-packages/tahara_pages/software.py to software.cpython-310.pyc
byte-compiling /home/pedrohperes/edromufu/src/movement/Ros2_change/src/install/tahara_pages/lib/python3.10/site-packages/tahara_pages/test.py to test.cpython-310.pyc
running install_data
creating /home/pedrohperes/edromufu/src/movement/Ros2_change/src/install/tahara_pages/share/ament_index
creating /home/pedrohperes/edromufu/src/movement/Ros2_change/src/install/tahara_pages/share/ament_index/resource_index
creating /home/pedrohperes/edromufu/src/movement/Ros2_change/src/install/tahara_pages/share/ament_index/resource_index/packages
copying resource/tahara_pages -> /home/pedrohperes/edromufu/src/movement/Ros2_change/src/install/tahara_pages/share/ament_index/resource_index/packages
copying package.xml -> /home/pedrohperes/edromufu/src/movement/Ros2_change/src/install/tahara_pages/share/tahara_pages
running install_egg_info
Copying ../build/tahara_pages/tahara_pages.egg-info to /home/pedrohperes/edromufu/src/movement/Ros2_change/src/install/tahara_pages/lib/python3.10/site-packages/tahara_pages-0.0.0-py3.10.egg-info
running install_scripts
Installing page_runner script to /home/pedrohperes/edromufu/src/movement/Ros2_change/src/install/tahara_pages/lib/tahara_pages
Installing software_pages script to /home/pedrohperes/edromufu/src/movement/Ros2_change/src/install/tahara_pages/lib/tahara_pages
writing list of installed files to '/home/pedrohperes/edromufu/src/movement/Ros2_change/src/build/tahara_pages/install.log'
