[0.017s] Invoking command in '/home/edrom-mini/edromufu/build/humanoid_definition': /home/edrom-mini/.local/bin/cmake /home/edrom-mini/edromufu/src/movement/humanoid_definition -DCATKIN_INSTALL_INTO_PREFIX_ROOT=0 -DCMAKE_INSTALL_PREFIX=/home/edrom-mini/edromufu/install/humanoid_definition
[0.114s] [0mCMake Deprecation Warning at CMakeLists.txt:1 (cmake_minimum_required):
[0.114s]   Compatibility with CMake < 3.5 will be removed from a future version of
[0.114s]   CMake.
[0.114s] 
[0.114s]   Update the VERSION argument <min> value or use a ...<max> suffix to tell
[0.114s]   CMake that the project does not need compatibility with older versions.
[0.114s] 
[0.114s] [0m
[0.134s] [31mCMake Error at CMakeLists.txt:10 (find_package):
[0.134s]   By not providing "Findcatkin.cmake" in CMAKE_MODULE_PATH this project has
[0.134s]   asked CMake to find a package configuration file provided by "catkin", but
[0.134s]   CMake did not find one.
[0.134s] 
[0.134s]   Could not find a package configuration file provided by "catkin" with any
[0.134s]   of the following names:
[0.134s] 
[0.134s]     catkinConfig.cmake
[0.134s]     catkin-config.cmake
[0.134s] 
[0.134s]   Add the installation prefix of "catkin" to CMAKE_PREFIX_PATH or set
[0.134s]   "catkin_DIR" to a directory containing one of the above files.  If "catkin"
[0.135s]   provides a separate development package or SDK, be sure it has been
[0.135s]   installed.
[0.135s] 
[0.135s] [0m
[0.135s] -- Configuring incomplete, errors occurred!
[0.161s] Invoked command in '/home/edrom-mini/edromufu/build/humanoid_definition' returned '1': /home/edrom-mini/.local/bin/cmake /home/edrom-mini/edromufu/src/movement/humanoid_definition -DCATKIN_INSTALL_INTO_PREFIX_ROOT=0 -DCMAKE_INSTALL_PREFIX=/home/edrom-mini/edromufu/install/humanoid_definition
