[0.010s] Invoking command in '/home/edrom-mini/edromufu/src/movement/Ros2_change/build/urdf_example': CMAKE_PREFIX_PATH=/opt/ros/humble /home/edrom-mini/.local/bin/cmake --build /home/edrom-mini/edromufu/src/movement/Ros2_change/build/urdf_example -- -j4 -l4
[0.150s] Invoked command in '/home/edrom-mini/edromufu/src/movement/Ros2_change/build/urdf_example' returned '0': CMAKE_PREFIX_PATH=/opt/ros/humble /home/edrom-mini/.local/bin/cmake --build /home/edrom-mini/edromufu/src/movement/Ros2_change/build/urdf_example -- -j4 -l4
[0.279s] Invoking command in '/home/edrom-mini/edromufu/src/movement/Ros2_change/build/urdf_example': CMAKE_PREFIX_PATH=/opt/ros/humble /home/edrom-mini/.local/bin/cmake --install /home/edrom-mini/edromufu/src/movement/Ros2_change/build/urdf_example
[0.376s] -- Install configuration: ""
[0.376s] -- Up-to-date: /home/edrom-mini/edromufu/src/movement/Ros2_change/install/urdf_example/share/urdf_example/description
[0.376s] -- Up-to-date: /home/edrom-mini/edromufu/src/movement/Ros2_change/install/urdf_example/share/urdf_example/description/example_include.xacro
[0.377s] -- Up-to-date: /home/edrom-mini/edromufu/src/movement/Ros2_change/install/urdf_example/share/urdf_example/description/example_gazebo.xacro
[0.377s] -- Up-to-date: /home/edrom-mini/edromufu/src/movement/Ros2_change/install/urdf_example/share/urdf_example/description/example_robot.urdf.xacro
[0.377s] -- Up-to-date: /home/edrom-mini/edromufu/src/movement/Ros2_change/install/urdf_example/share/urdf_example/launch
[0.377s] -- Up-to-date: /home/edrom-mini/edromufu/src/movement/Ros2_change/install/urdf_example/share/urdf_example/launch/rsp_sim.launch.py
[0.377s] -- Up-to-date: /home/edrom-mini/edromufu/src/movement/Ros2_change/install/urdf_example/share/urdf_example/launch/rsp.launch.py
[0.377s] -- Up-to-date: /home/edrom-mini/edromufu/src/movement/Ros2_change/install/urdf_example/share/urdf_example/worlds
[0.377s] -- Up-to-date: /home/edrom-mini/edromufu/src/movement/Ros2_change/install/urdf_example/share/urdf_example/worlds/test_world.world
[0.377s] -- Up-to-date: /home/edrom-mini/edromufu/src/movement/Ros2_change/install/urdf_example/share/ament_index/resource_index/package_run_dependencies/urdf_example
[0.377s] -- Up-to-date: /home/edrom-mini/edromufu/src/movement/Ros2_change/install/urdf_example/share/ament_index/resource_index/parent_prefix_path/urdf_example
[0.378s] -- Up-to-date: /home/edrom-mini/edromufu/src/movement/Ros2_change/install/urdf_example/share/urdf_example/environment/ament_prefix_path.sh
[0.378s] -- Up-to-date: /home/edrom-mini/edromufu/src/movement/Ros2_change/install/urdf_example/share/urdf_example/environment/ament_prefix_path.dsv
[0.378s] -- Up-to-date: /home/edrom-mini/edromufu/src/movement/Ros2_change/install/urdf_example/share/urdf_example/environment/path.sh
[0.378s] -- Up-to-date: /home/edrom-mini/edromufu/src/movement/Ros2_change/install/urdf_example/share/urdf_example/environment/path.dsv
[0.378s] -- Up-to-date: /home/edrom-mini/edromufu/src/movement/Ros2_change/install/urdf_example/share/urdf_example/local_setup.bash
[0.378s] -- Up-to-date: /home/edrom-mini/edromufu/src/movement/Ros2_change/install/urdf_example/share/urdf_example/local_setup.sh
[0.379s] -- Up-to-date: /home/edrom-mini/edromufu/src/movement/Ros2_change/install/urdf_example/share/urdf_example/local_setup.zsh
[0.379s] -- Up-to-date: /home/edrom-mini/edromufu/src/movement/Ros2_change/install/urdf_example/share/urdf_example/local_setup.dsv
[0.379s] -- Installing: /home/edrom-mini/edromufu/src/movement/Ros2_change/install/urdf_example/share/urdf_example/package.dsv
[0.379s] -- Up-to-date: /home/edrom-mini/edromufu/src/movement/Ros2_change/install/urdf_example/share/ament_index/resource_index/packages/urdf_example
[0.379s] -- Up-to-date: /home/edrom-mini/edromufu/src/movement/Ros2_change/install/urdf_example/share/urdf_example/cmake/urdf_exampleConfig.cmake
[0.379s] -- Up-to-date: /home/edrom-mini/edromufu/src/movement/Ros2_change/install/urdf_example/share/urdf_example/cmake/urdf_exampleConfig-version.cmake
[0.379s] -- Up-to-date: /home/edrom-mini/edromufu/src/movement/Ros2_change/install/urdf_example/share/urdf_example/package.xml
[0.400s] Invoked command in '/home/edrom-mini/edromufu/src/movement/Ros2_change/build/urdf_example' returned '0': CMAKE_PREFIX_PATH=/opt/ros/humble /home/edrom-mini/.local/bin/cmake --install /home/edrom-mini/edromufu/src/movement/Ros2_change/build/urdf_example
