[0.837s] Invoking command in '/home/edrom-mini/edromufu/src/movement/Ros2_change/src/u2d2_comm': CMAKE_PREFIX_PATH=/home/edrom-mini/edromufu/src/movement/Ros2_change/install/movement_utils:/home/edrom-mini/edromufu/src/movement/Ros2_change/install/urdf_robox:/home/edrom-mini/edromufu/src/movement/Ros2_change/install/urdf_example:/home/edrom-mini/edromufu/src/movement/Ros2_change/install/micro_ros_agent:/home/edrom-mini/edromufu/src/movement/Ros2_change/install/micro_ros_msgs:/home/edrom-mini/edromufu/src/movement/Ros2_change/install/humanoid_visualization PYTHONPATH=/home/edrom-mini/edromufu/src/movement/Ros2_change/build/u2d2_comm/prefix_override:/home/edrom-mini/edromufu/src/movement/Ros2_change/install/u2d2_comm/lib/python3.10/site-packages:${PYTHONPATH} /usr/bin/python3 -W ignore:setup.py install is deprecated setup.py egg_info --egg-base ../../build/u2d2_comm build --build-base /home/edrom-mini/edromufu/src/movement/Ros2_change/build/u2d2_comm/build install --record /home/edrom-mini/edromufu/src/movement/Ros2_change/build/u2d2_comm/install.log --single-version-externally-managed install_data
[1.172s] running egg_info
[1.173s] writing ../../build/u2d2_comm/u2d2_comm.egg-info/PKG-INFO
[1.173s] writing dependency_links to ../../build/u2d2_comm/u2d2_comm.egg-info/dependency_links.txt
[1.174s] writing entry points to ../../build/u2d2_comm/u2d2_comm.egg-info/entry_points.txt
[1.174s] writing requirements to ../../build/u2d2_comm/u2d2_comm.egg-info/requires.txt
[1.174s] writing top-level names to ../../build/u2d2_comm/u2d2_comm.egg-info/top_level.txt
[1.177s] reading manifest file '../../build/u2d2_comm/u2d2_comm.egg-info/SOURCES.txt'
[1.177s] adding license file 'LICENSE'
[1.178s] writing manifest file '../../build/u2d2_comm/u2d2_comm.egg-info/SOURCES.txt'
[1.178s] running build
[1.178s] running build_py
[1.179s] running install
[1.179s] running install_lib
[1.181s] running install_data
[1.181s] running install_egg_info
[1.187s] removing '/home/edrom-mini/edromufu/src/movement/Ros2_change/install/u2d2_comm/lib/python3.10/site-packages/u2d2_comm-0.0.0-py3.10.egg-info' (and everything under it)
[1.187s] Copying ../../build/u2d2_comm/u2d2_comm.egg-info to /home/edrom-mini/edromufu/src/movement/Ros2_change/install/u2d2_comm/lib/python3.10/site-packages/u2d2_comm-0.0.0-py3.10.egg-info
[1.187s] running install_scripts
[1.209s] Installing dynamixel_sdk_comm script to /home/edrom-mini/edromufu/src/movement/Ros2_change/install/u2d2_comm/lib/u2d2_comm
[1.209s] Installing dynamixel_sdk_test script to /home/edrom-mini/edromufu/src/movement/Ros2_change/install/u2d2_comm/lib/u2d2_comm
[1.210s] writing list of installed files to '/home/edrom-mini/edromufu/src/movement/Ros2_change/build/u2d2_comm/install.log'
[1.239s] Invoked command in '/home/edrom-mini/edromufu/src/movement/Ros2_change/src/u2d2_comm' returned '0': CMAKE_PREFIX_PATH=/home/edrom-mini/edromufu/src/movement/Ros2_change/install/movement_utils:/home/edrom-mini/edromufu/src/movement/Ros2_change/install/urdf_robox:/home/edrom-mini/edromufu/src/movement/Ros2_change/install/urdf_example:/home/edrom-mini/edromufu/src/movement/Ros2_change/install/micro_ros_agent:/home/edrom-mini/edromufu/src/movement/Ros2_change/install/micro_ros_msgs:/home/edrom-mini/edromufu/src/movement/Ros2_change/install/humanoid_visualization PYTHONPATH=/home/edrom-mini/edromufu/src/movement/Ros2_change/build/u2d2_comm/prefix_override:/home/edrom-mini/edromufu/src/movement/Ros2_change/install/u2d2_comm/lib/python3.10/site-packages:${PYTHONPATH} /usr/bin/python3 -W ignore:setup.py install is deprecated setup.py egg_info --egg-base ../../build/u2d2_comm build --build-base /home/edrom-mini/edromufu/src/movement/Ros2_change/build/u2d2_comm/build install --record /home/edrom-mini/edromufu/src/movement/Ros2_change/build/u2d2_comm/install.log --single-version-externally-managed install_data
