running egg_info
creating ../build/imu_ros_arduino/imu_ros_arduino.egg-info
writing ../build/imu_ros_arduino/imu_ros_arduino.egg-info/PKG-INFO
writing dependency_links to ../build/imu_ros_arduino/imu_ros_arduino.egg-info/dependency_links.txt
writing entry points to ../build/imu_ros_arduino/imu_ros_arduino.egg-info/entry_points.txt
writing requirements to ../build/imu_ros_arduino/imu_ros_arduino.egg-info/requires.txt
writing top-level names to ../build/imu_ros_arduino/imu_ros_arduino.egg-info/top_level.txt
writing manifest file '../build/imu_ros_arduino/imu_ros_arduino.egg-info/SOURCES.txt'
reading manifest file '../build/imu_ros_arduino/imu_ros_arduino.egg-info/SOURCES.txt'
adding license file 'LICENSE'
writing manifest file '../build/imu_ros_arduino/imu_ros_arduino.egg-info/SOURCES.txt'
running build
running build_py
creating /home/paulo/edromufu/src/behaviour/build/imu_ros_arduino/build
creating /home/paulo/edromufu/src/behaviour/build/imu_ros_arduino/build/lib
creating /home/paulo/edromufu/src/behaviour/build/imu_ros_arduino/build/lib/imu_ros_arduino
copying imu_ros_arduino/__init__.py -> /home/paulo/edromufu/src/behaviour/build/imu_ros_arduino/build/lib/imu_ros_arduino
copying imu_ros_arduino/imu_read.py -> /home/paulo/edromufu/src/behaviour/build/imu_ros_arduino/build/lib/imu_ros_arduino
running install
running install_lib
creating /home/paulo/edromufu/src/behaviour/install/imu_ros_arduino/lib/python3.10/site-packages/imu_ros_arduino
copying /home/paulo/edromufu/src/behaviour/build/imu_ros_arduino/build/lib/imu_ros_arduino/__init__.py -> /home/paulo/edromufu/src/behaviour/install/imu_ros_arduino/lib/python3.10/site-packages/imu_ros_arduino
copying /home/paulo/edromufu/src/behaviour/build/imu_ros_arduino/build/lib/imu_ros_arduino/imu_read.py -> /home/paulo/edromufu/src/behaviour/install/imu_ros_arduino/lib/python3.10/site-packages/imu_ros_arduino
byte-compiling /home/paulo/edromufu/src/behaviour/install/imu_ros_arduino/lib/python3.10/site-packages/imu_ros_arduino/__init__.py to __init__.cpython-310.pyc
byte-compiling /home/paulo/edromufu/src/behaviour/install/imu_ros_arduino/lib/python3.10/site-packages/imu_ros_arduino/imu_read.py to imu_read.cpython-310.pyc
running install_data
creating /home/paulo/edromufu/src/behaviour/install/imu_ros_arduino/share/ament_index
creating /home/paulo/edromufu/src/behaviour/install/imu_ros_arduino/share/ament_index/resource_index
creating /home/paulo/edromufu/src/behaviour/install/imu_ros_arduino/share/ament_index/resource_index/packages
copying resource/imu_ros_arduino -> /home/paulo/edromufu/src/behaviour/install/imu_ros_arduino/share/ament_index/resource_index/packages
copying package.xml -> /home/paulo/edromufu/src/behaviour/install/imu_ros_arduino/share/imu_ros_arduino
running install_egg_info
Copying ../build/imu_ros_arduino/imu_ros_arduino.egg-info to /home/paulo/edromufu/src/behaviour/install/imu_ros_arduino/lib/python3.10/site-packages/imu_ros_arduino-0.0.0-py3.10.egg-info
running install_scripts
Installing IMU_node script to /home/paulo/edromufu/src/behaviour/install/imu_ros_arduino/lib/imu_ros_arduino
writing list of installed files to '/home/paulo/edromufu/src/behaviour/build/imu_ros_arduino/install.log'
