[1.082s] Invoking command in '/home/edrom-mini/edromufu/src/movement/Ros2_change/src/micro_ros/micro_publisher': PYTHONPATH=/home/edrom-mini/edromufu/src/movement/Ros2_change/build/micro_publisher/prefix_override:/home/edrom-mini/edromufu/src/movement/Ros2_change/install/micro_publisher/lib/python3.10/site-packages:${PYTHONPATH} /usr/bin/python3 -W ignore:setup.py install is deprecated setup.py egg_info --egg-base ../../../build/micro_publisher build --build-base /home/edrom-mini/edromufu/src/movement/Ros2_change/build/micro_publisher/build install --record /home/edrom-mini/edromufu/src/movement/Ros2_change/build/micro_publisher/install.log --single-version-externally-managed install_data
[1.441s] running egg_info
[1.443s] creating ../../../build/micro_publisher/micro_publisher.egg-info
[1.443s] writing ../../../build/micro_publisher/micro_publisher.egg-info/PKG-INFO
[1.444s] writing dependency_links to ../../../build/micro_publisher/micro_publisher.egg-info/dependency_links.txt
[1.444s] writing entry points to ../../../build/micro_publisher/micro_publisher.egg-info/entry_points.txt
[1.445s] writing requirements to ../../../build/micro_publisher/micro_publisher.egg-info/requires.txt
[1.445s] writing top-level names to ../../../build/micro_publisher/micro_publisher.egg-info/top_level.txt
[1.445s] writing manifest file '../../../build/micro_publisher/micro_publisher.egg-info/SOURCES.txt'
[1.448s] reading manifest file '../../../build/micro_publisher/micro_publisher.egg-info/SOURCES.txt'
[1.450s] writing manifest file '../../../build/micro_publisher/micro_publisher.egg-info/SOURCES.txt'
[1.450s] running build
[1.450s] running build_py
[1.450s] creating /home/edrom-mini/edromufu/src/movement/Ros2_change/build/micro_publisher/build
[1.451s] creating /home/edrom-mini/edromufu/src/movement/Ros2_change/build/micro_publisher/build/lib
[1.451s] creating /home/edrom-mini/edromufu/src/movement/Ros2_change/build/micro_publisher/build/lib/micro_publisher
[1.451s] copying micro_publisher/__init__.py -> /home/edrom-mini/edromufu/src/movement/Ros2_change/build/micro_publisher/build/lib/micro_publisher
[1.451s] copying micro_publisher/pub_to_esp.py -> /home/edrom-mini/edromufu/src/movement/Ros2_change/build/micro_publisher/build/lib/micro_publisher
[1.452s] running install
[1.453s] running install_lib
[1.454s] creating /home/edrom-mini/edromufu/src/movement/Ros2_change/install/micro_publisher/lib/python3.10/site-packages/micro_publisher
[1.454s] copying /home/edrom-mini/edromufu/src/movement/Ros2_change/build/micro_publisher/build/lib/micro_publisher/__init__.py -> /home/edrom-mini/edromufu/src/movement/Ros2_change/install/micro_publisher/lib/python3.10/site-packages/micro_publisher
[1.455s] copying /home/edrom-mini/edromufu/src/movement/Ros2_change/build/micro_publisher/build/lib/micro_publisher/pub_to_esp.py -> /home/edrom-mini/edromufu/src/movement/Ros2_change/install/micro_publisher/lib/python3.10/site-packages/micro_publisher
[1.456s] byte-compiling /home/edrom-mini/edromufu/src/movement/Ros2_change/install/micro_publisher/lib/python3.10/site-packages/micro_publisher/__init__.py to __init__.cpython-310.pyc
[1.458s] byte-compiling /home/edrom-mini/edromufu/src/movement/Ros2_change/install/micro_publisher/lib/python3.10/site-packages/micro_publisher/pub_to_esp.py to pub_to_esp.cpython-310.pyc
[1.458s] running install_data
[1.458s] creating /home/edrom-mini/edromufu/src/movement/Ros2_change/install/micro_publisher/share/ament_index
[1.459s] creating /home/edrom-mini/edromufu/src/movement/Ros2_change/install/micro_publisher/share/ament_index/resource_index
[1.459s] creating /home/edrom-mini/edromufu/src/movement/Ros2_change/install/micro_publisher/share/ament_index/resource_index/packages
[1.459s] copying resource/micro_publisher -> /home/edrom-mini/edromufu/src/movement/Ros2_change/install/micro_publisher/share/ament_index/resource_index/packages
[1.459s] copying package.xml -> /home/edrom-mini/edromufu/src/movement/Ros2_change/install/micro_publisher/share/micro_publisher
[1.459s] running install_egg_info
[1.464s] Copying ../../../build/micro_publisher/micro_publisher.egg-info to /home/edrom-mini/edromufu/src/movement/Ros2_change/install/micro_publisher/lib/python3.10/site-packages/micro_publisher-0.0.0-py3.10.egg-info
[1.466s] running install_scripts
[1.495s] Installing pub_to_esp script to /home/edrom-mini/edromufu/src/movement/Ros2_change/install/micro_publisher/lib/micro_publisher
[1.496s] writing list of installed files to '/home/edrom-mini/edromufu/src/movement/Ros2_change/build/micro_publisher/install.log'
[1.599s] Invoked command in '/home/edrom-mini/edromufu/src/movement/Ros2_change/src/micro_ros/micro_publisher' returned '0': PYTHONPATH=/home/edrom-mini/edromufu/src/movement/Ros2_change/build/micro_publisher/prefix_override:/home/edrom-mini/edromufu/src/movement/Ros2_change/install/micro_publisher/lib/python3.10/site-packages:${PYTHONPATH} /usr/bin/python3 -W ignore:setup.py install is deprecated setup.py egg_info --egg-base ../../../build/micro_publisher build --build-base /home/edrom-mini/edromufu/src/movement/Ros2_change/build/micro_publisher/build install --record /home/edrom-mini/edromufu/src/movement/Ros2_change/build/micro_publisher/install.log --single-version-externally-managed install_data
