[0.026s] Invoking command in '/home/edrom-mini/edromufu/src/movement/build/movement_core': /home/edrom-mini/.local/bin/cmake /home/edrom-mini/edromufu/src/movement/movement_core -DCATKIN_INSTALL_INTO_PREFIX_ROOT=0 -DCMAKE_INSTALL_PREFIX=/home/edrom-mini/edromufu/src/movement/install/movement_core
[0.119s] [0mCMake Deprecation Warning at CMakeLists.txt:1 (cmake_minimum_required):
[0.119s]   Compatibility with CMake < 3.5 will be removed from a future version of
[0.119s]   CMake.
[0.119s] 
[0.119s]   Update the VERSION argument <min> value or use a ...<max> suffix to tell
[0.119s]   CMake that the project does not need compatibility with older versions.
[0.119s] 
[0.120s] [0m
[0.260s] -- The C compiler identification is GNU 11.4.0
[0.460s] -- The CXX compiler identification is GNU 11.4.0
[0.475s] -- Detecting C compiler ABI info
[0.563s] -- Detecting C compiler ABI info - done
[0.584s] -- Check for working C compiler: /usr/bin/cc - skipped
[0.584s] -- Detecting C compile features
[0.589s] -- Detecting C compile features - done
[0.591s] -- Detecting CXX compiler ABI info
[0.680s] -- Detecting CXX compiler ABI info - done
[0.704s] -- Check for working CXX compiler: /usr/bin/c++ - skipped
[0.705s] -- Detecting CXX compile features
[0.705s] -- Detecting CXX compile features - done
[0.726s] [31mCMake Error at CMakeLists.txt:10 (find_package):
[0.727s]   By not providing "Findcatkin.cmake" in CMAKE_MODULE_PATH this project has
[0.727s]   asked CMake to find a package configuration file provided by "catkin", but
[0.727s]   CMake did not find one.
[0.727s] 
[0.727s]   Could not find a package configuration file provided by "catkin" with any
[0.727s]   of the following names:
[0.727s] 
[0.727s]     catkinConfig.cmake
[0.727s]     catkin-config.cmake
[0.727s] 
[0.727s]   Add the installation prefix of "catkin" to CMAKE_PREFIX_PATH or set
[0.727s]   "catkin_DIR" to a directory containing one of the above files.  If "catkin"
[0.727s]   provides a separate development package or SDK, be sure it has been
[0.728s]   installed.
[0.728s] 
[0.728s] [0m
[0.728s] -- Configuring incomplete, errors occurred!
[0.775s] Invoked command in '/home/edrom-mini/edromufu/src/movement/build/movement_core' returned '1': /home/edrom-mini/.local/bin/cmake /home/edrom-mini/edromufu/src/movement/movement_core -DCATKIN_INSTALL_INTO_PREFIX_ROOT=0 -DCMAKE_INSTALL_PREFIX=/home/edrom-mini/edromufu/src/movement/install/movement_core
