[0.668s] Invoking command in '/home/daniel/edromufu/src/movement/PID_codes/src/pot_package': PYTHONPATH=/home/daniel/edromufu/src/movement/PID_codes/build/pot_package/prefix_override:/usr/lib/python3/dist-packages/colcon_core/task/python/colcon_distutils_commands:/home/daniel/edromufu/src/movement/PID_codes/install/pot_package/lib/python3.10/site-packages:${PYTHONPATH} /usr/bin/python3 -W ignore:setup.py install is deprecated setup.py egg_info --egg-base ../../build/pot_package build --build-base /home/daniel/edromufu/src/movement/PID_codes/build/pot_package/build install --record /home/daniel/edromufu/src/movement/PID_codes/build/pot_package/install.log --single-version-externally-managed install_data
[0.928s] running egg_info
[0.929s] writing ../../build/pot_package/pot_package.egg-info/PKG-INFO
[0.930s] writing dependency_links to ../../build/pot_package/pot_package.egg-info/dependency_links.txt
[0.930s] writing entry points to ../../build/pot_package/pot_package.egg-info/entry_points.txt
[0.931s] writing requirements to ../../build/pot_package/pot_package.egg-info/requires.txt
[0.931s] writing top-level names to ../../build/pot_package/pot_package.egg-info/top_level.txt
[0.932s] reading manifest file '../../build/pot_package/pot_package.egg-info/SOURCES.txt'
[0.932s] writing manifest file '../../build/pot_package/pot_package.egg-info/SOURCES.txt'
[0.932s] running build
[0.932s] running build_py
[0.932s] copying pot_package/pot_values_publisher.py -> /home/daniel/edromufu/src/movement/PID_codes/build/pot_package/build/lib/pot_package
[0.933s] running install
[0.933s] running install_lib
[0.933s] copying /home/daniel/edromufu/src/movement/PID_codes/build/pot_package/build/lib/pot_package/pot_values_publisher.py -> /home/daniel/edromufu/src/movement/PID_codes/install/pot_package/lib/python3.10/site-packages/pot_package
[0.933s] byte-compiling /home/daniel/edromufu/src/movement/PID_codes/install/pot_package/lib/python3.10/site-packages/pot_package/pot_values_publisher.py to pot_values_publisher.cpython-310.pyc
[0.933s] running install_data
[0.933s] running install_egg_info
[0.933s] removing '/home/daniel/edromufu/src/movement/PID_codes/install/pot_package/lib/python3.10/site-packages/pot_package-0.0.0-py3.10.egg-info' (and everything under it)
[0.934s] Copying ../../build/pot_package/pot_package.egg-info to /home/daniel/edromufu/src/movement/PID_codes/install/pot_package/lib/python3.10/site-packages/pot_package-0.0.0-py3.10.egg-info
[0.934s] running install_scripts
[0.950s] Installing pot_values_publisher script to /home/daniel/edromufu/src/movement/PID_codes/install/pot_package/lib/pot_package
[0.950s] writing list of installed files to '/home/daniel/edromufu/src/movement/PID_codes/build/pot_package/install.log'
[1.006s] Invoked command in '/home/daniel/edromufu/src/movement/PID_codes/src/pot_package' returned '0': PYTHONPATH=/home/daniel/edromufu/src/movement/PID_codes/build/pot_package/prefix_override:/usr/lib/python3/dist-packages/colcon_core/task/python/colcon_distutils_commands:/home/daniel/edromufu/src/movement/PID_codes/install/pot_package/lib/python3.10/site-packages:${PYTHONPATH} /usr/bin/python3 -W ignore:setup.py install is deprecated setup.py egg_info --egg-base ../../build/pot_package build --build-base /home/daniel/edromufu/src/movement/PID_codes/build/pot_package/build install --record /home/daniel/edromufu/src/movement/PID_codes/build/pot_package/install.log --single-version-externally-managed install_data
