[1.119s] Invoking command in '/home/edrom-mini/edromufu/src/movement/Ros2_change/src/humanoid_definition': AMENT_PREFIX_PATH=/home/edrom-mini/edromufu/src/movement/Ros2_change/install/kinematic_functions:${AMENT_PREFIX_PATH} PYTHONPATH=/home/edrom-mini/edromufu/src/movement/Ros2_change/build/humanoid_definition/prefix_override:/home/edrom-mini/edromufu/src/movement/Ros2_change/install/humanoid_definition/lib/python3.10/site-packages:/home/edrom-mini/edromufu/src/movement/Ros2_change/install/kinematic_functions/lib/python3.10/site-packages:${PYTHONPATH} /usr/bin/python3 -W ignore:setup.py install is deprecated setup.py egg_info --egg-base ../../build/humanoid_definition build --build-base /home/edrom-mini/edromufu/src/movement/Ros2_change/build/humanoid_definition/build install --record /home/edrom-mini/edromufu/src/movement/Ros2_change/build/humanoid_definition/install.log --single-version-externally-managed install_data
[1.488s] running egg_info
[1.488s] creating ../../build/humanoid_definition/humanoid_definition.egg-info
[1.488s] writing ../../build/humanoid_definition/humanoid_definition.egg-info/PKG-INFO
[1.489s] writing dependency_links to ../../build/humanoid_definition/humanoid_definition.egg-info/dependency_links.txt
[1.489s] writing entry points to ../../build/humanoid_definition/humanoid_definition.egg-info/entry_points.txt
[1.489s] writing requirements to ../../build/humanoid_definition/humanoid_definition.egg-info/requires.txt
[1.489s] writing top-level names to ../../build/humanoid_definition/humanoid_definition.egg-info/top_level.txt
[1.489s] writing manifest file '../../build/humanoid_definition/humanoid_definition.egg-info/SOURCES.txt'
[1.490s] reading manifest file '../../build/humanoid_definition/humanoid_definition.egg-info/SOURCES.txt'
[1.491s] writing manifest file '../../build/humanoid_definition/humanoid_definition.egg-info/SOURCES.txt'
[1.492s] running build
[1.492s] running build_py
[1.492s] creating /home/edrom-mini/edromufu/src/movement/Ros2_change/build/humanoid_definition/build
[1.492s] creating /home/edrom-mini/edromufu/src/movement/Ros2_change/build/humanoid_definition/build/lib
[1.496s] creating /home/edrom-mini/edromufu/src/movement/Ros2_change/build/humanoid_definition/build/lib/humanoid_definition
[1.496s] copying humanoid_definition/__init__.py -> /home/edrom-mini/edromufu/src/movement/Ros2_change/build/humanoid_definition/build/lib/humanoid_definition
[1.496s] copying humanoid_definition/setup_robot.py -> /home/edrom-mini/edromufu/src/movement/Ros2_change/build/humanoid_definition/build/lib/humanoid_definition
[1.496s] copying humanoid_definition/joint.py -> /home/edrom-mini/edromufu/src/movement/Ros2_change/build/humanoid_definition/build/lib/humanoid_definition
[1.496s] running install
[1.496s] running install_lib
[1.497s] copying /home/edrom-mini/edromufu/src/movement/Ros2_change/build/humanoid_definition/build/lib/humanoid_definition/__init__.py -> /home/edrom-mini/edromufu/src/movement/Ros2_change/install/humanoid_definition/lib/python3.10/site-packages/humanoid_definition
[1.497s] copying /home/edrom-mini/edromufu/src/movement/Ros2_change/build/humanoid_definition/build/lib/humanoid_definition/setup_robot.py -> /home/edrom-mini/edromufu/src/movement/Ros2_change/install/humanoid_definition/lib/python3.10/site-packages/humanoid_definition
[1.497s] copying /home/edrom-mini/edromufu/src/movement/Ros2_change/build/humanoid_definition/build/lib/humanoid_definition/joint.py -> /home/edrom-mini/edromufu/src/movement/Ros2_change/install/humanoid_definition/lib/python3.10/site-packages/humanoid_definition
[1.497s] byte-compiling /home/edrom-mini/edromufu/src/movement/Ros2_change/install/humanoid_definition/lib/python3.10/site-packages/humanoid_definition/__init__.py to __init__.cpython-310.pyc
[1.497s] byte-compiling /home/edrom-mini/edromufu/src/movement/Ros2_change/install/humanoid_definition/lib/python3.10/site-packages/humanoid_definition/setup_robot.py to setup_robot.cpython-310.pyc
[1.499s] byte-compiling /home/edrom-mini/edromufu/src/movement/Ros2_change/install/humanoid_definition/lib/python3.10/site-packages/humanoid_definition/joint.py to joint.cpython-310.pyc
[1.500s] running install_data
[1.500s] copying resource/humanoid_definition -> /home/edrom-mini/edromufu/src/movement/Ros2_change/install/humanoid_definition/share/ament_index/resource_index/packages
[1.500s] copying package.xml -> /home/edrom-mini/edromufu/src/movement/Ros2_change/install/humanoid_definition/share/humanoid_definition
[1.502s] running install_egg_info
[1.505s] removing '/home/edrom-mini/edromufu/src/movement/Ros2_change/install/humanoid_definition/lib/python3.10/site-packages/humanoid_definition-0.0.0-py3.10.egg-info' (and everything under it)
[1.505s] Copying ../../build/humanoid_definition/humanoid_definition.egg-info to /home/edrom-mini/edromufu/src/movement/Ros2_change/install/humanoid_definition/lib/python3.10/site-packages/humanoid_definition-0.0.0-py3.10.egg-info
[1.509s] running install_scripts
[1.537s] writing list of installed files to '/home/edrom-mini/edromufu/src/movement/Ros2_change/build/humanoid_definition/install.log'
[1.626s] Invoked command in '/home/edrom-mini/edromufu/src/movement/Ros2_change/src/humanoid_definition' returned '0': AMENT_PREFIX_PATH=/home/edrom-mini/edromufu/src/movement/Ros2_change/install/kinematic_functions:${AMENT_PREFIX_PATH} PYTHONPATH=/home/edrom-mini/edromufu/src/movement/Ros2_change/build/humanoid_definition/prefix_override:/home/edrom-mini/edromufu/src/movement/Ros2_change/install/humanoid_definition/lib/python3.10/site-packages:/home/edrom-mini/edromufu/src/movement/Ros2_change/install/kinematic_functions/lib/python3.10/site-packages:${PYTHONPATH} /usr/bin/python3 -W ignore:setup.py install is deprecated setup.py egg_info --egg-base ../../build/humanoid_definition build --build-base /home/edrom-mini/edromufu/src/movement/Ros2_change/build/humanoid_definition/build install --record /home/edrom-mini/edromufu/src/movement/Ros2_change/build/humanoid_definition/install.log --single-version-externally-managed install_data
