[1.604s] Invoking command in '/home/pedrohperes/edromufu/src/movement/Ros2_change/src/movement_pages': AMENT_PREFIX_PATH=/home/pedrohperes/edromufu/src/movement/Ros2_change/src/install/movement_utils:${AMENT_PREFIX_PATH} CMAKE_PREFIX_PATH=/home/pedrohperes/edromufu/src/movement/Ros2_change/src/install/movement_utils:${CMAKE_PREFIX_PATH} LD_LIBRARY_PATH=/home/pedrohperes/edromufu/src/movement/Ros2_change/src/install/movement_utils/lib:${LD_LIBRARY_PATH} PYTHONPATH=/home/pedrohperes/edromufu/src/movement/Ros2_change/src/build/movement_pages/prefix_override:/home/pedrohperes/edromufu/src/movement/Ros2_change/src/install/movement_pages/lib/python3.10/site-packages:/home/pedrohperes/edromufu/src/movement/Ros2_change/src/install/movement_utils/local/lib/python3.10/dist-packages:${PYTHONPATH} /usr/bin/python3 -W ignore:setup.py install is deprecated setup.py egg_info --egg-base ../build/movement_pages build --build-base /home/pedrohperes/edromufu/src/movement/Ros2_change/src/build/movement_pages/build install --record /home/pedrohperes/edromufu/src/movement/Ros2_change/src/build/movement_pages/install.log --single-version-externally-managed install_data
[1.882s] running egg_info
[1.883s] writing ../build/movement_pages/movement_pages.egg-info/PKG-INFO
[1.883s] writing dependency_links to ../build/movement_pages/movement_pages.egg-info/dependency_links.txt
[1.883s] writing entry points to ../build/movement_pages/movement_pages.egg-info/entry_points.txt
[1.884s] writing requirements to ../build/movement_pages/movement_pages.egg-info/requires.txt
[1.884s] writing top-level names to ../build/movement_pages/movement_pages.egg-info/top_level.txt
[1.885s] reading manifest file '../build/movement_pages/movement_pages.egg-info/SOURCES.txt'
[1.887s] writing manifest file '../build/movement_pages/movement_pages.egg-info/SOURCES.txt'
[1.887s] running build
[1.887s] running build_py
[1.887s] running install
[1.887s] running install_lib
[1.889s] running install_data
[1.889s] running install_egg_info
[1.891s] removing '/home/pedrohperes/edromufu/src/movement/Ros2_change/src/install/movement_pages/lib/python3.10/site-packages/movement_pages-0.0.0-py3.10.egg-info' (and everything under it)
[1.891s] Copying ../build/movement_pages/movement_pages.egg-info to /home/pedrohperes/edromufu/src/movement/Ros2_change/src/install/movement_pages/lib/python3.10/site-packages/movement_pages-0.0.0-py3.10.egg-info
[1.892s] running install_scripts
[1.913s] writing list of installed files to '/home/pedrohperes/edromufu/src/movement/Ros2_change/src/build/movement_pages/install.log'
[1.938s] Invoked command in '/home/pedrohperes/edromufu/src/movement/Ros2_change/src/movement_pages' returned '0': AMENT_PREFIX_PATH=/home/pedrohperes/edromufu/src/movement/Ros2_change/src/install/movement_utils:${AMENT_PREFIX_PATH} CMAKE_PREFIX_PATH=/home/pedrohperes/edromufu/src/movement/Ros2_change/src/install/movement_utils:${CMAKE_PREFIX_PATH} LD_LIBRARY_PATH=/home/pedrohperes/edromufu/src/movement/Ros2_change/src/install/movement_utils/lib:${LD_LIBRARY_PATH} PYTHONPATH=/home/pedrohperes/edromufu/src/movement/Ros2_change/src/build/movement_pages/prefix_override:/home/pedrohperes/edromufu/src/movement/Ros2_change/src/install/movement_pages/lib/python3.10/site-packages:/home/pedrohperes/edromufu/src/movement/Ros2_change/src/install/movement_utils/local/lib/python3.10/dist-packages:${PYTHONPATH} /usr/bin/python3 -W ignore:setup.py install is deprecated setup.py egg_info --egg-base ../build/movement_pages build --build-base /home/pedrohperes/edromufu/src/movement/Ros2_change/src/build/movement_pages/build install --record /home/pedrohperes/edromufu/src/movement/Ros2_change/src/build/movement_pages/install.log --single-version-externally-managed install_data
