-- The C compiler identification is GNU 11.4.0
-- The CXX compiler identification is GNU 11.4.0
-- Detecting C compiler ABI info
-- Detecting C compiler ABI info - done
-- Check for working C compiler: /usr/bin/cc - skipped
-- Detecting C compile features
-- Detecting C compile features - done
-- Detecting CXX compiler ABI info
-- Detecting CXX compiler ABI info - done
-- Check for working CXX compiler: /usr/bin/c++ - skipped
-- Detecting CXX compile features
-- Detecting CXX compile features - done
-- Found ament_cmake: 1.3.8 (/opt/ros/humble/share/ament_cmake/cmake)
-- Found Python3: /usr/bin/python3 (found version "3.10.12") found components: Interpreter
-- Found ament_lint_auto: 0.12.10 (/opt/ros/humble/share/ament_lint_auto/cmake)
-- Found rosidl_default_generators: 1.2.0 (/opt/ros/humble/share/rosidl_default_generators/cmake)
-- Using all available rosidl_typesupport_c: rosidl_typesupport_fastrtps_c;rosidl_typesupport_introspection_c
-- Found rosidl_adapter: 3.1.5 (/opt/ros/humble/share/rosidl_adapter/cmake)
-- Using all available rosidl_typesupport_cpp: rosidl_typesupport_fastrtps_cpp;rosidl_typesupport_introspection_cpp
-- Found ament_cmake_ros: 0.10.0 (/opt/ros/humble/share/ament_cmake_ros/cmake)
-- Using all available rosidl_typesupport_c: rosidl_typesupport_fastrtps_c;rosidl_typesupport_introspection_c
-- Using all available rosidl_typesupport_cpp: rosidl_typesupport_fastrtps_cpp;rosidl_typesupport_introspection_cpp
-- Found PythonInterp: /usr/bin/python3 (found suitable version "3.10.12", minimum required is "3.6")
-- Found python_cmake_module: 0.10.0 (/opt/ros/humble/share/python_cmake_module/cmake)
-- Found PythonLibs: /usr/lib/x86_64-linux-gnu/libpython3.10.so (found suitable version "3.10.12", minimum required is "3.5")
-- Using PYTHON_EXECUTABLE: /usr/bin/python3
-- Using PYTHON_INCLUDE_DIRS: /usr/include/python3.10
-- Using PYTHON_LIBRARIES: /usr/lib/x86_64-linux-gnu/libpython3.10.so
-- Found PythonExtra: .so
-- Added test 'lint_cmake' to check CMake code style
-- Added test 'xmllint' to check XML markup files
-- Configuring done (2.2s)
-- Generating done (0.0s)
-- Build files have been written to: /home/edrom-mini/edromufu/src/movement/PID_codes/build/potmessage
[  2%] [34m[1mGenerating C code for ROS interfaces[0m
[  4%] [34m[1mGenerating C++ code for ROS interfaces[0m
[  4%] Built target ament_cmake_python_copy_potmessage
running egg_info
creating potmessage.egg-info
writing potmessage.egg-info/PKG-INFO
writing dependency_links to potmessage.egg-info/dependency_links.txt
writing top-level names to potmessage.egg-info/top_level.txt
writing manifest file 'potmessage.egg-info/SOURCES.txt'
reading manifest file 'potmessage.egg-info/SOURCES.txt'
writing manifest file 'potmessage.egg-info/SOURCES.txt'
[  4%] Built target ament_cmake_python_build_potmessage_egg
[  4%] Built target potmessage__cpp
[ 10%] [34m[1mGenerating C++ introspection for ROS interfaces[0m
[ 10%] [34m[1mGenerating C++ type support for eProsima Fast-RTPS[0m
[ 10%] [34m[1mGenerating C++ type support dispatch for ROS interfaces[0m
[ 12%] [32mBuilding C object CMakeFiles/potmessage__rosidl_generator_c.dir/rosidl_generator_c/potmessage/msg/detail/potmsg__functions.c.o[0m
[ 14%] [32mBuilding C object CMakeFiles/potmessage__rosidl_generator_c.dir/rosidl_generator_c/potmessage/msg/detail/buttonmsg__functions.c.o[0m
[ 17%] [32mBuilding C object CMakeFiles/potmessage__rosidl_generator_c.dir/rosidl_generator_c/potmessage/msg/detail/imumsg__functions.c.o[0m
[ 19%] [32m[1mLinking C shared library libpotmessage__rosidl_generator_c.so[0m
[ 19%] Built target potmessage__rosidl_generator_c
[ 21%] [34m[1mGenerating C type support for eProsima Fast-RTPS[0m
[ 23%] [32mBuilding CXX object CMakeFiles/potmessage__rosidl_typesupport_cpp.dir/rosidl_typesupport_cpp/potmessage/msg/potmsg__type_support.cpp.o[0m
[ 25%] [32mBuilding CXX object CMakeFiles/potmessage__rosidl_typesupport_introspection_cpp.dir/rosidl_typesupport_introspection_cpp/potmessage/msg/detail/potmsg__type_support.cpp.o[0m
[ 27%] [32mBuilding CXX object CMakeFiles/potmessage__rosidl_typesupport_fastrtps_cpp.dir/rosidl_typesupport_fastrtps_cpp/potmessage/msg/detail/dds_fastrtps/potmsg__type_support.cpp.o[0m
[ 29%] [32mBuilding CXX object CMakeFiles/potmessage__rosidl_typesupport_fastrtps_c.dir/rosidl_typesupport_fastrtps_c/potmessage/msg/detail/potmsg__type_support_c.cpp.o[0m
[ 31%] [32mBuilding CXX object CMakeFiles/potmessage__rosidl_typesupport_cpp.dir/rosidl_typesupport_cpp/potmessage/msg/buttonmsg__type_support.cpp.o[0m
[ 34%] [32mBuilding CXX object CMakeFiles/potmessage__rosidl_typesupport_introspection_cpp.dir/rosidl_typesupport_introspection_cpp/potmessage/msg/detail/buttonmsg__type_support.cpp.o[0m
[ 36%] [32mBuilding CXX object CMakeFiles/potmessage__rosidl_typesupport_fastrtps_cpp.dir/rosidl_typesupport_fastrtps_cpp/potmessage/msg/detail/dds_fastrtps/buttonmsg__type_support.cpp.o[0m
[ 38%] [32mBuilding CXX object CMakeFiles/potmessage__rosidl_typesupport_cpp.dir/rosidl_typesupport_cpp/potmessage/msg/imumsg__type_support.cpp.o[0m
[ 40%] [32mBuilding CXX object CMakeFiles/potmessage__rosidl_typesupport_fastrtps_c.dir/rosidl_typesupport_fastrtps_c/potmessage/msg/detail/buttonmsg__type_support_c.cpp.o[0m
[ 42%] [32mBuilding CXX object CMakeFiles/potmessage__rosidl_typesupport_introspection_cpp.dir/rosidl_typesupport_introspection_cpp/potmessage/msg/detail/imumsg__type_support.cpp.o[0m
[ 44%] [32m[1mLinking CXX shared library libpotmessage__rosidl_typesupport_cpp.so[0m
[ 44%] Built target potmessage__rosidl_typesupport_cpp
[ 46%] [32mBuilding CXX object CMakeFiles/potmessage__rosidl_typesupport_fastrtps_cpp.dir/rosidl_typesupport_fastrtps_cpp/potmessage/msg/detail/dds_fastrtps/imumsg__type_support.cpp.o[0m
[ 48%] [32mBuilding CXX object CMakeFiles/potmessage__rosidl_typesupport_fastrtps_c.dir/rosidl_typesupport_fastrtps_c/potmessage/msg/detail/imumsg__type_support_c.cpp.o[0m
[ 51%] [34m[1mGenerating C introspection for ROS interfaces[0m
[ 53%] [32m[1mLinking CXX shared library libpotmessage__rosidl_typesupport_introspection_cpp.so[0m
[ 55%] [32mBuilding C object CMakeFiles/potmessage__rosidl_typesupport_introspection_c.dir/rosidl_typesupport_introspection_c/potmessage/msg/detail/potmsg__type_support.c.o[0m
[ 57%] [32m[1mLinking CXX shared library libpotmessage__rosidl_typesupport_fastrtps_c.so[0m
[ 57%] Built target potmessage__rosidl_typesupport_introspection_cpp
[ 59%] [32mBuilding C object CMakeFiles/potmessage__rosidl_typesupport_introspection_c.dir/rosidl_typesupport_introspection_c/potmessage/msg/detail/buttonmsg__type_support.c.o[0m
[ 61%] [32mBuilding C object CMakeFiles/potmessage__rosidl_typesupport_introspection_c.dir/rosidl_typesupport_introspection_c/potmessage/msg/detail/imumsg__type_support.c.o[0m
[ 63%] [32m[1mLinking CXX shared library libpotmessage__rosidl_typesupport_fastrtps_cpp.so[0m
[ 65%] [34m[1mGenerating C type support dispatch for ROS interfaces[0m
[ 68%] [32m[1mLinking C shared library libpotmessage__rosidl_typesupport_introspection_c.so[0m
[ 68%] Built target potmessage__rosidl_typesupport_introspection_c
[ 68%] Built target potmessage__rosidl_typesupport_fastrtps_c
[ 68%] Built target potmessage__rosidl_typesupport_fastrtps_cpp
[ 70%] [32mBuilding CXX object CMakeFiles/potmessage__rosidl_typesupport_c.dir/rosidl_typesupport_c/potmessage/msg/potmsg__type_support.cpp.o[0m
[ 72%] [32mBuilding CXX object CMakeFiles/potmessage__rosidl_typesupport_c.dir/rosidl_typesupport_c/potmessage/msg/buttonmsg__type_support.cpp.o[0m
[ 74%] [32mBuilding CXX object CMakeFiles/potmessage__rosidl_typesupport_c.dir/rosidl_typesupport_c/potmessage/msg/imumsg__type_support.cpp.o[0m
[ 76%] [32m[1mLinking CXX shared library libpotmessage__rosidl_typesupport_c.so[0m
[ 76%] Built target potmessage__rosidl_typesupport_c
[ 76%] Built target potmessage
[ 78%] [34m[1mGenerating Python code for ROS interfaces[0m
[ 78%] Built target potmessage__py
[ 82%] [32mBuilding C object CMakeFiles/potmessage__rosidl_generator_py.dir/rosidl_generator_py/potmessage/msg/_potmsg_s.c.o[0m
[ 82%] [32mBuilding C object CMakeFiles/potmessage__rosidl_generator_py.dir/rosidl_generator_py/potmessage/msg/_buttonmsg_s.c.o[0m
[ 85%] [32mBuilding C object CMakeFiles/potmessage__rosidl_generator_py.dir/rosidl_generator_py/potmessage/msg/_imumsg_s.c.o[0m
[ 87%] [32m[1mLinking C shared library rosidl_generator_py/potmessage/libpotmessage__rosidl_generator_py.so[0m
[ 87%] Built target potmessage__rosidl_generator_py
[ 93%] [32mBuilding C object CMakeFiles/potmessage__rosidl_typesupport_fastrtps_c__pyext.dir/rosidl_generator_py/potmessage/_potmessage_s.ep.rosidl_typesupport_fastrtps_c.c.o[0m
[ 93%] [32mBuilding C object CMakeFiles/potmessage__rosidl_typesupport_c__pyext.dir/rosidl_generator_py/potmessage/_potmessage_s.ep.rosidl_typesupport_c.c.o[0m
[ 93%] [32mBuilding C object CMakeFiles/potmessage__rosidl_typesupport_introspection_c__pyext.dir/rosidl_generator_py/potmessage/_potmessage_s.ep.rosidl_typesupport_introspection_c.c.o[0m
[ 95%] [32m[1mLinking C shared library rosidl_generator_py/potmessage/potmessage_s__rosidl_typesupport_c.cpython-310-x86_64-linux-gnu.so[0m
[ 97%] [32m[1mLinking C shared library rosidl_generator_py/potmessage/potmessage_s__rosidl_typesupport_introspection_c.cpython-310-x86_64-linux-gnu.so[0m
[100%] [32m[1mLinking C shared library rosidl_generator_py/potmessage/potmessage_s__rosidl_typesupport_fastrtps_c.cpython-310-x86_64-linux-gnu.so[0m
[100%] Built target potmessage__rosidl_typesupport_c__pyext
[100%] Built target potmessage__rosidl_typesupport_introspection_c__pyext
[100%] Built target potmessage__rosidl_typesupport_fastrtps_c__pyext
-- Install configuration: ""
-- Installing: /home/edrom-mini/edromufu/src/movement/PID_codes/install/potmessage/share/ament_index/resource_index/rosidl_interfaces/potmessage
-- Up-to-date: /home/edrom-mini/edromufu/src/movement/PID_codes/install/potmessage/include/potmessage/potmessage
-- Up-to-date: /home/edrom-mini/edromufu/src/movement/PID_codes/install/potmessage/include/potmessage/potmessage/msg
-- Installing: /home/edrom-mini/edromufu/src/movement/PID_codes/install/potmessage/include/potmessage/potmessage/msg/buttonmsg.h
-- Installing: /home/edrom-mini/edromufu/src/movement/PID_codes/install/potmessage/include/potmessage/potmessage/msg/rosidl_generator_c__visibility_control.h
-- Up-to-date: /home/edrom-mini/edromufu/src/movement/PID_codes/install/potmessage/include/potmessage/potmessage/msg/detail
-- Installing: /home/edrom-mini/edromufu/src/movement/PID_codes/install/potmessage/include/potmessage/potmessage/msg/detail/potmsg__type_support.h
-- Installing: /home/edrom-mini/edromufu/src/movement/PID_codes/install/potmessage/include/potmessage/potmessage/msg/detail/imumsg__functions.h
-- Installing: /home/edrom-mini/edromufu/src/movement/PID_codes/install/potmessage/include/potmessage/potmessage/msg/detail/buttonmsg__functions.c
-- Installing: /home/edrom-mini/edromufu/src/movement/PID_codes/install/potmessage/include/potmessage/potmessage/msg/detail/buttonmsg__functions.h
-- Installing: /home/edrom-mini/edromufu/src/movement/PID_codes/install/potmessage/include/potmessage/potmessage/msg/detail/potmsg__functions.h
-- Installing: /home/edrom-mini/edromufu/src/movement/PID_codes/install/potmessage/include/potmessage/potmessage/msg/detail/potmsg__functions.c
-- Installing: /home/edrom-mini/edromufu/src/movement/PID_codes/install/potmessage/include/potmessage/potmessage/msg/detail/imumsg__type_support.h
-- Installing: /home/edrom-mini/edromufu/src/movement/PID_codes/install/potmessage/include/potmessage/potmessage/msg/detail/potmsg__struct.h
-- Installing: /home/edrom-mini/edromufu/src/movement/PID_codes/install/potmessage/include/potmessage/potmessage/msg/detail/buttonmsg__type_support.h
-- Installing: /home/edrom-mini/edromufu/src/movement/PID_codes/install/potmessage/include/potmessage/potmessage/msg/detail/buttonmsg__struct.h
-- Installing: /home/edrom-mini/edromufu/src/movement/PID_codes/install/potmessage/include/potmessage/potmessage/msg/detail/imumsg__functions.c
-- Installing: /home/edrom-mini/edromufu/src/movement/PID_codes/install/potmessage/include/potmessage/potmessage/msg/detail/imumsg__struct.h
-- Installing: /home/edrom-mini/edromufu/src/movement/PID_codes/install/potmessage/include/potmessage/potmessage/msg/imumsg.h
-- Installing: /home/edrom-mini/edromufu/src/movement/PID_codes/install/potmessage/include/potmessage/potmessage/msg/potmsg.h
-- Installing: /home/edrom-mini/edromufu/src/movement/PID_codes/install/potmessage/share/potmessage/environment/library_path.sh
-- Installing: /home/edrom-mini/edromufu/src/movement/PID_codes/install/potmessage/share/potmessage/environment/library_path.dsv
-- Installing: /home/edrom-mini/edromufu/src/movement/PID_codes/install/potmessage/lib/libpotmessage__rosidl_generator_c.so
-- Set non-toolchain portion of runtime path of "/home/edrom-mini/edromufu/src/movement/PID_codes/install/potmessage/lib/libpotmessage__rosidl_generator_c.so" to ""
-- Up-to-date: /home/edrom-mini/edromufu/src/movement/PID_codes/install/potmessage/include/potmessage/potmessage
-- Up-to-date: /home/edrom-mini/edromufu/src/movement/PID_codes/install/potmessage/include/potmessage/potmessage/msg
-- Up-to-date: /home/edrom-mini/edromufu/src/movement/PID_codes/install/potmessage/include/potmessage/potmessage/msg/detail
-- Installing: /home/edrom-mini/edromufu/src/movement/PID_codes/install/potmessage/include/potmessage/potmessage/msg/detail/buttonmsg__rosidl_typesupport_fastrtps_c.h
-- Installing: /home/edrom-mini/edromufu/src/movement/PID_codes/install/potmessage/include/potmessage/potmessage/msg/detail/potmsg__rosidl_typesupport_fastrtps_c.h
-- Installing: /home/edrom-mini/edromufu/src/movement/PID_codes/install/potmessage/include/potmessage/potmessage/msg/detail/imumsg__rosidl_typesupport_fastrtps_c.h
-- Installing: /home/edrom-mini/edromufu/src/movement/PID_codes/install/potmessage/include/potmessage/potmessage/msg/rosidl_typesupport_fastrtps_c__visibility_control.h
-- Installing: /home/edrom-mini/edromufu/src/movement/PID_codes/install/potmessage/lib/libpotmessage__rosidl_typesupport_fastrtps_c.so
-- Set non-toolchain portion of runtime path of "/home/edrom-mini/edromufu/src/movement/PID_codes/install/potmessage/lib/libpotmessage__rosidl_typesupport_fastrtps_c.so" to ""
-- Up-to-date: /home/edrom-mini/edromufu/src/movement/PID_codes/install/potmessage/include/potmessage/potmessage
-- Up-to-date: /home/edrom-mini/edromufu/src/movement/PID_codes/install/potmessage/include/potmessage/potmessage/msg
-- Installing: /home/edrom-mini/edromufu/src/movement/PID_codes/install/potmessage/include/potmessage/potmessage/msg/rosidl_typesupport_introspection_c__visibility_control.h
-- Up-to-date: /home/edrom-mini/edromufu/src/movement/PID_codes/install/potmessage/include/potmessage/potmessage/msg/detail
-- Installing: /home/edrom-mini/edromufu/src/movement/PID_codes/install/potmessage/include/potmessage/potmessage/msg/detail/imumsg__type_support.c
-- Installing: /home/edrom-mini/edromufu/src/movement/PID_codes/install/potmessage/include/potmessage/potmessage/msg/detail/potmsg__type_support.c
-- Installing: /home/edrom-mini/edromufu/src/movement/PID_codes/install/potmessage/include/potmessage/potmessage/msg/detail/imumsg__rosidl_typesupport_introspection_c.h
-- Installing: /home/edrom-mini/edromufu/src/movement/PID_codes/install/potmessage/include/potmessage/potmessage/msg/detail/buttonmsg__type_support.c
-- Installing: /home/edrom-mini/edromufu/src/movement/PID_codes/install/potmessage/include/potmessage/potmessage/msg/detail/potmsg__rosidl_typesupport_introspection_c.h
-- Installing: /home/edrom-mini/edromufu/src/movement/PID_codes/install/potmessage/include/potmessage/potmessage/msg/detail/buttonmsg__rosidl_typesupport_introspection_c.h
-- Installing: /home/edrom-mini/edromufu/src/movement/PID_codes/install/potmessage/lib/libpotmessage__rosidl_typesupport_introspection_c.so
-- Set non-toolchain portion of runtime path of "/home/edrom-mini/edromufu/src/movement/PID_codes/install/potmessage/lib/libpotmessage__rosidl_typesupport_introspection_c.so" to ""
-- Installing: /home/edrom-mini/edromufu/src/movement/PID_codes/install/potmessage/lib/libpotmessage__rosidl_typesupport_c.so
-- Set non-toolchain portion of runtime path of "/home/edrom-mini/edromufu/src/movement/PID_codes/install/potmessage/lib/libpotmessage__rosidl_typesupport_c.so" to ""
-- Up-to-date: /home/edrom-mini/edromufu/src/movement/PID_codes/install/potmessage/include/potmessage/potmessage
-- Up-to-date: /home/edrom-mini/edromufu/src/movement/PID_codes/install/potmessage/include/potmessage/potmessage/msg
-- Installing: /home/edrom-mini/edromufu/src/movement/PID_codes/install/potmessage/include/potmessage/potmessage/msg/imumsg.hpp
-- Installing: /home/edrom-mini/edromufu/src/movement/PID_codes/install/potmessage/include/potmessage/potmessage/msg/buttonmsg.hpp
-- Up-to-date: /home/edrom-mini/edromufu/src/movement/PID_codes/install/potmessage/include/potmessage/potmessage/msg/detail
-- Installing: /home/edrom-mini/edromufu/src/movement/PID_codes/install/potmessage/include/potmessage/potmessage/msg/detail/buttonmsg__traits.hpp
-- Installing: /home/edrom-mini/edromufu/src/movement/PID_codes/install/potmessage/include/potmessage/potmessage/msg/detail/buttonmsg__struct.hpp
-- Installing: /home/edrom-mini/edromufu/src/movement/PID_codes/install/potmessage/include/potmessage/potmessage/msg/detail/potmsg__struct.hpp
-- Installing: /home/edrom-mini/edromufu/src/movement/PID_codes/install/potmessage/include/potmessage/potmessage/msg/detail/imumsg__struct.hpp
-- Installing: /home/edrom-mini/edromufu/src/movement/PID_codes/install/potmessage/include/potmessage/potmessage/msg/detail/imumsg__traits.hpp
-- Installing: /home/edrom-mini/edromufu/src/movement/PID_codes/install/potmessage/include/potmessage/potmessage/msg/detail/buttonmsg__builder.hpp
-- Installing: /home/edrom-mini/edromufu/src/movement/PID_codes/install/potmessage/include/potmessage/potmessage/msg/detail/imumsg__builder.hpp
-- Installing: /home/edrom-mini/edromufu/src/movement/PID_codes/install/potmessage/include/potmessage/potmessage/msg/detail/potmsg__traits.hpp
-- Installing: /home/edrom-mini/edromufu/src/movement/PID_codes/install/potmessage/include/potmessage/potmessage/msg/detail/potmsg__builder.hpp
-- Installing: /home/edrom-mini/edromufu/src/movement/PID_codes/install/potmessage/include/potmessage/potmessage/msg/potmsg.hpp
-- Up-to-date: /home/edrom-mini/edromufu/src/movement/PID_codes/install/potmessage/include/potmessage/potmessage
-- Up-to-date: /home/edrom-mini/edromufu/src/movement/PID_codes/install/potmessage/include/potmessage/potmessage/msg
-- Up-to-date: /home/edrom-mini/edromufu/src/movement/PID_codes/install/potmessage/include/potmessage/potmessage/msg/detail
-- Installing: /home/edrom-mini/edromufu/src/movement/PID_codes/install/potmessage/include/potmessage/potmessage/msg/detail/imumsg__rosidl_typesupport_fastrtps_cpp.hpp
-- Installing: /home/edrom-mini/edromufu/src/movement/PID_codes/install/potmessage/include/potmessage/potmessage/msg/detail/potmsg__rosidl_typesupport_fastrtps_cpp.hpp
-- Installing: /home/edrom-mini/edromufu/src/movement/PID_codes/install/potmessage/include/potmessage/potmessage/msg/detail/buttonmsg__rosidl_typesupport_fastrtps_cpp.hpp
-- Installing: /home/edrom-mini/edromufu/src/movement/PID_codes/install/potmessage/include/potmessage/potmessage/msg/detail/dds_fastrtps
-- Installing: /home/edrom-mini/edromufu/src/movement/PID_codes/install/potmessage/include/potmessage/potmessage/msg/rosidl_typesupport_fastrtps_cpp__visibility_control.h
-- Installing: /home/edrom-mini/edromufu/src/movement/PID_codes/install/potmessage/lib/libpotmessage__rosidl_typesupport_fastrtps_cpp.so
-- Set non-toolchain portion of runtime path of "/home/edrom-mini/edromufu/src/movement/PID_codes/install/potmessage/lib/libpotmessage__rosidl_typesupport_fastrtps_cpp.so" to ""
-- Up-to-date: /home/edrom-mini/edromufu/src/movement/PID_codes/install/potmessage/include/potmessage/potmessage
-- Up-to-date: /home/edrom-mini/edromufu/src/movement/PID_codes/install/potmessage/include/potmessage/potmessage/msg
-- Up-to-date: /home/edrom-mini/edromufu/src/movement/PID_codes/install/potmessage/include/potmessage/potmessage/msg/detail
-- Installing: /home/edrom-mini/edromufu/src/movement/PID_codes/install/potmessage/include/potmessage/potmessage/msg/detail/buttonmsg__rosidl_typesupport_introspection_cpp.hpp
-- Installing: /home/edrom-mini/edromufu/src/movement/PID_codes/install/potmessage/include/potmessage/potmessage/msg/detail/imumsg__rosidl_typesupport_introspection_cpp.hpp
-- Installing: /home/edrom-mini/edromufu/src/movement/PID_codes/install/potmessage/include/potmessage/potmessage/msg/detail/potmsg__type_support.cpp
-- Installing: /home/edrom-mini/edromufu/src/movement/PID_codes/install/potmessage/include/potmessage/potmessage/msg/detail/imumsg__type_support.cpp
-- Installing: /home/edrom-mini/edromufu/src/movement/PID_codes/install/potmessage/include/potmessage/potmessage/msg/detail/potmsg__rosidl_typesupport_introspection_cpp.hpp
-- Installing: /home/edrom-mini/edromufu/src/movement/PID_codes/install/potmessage/include/potmessage/potmessage/msg/detail/buttonmsg__type_support.cpp
-- Installing: /home/edrom-mini/edromufu/src/movement/PID_codes/install/potmessage/lib/libpotmessage__rosidl_typesupport_introspection_cpp.so
-- Set non-toolchain portion of runtime path of "/home/edrom-mini/edromufu/src/movement/PID_codes/install/potmessage/lib/libpotmessage__rosidl_typesupport_introspection_cpp.so" to ""
-- Installing: /home/edrom-mini/edromufu/src/movement/PID_codes/install/potmessage/lib/libpotmessage__rosidl_typesupport_cpp.so
-- Set non-toolchain portion of runtime path of "/home/edrom-mini/edromufu/src/movement/PID_codes/install/potmessage/lib/libpotmessage__rosidl_typesupport_cpp.so" to ""
-- Installing: /home/edrom-mini/edromufu/src/movement/PID_codes/install/potmessage/share/potmessage/environment/pythonpath.sh
-- Installing: /home/edrom-mini/edromufu/src/movement/PID_codes/install/potmessage/share/potmessage/environment/pythonpath.dsv
-- Up-to-date: /home/edrom-mini/edromufu/src/movement/PID_codes/install/potmessage/local/lib/python3.10/dist-packages/potmessage-0.0.0-py3.10.egg-info
-- Installing: /home/edrom-mini/edromufu/src/movement/PID_codes/install/potmessage/local/lib/python3.10/dist-packages/potmessage-0.0.0-py3.10.egg-info/dependency_links.txt
-- Installing: /home/edrom-mini/edromufu/src/movement/PID_codes/install/potmessage/local/lib/python3.10/dist-packages/potmessage-0.0.0-py3.10.egg-info/PKG-INFO
-- Installing: /home/edrom-mini/edromufu/src/movement/PID_codes/install/potmessage/local/lib/python3.10/dist-packages/potmessage-0.0.0-py3.10.egg-info/top_level.txt
-- Installing: /home/edrom-mini/edromufu/src/movement/PID_codes/install/potmessage/local/lib/python3.10/dist-packages/potmessage-0.0.0-py3.10.egg-info/SOURCES.txt
-- Up-to-date: /home/edrom-mini/edromufu/src/movement/PID_codes/install/potmessage/local/lib/python3.10/dist-packages/potmessage
-- Installing: /home/edrom-mini/edromufu/src/movement/PID_codes/install/potmessage/local/lib/python3.10/dist-packages/potmessage/potmessage_s__rosidl_typesupport_c.cpython-310-x86_64-linux-gnu.so
-- Installing: /home/edrom-mini/edromufu/src/movement/PID_codes/install/potmessage/local/lib/python3.10/dist-packages/potmessage/__init__.py
-- Up-to-date: /home/edrom-mini/edromufu/src/movement/PID_codes/install/potmessage/local/lib/python3.10/dist-packages/potmessage/msg
-- Installing: /home/edrom-mini/edromufu/src/movement/PID_codes/install/potmessage/local/lib/python3.10/dist-packages/potmessage/msg/__init__.py
-- Installing: /home/edrom-mini/edromufu/src/movement/PID_codes/install/potmessage/local/lib/python3.10/dist-packages/potmessage/msg/_imumsg_s.c
-- Installing: /home/edrom-mini/edromufu/src/movement/PID_codes/install/potmessage/local/lib/python3.10/dist-packages/potmessage/msg/_buttonmsg.py
-- Installing: /home/edrom-mini/edromufu/src/movement/PID_codes/install/potmessage/local/lib/python3.10/dist-packages/potmessage/msg/_potmsg_s.c
-- Installing: /home/edrom-mini/edromufu/src/movement/PID_codes/install/potmessage/local/lib/python3.10/dist-packages/potmessage/msg/_potmsg.py
-- Installing: /home/edrom-mini/edromufu/src/movement/PID_codes/install/potmessage/local/lib/python3.10/dist-packages/potmessage/msg/_imumsg.py
-- Installing: /home/edrom-mini/edromufu/src/movement/PID_codes/install/potmessage/local/lib/python3.10/dist-packages/potmessage/msg/_buttonmsg_s.c
-- Installing: /home/edrom-mini/edromufu/src/movement/PID_codes/install/potmessage/local/lib/python3.10/dist-packages/potmessage/potmessage_s__rosidl_typesupport_fastrtps_c.cpython-310-x86_64-linux-gnu.so
-- Installing: /home/edrom-mini/edromufu/src/movement/PID_codes/install/potmessage/local/lib/python3.10/dist-packages/potmessage/_potmessage_s.ep.rosidl_typesupport_introspection_c.c
-- Installing: /home/edrom-mini/edromufu/src/movement/PID_codes/install/potmessage/local/lib/python3.10/dist-packages/potmessage/_potmessage_s.ep.rosidl_typesupport_c.c
-- Installing: /home/edrom-mini/edromufu/src/movement/PID_codes/install/potmessage/local/lib/python3.10/dist-packages/potmessage/_potmessage_s.ep.rosidl_typesupport_fastrtps_c.c
-- Installing: /home/edrom-mini/edromufu/src/movement/PID_codes/install/potmessage/local/lib/python3.10/dist-packages/potmessage/libpotmessage__rosidl_generator_py.so
-- Installing: /home/edrom-mini/edromufu/src/movement/PID_codes/install/potmessage/local/lib/python3.10/dist-packages/potmessage/potmessage_s__rosidl_typesupport_introspection_c.cpython-310-x86_64-linux-gnu.so
Listing '/home/edrom-mini/edromufu/src/movement/PID_codes/install/potmessage/local/lib/python3.10/dist-packages/potmessage'...
Compiling '/home/edrom-mini/edromufu/src/movement/PID_codes/install/potmessage/local/lib/python3.10/dist-packages/potmessage/__init__.py'...
Listing '/home/edrom-mini/edromufu/src/movement/PID_codes/install/potmessage/local/lib/python3.10/dist-packages/potmessage/msg'...
Compiling '/home/edrom-mini/edromufu/src/movement/PID_codes/install/potmessage/local/lib/python3.10/dist-packages/potmessage/msg/__init__.py'...
Compiling '/home/edrom-mini/edromufu/src/movement/PID_codes/install/potmessage/local/lib/python3.10/dist-packages/potmessage/msg/_buttonmsg.py'...
Compiling '/home/edrom-mini/edromufu/src/movement/PID_codes/install/potmessage/local/lib/python3.10/dist-packages/potmessage/msg/_imumsg.py'...
Compiling '/home/edrom-mini/edromufu/src/movement/PID_codes/install/potmessage/local/lib/python3.10/dist-packages/potmessage/msg/_potmsg.py'...
-- Installing: /home/edrom-mini/edromufu/src/movement/PID_codes/install/potmessage/local/lib/python3.10/dist-packages/potmessage/potmessage_s__rosidl_typesupport_fastrtps_c.cpython-310-x86_64-linux-gnu.so
-- Set non-toolchain portion of runtime path of "/home/edrom-mini/edromufu/src/movement/PID_codes/install/potmessage/local/lib/python3.10/dist-packages/potmessage/potmessage_s__rosidl_typesupport_fastrtps_c.cpython-310-x86_64-linux-gnu.so" to ""
-- Installing: /home/edrom-mini/edromufu/src/movement/PID_codes/install/potmessage/local/lib/python3.10/dist-packages/potmessage/potmessage_s__rosidl_typesupport_introspection_c.cpython-310-x86_64-linux-gnu.so
-- Set non-toolchain portion of runtime path of "/home/edrom-mini/edromufu/src/movement/PID_codes/install/potmessage/local/lib/python3.10/dist-packages/potmessage/potmessage_s__rosidl_typesupport_introspection_c.cpython-310-x86_64-linux-gnu.so" to ""
-- Installing: /home/edrom-mini/edromufu/src/movement/PID_codes/install/potmessage/local/lib/python3.10/dist-packages/potmessage/potmessage_s__rosidl_typesupport_c.cpython-310-x86_64-linux-gnu.so
-- Set non-toolchain portion of runtime path of "/home/edrom-mini/edromufu/src/movement/PID_codes/install/potmessage/local/lib/python3.10/dist-packages/potmessage/potmessage_s__rosidl_typesupport_c.cpython-310-x86_64-linux-gnu.so" to ""
-- Installing: /home/edrom-mini/edromufu/src/movement/PID_codes/install/potmessage/lib/libpotmessage__rosidl_generator_py.so
-- Set non-toolchain portion of runtime path of "/home/edrom-mini/edromufu/src/movement/PID_codes/install/potmessage/lib/libpotmessage__rosidl_generator_py.so" to ""
-- Installing: /home/edrom-mini/edromufu/src/movement/PID_codes/install/potmessage/share/potmessage/msg/Potmsg.idl
-- Installing: /home/edrom-mini/edromufu/src/movement/PID_codes/install/potmessage/share/potmessage/msg/Buttonmsg.idl
-- Installing: /home/edrom-mini/edromufu/src/movement/PID_codes/install/potmessage/share/potmessage/msg/Imumsg.idl
-- Installing: /home/edrom-mini/edromufu/src/movement/PID_codes/install/potmessage/share/potmessage/msg/Potmsg.msg
-- Installing: /home/edrom-mini/edromufu/src/movement/PID_codes/install/potmessage/share/potmessage/msg/Buttonmsg.msg
-- Installing: /home/edrom-mini/edromufu/src/movement/PID_codes/install/potmessage/share/potmessage/msg/Imumsg.msg
-- Installing: /home/edrom-mini/edromufu/src/movement/PID_codes/install/potmessage/share/ament_index/resource_index/package_run_dependencies/potmessage
-- Installing: /home/edrom-mini/edromufu/src/movement/PID_codes/install/potmessage/share/ament_index/resource_index/parent_prefix_path/potmessage
-- Installing: /home/edrom-mini/edromufu/src/movement/PID_codes/install/potmessage/share/potmessage/environment/ament_prefix_path.sh
-- Installing: /home/edrom-mini/edromufu/src/movement/PID_codes/install/potmessage/share/potmessage/environment/ament_prefix_path.dsv
-- Installing: /home/edrom-mini/edromufu/src/movement/PID_codes/install/potmessage/share/potmessage/environment/path.sh
-- Installing: /home/edrom-mini/edromufu/src/movement/PID_codes/install/potmessage/share/potmessage/environment/path.dsv
-- Installing: /home/edrom-mini/edromufu/src/movement/PID_codes/install/potmessage/share/potmessage/local_setup.bash
-- Installing: /home/edrom-mini/edromufu/src/movement/PID_codes/install/potmessage/share/potmessage/local_setup.sh
-- Installing: /home/edrom-mini/edromufu/src/movement/PID_codes/install/potmessage/share/potmessage/local_setup.zsh
-- Installing: /home/edrom-mini/edromufu/src/movement/PID_codes/install/potmessage/share/potmessage/local_setup.dsv
-- Installing: /home/edrom-mini/edromufu/src/movement/PID_codes/install/potmessage/share/potmessage/package.dsv
-- Installing: /home/edrom-mini/edromufu/src/movement/PID_codes/install/potmessage/share/ament_index/resource_index/packages/potmessage
-- Old export file "/home/edrom-mini/edromufu/src/movement/PID_codes/install/potmessage/share/potmessage/cmake/export_potmessage__rosidl_generator_cExport.cmake" will be replaced.  Removing files [/home/edrom-mini/edromufu/src/movement/PID_codes/install/potmessage/share/potmessage/cmake/export_potmessage__rosidl_generator_cExport-noconfig.cmake].
-- Installing: /home/edrom-mini/edromufu/src/movement/PID_codes/install/potmessage/share/potmessage/cmake/export_potmessage__rosidl_generator_cExport.cmake
-- Installing: /home/edrom-mini/edromufu/src/movement/PID_codes/install/potmessage/share/potmessage/cmake/export_potmessage__rosidl_generator_cExport-noconfig.cmake
-- Old export file "/home/edrom-mini/edromufu/src/movement/PID_codes/install/potmessage/share/potmessage/cmake/export_potmessage__rosidl_typesupport_fastrtps_cExport.cmake" will be replaced.  Removing files [/home/edrom-mini/edromufu/src/movement/PID_codes/install/potmessage/share/potmessage/cmake/export_potmessage__rosidl_typesupport_fastrtps_cExport-noconfig.cmake].
-- Installing: /home/edrom-mini/edromufu/src/movement/PID_codes/install/potmessage/share/potmessage/cmake/export_potmessage__rosidl_typesupport_fastrtps_cExport.cmake
-- Installing: /home/edrom-mini/edromufu/src/movement/PID_codes/install/potmessage/share/potmessage/cmake/export_potmessage__rosidl_typesupport_fastrtps_cExport-noconfig.cmake
-- Old export file "/home/edrom-mini/edromufu/src/movement/PID_codes/install/potmessage/share/potmessage/cmake/potmessage__rosidl_typesupport_introspection_cExport.cmake" will be replaced.  Removing files [/home/edrom-mini/edromufu/src/movement/PID_codes/install/potmessage/share/potmessage/cmake/potmessage__rosidl_typesupport_introspection_cExport-noconfig.cmake].
-- Installing: /home/edrom-mini/edromufu/src/movement/PID_codes/install/potmessage/share/potmessage/cmake/potmessage__rosidl_typesupport_introspection_cExport.cmake
-- Installing: /home/edrom-mini/edromufu/src/movement/PID_codes/install/potmessage/share/potmessage/cmake/potmessage__rosidl_typesupport_introspection_cExport-noconfig.cmake
-- Old export file "/home/edrom-mini/edromufu/src/movement/PID_codes/install/potmessage/share/potmessage/cmake/potmessage__rosidl_typesupport_cExport.cmake" will be replaced.  Removing files [/home/edrom-mini/edromufu/src/movement/PID_codes/install/potmessage/share/potmessage/cmake/potmessage__rosidl_typesupport_cExport-noconfig.cmake].
-- Installing: /home/edrom-mini/edromufu/src/movement/PID_codes/install/potmessage/share/potmessage/cmake/potmessage__rosidl_typesupport_cExport.cmake
-- Installing: /home/edrom-mini/edromufu/src/movement/PID_codes/install/potmessage/share/potmessage/cmake/potmessage__rosidl_typesupport_cExport-noconfig.cmake
-- Installing: /home/edrom-mini/edromufu/src/movement/PID_codes/install/potmessage/share/potmessage/cmake/export_potmessage__rosidl_generator_cppExport.cmake
-- Old export file "/home/edrom-mini/edromufu/src/movement/PID_codes/install/potmessage/share/potmessage/cmake/export_potmessage__rosidl_typesupport_fastrtps_cppExport.cmake" will be replaced.  Removing files [/home/edrom-mini/edromufu/src/movement/PID_codes/install/potmessage/share/potmessage/cmake/export_potmessage__rosidl_typesupport_fastrtps_cppExport-noconfig.cmake].
-- Installing: /home/edrom-mini/edromufu/src/movement/PID_codes/install/potmessage/share/potmessage/cmake/export_potmessage__rosidl_typesupport_fastrtps_cppExport.cmake
-- Installing: /home/edrom-mini/edromufu/src/movement/PID_codes/install/potmessage/share/potmessage/cmake/export_potmessage__rosidl_typesupport_fastrtps_cppExport-noconfig.cmake
-- Old export file "/home/edrom-mini/edromufu/src/movement/PID_codes/install/potmessage/share/potmessage/cmake/potmessage__rosidl_typesupport_introspection_cppExport.cmake" will be replaced.  Removing files [/home/edrom-mini/edromufu/src/movement/PID_codes/install/potmessage/share/potmessage/cmake/potmessage__rosidl_typesupport_introspection_cppExport-noconfig.cmake].
-- Installing: /home/edrom-mini/edromufu/src/movement/PID_codes/install/potmessage/share/potmessage/cmake/potmessage__rosidl_typesupport_introspection_cppExport.cmake
-- Installing: /home/edrom-mini/edromufu/src/movement/PID_codes/install/potmessage/share/potmessage/cmake/potmessage__rosidl_typesupport_introspection_cppExport-noconfig.cmake
-- Old export file "/home/edrom-mini/edromufu/src/movement/PID_codes/install/potmessage/share/potmessage/cmake/potmessage__rosidl_typesupport_cppExport.cmake" will be replaced.  Removing files [/home/edrom-mini/edromufu/src/movement/PID_codes/install/potmessage/share/potmessage/cmake/potmessage__rosidl_typesupport_cppExport-noconfig.cmake].
-- Installing: /home/edrom-mini/edromufu/src/movement/PID_codes/install/potmessage/share/potmessage/cmake/potmessage__rosidl_typesupport_cppExport.cmake
-- Installing: /home/edrom-mini/edromufu/src/movement/PID_codes/install/potmessage/share/potmessage/cmake/potmessage__rosidl_typesupport_cppExport-noconfig.cmake
-- Old export file "/home/edrom-mini/edromufu/src/movement/PID_codes/install/potmessage/share/potmessage/cmake/export_potmessage__rosidl_generator_pyExport.cmake" will be replaced.  Removing files [/home/edrom-mini/edromufu/src/movement/PID_codes/install/potmessage/share/potmessage/cmake/export_potmessage__rosidl_generator_pyExport-noconfig.cmake].
-- Installing: /home/edrom-mini/edromufu/src/movement/PID_codes/install/potmessage/share/potmessage/cmake/export_potmessage__rosidl_generator_pyExport.cmake
-- Installing: /home/edrom-mini/edromufu/src/movement/PID_codes/install/potmessage/share/potmessage/cmake/export_potmessage__rosidl_generator_pyExport-noconfig.cmake
-- Installing: /home/edrom-mini/edromufu/src/movement/PID_codes/install/potmessage/share/potmessage/cmake/rosidl_cmake-extras.cmake
-- Installing: /home/edrom-mini/edromufu/src/movement/PID_codes/install/potmessage/share/potmessage/cmake/ament_cmake_export_include_directories-extras.cmake
-- Installing: /home/edrom-mini/edromufu/src/movement/PID_codes/install/potmessage/share/potmessage/cmake/ament_cmake_export_libraries-extras.cmake
-- Installing: /home/edrom-mini/edromufu/src/movement/PID_codes/install/potmessage/share/potmessage/cmake/ament_cmake_export_targets-extras.cmake
-- Installing: /home/edrom-mini/edromufu/src/movement/PID_codes/install/potmessage/share/potmessage/cmake/rosidl_cmake_export_typesupport_targets-extras.cmake
-- Installing: /home/edrom-mini/edromufu/src/movement/PID_codes/install/potmessage/share/potmessage/cmake/ament_cmake_export_dependencies-extras.cmake
-- Installing: /home/edrom-mini/edromufu/src/movement/PID_codes/install/potmessage/share/potmessage/cmake/rosidl_cmake_export_typesupport_libraries-extras.cmake
-- Installing: /home/edrom-mini/edromufu/src/movement/PID_codes/install/potmessage/share/potmessage/cmake/potmessageConfig.cmake
-- Installing: /home/edrom-mini/edromufu/src/movement/PID_codes/install/potmessage/share/potmessage/cmake/potmessageConfig-version.cmake
-- Installing: /home/edrom-mini/edromufu/src/movement/PID_codes/install/potmessage/share/potmessage/package.xml
