-- Install configuration: ""
-- Up-to-date: /home/pedrohperes/edromufu/src/movement/Ros2_change/install/urdf_robox/share/urdf_robox/urdf
-- Up-to-date: /home/pedrohperes/edromufu/src/movement/Ros2_change/install/urdf_robox/share/urdf_robox/urdf/urdf_robox.urdf
-- Up-to-date: /home/pedrohperes/edromufu/src/movement/Ros2_change/install/urdf_robox/share/urdf_robox/urdf/urdf_robox.csv
-- Up-to-date: /home/pedrohperes/edromufu/src/movement/Ros2_change/install/urdf_robox/share/urdf_robox/launch
-- Up-to-date: /home/pedrohperes/edromufu/src/movement/Ros2_change/install/urdf_robox/share/urdf_robox/launch/rsp_sim.launch.py
-- Up-to-date: /home/pedrohperes/edromufu/src/movement/Ros2_change/install/urdf_robox/share/urdf_robox/launch/gazebo.launch
-- Up-to-date: /home/pedrohperes/edromufu/src/movement/Ros2_change/install/urdf_robox/share/urdf_robox/launch/rsp.launch.py
-- Up-to-date: /home/pedrohperes/edromufu/src/movement/Ros2_change/install/urdf_robox/share/urdf_robox/launch/display.launch
-- Up-to-date: /home/pedrohperes/edromufu/src/movement/Ros2_change/install/urdf_robox/share/urdf_robox/meshes
-- Up-to-date: /home/pedrohperes/edromufu/src/movement/Ros2_change/install/urdf_robox/share/urdf_robox/meshes/RL_Link_4.1.STL
-- Up-to-date: /home/pedrohperes/edromufu/src/movement/Ros2_change/install/urdf_robox/share/urdf_robox/meshes/RL_Link_2.3.STL
-- Up-to-date: /home/pedrohperes/edromufu/src/movement/Ros2_change/install/urdf_robox/share/urdf_robox/meshes/RL_Link_1.STL
-- Up-to-date: /home/pedrohperes/edromufu/src/movement/Ros2_change/install/urdf_robox/share/urdf_robox/meshes/LL_Link_2.3.STL
-- Up-to-date: /home/pedrohperes/edromufu/src/movement/Ros2_change/install/urdf_robox/share/urdf_robox/meshes/RA_Link.STL
-- Up-to-date: /home/pedrohperes/edromufu/src/movement/Ros2_change/install/urdf_robox/share/urdf_robox/meshes/RL_Link_2.2.STL
-- Up-to-date: /home/pedrohperes/edromufu/src/movement/Ros2_change/install/urdf_robox/share/urdf_robox/meshes/Link_0.STL
-- Up-to-date: /home/pedrohperes/edromufu/src/movement/Ros2_change/install/urdf_robox/share/urdf_robox/meshes/LL_Link_3.2.STL
-- Up-to-date: /home/pedrohperes/edromufu/src/movement/Ros2_change/install/urdf_robox/share/urdf_robox/meshes/LL_Link_3.1.STL
-- Up-to-date: /home/pedrohperes/edromufu/src/movement/Ros2_change/install/urdf_robox/share/urdf_robox/meshes/RL_Link_4.3.STL
-- Up-to-date: /home/pedrohperes/edromufu/src/movement/Ros2_change/install/urdf_robox/share/urdf_robox/meshes/LL_Link_1.STL
-- Up-to-date: /home/pedrohperes/edromufu/src/movement/Ros2_change/install/urdf_robox/share/urdf_robox/meshes/LL_Link_5.3.STL
-- Up-to-date: /home/pedrohperes/edromufu/src/movement/Ros2_change/install/urdf_robox/share/urdf_robox/meshes/LL_Link_6.STL
-- Up-to-date: /home/pedrohperes/edromufu/src/movement/Ros2_change/install/urdf_robox/share/urdf_robox/meshes/RL_Link_6.STL
-- Up-to-date: /home/pedrohperes/edromufu/src/movement/Ros2_change/install/urdf_robox/share/urdf_robox/meshes/LA_Link.STL
-- Up-to-date: /home/pedrohperes/edromufu/src/movement/Ros2_change/install/urdf_robox/share/urdf_robox/meshes/LL_Link_5.1.STL
-- Up-to-date: /home/pedrohperes/edromufu/src/movement/Ros2_change/install/urdf_robox/share/urdf_robox/meshes/LL_Link_3.3.STL
-- Up-to-date: /home/pedrohperes/edromufu/src/movement/Ros2_change/install/urdf_robox/share/urdf_robox/meshes/RL_Link_2.1.STL
-- Up-to-date: /home/pedrohperes/edromufu/src/movement/Ros2_change/install/urdf_robox/share/urdf_robox/meshes/RL_Link_3.1.STL
-- Up-to-date: /home/pedrohperes/edromufu/src/movement/Ros2_change/install/urdf_robox/share/urdf_robox/meshes/LL_Link_2.1.STL
-- Up-to-date: /home/pedrohperes/edromufu/src/movement/Ros2_change/install/urdf_robox/share/urdf_robox/meshes/RL_Link_3.3.STL
-- Up-to-date: /home/pedrohperes/edromufu/src/movement/Ros2_change/install/urdf_robox/share/urdf_robox/meshes/RL_Link_3.2.STL
-- Up-to-date: /home/pedrohperes/edromufu/src/movement/Ros2_change/install/urdf_robox/share/urdf_robox/meshes/LL_Link_5.2.STL
-- Up-to-date: /home/pedrohperes/edromufu/src/movement/Ros2_change/install/urdf_robox/share/urdf_robox/meshes/LL_Link_4.2.STL
-- Up-to-date: /home/pedrohperes/edromufu/src/movement/Ros2_change/install/urdf_robox/share/urdf_robox/meshes/RL_Link_4.2.STL
-- Up-to-date: /home/pedrohperes/edromufu/src/movement/Ros2_change/install/urdf_robox/share/urdf_robox/meshes/LL_Link_2.2.STL
-- Up-to-date: /home/pedrohperes/edromufu/src/movement/Ros2_change/install/urdf_robox/share/urdf_robox/meshes/LL_Link_4.3.STL
-- Up-to-date: /home/pedrohperes/edromufu/src/movement/Ros2_change/install/urdf_robox/share/urdf_robox/meshes/RL_Link_5.2.STL
-- Up-to-date: /home/pedrohperes/edromufu/src/movement/Ros2_change/install/urdf_robox/share/urdf_robox/meshes/RL_Link_5.1.STL
-- Up-to-date: /home/pedrohperes/edromufu/src/movement/Ros2_change/install/urdf_robox/share/urdf_robox/meshes/RL_Link_5.3.STL
-- Up-to-date: /home/pedrohperes/edromufu/src/movement/Ros2_change/install/urdf_robox/share/urdf_robox/meshes/LL_Link_4.1.STL
-- Up-to-date: /home/pedrohperes/edromufu/src/movement/Ros2_change/install/urdf_robox/share/urdf_robox/config
-- Up-to-date: /home/pedrohperes/edromufu/src/movement/Ros2_change/install/urdf_robox/share/urdf_robox/config/joint_names_urdf_robox.yaml
-- Up-to-date: /home/pedrohperes/edromufu/src/movement/Ros2_change/install/urdf_robox/share/urdf_robox/worlds
-- Up-to-date: /home/pedrohperes/edromufu/src/movement/Ros2_change/install/urdf_robox/share/urdf_robox/worlds/test_world.world
-- Up-to-date: /home/pedrohperes/edromufu/src/movement/Ros2_change/install/urdf_robox/share/ament_index/resource_index/package_run_dependencies/urdf_robox
-- Up-to-date: /home/pedrohperes/edromufu/src/movement/Ros2_change/install/urdf_robox/share/ament_index/resource_index/parent_prefix_path/urdf_robox
-- Up-to-date: /home/pedrohperes/edromufu/src/movement/Ros2_change/install/urdf_robox/share/urdf_robox/environment/ament_prefix_path.sh
-- Up-to-date: /home/pedrohperes/edromufu/src/movement/Ros2_change/install/urdf_robox/share/urdf_robox/environment/ament_prefix_path.dsv
-- Up-to-date: /home/pedrohperes/edromufu/src/movement/Ros2_change/install/urdf_robox/share/urdf_robox/environment/path.sh
-- Up-to-date: /home/pedrohperes/edromufu/src/movement/Ros2_change/install/urdf_robox/share/urdf_robox/environment/path.dsv
-- Up-to-date: /home/pedrohperes/edromufu/src/movement/Ros2_change/install/urdf_robox/share/urdf_robox/local_setup.bash
-- Up-to-date: /home/pedrohperes/edromufu/src/movement/Ros2_change/install/urdf_robox/share/urdf_robox/local_setup.sh
-- Up-to-date: /home/pedrohperes/edromufu/src/movement/Ros2_change/install/urdf_robox/share/urdf_robox/local_setup.zsh
-- Up-to-date: /home/pedrohperes/edromufu/src/movement/Ros2_change/install/urdf_robox/share/urdf_robox/local_setup.dsv
-- Up-to-date: /home/pedrohperes/edromufu/src/movement/Ros2_change/install/urdf_robox/share/urdf_robox/package.dsv
-- Up-to-date: /home/pedrohperes/edromufu/src/movement/Ros2_change/install/urdf_robox/share/ament_index/resource_index/packages/urdf_robox
-- Up-to-date: /home/pedrohperes/edromufu/src/movement/Ros2_change/install/urdf_robox/share/urdf_robox/cmake/urdf_roboxConfig.cmake
-- Up-to-date: /home/pedrohperes/edromufu/src/movement/Ros2_change/install/urdf_robox/share/urdf_robox/cmake/urdf_roboxConfig-version.cmake
-- Up-to-date: /home/pedrohperes/edromufu/src/movement/Ros2_change/install/urdf_robox/share/urdf_robox/package.xml
