[0.183s] Invoking command in '/home/paulo/edromufu/src/movement/Ros2_change/build/movement_utils': CMAKE_PREFIX_PATH=/opt/ros/humble /usr/bin/cmake --build /home/paulo/edromufu/src/movement/Ros2_change/build/movement_utils -- -j12 -l12
[0.574s] -- Found ament_cmake: 1.3.10 (/opt/ros/humble/share/ament_cmake/cmake)
[0.574s] -- Found rosidl_default_generators: 1.2.0 (/opt/ros/humble/share/rosidl_default_generators/cmake)
[0.574s] -- Using all available rosidl_typesupport_c: rosidl_typesupport_fastrtps_c;rosidl_typesupport_introspection_c
[0.574s] -- Found rosidl_adapter: 3.1.5 (/opt/ros/humble/share/rosidl_adapter/cmake)
[0.574s] -- Using all available rosidl_typesupport_cpp: rosidl_typesupport_fastrtps_cpp;rosidl_typesupport_introspection_cpp
[0.574s] -- Found std_msgs: 4.2.4 (/opt/ros/humble/share/std_msgs/cmake)
[0.574s] -- Found ament_lint_auto: 0.12.11 (/opt/ros/humble/share/ament_lint_auto/cmake)
[0.763s] -- Found ament_cmake_ros: 0.10.0 (/opt/ros/humble/share/ament_cmake_ros/cmake)
[0.952s] -- Using all available rosidl_typesupport_c: rosidl_typesupport_fastrtps_c;rosidl_typesupport_introspection_c
[1.192s] -- Using all available rosidl_typesupport_cpp: rosidl_typesupport_fastrtps_cpp;rosidl_typesupport_introspection_cpp
[1.210s] -- Found python_cmake_module: 0.10.0 (/opt/ros/humble/share/python_cmake_module/cmake)
[1.231s] -- Using PYTHON_EXECUTABLE: /usr/bin/python3
[1.231s] -- Using PYTHON_INCLUDE_DIRS: /usr/include/python3.10
[1.231s] -- Using PYTHON_LIBRARIES: /usr/lib/x86_64-linux-gnu/libpython3.10.so
[1.253s] -- Added test 'flake8' to check Python code syntax and style conventions
[1.253s] -- Added test 'lint_cmake' to check CMake code style
[1.253s] -- Added test 'pep257' to check Python code against some of the docstring style conventions in PEP 257
[1.253s] -- Added test 'xmllint' to check XML markup files
[1.258s] -- Configuring done
[1.339s] -- Generating done
[1.342s] -- Build files have been written to: /home/paulo/edromufu/src/movement/Ros2_change/build/movement_utils
[1.365s] [35m[1mConsolidate compiler generated dependencies of target movement_utils__rosidl_generator_c[0m
[1.372s] [  1%] Built target movement_utils__cpp
[1.375s] [ 12%] Built target movement_utils__rosidl_generator_c
[1.385s] [35m[1mConsolidate compiler generated dependencies of target movement_utils__rosidl_typesupport_introspection_cpp[0m
[1.385s] [35m[1mConsolidate compiler generated dependencies of target movement_utils__rosidl_typesupport_fastrtps_cpp[0m
[1.385s] [ 12%] Built target ament_cmake_python_copy_movement_utils
[1.386s] [35m[1mConsolidate compiler generated dependencies of target movement_utils__rosidl_typesupport_cpp[0m
[1.388s] [35m[1mConsolidate compiler generated dependencies of target movement_utils__rosidl_typesupport_introspection_c[0m
[1.388s] [35m[1mConsolidate compiler generated dependencies of target movement_utils__rosidl_typesupport_c[0m
[1.391s] [35m[1mConsolidate compiler generated dependencies of target movement_utils__rosidl_typesupport_fastrtps_c[0m
[1.401s] [ 24%] Built target movement_utils__rosidl_typesupport_c
[1.402s] [ 56%] Built target movement_utils__rosidl_typesupport_introspection_cpp
[1.403s] [ 58%] Built target movement_utils__rosidl_typesupport_fastrtps_cpp
[1.403s] [ 58%] Built target movement_utils__rosidl_typesupport_introspection_c
[1.403s] [ 70%] Built target movement_utils__rosidl_typesupport_cpp
[1.408s] [ 82%] Built target movement_utils__rosidl_typesupport_fastrtps_c
[1.424s] [ 82%] Built target movement_utils
[1.442s] [ 83%] Built target movement_utils__py
[1.453s] [35m[1mConsolidate compiler generated dependencies of target movement_utils__rosidl_generator_py[0m
[1.468s] [ 93%] Built target movement_utils__rosidl_generator_py
[1.479s] [35m[1mConsolidate compiler generated dependencies of target movement_utils__rosidl_typesupport_c__pyext[0m
[1.479s] [35m[1mConsolidate compiler generated dependencies of target movement_utils__rosidl_typesupport_fastrtps_c__pyext[0m
[1.480s] [35m[1mConsolidate compiler generated dependencies of target movement_utils__rosidl_typesupport_introspection_c__pyext[0m
[1.488s] [ 95%] Built target movement_utils__rosidl_typesupport_c__pyext
[1.489s] [ 97%] Built target movement_utils__rosidl_typesupport_fastrtps_c__pyext
[1.492s] [100%] Built target movement_utils__rosidl_typesupport_introspection_c__pyext
[1.572s] running egg_info
[1.572s] writing movement_utils.egg-info/PKG-INFO
[1.572s] writing dependency_links to movement_utils.egg-info/dependency_links.txt
[1.572s] writing top-level names to movement_utils.egg-info/top_level.txt
[1.574s] reading manifest file 'movement_utils.egg-info/SOURCES.txt'
[1.575s] writing manifest file 'movement_utils.egg-info/SOURCES.txt'
[1.598s] [100%] Built target ament_cmake_python_build_movement_utils_egg
[1.619s] Invoked command in '/home/paulo/edromufu/src/movement/Ros2_change/build/movement_utils' returned '0': CMAKE_PREFIX_PATH=/opt/ros/humble /usr/bin/cmake --build /home/paulo/edromufu/src/movement/Ros2_change/build/movement_utils -- -j12 -l12
[1.805s] Invoking command in '/home/paulo/edromufu/src/movement/Ros2_change/build/movement_utils': CMAKE_PREFIX_PATH=/opt/ros/humble /usr/bin/cmake --install /home/paulo/edromufu/src/movement/Ros2_change/build/movement_utils
[1.810s] -- Install configuration: ""
[1.811s] -- Installing: /home/paulo/edromufu/src/movement/Ros2_change/install/movement_utils/share/ament_index/resource_index/rosidl_interfaces/movement_utils
[1.811s] -- Up-to-date: /home/paulo/edromufu/src/movement/Ros2_change/install/movement_utils/include/movement_utils/movement_utils
[1.811s] -- Up-to-date: /home/paulo/edromufu/src/movement/Ros2_change/install/movement_utils/include/movement_utils/movement_utils/msg
[1.811s] -- Installing: /home/paulo/edromufu/src/movement/Ros2_change/install/movement_utils/include/movement_utils/movement_utils/msg/rosidl_generator_c__visibility_control.h
[1.811s] -- Installing: /home/paulo/edromufu/src/movement/Ros2_change/install/movement_utils/include/movement_utils/movement_utils/msg/head_motors_data.h
[1.811s] -- Up-to-date: /home/paulo/edromufu/src/movement/Ros2_change/install/movement_utils/include/movement_utils/movement_utils/msg/detail
[1.811s] -- Installing: /home/paulo/edromufu/src/movement/Ros2_change/install/movement_utils/include/movement_utils/movement_utils/msg/detail/body_motors_data__functions.h
[1.811s] -- Installing: /home/paulo/edromufu/src/movement/Ros2_change/install/movement_utils/include/movement_utils/movement_utils/msg/detail/head_motors_data__type_support.h
[1.811s] -- Installing: /home/paulo/edromufu/src/movement/Ros2_change/install/movement_utils/include/movement_utils/movement_utils/msg/detail/body_motors_data__type_support.h
[1.811s] -- Installing: /home/paulo/edromufu/src/movement/Ros2_change/install/movement_utils/include/movement_utils/movement_utils/msg/detail/body_motors_data__functions.c
[1.812s] -- Installing: /home/paulo/edromufu/src/movement/Ros2_change/install/movement_utils/include/movement_utils/movement_utils/msg/detail/head_motors_data__functions.h
[1.812s] -- Installing: /home/paulo/edromufu/src/movement/Ros2_change/install/movement_utils/include/movement_utils/movement_utils/msg/detail/body_motors_data__struct.h
[1.812s] -- Installing: /home/paulo/edromufu/src/movement/Ros2_change/install/movement_utils/include/movement_utils/movement_utils/msg/detail/head_motors_data__functions.c
[1.812s] -- Installing: /home/paulo/edromufu/src/movement/Ros2_change/install/movement_utils/include/movement_utils/movement_utils/msg/detail/head_motors_data__struct.h
[1.812s] -- Installing: /home/paulo/edromufu/src/movement/Ros2_change/install/movement_utils/include/movement_utils/movement_utils/msg/body_motors_data.h
[1.812s] -- Up-to-date: /home/paulo/edromufu/src/movement/Ros2_change/install/movement_utils/include/movement_utils/movement_utils/srv
[1.812s] -- Installing: /home/paulo/edromufu/src/movement/Ros2_change/install/movement_utils/include/movement_utils/movement_utils/srv/head_feedback.h
[1.812s] -- Installing: /home/paulo/edromufu/src/movement/Ros2_change/install/movement_utils/include/movement_utils/movement_utils/srv/enable_torque.h
[1.813s] -- Installing: /home/paulo/edromufu/src/movement/Ros2_change/install/movement_utils/include/movement_utils/movement_utils/srv/body_feedback.h
[1.813s] -- Installing: /home/paulo/edromufu/src/movement/Ros2_change/install/movement_utils/include/movement_utils/movement_utils/srv/gait.h
[1.813s] -- Installing: /home/paulo/edromufu/src/movement/Ros2_change/install/movement_utils/include/movement_utils/movement_utils/srv/walk_forward.h
[1.813s] -- Up-to-date: /home/paulo/edromufu/src/movement/Ros2_change/install/movement_utils/include/movement_utils/movement_utils/srv/detail
[1.813s] -- Installing: /home/paulo/edromufu/src/movement/Ros2_change/install/movement_utils/include/movement_utils/movement_utils/srv/detail/rotate__type_support.h
[1.813s] -- Installing: /home/paulo/edromufu/src/movement/Ros2_change/install/movement_utils/include/movement_utils/movement_utils/srv/detail/walk_forward__functions.h
[1.814s] -- Installing: /home/paulo/edromufu/src/movement/Ros2_change/install/movement_utils/include/movement_utils/movement_utils/srv/detail/body_feedback__functions.h
[1.814s] -- Installing: /home/paulo/edromufu/src/movement/Ros2_change/install/movement_utils/include/movement_utils/movement_utils/srv/detail/page__type_support.h
[1.814s] -- Installing: /home/paulo/edromufu/src/movement/Ros2_change/install/movement_utils/include/movement_utils/movement_utils/srv/detail/body_feedback__struct.h
[1.814s] -- Installing: /home/paulo/edromufu/src/movement/Ros2_change/install/movement_utils/include/movement_utils/movement_utils/srv/detail/page__functions.c
[1.814s] -- Installing: /home/paulo/edromufu/src/movement/Ros2_change/install/movement_utils/include/movement_utils/movement_utils/srv/detail/head_feedback__functions.h
[1.815s] -- Installing: /home/paulo/edromufu/src/movement/Ros2_change/install/movement_utils/include/movement_utils/movement_utils/srv/detail/walk_forward__struct.h
[1.815s] -- Installing: /home/paulo/edromufu/src/movement/Ros2_change/install/movement_utils/include/movement_utils/movement_utils/srv/detail/enable_torque__functions.h
[1.815s] -- Installing: /home/paulo/edromufu/src/movement/Ros2_change/install/movement_utils/include/movement_utils/movement_utils/srv/detail/body_feedback__functions.c
[1.816s] -- Installing: /home/paulo/edromufu/src/movement/Ros2_change/install/movement_utils/include/movement_utils/movement_utils/srv/detail/gait__struct.h
[1.816s] -- Installing: /home/paulo/edromufu/src/movement/Ros2_change/install/movement_utils/include/movement_utils/movement_utils/srv/detail/head_feedback__type_support.h
[1.816s] -- Installing: /home/paulo/edromufu/src/movement/Ros2_change/install/movement_utils/include/movement_utils/movement_utils/srv/detail/rotate__functions.h
[1.816s] -- Installing: /home/paulo/edromufu/src/movement/Ros2_change/install/movement_utils/include/movement_utils/movement_utils/srv/detail/head_feedback__struct.h
[1.817s] -- Installing: /home/paulo/edromufu/src/movement/Ros2_change/install/movement_utils/include/movement_utils/movement_utils/srv/detail/rotate__functions.c
[1.817s] -- Installing: /home/paulo/edromufu/src/movement/Ros2_change/install/movement_utils/include/movement_utils/movement_utils/srv/detail/walk_forward__functions.c
[1.817s] -- Installing: /home/paulo/edromufu/src/movement/Ros2_change/install/movement_utils/include/movement_utils/movement_utils/srv/detail/body_feedback__type_support.h
[1.818s] -- Installing: /home/paulo/edromufu/src/movement/Ros2_change/install/movement_utils/include/movement_utils/movement_utils/srv/detail/gait__functions.c
[1.818s] -- Installing: /home/paulo/edromufu/src/movement/Ros2_change/install/movement_utils/include/movement_utils/movement_utils/srv/detail/page__functions.h
[1.818s] -- Installing: /home/paulo/edromufu/src/movement/Ros2_change/install/movement_utils/include/movement_utils/movement_utils/srv/detail/enable_torque__functions.c
[1.819s] -- Installing: /home/paulo/edromufu/src/movement/Ros2_change/install/movement_utils/include/movement_utils/movement_utils/srv/detail/head_feedback__functions.c
[1.819s] -- Installing: /home/paulo/edromufu/src/movement/Ros2_change/install/movement_utils/include/movement_utils/movement_utils/srv/detail/gait__type_support.h
[1.819s] -- Installing: /home/paulo/edromufu/src/movement/Ros2_change/install/movement_utils/include/movement_utils/movement_utils/srv/detail/enable_torque__type_support.h
[1.819s] -- Installing: /home/paulo/edromufu/src/movement/Ros2_change/install/movement_utils/include/movement_utils/movement_utils/srv/detail/page__struct.h
[1.820s] -- Installing: /home/paulo/edromufu/src/movement/Ros2_change/install/movement_utils/include/movement_utils/movement_utils/srv/detail/rotate__struct.h
[1.820s] -- Installing: /home/paulo/edromufu/src/movement/Ros2_change/install/movement_utils/include/movement_utils/movement_utils/srv/detail/walk_forward__type_support.h
[1.820s] -- Installing: /home/paulo/edromufu/src/movement/Ros2_change/install/movement_utils/include/movement_utils/movement_utils/srv/detail/gait__functions.h
[1.821s] -- Installing: /home/paulo/edromufu/src/movement/Ros2_change/install/movement_utils/include/movement_utils/movement_utils/srv/detail/enable_torque__struct.h
[1.821s] -- Installing: /home/paulo/edromufu/src/movement/Ros2_change/install/movement_utils/include/movement_utils/movement_utils/srv/rotate.h
[1.821s] -- Installing: /home/paulo/edromufu/src/movement/Ros2_change/install/movement_utils/include/movement_utils/movement_utils/srv/page.h
[1.821s] -- Installing: /home/paulo/edromufu/src/movement/Ros2_change/install/movement_utils/share/movement_utils/environment/library_path.sh
[1.822s] -- Installing: /home/paulo/edromufu/src/movement/Ros2_change/install/movement_utils/share/movement_utils/environment/library_path.dsv
[1.823s] -- Up-to-date: /home/paulo/edromufu/src/movement/Ros2_change/install/movement_utils/lib/libmovement_utils__rosidl_generator_c.so
[1.823s] -- Up-to-date: /home/paulo/edromufu/src/movement/Ros2_change/install/movement_utils/include/movement_utils/movement_utils
[1.823s] -- Up-to-date: /home/paulo/edromufu/src/movement/Ros2_change/install/movement_utils/include/movement_utils/movement_utils/msg
[1.823s] -- Installing: /home/paulo/edromufu/src/movement/Ros2_change/install/movement_utils/include/movement_utils/movement_utils/msg/rosidl_typesupport_fastrtps_c__visibility_control.h
[1.824s] -- Up-to-date: /home/paulo/edromufu/src/movement/Ros2_change/install/movement_utils/include/movement_utils/movement_utils/msg/detail
[1.824s] -- Installing: /home/paulo/edromufu/src/movement/Ros2_change/install/movement_utils/include/movement_utils/movement_utils/msg/detail/body_motors_data__rosidl_typesupport_fastrtps_c.h
[1.824s] -- Installing: /home/paulo/edromufu/src/movement/Ros2_change/install/movement_utils/include/movement_utils/movement_utils/msg/detail/head_motors_data__rosidl_typesupport_fastrtps_c.h
[1.824s] -- Up-to-date: /home/paulo/edromufu/src/movement/Ros2_change/install/movement_utils/include/movement_utils/movement_utils/srv
[1.824s] -- Up-to-date: /home/paulo/edromufu/src/movement/Ros2_change/install/movement_utils/include/movement_utils/movement_utils/srv/detail
[1.824s] -- Installing: /home/paulo/edromufu/src/movement/Ros2_change/install/movement_utils/include/movement_utils/movement_utils/srv/detail/gait__rosidl_typesupport_fastrtps_c.h
[1.824s] -- Installing: /home/paulo/edromufu/src/movement/Ros2_change/install/movement_utils/include/movement_utils/movement_utils/srv/detail/body_feedback__rosidl_typesupport_fastrtps_c.h
[1.824s] -- Installing: /home/paulo/edromufu/src/movement/Ros2_change/install/movement_utils/include/movement_utils/movement_utils/srv/detail/enable_torque__rosidl_typesupport_fastrtps_c.h
[1.825s] -- Installing: /home/paulo/edromufu/src/movement/Ros2_change/install/movement_utils/include/movement_utils/movement_utils/srv/detail/page__rosidl_typesupport_fastrtps_c.h
[1.825s] -- Installing: /home/paulo/edromufu/src/movement/Ros2_change/install/movement_utils/include/movement_utils/movement_utils/srv/detail/walk_forward__rosidl_typesupport_fastrtps_c.h
[1.825s] -- Installing: /home/paulo/edromufu/src/movement/Ros2_change/install/movement_utils/include/movement_utils/movement_utils/srv/detail/rotate__rosidl_typesupport_fastrtps_c.h
[1.826s] -- Installing: /home/paulo/edromufu/src/movement/Ros2_change/install/movement_utils/include/movement_utils/movement_utils/srv/detail/head_feedback__rosidl_typesupport_fastrtps_c.h
[1.826s] -- Up-to-date: /home/paulo/edromufu/src/movement/Ros2_change/install/movement_utils/lib/libmovement_utils__rosidl_typesupport_fastrtps_c.so
[1.827s] -- Up-to-date: /home/paulo/edromufu/src/movement/Ros2_change/install/movement_utils/include/movement_utils/movement_utils
[1.827s] -- Up-to-date: /home/paulo/edromufu/src/movement/Ros2_change/install/movement_utils/include/movement_utils/movement_utils/msg
[1.827s] -- Installing: /home/paulo/edromufu/src/movement/Ros2_change/install/movement_utils/include/movement_utils/movement_utils/msg/rosidl_typesupport_introspection_c__visibility_control.h
[1.827s] -- Up-to-date: /home/paulo/edromufu/src/movement/Ros2_change/install/movement_utils/include/movement_utils/movement_utils/msg/detail
[1.827s] -- Installing: /home/paulo/edromufu/src/movement/Ros2_change/install/movement_utils/include/movement_utils/movement_utils/msg/detail/body_motors_data__rosidl_typesupport_introspection_c.h
[1.827s] -- Installing: /home/paulo/edromufu/src/movement/Ros2_change/install/movement_utils/include/movement_utils/movement_utils/msg/detail/head_motors_data__type_support.c
[1.828s] -- Installing: /home/paulo/edromufu/src/movement/Ros2_change/install/movement_utils/include/movement_utils/movement_utils/msg/detail/head_motors_data__rosidl_typesupport_introspection_c.h
[1.828s] -- Installing: /home/paulo/edromufu/src/movement/Ros2_change/install/movement_utils/include/movement_utils/movement_utils/msg/detail/body_motors_data__type_support.c
[1.828s] -- Up-to-date: /home/paulo/edromufu/src/movement/Ros2_change/install/movement_utils/include/movement_utils/movement_utils/srv
[1.828s] -- Up-to-date: /home/paulo/edromufu/src/movement/Ros2_change/install/movement_utils/include/movement_utils/movement_utils/srv/detail
[1.828s] -- Installing: /home/paulo/edromufu/src/movement/Ros2_change/install/movement_utils/include/movement_utils/movement_utils/srv/detail/body_feedback__rosidl_typesupport_introspection_c.h
[1.829s] -- Installing: /home/paulo/edromufu/src/movement/Ros2_change/install/movement_utils/include/movement_utils/movement_utils/srv/detail/head_feedback__rosidl_typesupport_introspection_c.h
[1.829s] -- Installing: /home/paulo/edromufu/src/movement/Ros2_change/install/movement_utils/include/movement_utils/movement_utils/srv/detail/walk_forward__type_support.c
[1.829s] -- Installing: /home/paulo/edromufu/src/movement/Ros2_change/install/movement_utils/include/movement_utils/movement_utils/srv/detail/gait__type_support.c
[1.829s] -- Installing: /home/paulo/edromufu/src/movement/Ros2_change/install/movement_utils/include/movement_utils/movement_utils/srv/detail/body_feedback__type_support.c
[1.830s] -- Installing: /home/paulo/edromufu/src/movement/Ros2_change/install/movement_utils/include/movement_utils/movement_utils/srv/detail/walk_forward__rosidl_typesupport_introspection_c.h
[1.830s] -- Installing: /home/paulo/edromufu/src/movement/Ros2_change/install/movement_utils/include/movement_utils/movement_utils/srv/detail/page__type_support.c
[1.830s] -- Installing: /home/paulo/edromufu/src/movement/Ros2_change/install/movement_utils/include/movement_utils/movement_utils/srv/detail/rotate__type_support.c
[1.831s] -- Installing: /home/paulo/edromufu/src/movement/Ros2_change/install/movement_utils/include/movement_utils/movement_utils/srv/detail/enable_torque__type_support.c
[1.831s] -- Installing: /home/paulo/edromufu/src/movement/Ros2_change/install/movement_utils/include/movement_utils/movement_utils/srv/detail/enable_torque__rosidl_typesupport_introspection_c.h
[1.831s] -- Installing: /home/paulo/edromufu/src/movement/Ros2_change/install/movement_utils/include/movement_utils/movement_utils/srv/detail/head_feedback__type_support.c
[1.832s] -- Installing: /home/paulo/edromufu/src/movement/Ros2_change/install/movement_utils/include/movement_utils/movement_utils/srv/detail/gait__rosidl_typesupport_introspection_c.h
[1.832s] -- Installing: /home/paulo/edromufu/src/movement/Ros2_change/install/movement_utils/include/movement_utils/movement_utils/srv/detail/page__rosidl_typesupport_introspection_c.h
[1.832s] -- Installing: /home/paulo/edromufu/src/movement/Ros2_change/install/movement_utils/include/movement_utils/movement_utils/srv/detail/rotate__rosidl_typesupport_introspection_c.h
[1.833s] -- Up-to-date: /home/paulo/edromufu/src/movement/Ros2_change/install/movement_utils/lib/libmovement_utils__rosidl_typesupport_introspection_c.so
[1.834s] -- Up-to-date: /home/paulo/edromufu/src/movement/Ros2_change/install/movement_utils/lib/libmovement_utils__rosidl_typesupport_c.so
[1.834s] -- Up-to-date: /home/paulo/edromufu/src/movement/Ros2_change/install/movement_utils/include/movement_utils/movement_utils
[1.834s] -- Up-to-date: /home/paulo/edromufu/src/movement/Ros2_change/install/movement_utils/include/movement_utils/movement_utils/msg
[1.834s] -- Installing: /home/paulo/edromufu/src/movement/Ros2_change/install/movement_utils/include/movement_utils/movement_utils/msg/head_motors_data.hpp
[1.834s] -- Installing: /home/paulo/edromufu/src/movement/Ros2_change/install/movement_utils/include/movement_utils/movement_utils/msg/body_motors_data.hpp
[1.835s] -- Up-to-date: /home/paulo/edromufu/src/movement/Ros2_change/install/movement_utils/include/movement_utils/movement_utils/msg/detail
[1.835s] -- Installing: /home/paulo/edromufu/src/movement/Ros2_change/install/movement_utils/include/movement_utils/movement_utils/msg/detail/body_motors_data__builder.hpp
[1.835s] -- Installing: /home/paulo/edromufu/src/movement/Ros2_change/install/movement_utils/include/movement_utils/movement_utils/msg/detail/body_motors_data__struct.hpp
[1.835s] -- Installing: /home/paulo/edromufu/src/movement/Ros2_change/install/movement_utils/include/movement_utils/movement_utils/msg/detail/head_motors_data__traits.hpp
[1.835s] -- Installing: /home/paulo/edromufu/src/movement/Ros2_change/install/movement_utils/include/movement_utils/movement_utils/msg/detail/head_motors_data__builder.hpp
[1.836s] -- Installing: /home/paulo/edromufu/src/movement/Ros2_change/install/movement_utils/include/movement_utils/movement_utils/msg/detail/body_motors_data__traits.hpp
[1.836s] -- Installing: /home/paulo/edromufu/src/movement/Ros2_change/install/movement_utils/include/movement_utils/movement_utils/msg/detail/head_motors_data__struct.hpp
[1.836s] -- Up-to-date: /home/paulo/edromufu/src/movement/Ros2_change/install/movement_utils/include/movement_utils/movement_utils/srv
[1.836s] -- Installing: /home/paulo/edromufu/src/movement/Ros2_change/install/movement_utils/include/movement_utils/movement_utils/srv/body_feedback.hpp
[1.837s] -- Installing: /home/paulo/edromufu/src/movement/Ros2_change/install/movement_utils/include/movement_utils/movement_utils/srv/enable_torque.hpp
[1.837s] -- Installing: /home/paulo/edromufu/src/movement/Ros2_change/install/movement_utils/include/movement_utils/movement_utils/srv/rotate.hpp
[1.837s] -- Installing: /home/paulo/edromufu/src/movement/Ros2_change/install/movement_utils/include/movement_utils/movement_utils/srv/walk_forward.hpp
[1.837s] -- Installing: /home/paulo/edromufu/src/movement/Ros2_change/install/movement_utils/include/movement_utils/movement_utils/srv/page.hpp
[1.838s] -- Up-to-date: /home/paulo/edromufu/src/movement/Ros2_change/install/movement_utils/include/movement_utils/movement_utils/srv/detail
[1.838s] -- Installing: /home/paulo/edromufu/src/movement/Ros2_change/install/movement_utils/include/movement_utils/movement_utils/srv/detail/enable_torque__struct.hpp
[1.838s] -- Installing: /home/paulo/edromufu/src/movement/Ros2_change/install/movement_utils/include/movement_utils/movement_utils/srv/detail/rotate__builder.hpp
[1.838s] -- Installing: /home/paulo/edromufu/src/movement/Ros2_change/install/movement_utils/include/movement_utils/movement_utils/srv/detail/page__traits.hpp
[1.839s] -- Installing: /home/paulo/edromufu/src/movement/Ros2_change/install/movement_utils/include/movement_utils/movement_utils/srv/detail/head_feedback__struct.hpp
[1.839s] -- Installing: /home/paulo/edromufu/src/movement/Ros2_change/install/movement_utils/include/movement_utils/movement_utils/srv/detail/walk_forward__builder.hpp
[1.839s] -- Installing: /home/paulo/edromufu/src/movement/Ros2_change/install/movement_utils/include/movement_utils/movement_utils/srv/detail/gait__struct.hpp
[1.839s] -- Installing: /home/paulo/edromufu/src/movement/Ros2_change/install/movement_utils/include/movement_utils/movement_utils/srv/detail/walk_forward__traits.hpp
[1.840s] -- Installing: /home/paulo/edromufu/src/movement/Ros2_change/install/movement_utils/include/movement_utils/movement_utils/srv/detail/enable_torque__builder.hpp
[1.840s] -- Installing: /home/paulo/edromufu/src/movement/Ros2_change/install/movement_utils/include/movement_utils/movement_utils/srv/detail/rotate__struct.hpp
[1.840s] -- Installing: /home/paulo/edromufu/src/movement/Ros2_change/install/movement_utils/include/movement_utils/movement_utils/srv/detail/body_feedback__traits.hpp
[1.841s] -- Installing: /home/paulo/edromufu/src/movement/Ros2_change/install/movement_utils/include/movement_utils/movement_utils/srv/detail/page__struct.hpp
[1.841s] -- Installing: /home/paulo/edromufu/src/movement/Ros2_change/install/movement_utils/include/movement_utils/movement_utils/srv/detail/body_feedback__struct.hpp
[1.841s] -- Installing: /home/paulo/edromufu/src/movement/Ros2_change/install/movement_utils/include/movement_utils/movement_utils/srv/detail/head_feedback__builder.hpp
[1.842s] -- Installing: /home/paulo/edromufu/src/movement/Ros2_change/install/movement_utils/include/movement_utils/movement_utils/srv/detail/gait__builder.hpp
[1.842s] -- Installing: /home/paulo/edromufu/src/movement/Ros2_change/install/movement_utils/include/movement_utils/movement_utils/srv/detail/rotate__traits.hpp
[1.842s] -- Installing: /home/paulo/edromufu/src/movement/Ros2_change/install/movement_utils/include/movement_utils/movement_utils/srv/detail/gait__traits.hpp
[1.842s] -- Installing: /home/paulo/edromufu/src/movement/Ros2_change/install/movement_utils/include/movement_utils/movement_utils/srv/detail/walk_forward__struct.hpp
[1.843s] -- Installing: /home/paulo/edromufu/src/movement/Ros2_change/install/movement_utils/include/movement_utils/movement_utils/srv/detail/head_feedback__traits.hpp
[1.843s] -- Installing: /home/paulo/edromufu/src/movement/Ros2_change/install/movement_utils/include/movement_utils/movement_utils/srv/detail/enable_torque__traits.hpp
[1.843s] -- Installing: /home/paulo/edromufu/src/movement/Ros2_change/install/movement_utils/include/movement_utils/movement_utils/srv/detail/body_feedback__builder.hpp
[1.844s] -- Installing: /home/paulo/edromufu/src/movement/Ros2_change/install/movement_utils/include/movement_utils/movement_utils/srv/detail/page__builder.hpp
[1.844s] -- Installing: /home/paulo/edromufu/src/movement/Ros2_change/install/movement_utils/include/movement_utils/movement_utils/srv/gait.hpp
[1.844s] -- Installing: /home/paulo/edromufu/src/movement/Ros2_change/install/movement_utils/include/movement_utils/movement_utils/srv/head_feedback.hpp
[1.844s] -- Up-to-date: /home/paulo/edromufu/src/movement/Ros2_change/install/movement_utils/include/movement_utils/movement_utils
[1.845s] -- Up-to-date: /home/paulo/edromufu/src/movement/Ros2_change/install/movement_utils/include/movement_utils/movement_utils/msg
[1.845s] -- Installing: /home/paulo/edromufu/src/movement/Ros2_change/install/movement_utils/include/movement_utils/movement_utils/msg/rosidl_typesupport_fastrtps_cpp__visibility_control.h
[1.845s] -- Up-to-date: /home/paulo/edromufu/src/movement/Ros2_change/install/movement_utils/include/movement_utils/movement_utils/msg/detail
[1.845s] -- Installing: /home/paulo/edromufu/src/movement/Ros2_change/install/movement_utils/include/movement_utils/movement_utils/msg/detail/head_motors_data__rosidl_typesupport_fastrtps_cpp.hpp
[1.845s] -- Up-to-date: /home/paulo/edromufu/src/movement/Ros2_change/install/movement_utils/include/movement_utils/movement_utils/msg/detail/dds_fastrtps
[1.845s] -- Installing: /home/paulo/edromufu/src/movement/Ros2_change/install/movement_utils/include/movement_utils/movement_utils/msg/detail/body_motors_data__rosidl_typesupport_fastrtps_cpp.hpp
[1.845s] -- Up-to-date: /home/paulo/edromufu/src/movement/Ros2_change/install/movement_utils/include/movement_utils/movement_utils/srv
[1.845s] -- Up-to-date: /home/paulo/edromufu/src/movement/Ros2_change/install/movement_utils/include/movement_utils/movement_utils/srv/detail
[1.845s] -- Up-to-date: /home/paulo/edromufu/src/movement/Ros2_change/install/movement_utils/include/movement_utils/movement_utils/srv/detail/dds_fastrtps
[1.845s] -- Installing: /home/paulo/edromufu/src/movement/Ros2_change/install/movement_utils/include/movement_utils/movement_utils/srv/detail/walk_forward__rosidl_typesupport_fastrtps_cpp.hpp
[1.846s] -- Installing: /home/paulo/edromufu/src/movement/Ros2_change/install/movement_utils/include/movement_utils/movement_utils/srv/detail/head_feedback__rosidl_typesupport_fastrtps_cpp.hpp
[1.846s] -- Installing: /home/paulo/edromufu/src/movement/Ros2_change/install/movement_utils/include/movement_utils/movement_utils/srv/detail/enable_torque__rosidl_typesupport_fastrtps_cpp.hpp
[1.846s] -- Installing: /home/paulo/edromufu/src/movement/Ros2_change/install/movement_utils/include/movement_utils/movement_utils/srv/detail/page__rosidl_typesupport_fastrtps_cpp.hpp
[1.847s] -- Installing: /home/paulo/edromufu/src/movement/Ros2_change/install/movement_utils/include/movement_utils/movement_utils/srv/detail/rotate__rosidl_typesupport_fastrtps_cpp.hpp
[1.847s] -- Installing: /home/paulo/edromufu/src/movement/Ros2_change/install/movement_utils/include/movement_utils/movement_utils/srv/detail/gait__rosidl_typesupport_fastrtps_cpp.hpp
[1.847s] -- Installing: /home/paulo/edromufu/src/movement/Ros2_change/install/movement_utils/include/movement_utils/movement_utils/srv/detail/body_feedback__rosidl_typesupport_fastrtps_cpp.hpp
[1.848s] -- Up-to-date: /home/paulo/edromufu/src/movement/Ros2_change/install/movement_utils/lib/libmovement_utils__rosidl_typesupport_fastrtps_cpp.so
[1.848s] -- Up-to-date: /home/paulo/edromufu/src/movement/Ros2_change/install/movement_utils/include/movement_utils/movement_utils
[1.849s] -- Up-to-date: /home/paulo/edromufu/src/movement/Ros2_change/install/movement_utils/include/movement_utils/movement_utils/msg
[1.849s] -- Up-to-date: /home/paulo/edromufu/src/movement/Ros2_change/install/movement_utils/include/movement_utils/movement_utils/msg/detail
[1.849s] -- Installing: /home/paulo/edromufu/src/movement/Ros2_change/install/movement_utils/include/movement_utils/movement_utils/msg/detail/head_motors_data__type_support.cpp
[1.849s] -- Installing: /home/paulo/edromufu/src/movement/Ros2_change/install/movement_utils/include/movement_utils/movement_utils/msg/detail/head_motors_data__rosidl_typesupport_introspection_cpp.hpp
[1.849s] -- Installing: /home/paulo/edromufu/src/movement/Ros2_change/install/movement_utils/include/movement_utils/movement_utils/msg/detail/body_motors_data__rosidl_typesupport_introspection_cpp.hpp
[1.849s] -- Installing: /home/paulo/edromufu/src/movement/Ros2_change/install/movement_utils/include/movement_utils/movement_utils/msg/detail/body_motors_data__type_support.cpp
[1.850s] -- Up-to-date: /home/paulo/edromufu/src/movement/Ros2_change/install/movement_utils/include/movement_utils/movement_utils/srv
[1.850s] -- Up-to-date: /home/paulo/edromufu/src/movement/Ros2_change/install/movement_utils/include/movement_utils/movement_utils/srv/detail
[1.850s] -- Installing: /home/paulo/edromufu/src/movement/Ros2_change/install/movement_utils/include/movement_utils/movement_utils/srv/detail/rotate__rosidl_typesupport_introspection_cpp.hpp
[1.850s] -- Installing: /home/paulo/edromufu/src/movement/Ros2_change/install/movement_utils/include/movement_utils/movement_utils/srv/detail/walk_forward__type_support.cpp
[1.850s] -- Installing: /home/paulo/edromufu/src/movement/Ros2_change/install/movement_utils/include/movement_utils/movement_utils/srv/detail/gait__rosidl_typesupport_introspection_cpp.hpp
[1.851s] -- Installing: /home/paulo/edromufu/src/movement/Ros2_change/install/movement_utils/include/movement_utils/movement_utils/srv/detail/head_feedback__type_support.cpp
[1.851s] -- Installing: /home/paulo/edromufu/src/movement/Ros2_change/install/movement_utils/include/movement_utils/movement_utils/srv/detail/gait__type_support.cpp
[1.851s] -- Installing: /home/paulo/edromufu/src/movement/Ros2_change/install/movement_utils/include/movement_utils/movement_utils/srv/detail/enable_torque__rosidl_typesupport_introspection_cpp.hpp
[1.852s] -- Installing: /home/paulo/edromufu/src/movement/Ros2_change/install/movement_utils/include/movement_utils/movement_utils/srv/detail/enable_torque__type_support.cpp
[1.852s] -- Installing: /home/paulo/edromufu/src/movement/Ros2_change/install/movement_utils/include/movement_utils/movement_utils/srv/detail/body_feedback__type_support.cpp
[1.852s] -- Installing: /home/paulo/edromufu/src/movement/Ros2_change/install/movement_utils/include/movement_utils/movement_utils/srv/detail/page__rosidl_typesupport_introspection_cpp.hpp
[1.852s] -- Installing: /home/paulo/edromufu/src/movement/Ros2_change/install/movement_utils/include/movement_utils/movement_utils/srv/detail/body_feedback__rosidl_typesupport_introspection_cpp.hpp
[1.853s] -- Installing: /home/paulo/edromufu/src/movement/Ros2_change/install/movement_utils/include/movement_utils/movement_utils/srv/detail/walk_forward__rosidl_typesupport_introspection_cpp.hpp
[1.853s] -- Installing: /home/paulo/edromufu/src/movement/Ros2_change/install/movement_utils/include/movement_utils/movement_utils/srv/detail/rotate__type_support.cpp
[1.853s] -- Installing: /home/paulo/edromufu/src/movement/Ros2_change/install/movement_utils/include/movement_utils/movement_utils/srv/detail/page__type_support.cpp
[1.854s] -- Installing: /home/paulo/edromufu/src/movement/Ros2_change/install/movement_utils/include/movement_utils/movement_utils/srv/detail/head_feedback__rosidl_typesupport_introspection_cpp.hpp
[1.855s] -- Up-to-date: /home/paulo/edromufu/src/movement/Ros2_change/install/movement_utils/lib/libmovement_utils__rosidl_typesupport_introspection_cpp.so
[1.856s] -- Up-to-date: /home/paulo/edromufu/src/movement/Ros2_change/install/movement_utils/lib/libmovement_utils__rosidl_typesupport_cpp.so
[1.856s] -- Installing: /home/paulo/edromufu/src/movement/Ros2_change/install/movement_utils/share/movement_utils/environment/pythonpath.sh
[1.856s] -- Installing: /home/paulo/edromufu/src/movement/Ros2_change/install/movement_utils/share/movement_utils/environment/pythonpath.dsv
[1.856s] -- Up-to-date: /home/paulo/edromufu/src/movement/Ros2_change/install/movement_utils/local/lib/python3.10/dist-packages/movement_utils-0.0.0-py3.10.egg-info
[1.856s] -- Installing: /home/paulo/edromufu/src/movement/Ros2_change/install/movement_utils/local/lib/python3.10/dist-packages/movement_utils-0.0.0-py3.10.egg-info/top_level.txt
[1.856s] -- Installing: /home/paulo/edromufu/src/movement/Ros2_change/install/movement_utils/local/lib/python3.10/dist-packages/movement_utils-0.0.0-py3.10.egg-info/PKG-INFO
[1.856s] -- Installing: /home/paulo/edromufu/src/movement/Ros2_change/install/movement_utils/local/lib/python3.10/dist-packages/movement_utils-0.0.0-py3.10.egg-info/SOURCES.txt
[1.857s] -- Installing: /home/paulo/edromufu/src/movement/Ros2_change/install/movement_utils/local/lib/python3.10/dist-packages/movement_utils-0.0.0-py3.10.egg-info/dependency_links.txt
[1.857s] -- Up-to-date: /home/paulo/edromufu/src/movement/Ros2_change/install/movement_utils/local/lib/python3.10/dist-packages/movement_utils
[1.857s] -- Installing: /home/paulo/edromufu/src/movement/Ros2_change/install/movement_utils/local/lib/python3.10/dist-packages/movement_utils/__init__.py
[1.857s] -- Up-to-date: /home/paulo/edromufu/src/movement/Ros2_change/install/movement_utils/local/lib/python3.10/dist-packages/movement_utils/msg
[1.857s] -- Installing: /home/paulo/edromufu/src/movement/Ros2_change/install/movement_utils/local/lib/python3.10/dist-packages/movement_utils/msg/__init__.py
[1.857s] -- Installing: /home/paulo/edromufu/src/movement/Ros2_change/install/movement_utils/local/lib/python3.10/dist-packages/movement_utils/msg/_head_motors_data_s.c
[1.857s] -- Installing: /home/paulo/edromufu/src/movement/Ros2_change/install/movement_utils/local/lib/python3.10/dist-packages/movement_utils/msg/_body_motors_data.py
[1.857s] -- Installing: /home/paulo/edromufu/src/movement/Ros2_change/install/movement_utils/local/lib/python3.10/dist-packages/movement_utils/msg/_head_motors_data.py
[1.858s] -- Installing: /home/paulo/edromufu/src/movement/Ros2_change/install/movement_utils/local/lib/python3.10/dist-packages/movement_utils/msg/_body_motors_data_s.c
[1.858s] -- Up-to-date: /home/paulo/edromufu/src/movement/Ros2_change/install/movement_utils/local/lib/python3.10/dist-packages/movement_utils/movement_utils_s__rosidl_typesupport_c.cpython-310-x86_64-linux-gnu.so
[1.858s] -- Up-to-date: /home/paulo/edromufu/src/movement/Ros2_change/install/movement_utils/local/lib/python3.10/dist-packages/movement_utils/movement_utils_s__rosidl_typesupport_fastrtps_c.cpython-310-x86_64-linux-gnu.so
[1.858s] -- Up-to-date: /home/paulo/edromufu/src/movement/Ros2_change/install/movement_utils/local/lib/python3.10/dist-packages/movement_utils/libmovement_utils__rosidl_generator_py.so
[1.858s] -- Up-to-date: /home/paulo/edromufu/src/movement/Ros2_change/install/movement_utils/local/lib/python3.10/dist-packages/movement_utils/srv
[1.858s] -- Installing: /home/paulo/edromufu/src/movement/Ros2_change/install/movement_utils/local/lib/python3.10/dist-packages/movement_utils/srv/__init__.py
[1.858s] -- Installing: /home/paulo/edromufu/src/movement/Ros2_change/install/movement_utils/local/lib/python3.10/dist-packages/movement_utils/srv/_gait_s.c
[1.858s] -- Installing: /home/paulo/edromufu/src/movement/Ros2_change/install/movement_utils/local/lib/python3.10/dist-packages/movement_utils/srv/_rotate.py
[1.858s] -- Installing: /home/paulo/edromufu/src/movement/Ros2_change/install/movement_utils/local/lib/python3.10/dist-packages/movement_utils/srv/_walk_forward_s.c
[1.858s] -- Installing: /home/paulo/edromufu/src/movement/Ros2_change/install/movement_utils/local/lib/python3.10/dist-packages/movement_utils/srv/_head_feedback.py
[1.859s] -- Installing: /home/paulo/edromufu/src/movement/Ros2_change/install/movement_utils/local/lib/python3.10/dist-packages/movement_utils/srv/_head_feedback_s.c
[1.859s] -- Installing: /home/paulo/edromufu/src/movement/Ros2_change/install/movement_utils/local/lib/python3.10/dist-packages/movement_utils/srv/_page.py
[1.859s] -- Installing: /home/paulo/edromufu/src/movement/Ros2_change/install/movement_utils/local/lib/python3.10/dist-packages/movement_utils/srv/_enable_torque.py
[1.859s] -- Installing: /home/paulo/edromufu/src/movement/Ros2_change/install/movement_utils/local/lib/python3.10/dist-packages/movement_utils/srv/_walk_forward.py
[1.859s] -- Installing: /home/paulo/edromufu/src/movement/Ros2_change/install/movement_utils/local/lib/python3.10/dist-packages/movement_utils/srv/_enable_torque_s.c
[1.859s] -- Installing: /home/paulo/edromufu/src/movement/Ros2_change/install/movement_utils/local/lib/python3.10/dist-packages/movement_utils/srv/_rotate_s.c
[1.859s] -- Installing: /home/paulo/edromufu/src/movement/Ros2_change/install/movement_utils/local/lib/python3.10/dist-packages/movement_utils/srv/_body_feedback_s.c
[1.859s] -- Installing: /home/paulo/edromufu/src/movement/Ros2_change/install/movement_utils/local/lib/python3.10/dist-packages/movement_utils/srv/_gait.py
[1.859s] -- Installing: /home/paulo/edromufu/src/movement/Ros2_change/install/movement_utils/local/lib/python3.10/dist-packages/movement_utils/srv/_page_s.c
[1.860s] -- Installing: /home/paulo/edromufu/src/movement/Ros2_change/install/movement_utils/local/lib/python3.10/dist-packages/movement_utils/srv/_body_feedback.py
[1.860s] -- Installing: /home/paulo/edromufu/src/movement/Ros2_change/install/movement_utils/local/lib/python3.10/dist-packages/movement_utils/_movement_utils_s.ep.rosidl_typesupport_fastrtps_c.c
[1.860s] -- Up-to-date: /home/paulo/edromufu/src/movement/Ros2_change/install/movement_utils/local/lib/python3.10/dist-packages/movement_utils/movement_utils_s__rosidl_typesupport_introspection_c.cpython-310-x86_64-linux-gnu.so
[1.860s] -- Installing: /home/paulo/edromufu/src/movement/Ros2_change/install/movement_utils/local/lib/python3.10/dist-packages/movement_utils/_movement_utils_s.ep.rosidl_typesupport_c.c
[1.860s] -- Installing: /home/paulo/edromufu/src/movement/Ros2_change/install/movement_utils/local/lib/python3.10/dist-packages/movement_utils/_movement_utils_s.ep.rosidl_typesupport_introspection_c.c
[1.890s] Listing '/home/paulo/edromufu/src/movement/Ros2_change/install/movement_utils/local/lib/python3.10/dist-packages/movement_utils'...
[1.890s] Compiling '/home/paulo/edromufu/src/movement/Ros2_change/install/movement_utils/local/lib/python3.10/dist-packages/movement_utils/__init__.py'...
[1.890s] Listing '/home/paulo/edromufu/src/movement/Ros2_change/install/movement_utils/local/lib/python3.10/dist-packages/movement_utils/msg'...
[1.890s] Listing '/home/paulo/edromufu/src/movement/Ros2_change/install/movement_utils/local/lib/python3.10/dist-packages/movement_utils/srv'...
[1.896s] -- Up-to-date: /home/paulo/edromufu/src/movement/Ros2_change/install/movement_utils/local/lib/python3.10/dist-packages/movement_utils/movement_utils_s__rosidl_typesupport_fastrtps_c.cpython-310-x86_64-linux-gnu.so
[1.897s] -- Up-to-date: /home/paulo/edromufu/src/movement/Ros2_change/install/movement_utils/local/lib/python3.10/dist-packages/movement_utils/movement_utils_s__rosidl_typesupport_introspection_c.cpython-310-x86_64-linux-gnu.so
[1.898s] -- Up-to-date: /home/paulo/edromufu/src/movement/Ros2_change/install/movement_utils/local/lib/python3.10/dist-packages/movement_utils/movement_utils_s__rosidl_typesupport_c.cpython-310-x86_64-linux-gnu.so
[1.900s] -- Up-to-date: /home/paulo/edromufu/src/movement/Ros2_change/install/movement_utils/lib/libmovement_utils__rosidl_generator_py.so
[1.900s] -- Installing: /home/paulo/edromufu/src/movement/Ros2_change/install/movement_utils/share/movement_utils/msg/BodyMotorsData.idl
[1.900s] -- Installing: /home/paulo/edromufu/src/movement/Ros2_change/install/movement_utils/share/movement_utils/msg/HeadMotorsData.idl
[1.900s] -- Installing: /home/paulo/edromufu/src/movement/Ros2_change/install/movement_utils/share/movement_utils/srv/BodyFeedback.idl
[1.900s] -- Installing: /home/paulo/edromufu/src/movement/Ros2_change/install/movement_utils/share/movement_utils/srv/EnableTorque.idl
[1.900s] -- Installing: /home/paulo/edromufu/src/movement/Ros2_change/install/movement_utils/share/movement_utils/srv/Gait.idl
[1.900s] -- Installing: /home/paulo/edromufu/src/movement/Ros2_change/install/movement_utils/share/movement_utils/srv/HeadFeedback.idl
[1.900s] -- Installing: /home/paulo/edromufu/src/movement/Ros2_change/install/movement_utils/share/movement_utils/srv/Page.idl
[1.901s] -- Installing: /home/paulo/edromufu/src/movement/Ros2_change/install/movement_utils/share/movement_utils/srv/Rotate.idl
[1.901s] -- Installing: /home/paulo/edromufu/src/movement/Ros2_change/install/movement_utils/share/movement_utils/srv/WalkForward.idl
[1.901s] -- Up-to-date: /home/paulo/edromufu/src/movement/Ros2_change/install/movement_utils/share/movement_utils/msg/BodyMotorsData.msg
[1.901s] -- Up-to-date: /home/paulo/edromufu/src/movement/Ros2_change/install/movement_utils/share/movement_utils/msg/HeadMotorsData.msg
[1.901s] -- Up-to-date: /home/paulo/edromufu/src/movement/Ros2_change/install/movement_utils/share/movement_utils/srv/BodyFeedback.srv
[1.901s] -- Installing: /home/paulo/edromufu/src/movement/Ros2_change/install/movement_utils/share/movement_utils/srv/BodyFeedback_Request.msg
[1.901s] -- Installing: /home/paulo/edromufu/src/movement/Ros2_change/install/movement_utils/share/movement_utils/srv/BodyFeedback_Response.msg
[1.901s] -- Up-to-date: /home/paulo/edromufu/src/movement/Ros2_change/install/movement_utils/share/movement_utils/srv/EnableTorque.srv
[1.901s] -- Installing: /home/paulo/edromufu/src/movement/Ros2_change/install/movement_utils/share/movement_utils/srv/EnableTorque_Request.msg
[1.901s] -- Installing: /home/paulo/edromufu/src/movement/Ros2_change/install/movement_utils/share/movement_utils/srv/EnableTorque_Response.msg
[1.901s] -- Up-to-date: /home/paulo/edromufu/src/movement/Ros2_change/install/movement_utils/share/movement_utils/srv/Gait.srv
[1.901s] -- Installing: /home/paulo/edromufu/src/movement/Ros2_change/install/movement_utils/share/movement_utils/srv/Gait_Request.msg
[1.901s] -- Installing: /home/paulo/edromufu/src/movement/Ros2_change/install/movement_utils/share/movement_utils/srv/Gait_Response.msg
[1.901s] -- Up-to-date: /home/paulo/edromufu/src/movement/Ros2_change/install/movement_utils/share/movement_utils/srv/HeadFeedback.srv
[1.901s] -- Installing: /home/paulo/edromufu/src/movement/Ros2_change/install/movement_utils/share/movement_utils/srv/HeadFeedback_Request.msg
[1.901s] -- Installing: /home/paulo/edromufu/src/movement/Ros2_change/install/movement_utils/share/movement_utils/srv/HeadFeedback_Response.msg
[1.902s] -- Up-to-date: /home/paulo/edromufu/src/movement/Ros2_change/install/movement_utils/share/movement_utils/srv/Page.srv
[1.902s] -- Installing: /home/paulo/edromufu/src/movement/Ros2_change/install/movement_utils/share/movement_utils/srv/Page_Request.msg
[1.902s] -- Installing: /home/paulo/edromufu/src/movement/Ros2_change/install/movement_utils/share/movement_utils/srv/Page_Response.msg
[1.902s] -- Up-to-date: /home/paulo/edromufu/src/movement/Ros2_change/install/movement_utils/share/movement_utils/srv/Rotate.srv
[1.902s] -- Installing: /home/paulo/edromufu/src/movement/Ros2_change/install/movement_utils/share/movement_utils/srv/Rotate_Request.msg
[1.902s] -- Installing: /home/paulo/edromufu/src/movement/Ros2_change/install/movement_utils/share/movement_utils/srv/Rotate_Response.msg
[1.902s] -- Up-to-date: /home/paulo/edromufu/src/movement/Ros2_change/install/movement_utils/share/movement_utils/srv/WalkForward.srv
[1.902s] -- Installing: /home/paulo/edromufu/src/movement/Ros2_change/install/movement_utils/share/movement_utils/srv/WalkForward_Request.msg
[1.902s] -- Installing: /home/paulo/edromufu/src/movement/Ros2_change/install/movement_utils/share/movement_utils/srv/WalkForward_Response.msg
[1.902s] -- Up-to-date: /home/paulo/edromufu/src/movement/Ros2_change/install/movement_utils/share/movement_utils/launch
[1.902s] -- Up-to-date: /home/paulo/edromufu/src/movement/Ros2_change/install/movement_utils/share/movement_utils/launch/tahara_launch.py
[1.902s] -- Up-to-date: /home/paulo/edromufu/src/movement/Ros2_change/install/movement_utils/share/movement_utils/launch/movement_start.launch.py
[1.902s] -- Installing: /home/paulo/edromufu/src/movement/Ros2_change/install/movement_utils/share/ament_index/resource_index/package_run_dependencies/movement_utils
[1.902s] -- Installing: /home/paulo/edromufu/src/movement/Ros2_change/install/movement_utils/share/ament_index/resource_index/parent_prefix_path/movement_utils
[1.902s] -- Installing: /home/paulo/edromufu/src/movement/Ros2_change/install/movement_utils/share/movement_utils/environment/ament_prefix_path.sh
[1.902s] -- Installing: /home/paulo/edromufu/src/movement/Ros2_change/install/movement_utils/share/movement_utils/environment/ament_prefix_path.dsv
[1.902s] -- Installing: /home/paulo/edromufu/src/movement/Ros2_change/install/movement_utils/share/movement_utils/environment/path.sh
[1.903s] -- Installing: /home/paulo/edromufu/src/movement/Ros2_change/install/movement_utils/share/movement_utils/environment/path.dsv
[1.903s] -- Installing: /home/paulo/edromufu/src/movement/Ros2_change/install/movement_utils/share/movement_utils/local_setup.bash
[1.903s] -- Installing: /home/paulo/edromufu/src/movement/Ros2_change/install/movement_utils/share/movement_utils/local_setup.sh
[1.903s] -- Installing: /home/paulo/edromufu/src/movement/Ros2_change/install/movement_utils/share/movement_utils/local_setup.zsh
[1.903s] -- Installing: /home/paulo/edromufu/src/movement/Ros2_change/install/movement_utils/share/movement_utils/local_setup.dsv
[1.903s] -- Installing: /home/paulo/edromufu/src/movement/Ros2_change/install/movement_utils/share/movement_utils/package.dsv
[1.903s] -- Installing: /home/paulo/edromufu/src/movement/Ros2_change/install/movement_utils/share/ament_index/resource_index/packages/movement_utils
[1.903s] -- Installing: /home/paulo/edromufu/src/movement/Ros2_change/install/movement_utils/share/movement_utils/cmake/export_movement_utils__rosidl_generator_cExport.cmake
[1.903s] -- Installing: /home/paulo/edromufu/src/movement/Ros2_change/install/movement_utils/share/movement_utils/cmake/export_movement_utils__rosidl_generator_cExport-noconfig.cmake
[1.903s] -- Installing: /home/paulo/edromufu/src/movement/Ros2_change/install/movement_utils/share/movement_utils/cmake/export_movement_utils__rosidl_typesupport_fastrtps_cExport.cmake
[1.903s] -- Installing: /home/paulo/edromufu/src/movement/Ros2_change/install/movement_utils/share/movement_utils/cmake/export_movement_utils__rosidl_typesupport_fastrtps_cExport-noconfig.cmake
[1.903s] -- Installing: /home/paulo/edromufu/src/movement/Ros2_change/install/movement_utils/share/movement_utils/cmake/movement_utils__rosidl_typesupport_introspection_cExport.cmake
[1.903s] -- Installing: /home/paulo/edromufu/src/movement/Ros2_change/install/movement_utils/share/movement_utils/cmake/movement_utils__rosidl_typesupport_introspection_cExport-noconfig.cmake
[1.903s] -- Installing: /home/paulo/edromufu/src/movement/Ros2_change/install/movement_utils/share/movement_utils/cmake/movement_utils__rosidl_typesupport_cExport.cmake
[1.903s] -- Installing: /home/paulo/edromufu/src/movement/Ros2_change/install/movement_utils/share/movement_utils/cmake/movement_utils__rosidl_typesupport_cExport-noconfig.cmake
[1.903s] -- Installing: /home/paulo/edromufu/src/movement/Ros2_change/install/movement_utils/share/movement_utils/cmake/export_movement_utils__rosidl_generator_cppExport.cmake
[1.903s] -- Installing: /home/paulo/edromufu/src/movement/Ros2_change/install/movement_utils/share/movement_utils/cmake/export_movement_utils__rosidl_typesupport_fastrtps_cppExport.cmake
[1.904s] -- Installing: /home/paulo/edromufu/src/movement/Ros2_change/install/movement_utils/share/movement_utils/cmake/export_movement_utils__rosidl_typesupport_fastrtps_cppExport-noconfig.cmake
[1.904s] -- Installing: /home/paulo/edromufu/src/movement/Ros2_change/install/movement_utils/share/movement_utils/cmake/movement_utils__rosidl_typesupport_introspection_cppExport.cmake
[1.904s] -- Installing: /home/paulo/edromufu/src/movement/Ros2_change/install/movement_utils/share/movement_utils/cmake/movement_utils__rosidl_typesupport_introspection_cppExport-noconfig.cmake
[1.904s] -- Installing: /home/paulo/edromufu/src/movement/Ros2_change/install/movement_utils/share/movement_utils/cmake/movement_utils__rosidl_typesupport_cppExport.cmake
[1.904s] -- Installing: /home/paulo/edromufu/src/movement/Ros2_change/install/movement_utils/share/movement_utils/cmake/movement_utils__rosidl_typesupport_cppExport-noconfig.cmake
[1.904s] -- Installing: /home/paulo/edromufu/src/movement/Ros2_change/install/movement_utils/share/movement_utils/cmake/export_movement_utils__rosidl_generator_pyExport.cmake
[1.904s] -- Installing: /home/paulo/edromufu/src/movement/Ros2_change/install/movement_utils/share/movement_utils/cmake/export_movement_utils__rosidl_generator_pyExport-noconfig.cmake
[1.904s] -- Installing: /home/paulo/edromufu/src/movement/Ros2_change/install/movement_utils/share/movement_utils/cmake/rosidl_cmake-extras.cmake
[1.904s] -- Installing: /home/paulo/edromufu/src/movement/Ros2_change/install/movement_utils/share/movement_utils/cmake/ament_cmake_export_dependencies-extras.cmake
[1.904s] -- Installing: /home/paulo/edromufu/src/movement/Ros2_change/install/movement_utils/share/movement_utils/cmake/ament_cmake_export_include_directories-extras.cmake
[1.904s] -- Installing: /home/paulo/edromufu/src/movement/Ros2_change/install/movement_utils/share/movement_utils/cmake/ament_cmake_export_libraries-extras.cmake
[1.904s] -- Installing: /home/paulo/edromufu/src/movement/Ros2_change/install/movement_utils/share/movement_utils/cmake/ament_cmake_export_targets-extras.cmake
[1.904s] -- Installing: /home/paulo/edromufu/src/movement/Ros2_change/install/movement_utils/share/movement_utils/cmake/rosidl_cmake_export_typesupport_targets-extras.cmake
[1.904s] -- Installing: /home/paulo/edromufu/src/movement/Ros2_change/install/movement_utils/share/movement_utils/cmake/rosidl_cmake_export_typesupport_libraries-extras.cmake
[1.904s] -- Installing: /home/paulo/edromufu/src/movement/Ros2_change/install/movement_utils/share/movement_utils/cmake/movement_utilsConfig.cmake
[1.905s] -- Installing: /home/paulo/edromufu/src/movement/Ros2_change/install/movement_utils/share/movement_utils/cmake/movement_utilsConfig-version.cmake
[1.905s] -- Up-to-date: /home/paulo/edromufu/src/movement/Ros2_change/install/movement_utils/share/movement_utils/package.xml
[1.906s] Invoked command in '/home/paulo/edromufu/src/movement/Ros2_change/build/movement_utils' returned '0': CMAKE_PREFIX_PATH=/opt/ros/humble /usr/bin/cmake --install /home/paulo/edromufu/src/movement/Ros2_change/build/movement_utils
