running egg_info
writing ../../build/erro_package/erro_package.egg-info/PKG-INFO
writing dependency_links to ../../build/erro_package/erro_package.egg-info/dependency_links.txt
writing entry points to ../../build/erro_package/erro_package.egg-info/entry_points.txt
writing requirements to ../../build/erro_package/erro_package.egg-info/requires.txt
writing top-level names to ../../build/erro_package/erro_package.egg-info/top_level.txt
reading manifest file '../../build/erro_package/erro_package.egg-info/SOURCES.txt'
writing manifest file '../../build/erro_package/erro_package.egg-info/SOURCES.txt'
running build
running build_py
copying erro_package/erro_publisher.py -> /home/pedrohperes/edromufu/src/movement/Ros2_change/build/erro_package/build/lib/erro_package
running install
running install_lib
copying /home/pedrohperes/edromufu/src/movement/Ros2_change/build/erro_package/build/lib/erro_package/erro_publisher.py -> /home/pedrohperes/edromufu/src/movement/Ros2_change/install/erro_package/lib/python3.10/site-packages/erro_package
byte-compiling /home/pedrohperes/edromufu/src/movement/Ros2_change/install/erro_package/lib/python3.10/site-packages/erro_package/erro_publisher.py to erro_publisher.cpython-310.pyc
running install_data
running install_egg_info
removing '/home/pedrohperes/edromufu/src/movement/Ros2_change/install/erro_package/lib/python3.10/site-packages/erro_package-0.0.0-py3.10.egg-info' (and everything under it)
Copying ../../build/erro_package/erro_package.egg-info to /home/pedrohperes/edromufu/src/movement/Ros2_change/install/erro_package/lib/python3.10/site-packages/erro_package-0.0.0-py3.10.egg-info
running install_scripts
Installing erro_publisher script to /home/pedrohperes/edromufu/src/movement/Ros2_change/install/erro_package/lib/erro_package
writing list of installed files to '/home/pedrohperes/edromufu/src/movement/Ros2_change/build/erro_package/install.log'
