[0.621s] Invoking command in '/home/paulo/edromufu/src/movement/Ros2_change/src/humanoid_definition': AMENT_PREFIX_PATH=/home/paulo/edromufu/src/movement/Ros2_change/install/kinematic_functions:${AMENT_PREFIX_PATH} PYTHONPATH=/home/paulo/edromufu/src/movement/Ros2_change/build/humanoid_definition/prefix_override:/usr/lib/python3/dist-packages/colcon_core/task/python/colcon_distutils_commands:/home/paulo/edromufu/src/movement/Ros2_change/install/humanoid_definition/lib/python3.10/site-packages:/home/paulo/edromufu/src/movement/Ros2_change/install/kinematic_functions/lib/python3.10/site-packages:${PYTHONPATH} /usr/bin/python3 -W ignore:setup.py install is deprecated setup.py egg_info --egg-base ../../build/humanoid_definition build --build-base /home/paulo/edromufu/src/movement/Ros2_change/build/humanoid_definition/build install --record /home/paulo/edromufu/src/movement/Ros2_change/build/humanoid_definition/install.log --single-version-externally-managed install_data
[0.774s] running egg_info
[0.775s] writing ../../build/humanoid_definition/humanoid_definition.egg-info/PKG-INFO
[0.775s] writing dependency_links to ../../build/humanoid_definition/humanoid_definition.egg-info/dependency_links.txt
[0.775s] writing entry points to ../../build/humanoid_definition/humanoid_definition.egg-info/entry_points.txt
[0.775s] writing requirements to ../../build/humanoid_definition/humanoid_definition.egg-info/requires.txt
[0.775s] writing top-level names to ../../build/humanoid_definition/humanoid_definition.egg-info/top_level.txt
[0.776s] reading manifest file '../../build/humanoid_definition/humanoid_definition.egg-info/SOURCES.txt'
[0.777s] writing manifest file '../../build/humanoid_definition/humanoid_definition.egg-info/SOURCES.txt'
[0.777s] running build
[0.777s] running build_py
[0.777s] running install
[0.777s] running install_lib
[0.778s] running install_data
[0.778s] running install_egg_info
[0.779s] removing '/home/paulo/edromufu/src/movement/Ros2_change/install/humanoid_definition/lib/python3.10/site-packages/humanoid_definition-0.0.0-py3.10.egg-info' (and everything under it)
[0.779s] Copying ../../build/humanoid_definition/humanoid_definition.egg-info to /home/paulo/edromufu/src/movement/Ros2_change/install/humanoid_definition/lib/python3.10/site-packages/humanoid_definition-0.0.0-py3.10.egg-info
[0.780s] running install_scripts
[0.793s] writing list of installed files to '/home/paulo/edromufu/src/movement/Ros2_change/build/humanoid_definition/install.log'
[0.813s] Invoked command in '/home/paulo/edromufu/src/movement/Ros2_change/src/humanoid_definition' returned '0': AMENT_PREFIX_PATH=/home/paulo/edromufu/src/movement/Ros2_change/install/kinematic_functions:${AMENT_PREFIX_PATH} PYTHONPATH=/home/paulo/edromufu/src/movement/Ros2_change/build/humanoid_definition/prefix_override:/usr/lib/python3/dist-packages/colcon_core/task/python/colcon_distutils_commands:/home/paulo/edromufu/src/movement/Ros2_change/install/humanoid_definition/lib/python3.10/site-packages:/home/paulo/edromufu/src/movement/Ros2_change/install/kinematic_functions/lib/python3.10/site-packages:${PYTHONPATH} /usr/bin/python3 -W ignore:setup.py install is deprecated setup.py egg_info --egg-base ../../build/humanoid_definition build --build-base /home/paulo/edromufu/src/movement/Ros2_change/build/humanoid_definition/build install --record /home/paulo/edromufu/src/movement/Ros2_change/build/humanoid_definition/install.log --single-version-externally-managed install_data
