-- Found ament_cmake: 1.3.10 (/opt/ros/humble/share/ament_cmake/cmake)
-- Found ament_lint_auto: 0.12.11 (/opt/ros/humble/share/ament_lint_auto/cmake)
-- Found rosidl_default_generators: 1.2.0 (/opt/ros/humble/share/rosidl_default_generators/cmake)
-- Using all available rosidl_typesupport_c: rosidl_typesupport_fastrtps_c;rosidl_typesupport_introspection_c
-- Found rosidl_adapter: 3.1.5 (/opt/ros/humble/share/rosidl_adapter/cmake)
-- Using all available rosidl_typesupport_cpp: rosidl_typesupport_fastrtps_cpp;rosidl_typesupport_introspection_cpp
-- Found ament_cmake_ros: 0.10.0 (/opt/ros/humble/share/ament_cmake_ros/cmake)
-- Using all available rosidl_typesupport_c: rosidl_typesupport_fastrtps_c;rosidl_typesupport_introspection_c
-- Using all available rosidl_typesupport_cpp: rosidl_typesupport_fastrtps_cpp;rosidl_typesupport_introspection_cpp
-- Found python_cmake_module: 0.10.0 (/opt/ros/humble/share/python_cmake_module/cmake)
-- Using PYTHON_EXECUTABLE: /usr/bin/python3
-- Using PYTHON_INCLUDE_DIRS: /usr/include/python3.10
-- Using PYTHON_LIBRARIES: /usr/lib/x86_64-linux-gnu/libpython3.10.so
-- Added test 'lint_cmake' to check CMake code style
-- Added test 'xmllint' to check XML markup files
-- Configuring done
-- Generating done
-- Build files have been written to: /home/paulo/edromufu/src/movement/Ros2_change/build/potmessage
[35m[1mConsolidate compiler generated dependencies of target potmessage__rosidl_generator_c[0m
[  3%] Built target potmessage__cpp
[ 12%] Built target potmessage__rosidl_generator_c
[ 12%] Built target ament_cmake_python_copy_potmessage
[35m[1mConsolidate compiler generated dependencies of target potmessage__rosidl_typesupport_introspection_cpp[0m
[35m[1mConsolidate compiler generated dependencies of target potmessage__rosidl_typesupport_fastrtps_cpp[0m
[35m[1mConsolidate compiler generated dependencies of target potmessage__rosidl_typesupport_cpp[0m
[35m[1mConsolidate compiler generated dependencies of target potmessage__rosidl_typesupport_introspection_c[0m
[35m[1mConsolidate compiler generated dependencies of target potmessage__rosidl_typesupport_fastrtps_c[0m
[35m[1mConsolidate compiler generated dependencies of target potmessage__rosidl_typesupport_c[0m
[ 16%] [32mBuilding CXX object CMakeFiles/potmessage__rosidl_typesupport_introspection_cpp.dir/rosidl_typesupport_introspection_cpp/potmessage/msg/detail/potmsg__type_support.cpp.o[0m
[ 25%] Built target potmessage__rosidl_typesupport_introspection_c
[ 35%] Built target potmessage__rosidl_typesupport_c
[ 38%] [32mBuilding CXX object CMakeFiles/potmessage__rosidl_typesupport_fastrtps_c.dir/rosidl_typesupport_fastrtps_c/potmessage/msg/detail/potmsg__type_support_c.cpp.o[0m
[ 41%] [32mBuilding CXX object CMakeFiles/potmessage__rosidl_typesupport_cpp.dir/rosidl_typesupport_cpp/potmessage/msg/potmsg__type_support.cpp.o[0m
[ 45%] [32mBuilding CXX object CMakeFiles/potmessage__rosidl_typesupport_fastrtps_cpp.dir/rosidl_typesupport_fastrtps_cpp/potmessage/msg/detail/dds_fastrtps/potmsg__type_support.cpp.o[0m
running egg_info
writing potmessage.egg-info/PKG-INFO
writing dependency_links to potmessage.egg-info/dependency_links.txt
writing top-level names to potmessage.egg-info/top_level.txt
reading manifest file 'potmessage.egg-info/SOURCES.txt'
writing manifest file 'potmessage.egg-info/SOURCES.txt'
[ 48%] [32m[1mLinking CXX shared library libpotmessage__rosidl_typesupport_cpp.so[0m
[ 48%] Built target ament_cmake_python_build_potmessage_egg
[ 51%] Built target potmessage__rosidl_typesupport_cpp
[ 54%] [32m[1mLinking CXX shared library libpotmessage__rosidl_typesupport_fastrtps_c.so[0m
[ 58%] [32m[1mLinking CXX shared library libpotmessage__rosidl_typesupport_introspection_cpp.so[0m
[ 61%] Built target potmessage__rosidl_typesupport_introspection_cpp
[ 64%] [32m[1mLinking CXX shared library libpotmessage__rosidl_typesupport_fastrtps_cpp.so[0m
[ 67%] Built target potmessage__rosidl_typesupport_fastrtps_c
[ 70%] Built target potmessage__rosidl_typesupport_fastrtps_cpp
[ 70%] Built target potmessage
[ 74%] Built target potmessage__py
[35m[1mConsolidate compiler generated dependencies of target potmessage__rosidl_generator_py[0m
[ 80%] Built target potmessage__rosidl_generator_py
[35m[1mConsolidate compiler generated dependencies of target potmessage__rosidl_typesupport_introspection_c__pyext[0m
[35m[1mConsolidate compiler generated dependencies of target potmessage__rosidl_typesupport_c__pyext[0m
[35m[1mConsolidate compiler generated dependencies of target potmessage__rosidl_typesupport_fastrtps_c__pyext[0m
[ 87%] Built target potmessage__rosidl_typesupport_c__pyext
[ 93%] Built target potmessage__rosidl_typesupport_introspection_c__pyext
[ 96%] [32m[1mLinking C shared library rosidl_generator_py/potmessage/potmessage_s__rosidl_typesupport_fastrtps_c.cpython-310-x86_64-linux-gnu.so[0m
[100%] Built target potmessage__rosidl_typesupport_fastrtps_c__pyext
-- Install configuration: ""
-- Installing: /home/paulo/edromufu/src/movement/Ros2_change/install/potmessage/share/ament_index/resource_index/rosidl_interfaces/potmessage
-- Installing: /home/paulo/edromufu/src/movement/Ros2_change/install/potmessage/include/potmessage/potmessage
-- Installing: /home/paulo/edromufu/src/movement/Ros2_change/install/potmessage/include/potmessage/potmessage/msg
-- Installing: /home/paulo/edromufu/src/movement/Ros2_change/install/potmessage/include/potmessage/potmessage/msg/potmsg.h
-- Installing: /home/paulo/edromufu/src/movement/Ros2_change/install/potmessage/include/potmessage/potmessage/msg/rosidl_generator_c__visibility_control.h
-- Installing: /home/paulo/edromufu/src/movement/Ros2_change/install/potmessage/include/potmessage/potmessage/msg/detail
-- Installing: /home/paulo/edromufu/src/movement/Ros2_change/install/potmessage/include/potmessage/potmessage/msg/detail/potmsg__struct.h
-- Installing: /home/paulo/edromufu/src/movement/Ros2_change/install/potmessage/include/potmessage/potmessage/msg/detail/potmsg__type_support.h
-- Installing: /home/paulo/edromufu/src/movement/Ros2_change/install/potmessage/include/potmessage/potmessage/msg/detail/potmsg__functions.c
-- Installing: /home/paulo/edromufu/src/movement/Ros2_change/install/potmessage/include/potmessage/potmessage/msg/detail/potmsg__functions.h
-- Installing: /home/paulo/edromufu/src/movement/Ros2_change/install/potmessage/share/potmessage/environment/library_path.sh
-- Installing: /home/paulo/edromufu/src/movement/Ros2_change/install/potmessage/share/potmessage/environment/library_path.dsv
-- Installing: /home/paulo/edromufu/src/movement/Ros2_change/install/potmessage/lib/libpotmessage__rosidl_generator_c.so
-- Set runtime path of "/home/paulo/edromufu/src/movement/Ros2_change/install/potmessage/lib/libpotmessage__rosidl_generator_c.so" to ""
-- Up-to-date: /home/paulo/edromufu/src/movement/Ros2_change/install/potmessage/include/potmessage/potmessage
-- Up-to-date: /home/paulo/edromufu/src/movement/Ros2_change/install/potmessage/include/potmessage/potmessage/msg
-- Installing: /home/paulo/edromufu/src/movement/Ros2_change/install/potmessage/include/potmessage/potmessage/msg/rosidl_typesupport_fastrtps_c__visibility_control.h
-- Up-to-date: /home/paulo/edromufu/src/movement/Ros2_change/install/potmessage/include/potmessage/potmessage/msg/detail
-- Installing: /home/paulo/edromufu/src/movement/Ros2_change/install/potmessage/include/potmessage/potmessage/msg/detail/potmsg__rosidl_typesupport_fastrtps_c.h
-- Installing: /home/paulo/edromufu/src/movement/Ros2_change/install/potmessage/lib/libpotmessage__rosidl_typesupport_fastrtps_c.so
-- Set runtime path of "/home/paulo/edromufu/src/movement/Ros2_change/install/potmessage/lib/libpotmessage__rosidl_typesupport_fastrtps_c.so" to ""
-- Up-to-date: /home/paulo/edromufu/src/movement/Ros2_change/install/potmessage/include/potmessage/potmessage
-- Up-to-date: /home/paulo/edromufu/src/movement/Ros2_change/install/potmessage/include/potmessage/potmessage/msg
-- Installing: /home/paulo/edromufu/src/movement/Ros2_change/install/potmessage/include/potmessage/potmessage/msg/rosidl_typesupport_introspection_c__visibility_control.h
-- Up-to-date: /home/paulo/edromufu/src/movement/Ros2_change/install/potmessage/include/potmessage/potmessage/msg/detail
-- Installing: /home/paulo/edromufu/src/movement/Ros2_change/install/potmessage/include/potmessage/potmessage/msg/detail/potmsg__type_support.c
-- Installing: /home/paulo/edromufu/src/movement/Ros2_change/install/potmessage/include/potmessage/potmessage/msg/detail/potmsg__rosidl_typesupport_introspection_c.h
-- Installing: /home/paulo/edromufu/src/movement/Ros2_change/install/potmessage/lib/libpotmessage__rosidl_typesupport_introspection_c.so
-- Set runtime path of "/home/paulo/edromufu/src/movement/Ros2_change/install/potmessage/lib/libpotmessage__rosidl_typesupport_introspection_c.so" to ""
-- Installing: /home/paulo/edromufu/src/movement/Ros2_change/install/potmessage/lib/libpotmessage__rosidl_typesupport_c.so
-- Set runtime path of "/home/paulo/edromufu/src/movement/Ros2_change/install/potmessage/lib/libpotmessage__rosidl_typesupport_c.so" to ""
-- Up-to-date: /home/paulo/edromufu/src/movement/Ros2_change/install/potmessage/include/potmessage/potmessage
-- Up-to-date: /home/paulo/edromufu/src/movement/Ros2_change/install/potmessage/include/potmessage/potmessage/msg
-- Installing: /home/paulo/edromufu/src/movement/Ros2_change/install/potmessage/include/potmessage/potmessage/msg/potmsg.hpp
-- Up-to-date: /home/paulo/edromufu/src/movement/Ros2_change/install/potmessage/include/potmessage/potmessage/msg/detail
-- Installing: /home/paulo/edromufu/src/movement/Ros2_change/install/potmessage/include/potmessage/potmessage/msg/detail/potmsg__builder.hpp
-- Installing: /home/paulo/edromufu/src/movement/Ros2_change/install/potmessage/include/potmessage/potmessage/msg/detail/potmsg__traits.hpp
-- Installing: /home/paulo/edromufu/src/movement/Ros2_change/install/potmessage/include/potmessage/potmessage/msg/detail/potmsg__struct.hpp
-- Up-to-date: /home/paulo/edromufu/src/movement/Ros2_change/install/potmessage/include/potmessage/potmessage
-- Up-to-date: /home/paulo/edromufu/src/movement/Ros2_change/install/potmessage/include/potmessage/potmessage/msg
-- Installing: /home/paulo/edromufu/src/movement/Ros2_change/install/potmessage/include/potmessage/potmessage/msg/rosidl_typesupport_fastrtps_cpp__visibility_control.h
-- Up-to-date: /home/paulo/edromufu/src/movement/Ros2_change/install/potmessage/include/potmessage/potmessage/msg/detail
-- Installing: /home/paulo/edromufu/src/movement/Ros2_change/install/potmessage/include/potmessage/potmessage/msg/detail/dds_fastrtps
-- Installing: /home/paulo/edromufu/src/movement/Ros2_change/install/potmessage/include/potmessage/potmessage/msg/detail/potmsg__rosidl_typesupport_fastrtps_cpp.hpp
-- Installing: /home/paulo/edromufu/src/movement/Ros2_change/install/potmessage/lib/libpotmessage__rosidl_typesupport_fastrtps_cpp.so
-- Set runtime path of "/home/paulo/edromufu/src/movement/Ros2_change/install/potmessage/lib/libpotmessage__rosidl_typesupport_fastrtps_cpp.so" to ""
-- Up-to-date: /home/paulo/edromufu/src/movement/Ros2_change/install/potmessage/include/potmessage/potmessage
-- Up-to-date: /home/paulo/edromufu/src/movement/Ros2_change/install/potmessage/include/potmessage/potmessage/msg
-- Up-to-date: /home/paulo/edromufu/src/movement/Ros2_change/install/potmessage/include/potmessage/potmessage/msg/detail
-- Installing: /home/paulo/edromufu/src/movement/Ros2_change/install/potmessage/include/potmessage/potmessage/msg/detail/potmsg__type_support.cpp
-- Installing: /home/paulo/edromufu/src/movement/Ros2_change/install/potmessage/include/potmessage/potmessage/msg/detail/potmsg__rosidl_typesupport_introspection_cpp.hpp
-- Installing: /home/paulo/edromufu/src/movement/Ros2_change/install/potmessage/lib/libpotmessage__rosidl_typesupport_introspection_cpp.so
-- Set runtime path of "/home/paulo/edromufu/src/movement/Ros2_change/install/potmessage/lib/libpotmessage__rosidl_typesupport_introspection_cpp.so" to ""
-- Installing: /home/paulo/edromufu/src/movement/Ros2_change/install/potmessage/lib/libpotmessage__rosidl_typesupport_cpp.so
-- Set runtime path of "/home/paulo/edromufu/src/movement/Ros2_change/install/potmessage/lib/libpotmessage__rosidl_typesupport_cpp.so" to ""
-- Installing: /home/paulo/edromufu/src/movement/Ros2_change/install/potmessage/share/potmessage/environment/pythonpath.sh
-- Installing: /home/paulo/edromufu/src/movement/Ros2_change/install/potmessage/share/potmessage/environment/pythonpath.dsv
-- Installing: /home/paulo/edromufu/src/movement/Ros2_change/install/potmessage/local/lib/python3.10/dist-packages/potmessage-0.0.0-py3.10.egg-info
-- Installing: /home/paulo/edromufu/src/movement/Ros2_change/install/potmessage/local/lib/python3.10/dist-packages/potmessage-0.0.0-py3.10.egg-info/top_level.txt
-- Installing: /home/paulo/edromufu/src/movement/Ros2_change/install/potmessage/local/lib/python3.10/dist-packages/potmessage-0.0.0-py3.10.egg-info/PKG-INFO
-- Installing: /home/paulo/edromufu/src/movement/Ros2_change/install/potmessage/local/lib/python3.10/dist-packages/potmessage-0.0.0-py3.10.egg-info/SOURCES.txt
-- Installing: /home/paulo/edromufu/src/movement/Ros2_change/install/potmessage/local/lib/python3.10/dist-packages/potmessage-0.0.0-py3.10.egg-info/dependency_links.txt
-- Installing: /home/paulo/edromufu/src/movement/Ros2_change/install/potmessage/local/lib/python3.10/dist-packages/potmessage
-- Installing: /home/paulo/edromufu/src/movement/Ros2_change/install/potmessage/local/lib/python3.10/dist-packages/potmessage/__init__.py
-- Installing: /home/paulo/edromufu/src/movement/Ros2_change/install/potmessage/local/lib/python3.10/dist-packages/potmessage/potmessage_s__rosidl_typesupport_fastrtps_c.cpython-310-x86_64-linux-gnu.so
-- Installing: /home/paulo/edromufu/src/movement/Ros2_change/install/potmessage/local/lib/python3.10/dist-packages/potmessage/msg
-- Installing: /home/paulo/edromufu/src/movement/Ros2_change/install/potmessage/local/lib/python3.10/dist-packages/potmessage/msg/__init__.py
-- Installing: /home/paulo/edromufu/src/movement/Ros2_change/install/potmessage/local/lib/python3.10/dist-packages/potmessage/msg/_potmsg_s.c
-- Installing: /home/paulo/edromufu/src/movement/Ros2_change/install/potmessage/local/lib/python3.10/dist-packages/potmessage/msg/_potmsg.py
-- Installing: /home/paulo/edromufu/src/movement/Ros2_change/install/potmessage/local/lib/python3.10/dist-packages/potmessage/libpotmessage__rosidl_generator_py.so
-- Installing: /home/paulo/edromufu/src/movement/Ros2_change/install/potmessage/local/lib/python3.10/dist-packages/potmessage/_potmessage_s.ep.rosidl_typesupport_introspection_c.c
-- Installing: /home/paulo/edromufu/src/movement/Ros2_change/install/potmessage/local/lib/python3.10/dist-packages/potmessage/_potmessage_s.ep.rosidl_typesupport_c.c
-- Installing: /home/paulo/edromufu/src/movement/Ros2_change/install/potmessage/local/lib/python3.10/dist-packages/potmessage/potmessage_s__rosidl_typesupport_introspection_c.cpython-310-x86_64-linux-gnu.so
-- Installing: /home/paulo/edromufu/src/movement/Ros2_change/install/potmessage/local/lib/python3.10/dist-packages/potmessage/_potmessage_s.ep.rosidl_typesupport_fastrtps_c.c
-- Installing: /home/paulo/edromufu/src/movement/Ros2_change/install/potmessage/local/lib/python3.10/dist-packages/potmessage/potmessage_s__rosidl_typesupport_c.cpython-310-x86_64-linux-gnu.so
Listing '/home/paulo/edromufu/src/movement/Ros2_change/install/potmessage/local/lib/python3.10/dist-packages/potmessage'...
Compiling '/home/paulo/edromufu/src/movement/Ros2_change/install/potmessage/local/lib/python3.10/dist-packages/potmessage/__init__.py'...
Listing '/home/paulo/edromufu/src/movement/Ros2_change/install/potmessage/local/lib/python3.10/dist-packages/potmessage/msg'...
Compiling '/home/paulo/edromufu/src/movement/Ros2_change/install/potmessage/local/lib/python3.10/dist-packages/potmessage/msg/__init__.py'...
Compiling '/home/paulo/edromufu/src/movement/Ros2_change/install/potmessage/local/lib/python3.10/dist-packages/potmessage/msg/_potmsg.py'...
-- Installing: /home/paulo/edromufu/src/movement/Ros2_change/install/potmessage/local/lib/python3.10/dist-packages/potmessage/potmessage_s__rosidl_typesupport_fastrtps_c.cpython-310-x86_64-linux-gnu.so
-- Set runtime path of "/home/paulo/edromufu/src/movement/Ros2_change/install/potmessage/local/lib/python3.10/dist-packages/potmessage/potmessage_s__rosidl_typesupport_fastrtps_c.cpython-310-x86_64-linux-gnu.so" to ""
-- Installing: /home/paulo/edromufu/src/movement/Ros2_change/install/potmessage/local/lib/python3.10/dist-packages/potmessage/potmessage_s__rosidl_typesupport_introspection_c.cpython-310-x86_64-linux-gnu.so
-- Set runtime path of "/home/paulo/edromufu/src/movement/Ros2_change/install/potmessage/local/lib/python3.10/dist-packages/potmessage/potmessage_s__rosidl_typesupport_introspection_c.cpython-310-x86_64-linux-gnu.so" to ""
-- Installing: /home/paulo/edromufu/src/movement/Ros2_change/install/potmessage/local/lib/python3.10/dist-packages/potmessage/potmessage_s__rosidl_typesupport_c.cpython-310-x86_64-linux-gnu.so
-- Set runtime path of "/home/paulo/edromufu/src/movement/Ros2_change/install/potmessage/local/lib/python3.10/dist-packages/potmessage/potmessage_s__rosidl_typesupport_c.cpython-310-x86_64-linux-gnu.so" to ""
-- Installing: /home/paulo/edromufu/src/movement/Ros2_change/install/potmessage/lib/libpotmessage__rosidl_generator_py.so
-- Set runtime path of "/home/paulo/edromufu/src/movement/Ros2_change/install/potmessage/lib/libpotmessage__rosidl_generator_py.so" to ""
-- Installing: /home/paulo/edromufu/src/movement/Ros2_change/install/potmessage/share/potmessage/msg/Potmsg.idl
-- Installing: /home/paulo/edromufu/src/movement/Ros2_change/install/potmessage/share/potmessage/msg/Potmsg.msg
-- Installing: /home/paulo/edromufu/src/movement/Ros2_change/install/potmessage/share/ament_index/resource_index/package_run_dependencies/potmessage
-- Installing: /home/paulo/edromufu/src/movement/Ros2_change/install/potmessage/share/ament_index/resource_index/parent_prefix_path/potmessage
-- Installing: /home/paulo/edromufu/src/movement/Ros2_change/install/potmessage/share/potmessage/environment/ament_prefix_path.sh
-- Installing: /home/paulo/edromufu/src/movement/Ros2_change/install/potmessage/share/potmessage/environment/ament_prefix_path.dsv
-- Installing: /home/paulo/edromufu/src/movement/Ros2_change/install/potmessage/share/potmessage/environment/path.sh
-- Installing: /home/paulo/edromufu/src/movement/Ros2_change/install/potmessage/share/potmessage/environment/path.dsv
-- Installing: /home/paulo/edromufu/src/movement/Ros2_change/install/potmessage/share/potmessage/local_setup.bash
-- Installing: /home/paulo/edromufu/src/movement/Ros2_change/install/potmessage/share/potmessage/local_setup.sh
-- Installing: /home/paulo/edromufu/src/movement/Ros2_change/install/potmessage/share/potmessage/local_setup.zsh
-- Installing: /home/paulo/edromufu/src/movement/Ros2_change/install/potmessage/share/potmessage/local_setup.dsv
-- Installing: /home/paulo/edromufu/src/movement/Ros2_change/install/potmessage/share/potmessage/package.dsv
-- Installing: /home/paulo/edromufu/src/movement/Ros2_change/install/potmessage/share/ament_index/resource_index/packages/potmessage
-- Installing: /home/paulo/edromufu/src/movement/Ros2_change/install/potmessage/share/potmessage/cmake/export_potmessage__rosidl_generator_cExport.cmake
-- Installing: /home/paulo/edromufu/src/movement/Ros2_change/install/potmessage/share/potmessage/cmake/export_potmessage__rosidl_generator_cExport-noconfig.cmake
-- Installing: /home/paulo/edromufu/src/movement/Ros2_change/install/potmessage/share/potmessage/cmake/export_potmessage__rosidl_typesupport_fastrtps_cExport.cmake
-- Installing: /home/paulo/edromufu/src/movement/Ros2_change/install/potmessage/share/potmessage/cmake/export_potmessage__rosidl_typesupport_fastrtps_cExport-noconfig.cmake
-- Installing: /home/paulo/edromufu/src/movement/Ros2_change/install/potmessage/share/potmessage/cmake/potmessage__rosidl_typesupport_introspection_cExport.cmake
-- Installing: /home/paulo/edromufu/src/movement/Ros2_change/install/potmessage/share/potmessage/cmake/potmessage__rosidl_typesupport_introspection_cExport-noconfig.cmake
-- Installing: /home/paulo/edromufu/src/movement/Ros2_change/install/potmessage/share/potmessage/cmake/potmessage__rosidl_typesupport_cExport.cmake
-- Installing: /home/paulo/edromufu/src/movement/Ros2_change/install/potmessage/share/potmessage/cmake/potmessage__rosidl_typesupport_cExport-noconfig.cmake
-- Installing: /home/paulo/edromufu/src/movement/Ros2_change/install/potmessage/share/potmessage/cmake/export_potmessage__rosidl_generator_cppExport.cmake
-- Installing: /home/paulo/edromufu/src/movement/Ros2_change/install/potmessage/share/potmessage/cmake/export_potmessage__rosidl_typesupport_fastrtps_cppExport.cmake
-- Installing: /home/paulo/edromufu/src/movement/Ros2_change/install/potmessage/share/potmessage/cmake/export_potmessage__rosidl_typesupport_fastrtps_cppExport-noconfig.cmake
-- Installing: /home/paulo/edromufu/src/movement/Ros2_change/install/potmessage/share/potmessage/cmake/potmessage__rosidl_typesupport_introspection_cppExport.cmake
-- Installing: /home/paulo/edromufu/src/movement/Ros2_change/install/potmessage/share/potmessage/cmake/potmessage__rosidl_typesupport_introspection_cppExport-noconfig.cmake
-- Installing: /home/paulo/edromufu/src/movement/Ros2_change/install/potmessage/share/potmessage/cmake/potmessage__rosidl_typesupport_cppExport.cmake
-- Installing: /home/paulo/edromufu/src/movement/Ros2_change/install/potmessage/share/potmessage/cmake/potmessage__rosidl_typesupport_cppExport-noconfig.cmake
-- Installing: /home/paulo/edromufu/src/movement/Ros2_change/install/potmessage/share/potmessage/cmake/export_potmessage__rosidl_generator_pyExport.cmake
-- Installing: /home/paulo/edromufu/src/movement/Ros2_change/install/potmessage/share/potmessage/cmake/export_potmessage__rosidl_generator_pyExport-noconfig.cmake
-- Installing: /home/paulo/edromufu/src/movement/Ros2_change/install/potmessage/share/potmessage/cmake/rosidl_cmake-extras.cmake
-- Installing: /home/paulo/edromufu/src/movement/Ros2_change/install/potmessage/share/potmessage/cmake/ament_cmake_export_include_directories-extras.cmake
-- Installing: /home/paulo/edromufu/src/movement/Ros2_change/install/potmessage/share/potmessage/cmake/ament_cmake_export_libraries-extras.cmake
-- Installing: /home/paulo/edromufu/src/movement/Ros2_change/install/potmessage/share/potmessage/cmake/ament_cmake_export_targets-extras.cmake
-- Installing: /home/paulo/edromufu/src/movement/Ros2_change/install/potmessage/share/potmessage/cmake/rosidl_cmake_export_typesupport_targets-extras.cmake
-- Installing: /home/paulo/edromufu/src/movement/Ros2_change/install/potmessage/share/potmessage/cmake/ament_cmake_export_dependencies-extras.cmake
-- Installing: /home/paulo/edromufu/src/movement/Ros2_change/install/potmessage/share/potmessage/cmake/rosidl_cmake_export_typesupport_libraries-extras.cmake
-- Installing: /home/paulo/edromufu/src/movement/Ros2_change/install/potmessage/share/potmessage/cmake/potmessageConfig.cmake
-- Installing: /home/paulo/edromufu/src/movement/Ros2_change/install/potmessage/share/potmessage/cmake/potmessageConfig-version.cmake
-- Installing: /home/paulo/edromufu/src/movement/Ros2_change/install/potmessage/share/potmessage/package.xml
