[0.642s] Invoking command in '/home/edrom-mini/edromufu/src/movement/PID_codes/src/pot_package': PYTHONPATH=/home/edrom-mini/edromufu/src/movement/PID_codes/build/pot_package/prefix_override:/home/edrom-mini/edromufu/src/movement/PID_codes/install/pot_package/lib/python3.10/site-packages:${PYTHONPATH} /usr/bin/python3 -W ignore:setup.py install is deprecated setup.py egg_info --egg-base ../../build/pot_package build --build-base /home/edrom-mini/edromufu/src/movement/PID_codes/build/pot_package/build install --record /home/edrom-mini/edromufu/src/movement/PID_codes/build/pot_package/install.log --single-version-externally-managed install_data
[0.896s] running egg_info
[0.897s] creating ../../build/pot_package/pot_package.egg-info
[0.897s] writing ../../build/pot_package/pot_package.egg-info/PKG-INFO
[0.897s] writing dependency_links to ../../build/pot_package/pot_package.egg-info/dependency_links.txt
[0.897s] writing entry points to ../../build/pot_package/pot_package.egg-info/entry_points.txt
[0.898s] writing requirements to ../../build/pot_package/pot_package.egg-info/requires.txt
[0.898s] writing top-level names to ../../build/pot_package/pot_package.egg-info/top_level.txt
[0.898s] writing manifest file '../../build/pot_package/pot_package.egg-info/SOURCES.txt'
[0.900s] reading manifest file '../../build/pot_package/pot_package.egg-info/SOURCES.txt'
[0.900s] writing manifest file '../../build/pot_package/pot_package.egg-info/SOURCES.txt'
[0.900s] running build
[0.901s] running build_py
[0.901s] creating /home/edrom-mini/edromufu/src/movement/PID_codes/build/pot_package/build
[0.901s] creating /home/edrom-mini/edromufu/src/movement/PID_codes/build/pot_package/build/lib
[0.901s] creating /home/edrom-mini/edromufu/src/movement/PID_codes/build/pot_package/build/lib/pot_package
[0.901s] copying pot_package/pot_values_publisher.py -> /home/edrom-mini/edromufu/src/movement/PID_codes/build/pot_package/build/lib/pot_package
[0.901s] copying pot_package/__init__.py -> /home/edrom-mini/edromufu/src/movement/PID_codes/build/pot_package/build/lib/pot_package
[0.901s] running install
[0.902s] running install_lib
[0.903s] byte-compiling /home/edrom-mini/edromufu/src/movement/PID_codes/install/pot_package/lib/python3.10/site-packages/pot_package/pot_values_publisher.py to pot_values_publisher.cpython-310.pyc
[0.904s] byte-compiling /home/edrom-mini/edromufu/src/movement/PID_codes/install/pot_package/lib/python3.10/site-packages/pot_package/__init__.py to __init__.cpython-310.pyc
[0.904s] running install_data
[0.904s] running install_egg_info
[0.907s] removing '/home/edrom-mini/edromufu/src/movement/PID_codes/install/pot_package/lib/python3.10/site-packages/pot_package-0.0.0-py3.10.egg-info' (and everything under it)
[0.908s] Copying ../../build/pot_package/pot_package.egg-info to /home/edrom-mini/edromufu/src/movement/PID_codes/install/pot_package/lib/python3.10/site-packages/pot_package-0.0.0-py3.10.egg-info
[0.909s] running install_scripts
[0.931s] Installing pot_values_publisher script to /home/edrom-mini/edromufu/src/movement/PID_codes/install/pot_package/lib/pot_package
[0.931s] writing list of installed files to '/home/edrom-mini/edromufu/src/movement/PID_codes/build/pot_package/install.log'
[0.960s] Invoked command in '/home/edrom-mini/edromufu/src/movement/PID_codes/src/pot_package' returned '0': PYTHONPATH=/home/edrom-mini/edromufu/src/movement/PID_codes/build/pot_package/prefix_override:/home/edrom-mini/edromufu/src/movement/PID_codes/install/pot_package/lib/python3.10/site-packages:${PYTHONPATH} /usr/bin/python3 -W ignore:setup.py install is deprecated setup.py egg_info --egg-base ../../build/pot_package build --build-base /home/edrom-mini/edromufu/src/movement/PID_codes/build/pot_package/build install --record /home/edrom-mini/edromufu/src/movement/PID_codes/build/pot_package/install.log --single-version-externally-managed install_data
