[0.012s] Invoking command in '/home/vtr_caixeta/edromufu/src/behaviour/build/modularized_bhv_msgs': CMAKE_PREFIX_PATH=/home/vtr_caixeta/edromufu/src/behaviour/install/bhv_independent_simulator:/opt/ros/iron /usr/bin/cmake /home/vtr_caixeta/edromufu/src/behaviour/modularized_bhv_msgs -DCMAKE_INSTALL_PREFIX=/home/vtr_caixeta/edromufu/src/behaviour/install/modularized_bhv_msgs
[0.023s] -- Found ament_cmake: 2.0.7 (/opt/ros/iron/share/ament_cmake/cmake)
[0.185s] -- Found rosidl_default_generators: 1.5.0 (/opt/ros/iron/share/rosidl_default_generators/cmake)
[0.188s] -- Using all available rosidl_typesupport_c: rosidl_typesupport_fastrtps_c;rosidl_typesupport_introspection_c
[0.221s] -- Using all available rosidl_typesupport_cpp: rosidl_typesupport_fastrtps_cpp;rosidl_typesupport_introspection_cpp
[0.251s] -- Found rosidl_adapter: 4.0.1 (/opt/ros/iron/share/rosidl_adapter/cmake)
[0.256s] -- Found std_msgs: 5.0.1 (/opt/ros/iron/share/std_msgs/cmake)
[0.316s] -- Found geometry_msgs: 5.0.1 (/opt/ros/iron/share/geometry_msgs/cmake)
[0.552s] [31mCMake Error at /opt/ros/iron/share/rosidl_adapter/cmake/rosidl_adapt_interfaces.cmake:57 (message):
[0.552s]   execute_process(/usr/bin/python3.10 -m rosidl_adapter --package-name
[0.552s]   modularized_bhv_msgs --arguments-file
[0.552s]   /home/vtr_caixeta/edromufu/src/behaviour/build/modularized_bhv_msgs/rosidl_adapter__arguments__modularized_bhv_msgs.json
[0.552s]   --output-dir
[0.552s]   /home/vtr_caixeta/edromufu/src/behaviour/build/modularized_bhv_msgs/rosidl_adapter/modularized_bhv_msgs
[0.552s]   --output-file
[0.552s]   /home/vtr_caixeta/edromufu/src/behaviour/build/modularized_bhv_msgs/rosidl_adapter/modularized_bhv_msgs.idls)
[0.553s]   returned error code 1:
[0.553s] 
[0.553s]   Error processing 'string ballPosition' of
[0.553s]   'modularized_bhv_msgs/stateMachineMsg': ''ballPosition' is an invalid field
[0.553s]   name.  It should have the pattern '^(?!.*__)(?!.*_$)[a-z][a-z0-9_]*$''
[0.553s] 
[0.553s]   Traceback (most recent call last):
[0.553s] 
[0.553s]     File "/usr/lib/python3.10/runpy.py", line 196, in _run_module_as_main
[0.553s]       return _run_code(code, main_globals, None,
[0.553s]     File "/usr/lib/python3.10/runpy.py", line 86, in _run_code
[0.553s]       exec(code, run_globals)
[0.554s]     File "/opt/ros/iron/lib/python3.10/site-packages/rosidl_adapter/__main__.py", line 19, in <module>
[0.554s]       sys.exit(main())
[0.554s]     File "/opt/ros/iron/lib/python3.10/site-packages/rosidl_adapter/main.py", line 53, in main
[0.554s]       abs_idl_file = convert_to_idl(
[0.554s]     File "/opt/ros/iron/lib/python3.10/site-packages/rosidl_adapter/__init__.py", line 19, in convert_to_idl
[0.554s]       return convert_msg_to_idl(
[0.554s]     File "/opt/ros/iron/lib/python3.10/site-packages/rosidl_adapter/msg/__init__.py", line 28, in convert_msg_to_idl
[0.554s]       msg = parse_message_string(package_name, input_file.stem, content)
[0.554s]     File "/opt/ros/iron/lib/python3.10/site-packages/rosidl_adapter/parser.py", line 520, in parse_message_string
[0.554s]       fields.append(Field(
[0.554s]     File "/opt/ros/iron/lib/python3.10/site-packages/rosidl_adapter/parser.py", line 355, in __init__
[0.554s]       raise NameError(
[0.555s] 
[0.555s]   NameError: 'ballPosition' is an invalid field name.  It should have the
[0.555s]   pattern '^(?!.*__)(?!.*_$)[a-z][a-z0-9_]*$'
[0.555s] 
[0.555s] Call Stack (most recent call first):
[0.555s]   /opt/ros/iron/share/rosidl_cmake/cmake/rosidl_generate_interfaces.cmake:132 (rosidl_adapt_interfaces)
[0.555s]   CMakeLists.txt:20 (rosidl_generate_interfaces)
[0.555s] 
[0.555s] [0m
[0.555s] -- Configuring incomplete, errors occurred!
[0.555s] See also "/home/vtr_caixeta/edromufu/src/behaviour/build/modularized_bhv_msgs/CMakeFiles/CMakeOutput.log".
[0.559s] Invoked command in '/home/vtr_caixeta/edromufu/src/behaviour/build/modularized_bhv_msgs' returned '1': CMAKE_PREFIX_PATH=/home/vtr_caixeta/edromufu/src/behaviour/install/bhv_independent_simulator:/opt/ros/iron /usr/bin/cmake /home/vtr_caixeta/edromufu/src/behaviour/modularized_bhv_msgs -DCMAKE_INSTALL_PREFIX=/home/vtr_caixeta/edromufu/src/behaviour/install/modularized_bhv_msgs
