[0.933s] Invoking command in '/home/pedrohperes/edromufu/src/movement/Ros2_change/src/build/urdf_robox': CMAKE_PREFIX_PATH=${CMAKE_PREFIX_PATH}:/home/pedrohperes/edromufu/src/movement/Ros2_change/install/u2d2_comm:/home/pedrohperes/edromufu/src/movement/Ros2_change/install/tahara_pages:/home/pedrohperes/edromufu/src/movement/Ros2_change/install/pot_package:/home/pedrohperes/edromufu/src/movement/Ros2_change/install/movement_core:/home/pedrohperes/edromufu/src/movement/Ros2_change/install/movement_pages:/home/pedrohperes/edromufu/src/movement/Ros2_change/install/movement_functions:/home/pedrohperes/edromufu/src/movement/Ros2_change/install/humanoid_definition:/home/pedrohperes/edromufu/src/movement/Ros2_change/install/kinematic_functions:/home/pedrohperes/edromufu/src/movement/Ros2_change/install/erro_package:/opt/ros/humble /usr/bin/cmake --build /home/pedrohperes/edromufu/src/movement/Ros2_change/src/build/urdf_robox -- -j12 -l12
[0.984s] Invoked command in '/home/pedrohperes/edromufu/src/movement/Ros2_change/src/build/urdf_robox' returned '0': CMAKE_PREFIX_PATH=${CMAKE_PREFIX_PATH}:/home/pedrohperes/edromufu/src/movement/Ros2_change/install/u2d2_comm:/home/pedrohperes/edromufu/src/movement/Ros2_change/install/tahara_pages:/home/pedrohperes/edromufu/src/movement/Ros2_change/install/pot_package:/home/pedrohperes/edromufu/src/movement/Ros2_change/install/movement_core:/home/pedrohperes/edromufu/src/movement/Ros2_change/install/movement_pages:/home/pedrohperes/edromufu/src/movement/Ros2_change/install/movement_functions:/home/pedrohperes/edromufu/src/movement/Ros2_change/install/humanoid_definition:/home/pedrohperes/edromufu/src/movement/Ros2_change/install/kinematic_functions:/home/pedrohperes/edromufu/src/movement/Ros2_change/install/erro_package:/opt/ros/humble /usr/bin/cmake --build /home/pedrohperes/edromufu/src/movement/Ros2_change/src/build/urdf_robox -- -j12 -l12
[1.014s] Invoking command in '/home/pedrohperes/edromufu/src/movement/Ros2_change/src/build/urdf_robox': CMAKE_PREFIX_PATH=${CMAKE_PREFIX_PATH}:/home/pedrohperes/edromufu/src/movement/Ros2_change/install/u2d2_comm:/home/pedrohperes/edromufu/src/movement/Ros2_change/install/tahara_pages:/home/pedrohperes/edromufu/src/movement/Ros2_change/install/pot_package:/home/pedrohperes/edromufu/src/movement/Ros2_change/install/movement_core:/home/pedrohperes/edromufu/src/movement/Ros2_change/install/movement_pages:/home/pedrohperes/edromufu/src/movement/Ros2_change/install/movement_functions:/home/pedrohperes/edromufu/src/movement/Ros2_change/install/humanoid_definition:/home/pedrohperes/edromufu/src/movement/Ros2_change/install/kinematic_functions:/home/pedrohperes/edromufu/src/movement/Ros2_change/install/erro_package:/opt/ros/humble /usr/bin/cmake --install /home/pedrohperes/edromufu/src/movement/Ros2_change/src/build/urdf_robox
[1.019s] -- Install configuration: ""
[1.020s] -- Up-to-date: /home/pedrohperes/edromufu/src/movement/Ros2_change/src/install/urdf_robox/share/urdf_robox/urdf
[1.020s] -- Up-to-date: /home/pedrohperes/edromufu/src/movement/Ros2_change/src/install/urdf_robox/share/urdf_robox/urdf/urdf_robox.urdf
[1.020s] -- Up-to-date: /home/pedrohperes/edromufu/src/movement/Ros2_change/src/install/urdf_robox/share/urdf_robox/urdf/urdf_robox.csv
[1.020s] -- Up-to-date: /home/pedrohperes/edromufu/src/movement/Ros2_change/src/install/urdf_robox/share/urdf_robox/launch
[1.020s] -- Up-to-date: /home/pedrohperes/edromufu/src/movement/Ros2_change/src/install/urdf_robox/share/urdf_robox/launch/rsp_sim.launch.py
[1.021s] -- Up-to-date: /home/pedrohperes/edromufu/src/movement/Ros2_change/src/install/urdf_robox/share/urdf_robox/launch/gazebo.launch
[1.021s] -- Up-to-date: /home/pedrohperes/edromufu/src/movement/Ros2_change/src/install/urdf_robox/share/urdf_robox/launch/rsp.launch.py
[1.021s] -- Up-to-date: /home/pedrohperes/edromufu/src/movement/Ros2_change/src/install/urdf_robox/share/urdf_robox/launch/display.launch
[1.021s] -- Up-to-date: /home/pedrohperes/edromufu/src/movement/Ros2_change/src/install/urdf_robox/share/urdf_robox/meshes
[1.021s] -- Up-to-date: /home/pedrohperes/edromufu/src/movement/Ros2_change/src/install/urdf_robox/share/urdf_robox/meshes/RL_Link_4.1.STL
[1.021s] -- Up-to-date: /home/pedrohperes/edromufu/src/movement/Ros2_change/src/install/urdf_robox/share/urdf_robox/meshes/RL_Link_2.3.STL
[1.022s] -- Up-to-date: /home/pedrohperes/edromufu/src/movement/Ros2_change/src/install/urdf_robox/share/urdf_robox/meshes/RL_Link_1.STL
[1.022s] -- Up-to-date: /home/pedrohperes/edromufu/src/movement/Ros2_change/src/install/urdf_robox/share/urdf_robox/meshes/LL_Link_2.3.STL
[1.022s] -- Up-to-date: /home/pedrohperes/edromufu/src/movement/Ros2_change/src/install/urdf_robox/share/urdf_robox/meshes/RA_Link.STL
[1.022s] -- Up-to-date: /home/pedrohperes/edromufu/src/movement/Ros2_change/src/install/urdf_robox/share/urdf_robox/meshes/RL_Link_2.2.STL
[1.022s] -- Up-to-date: /home/pedrohperes/edromufu/src/movement/Ros2_change/src/install/urdf_robox/share/urdf_robox/meshes/Link_0.STL
[1.023s] -- Up-to-date: /home/pedrohperes/edromufu/src/movement/Ros2_change/src/install/urdf_robox/share/urdf_robox/meshes/LL_Link_3.2.STL
[1.024s] -- Up-to-date: /home/pedrohperes/edromufu/src/movement/Ros2_change/src/install/urdf_robox/share/urdf_robox/meshes/LL_Link_3.1.STL
[1.024s] -- Up-to-date: /home/pedrohperes/edromufu/src/movement/Ros2_change/src/install/urdf_robox/share/urdf_robox/meshes/RL_Link_4.3.STL
[1.024s] -- Up-to-date: /home/pedrohperes/edromufu/src/movement/Ros2_change/src/install/urdf_robox/share/urdf_robox/meshes/LL_Link_1.STL
[1.024s] -- Up-to-date: /home/pedrohperes/edromufu/src/movement/Ros2_change/src/install/urdf_robox/share/urdf_robox/meshes/LL_Link_5.3.STL
[1.024s] -- Up-to-date: /home/pedrohperes/edromufu/src/movement/Ros2_change/src/install/urdf_robox/share/urdf_robox/meshes/LL_Link_6.STL
[1.025s] -- Up-to-date: /home/pedrohperes/edromufu/src/movement/Ros2_change/src/install/urdf_robox/share/urdf_robox/meshes/RL_Link_6.STL
[1.025s] -- Up-to-date: /home/pedrohperes/edromufu/src/movement/Ros2_change/src/install/urdf_robox/share/urdf_robox/meshes/LA_Link.STL
[1.025s] -- Up-to-date: /home/pedrohperes/edromufu/src/movement/Ros2_change/src/install/urdf_robox/share/urdf_robox/meshes/LL_Link_5.1.STL
[1.025s] -- Up-to-date: /home/pedrohperes/edromufu/src/movement/Ros2_change/src/install/urdf_robox/share/urdf_robox/meshes/LL_Link_3.3.STL
[1.025s] -- Up-to-date: /home/pedrohperes/edromufu/src/movement/Ros2_change/src/install/urdf_robox/share/urdf_robox/meshes/RL_Link_2.1.STL
[1.026s] -- Up-to-date: /home/pedrohperes/edromufu/src/movement/Ros2_change/src/install/urdf_robox/share/urdf_robox/meshes/RL_Link_3.1.STL
[1.026s] -- Up-to-date: /home/pedrohperes/edromufu/src/movement/Ros2_change/src/install/urdf_robox/share/urdf_robox/meshes/LL_Link_2.1.STL
[1.026s] -- Up-to-date: /home/pedrohperes/edromufu/src/movement/Ros2_change/src/install/urdf_robox/share/urdf_robox/meshes/RL_Link_3.3.STL
[1.027s] -- Up-to-date: /home/pedrohperes/edromufu/src/movement/Ros2_change/src/install/urdf_robox/share/urdf_robox/meshes/RL_Link_3.2.STL
[1.027s] -- Up-to-date: /home/pedrohperes/edromufu/src/movement/Ros2_change/src/install/urdf_robox/share/urdf_robox/meshes/LL_Link_5.2.STL
[1.027s] -- Up-to-date: /home/pedrohperes/edromufu/src/movement/Ros2_change/src/install/urdf_robox/share/urdf_robox/meshes/LL_Link_4.2.STL
[1.027s] -- Up-to-date: /home/pedrohperes/edromufu/src/movement/Ros2_change/src/install/urdf_robox/share/urdf_robox/meshes/RL_Link_4.2.STL
[1.028s] -- Up-to-date: /home/pedrohperes/edromufu/src/movement/Ros2_change/src/install/urdf_robox/share/urdf_robox/meshes/LL_Link_2.2.STL
[1.029s] -- Up-to-date: /home/pedrohperes/edromufu/src/movement/Ros2_change/src/install/urdf_robox/share/urdf_robox/meshes/LL_Link_4.3.STL
[1.029s] -- Up-to-date: /home/pedrohperes/edromufu/src/movement/Ros2_change/src/install/urdf_robox/share/urdf_robox/meshes/RL_Link_5.2.STL
[1.029s] -- Up-to-date: /home/pedrohperes/edromufu/src/movement/Ros2_change/src/install/urdf_robox/share/urdf_robox/meshes/RL_Link_5.1.STL
[1.029s] -- Up-to-date: /home/pedrohperes/edromufu/src/movement/Ros2_change/src/install/urdf_robox/share/urdf_robox/meshes/RL_Link_5.3.STL
[1.029s] -- Up-to-date: /home/pedrohperes/edromufu/src/movement/Ros2_change/src/install/urdf_robox/share/urdf_robox/meshes/LL_Link_4.1.STL
[1.029s] -- Up-to-date: /home/pedrohperes/edromufu/src/movement/Ros2_change/src/install/urdf_robox/share/urdf_robox/config
[1.030s] -- Up-to-date: /home/pedrohperes/edromufu/src/movement/Ros2_change/src/install/urdf_robox/share/urdf_robox/config/joint_names_urdf_robox.yaml
[1.030s] -- Up-to-date: /home/pedrohperes/edromufu/src/movement/Ros2_change/src/install/urdf_robox/share/urdf_robox/worlds
[1.030s] -- Up-to-date: /home/pedrohperes/edromufu/src/movement/Ros2_change/src/install/urdf_robox/share/urdf_robox/worlds/test_world.world
[1.030s] -- Up-to-date: /home/pedrohperes/edromufu/src/movement/Ros2_change/src/install/urdf_robox/share/ament_index/resource_index/package_run_dependencies/urdf_robox
[1.030s] -- Up-to-date: /home/pedrohperes/edromufu/src/movement/Ros2_change/src/install/urdf_robox/share/ament_index/resource_index/parent_prefix_path/urdf_robox
[1.031s] -- Up-to-date: /home/pedrohperes/edromufu/src/movement/Ros2_change/src/install/urdf_robox/share/urdf_robox/environment/ament_prefix_path.sh
[1.031s] -- Up-to-date: /home/pedrohperes/edromufu/src/movement/Ros2_change/src/install/urdf_robox/share/urdf_robox/environment/ament_prefix_path.dsv
[1.031s] -- Up-to-date: /home/pedrohperes/edromufu/src/movement/Ros2_change/src/install/urdf_robox/share/urdf_robox/environment/path.sh
[1.032s] -- Up-to-date: /home/pedrohperes/edromufu/src/movement/Ros2_change/src/install/urdf_robox/share/urdf_robox/environment/path.dsv
[1.032s] -- Up-to-date: /home/pedrohperes/edromufu/src/movement/Ros2_change/src/install/urdf_robox/share/urdf_robox/local_setup.bash
[1.032s] -- Up-to-date: /home/pedrohperes/edromufu/src/movement/Ros2_change/src/install/urdf_robox/share/urdf_robox/local_setup.sh
[1.032s] -- Up-to-date: /home/pedrohperes/edromufu/src/movement/Ros2_change/src/install/urdf_robox/share/urdf_robox/local_setup.zsh
[1.033s] -- Up-to-date: /home/pedrohperes/edromufu/src/movement/Ros2_change/src/install/urdf_robox/share/urdf_robox/local_setup.dsv
[1.033s] -- Installing: /home/pedrohperes/edromufu/src/movement/Ros2_change/src/install/urdf_robox/share/urdf_robox/package.dsv
[1.033s] -- Up-to-date: /home/pedrohperes/edromufu/src/movement/Ros2_change/src/install/urdf_robox/share/ament_index/resource_index/packages/urdf_robox
[1.033s] -- Up-to-date: /home/pedrohperes/edromufu/src/movement/Ros2_change/src/install/urdf_robox/share/urdf_robox/cmake/urdf_roboxConfig.cmake
[1.033s] -- Up-to-date: /home/pedrohperes/edromufu/src/movement/Ros2_change/src/install/urdf_robox/share/urdf_robox/cmake/urdf_roboxConfig-version.cmake
[1.033s] -- Up-to-date: /home/pedrohperes/edromufu/src/movement/Ros2_change/src/install/urdf_robox/share/urdf_robox/package.xml
[1.036s] Invoked command in '/home/pedrohperes/edromufu/src/movement/Ros2_change/src/build/urdf_robox' returned '0': CMAKE_PREFIX_PATH=${CMAKE_PREFIX_PATH}:/home/pedrohperes/edromufu/src/movement/Ros2_change/install/u2d2_comm:/home/pedrohperes/edromufu/src/movement/Ros2_change/install/tahara_pages:/home/pedrohperes/edromufu/src/movement/Ros2_change/install/pot_package:/home/pedrohperes/edromufu/src/movement/Ros2_change/install/movement_core:/home/pedrohperes/edromufu/src/movement/Ros2_change/install/movement_pages:/home/pedrohperes/edromufu/src/movement/Ros2_change/install/movement_functions:/home/pedrohperes/edromufu/src/movement/Ros2_change/install/humanoid_definition:/home/pedrohperes/edromufu/src/movement/Ros2_change/install/kinematic_functions:/home/pedrohperes/edromufu/src/movement/Ros2_change/install/erro_package:/opt/ros/humble /usr/bin/cmake --install /home/pedrohperes/edromufu/src/movement/Ros2_change/src/build/urdf_robox
