[0.878s] Invoking command in '/home/pedrohperes/edromufu/src/movement/Ros2_change/build/urdf_example': CMAKE_PREFIX_PATH=${CMAKE_PREFIX_PATH}:/home/pedrohperes/edromufu/src/movement/Ros2_change/install/u2d2_comm:/home/pedrohperes/edromufu/src/movement/Ros2_change/install/tahara_pages:/home/pedrohperes/edromufu/src/movement/Ros2_change/install/pot_package:/home/pedrohperes/edromufu/src/movement/Ros2_change/install/movement_core:/home/pedrohperes/edromufu/src/movement/Ros2_change/install/movement_pages:/home/pedrohperes/edromufu/src/movement/Ros2_change/install/movement_functions:/home/pedrohperes/edromufu/src/movement/Ros2_change/install/humanoid_definition:/home/pedrohperes/edromufu/src/movement/Ros2_change/install/kinematic_functions:/home/pedrohperes/edromufu/src/movement/Ros2_change/install/erro_package:/opt/ros/humble /usr/bin/cmake --build /home/pedrohperes/edromufu/src/movement/Ros2_change/build/urdf_example -- -j12 -l12
[0.921s] Invoked command in '/home/pedrohperes/edromufu/src/movement/Ros2_change/build/urdf_example' returned '0': CMAKE_PREFIX_PATH=${CMAKE_PREFIX_PATH}:/home/pedrohperes/edromufu/src/movement/Ros2_change/install/u2d2_comm:/home/pedrohperes/edromufu/src/movement/Ros2_change/install/tahara_pages:/home/pedrohperes/edromufu/src/movement/Ros2_change/install/pot_package:/home/pedrohperes/edromufu/src/movement/Ros2_change/install/movement_core:/home/pedrohperes/edromufu/src/movement/Ros2_change/install/movement_pages:/home/pedrohperes/edromufu/src/movement/Ros2_change/install/movement_functions:/home/pedrohperes/edromufu/src/movement/Ros2_change/install/humanoid_definition:/home/pedrohperes/edromufu/src/movement/Ros2_change/install/kinematic_functions:/home/pedrohperes/edromufu/src/movement/Ros2_change/install/erro_package:/opt/ros/humble /usr/bin/cmake --build /home/pedrohperes/edromufu/src/movement/Ros2_change/build/urdf_example -- -j12 -l12
[0.945s] Invoking command in '/home/pedrohperes/edromufu/src/movement/Ros2_change/build/urdf_example': CMAKE_PREFIX_PATH=${CMAKE_PREFIX_PATH}:/home/pedrohperes/edromufu/src/movement/Ros2_change/install/u2d2_comm:/home/pedrohperes/edromufu/src/movement/Ros2_change/install/tahara_pages:/home/pedrohperes/edromufu/src/movement/Ros2_change/install/pot_package:/home/pedrohperes/edromufu/src/movement/Ros2_change/install/movement_core:/home/pedrohperes/edromufu/src/movement/Ros2_change/install/movement_pages:/home/pedrohperes/edromufu/src/movement/Ros2_change/install/movement_functions:/home/pedrohperes/edromufu/src/movement/Ros2_change/install/humanoid_definition:/home/pedrohperes/edromufu/src/movement/Ros2_change/install/kinematic_functions:/home/pedrohperes/edromufu/src/movement/Ros2_change/install/erro_package:/opt/ros/humble /usr/bin/cmake --install /home/pedrohperes/edromufu/src/movement/Ros2_change/build/urdf_example
[0.954s] -- Install configuration: ""
[0.954s] -- Up-to-date: /home/pedrohperes/edromufu/src/movement/Ros2_change/install/urdf_example/share/urdf_example/description
[0.954s] -- Up-to-date: /home/pedrohperes/edromufu/src/movement/Ros2_change/install/urdf_example/share/urdf_example/description/example_robot.urdf.xacro
[0.954s] -- Up-to-date: /home/pedrohperes/edromufu/src/movement/Ros2_change/install/urdf_example/share/urdf_example/description/example_gazebo.xacro
[0.955s] -- Up-to-date: /home/pedrohperes/edromufu/src/movement/Ros2_change/install/urdf_example/share/urdf_example/description/example_include.xacro
[0.955s] -- Up-to-date: /home/pedrohperes/edromufu/src/movement/Ros2_change/install/urdf_example/share/urdf_example/launch
[0.955s] -- Up-to-date: /home/pedrohperes/edromufu/src/movement/Ros2_change/install/urdf_example/share/urdf_example/launch/rsp_sim.launch.py
[0.955s] -- Up-to-date: /home/pedrohperes/edromufu/src/movement/Ros2_change/install/urdf_example/share/urdf_example/launch/rsp.launch.py
[0.955s] -- Up-to-date: /home/pedrohperes/edromufu/src/movement/Ros2_change/install/urdf_example/share/urdf_example/worlds
[0.955s] -- Up-to-date: /home/pedrohperes/edromufu/src/movement/Ros2_change/install/urdf_example/share/urdf_example/worlds/test_world.world
[0.955s] -- Up-to-date: /home/pedrohperes/edromufu/src/movement/Ros2_change/install/urdf_example/share/ament_index/resource_index/package_run_dependencies/urdf_example
[0.955s] -- Up-to-date: /home/pedrohperes/edromufu/src/movement/Ros2_change/install/urdf_example/share/ament_index/resource_index/parent_prefix_path/urdf_example
[0.955s] -- Up-to-date: /home/pedrohperes/edromufu/src/movement/Ros2_change/install/urdf_example/share/urdf_example/environment/ament_prefix_path.sh
[0.955s] -- Up-to-date: /home/pedrohperes/edromufu/src/movement/Ros2_change/install/urdf_example/share/urdf_example/environment/ament_prefix_path.dsv
[0.955s] -- Up-to-date: /home/pedrohperes/edromufu/src/movement/Ros2_change/install/urdf_example/share/urdf_example/environment/path.sh
[0.955s] -- Up-to-date: /home/pedrohperes/edromufu/src/movement/Ros2_change/install/urdf_example/share/urdf_example/environment/path.dsv
[0.955s] -- Up-to-date: /home/pedrohperes/edromufu/src/movement/Ros2_change/install/urdf_example/share/urdf_example/local_setup.bash
[0.956s] -- Up-to-date: /home/pedrohperes/edromufu/src/movement/Ros2_change/install/urdf_example/share/urdf_example/local_setup.sh
[0.956s] -- Up-to-date: /home/pedrohperes/edromufu/src/movement/Ros2_change/install/urdf_example/share/urdf_example/local_setup.zsh
[0.956s] -- Up-to-date: /home/pedrohperes/edromufu/src/movement/Ros2_change/install/urdf_example/share/urdf_example/local_setup.dsv
[0.956s] -- Installing: /home/pedrohperes/edromufu/src/movement/Ros2_change/install/urdf_example/share/urdf_example/package.dsv
[0.956s] -- Up-to-date: /home/pedrohperes/edromufu/src/movement/Ros2_change/install/urdf_example/share/ament_index/resource_index/packages/urdf_example
[0.956s] -- Up-to-date: /home/pedrohperes/edromufu/src/movement/Ros2_change/install/urdf_example/share/urdf_example/cmake/urdf_exampleConfig.cmake
[0.957s] -- Up-to-date: /home/pedrohperes/edromufu/src/movement/Ros2_change/install/urdf_example/share/urdf_example/cmake/urdf_exampleConfig-version.cmake
[0.957s] -- Up-to-date: /home/pedrohperes/edromufu/src/movement/Ros2_change/install/urdf_example/share/urdf_example/package.xml
[0.967s] Invoked command in '/home/pedrohperes/edromufu/src/movement/Ros2_change/build/urdf_example' returned '0': CMAKE_PREFIX_PATH=${CMAKE_PREFIX_PATH}:/home/pedrohperes/edromufu/src/movement/Ros2_change/install/u2d2_comm:/home/pedrohperes/edromufu/src/movement/Ros2_change/install/tahara_pages:/home/pedrohperes/edromufu/src/movement/Ros2_change/install/pot_package:/home/pedrohperes/edromufu/src/movement/Ros2_change/install/movement_core:/home/pedrohperes/edromufu/src/movement/Ros2_change/install/movement_pages:/home/pedrohperes/edromufu/src/movement/Ros2_change/install/movement_functions:/home/pedrohperes/edromufu/src/movement/Ros2_change/install/humanoid_definition:/home/pedrohperes/edromufu/src/movement/Ros2_change/install/kinematic_functions:/home/pedrohperes/edromufu/src/movement/Ros2_change/install/erro_package:/opt/ros/humble /usr/bin/cmake --install /home/pedrohperes/edromufu/src/movement/Ros2_change/build/urdf_example
