[0.297s] Invoking command in '/home/pedrohperes/edromufu/src/movement/Ros2_change/build/movement_utils': CMAKE_PREFIX_PATH=/opt/ros/humble /usr/bin/cmake --build /home/pedrohperes/edromufu/src/movement/Ros2_change/build/movement_utils -- -j12 -l12
[0.857s] [  1%] Built target movement_utils__cpp
[0.857s] [ 12%] Built target movement_utils__rosidl_generator_c
[0.857s] [ 12%] Built target ament_cmake_python_copy_movement_utils
[0.857s] [ 47%] Built target movement_utils__rosidl_typesupport_introspection_c
[0.857s] [ 47%] Built target movement_utils__rosidl_typesupport_cpp
[0.857s] [ 47%] Built target movement_utils__rosidl_typesupport_c
[0.857s] [ 58%] Built target movement_utils__rosidl_typesupport_introspection_cpp
[0.857s] [ 70%] Built target movement_utils__rosidl_typesupport_fastrtps_cpp
[0.857s] [ 82%] Built target movement_utils__rosidl_typesupport_fastrtps_c
[0.857s] [ 82%] Built target movement_utils
[0.858s] [ 83%] Built target movement_utils__py
[0.858s] [ 93%] Built target movement_utils__rosidl_generator_py
[0.858s] [100%] Built target movement_utils__rosidl_typesupport_fastrtps_c__pyext
[0.858s] [100%] Built target movement_utils__rosidl_typesupport_c__pyext
[0.858s] [100%] Built target movement_utils__rosidl_typesupport_introspection_c__pyext
[0.858s] running egg_info
[0.858s] writing movement_utils.egg-info/PKG-INFO
[0.858s] writing dependency_links to movement_utils.egg-info/dependency_links.txt
[0.858s] writing top-level names to movement_utils.egg-info/top_level.txt
[0.858s] reading manifest file 'movement_utils.egg-info/SOURCES.txt'
[0.858s] writing manifest file 'movement_utils.egg-info/SOURCES.txt'
[0.858s] [100%] Built target ament_cmake_python_build_movement_utils_egg
[0.860s] Invoked command in '/home/pedrohperes/edromufu/src/movement/Ros2_change/build/movement_utils' returned '0': CMAKE_PREFIX_PATH=/opt/ros/humble /usr/bin/cmake --build /home/pedrohperes/edromufu/src/movement/Ros2_change/build/movement_utils -- -j12 -l12
[1.004s] Invoking command in '/home/pedrohperes/edromufu/src/movement/Ros2_change/build/movement_utils': CMAKE_PREFIX_PATH=/opt/ros/humble /usr/bin/cmake --install /home/pedrohperes/edromufu/src/movement/Ros2_change/build/movement_utils
[1.011s] -- Install configuration: ""
[1.011s] -- Up-to-date: /home/pedrohperes/edromufu/src/movement/Ros2_change/install/movement_utils/share/ament_index/resource_index/rosidl_interfaces/movement_utils
[1.011s] -- Up-to-date: /home/pedrohperes/edromufu/src/movement/Ros2_change/install/movement_utils/include/movement_utils/movement_utils
[1.011s] -- Up-to-date: /home/pedrohperes/edromufu/src/movement/Ros2_change/install/movement_utils/include/movement_utils/movement_utils/srv
[1.011s] -- Up-to-date: /home/pedrohperes/edromufu/src/movement/Ros2_change/install/movement_utils/include/movement_utils/movement_utils/srv/walk_forward.h
[1.012s] -- Up-to-date: /home/pedrohperes/edromufu/src/movement/Ros2_change/install/movement_utils/include/movement_utils/movement_utils/srv/enable_torque.h
[1.012s] -- Up-to-date: /home/pedrohperes/edromufu/src/movement/Ros2_change/install/movement_utils/include/movement_utils/movement_utils/srv/head_feedback.h
[1.012s] -- Up-to-date: /home/pedrohperes/edromufu/src/movement/Ros2_change/install/movement_utils/include/movement_utils/movement_utils/srv/detail
[1.012s] -- Up-to-date: /home/pedrohperes/edromufu/src/movement/Ros2_change/install/movement_utils/include/movement_utils/movement_utils/srv/detail/walk_forward__functions.c
[1.012s] -- Up-to-date: /home/pedrohperes/edromufu/src/movement/Ros2_change/install/movement_utils/include/movement_utils/movement_utils/srv/detail/gait__struct.h
[1.012s] -- Up-to-date: /home/pedrohperes/edromufu/src/movement/Ros2_change/install/movement_utils/include/movement_utils/movement_utils/srv/detail/body_feedback__functions.h
[1.012s] -- Up-to-date: /home/pedrohperes/edromufu/src/movement/Ros2_change/install/movement_utils/include/movement_utils/movement_utils/srv/detail/head_feedback__functions.h
[1.013s] -- Up-to-date: /home/pedrohperes/edromufu/src/movement/Ros2_change/install/movement_utils/include/movement_utils/movement_utils/srv/detail/rotate__struct.h
[1.013s] -- Up-to-date: /home/pedrohperes/edromufu/src/movement/Ros2_change/install/movement_utils/include/movement_utils/movement_utils/srv/detail/body_feedback__struct.h
[1.013s] -- Up-to-date: /home/pedrohperes/edromufu/src/movement/Ros2_change/install/movement_utils/include/movement_utils/movement_utils/srv/detail/gait__type_support.h
[1.013s] -- Up-to-date: /home/pedrohperes/edromufu/src/movement/Ros2_change/install/movement_utils/include/movement_utils/movement_utils/srv/detail/enable_torque__functions.h
[1.013s] -- Up-to-date: /home/pedrohperes/edromufu/src/movement/Ros2_change/install/movement_utils/include/movement_utils/movement_utils/srv/detail/walk_forward__type_support.h
[1.013s] -- Up-to-date: /home/pedrohperes/edromufu/src/movement/Ros2_change/install/movement_utils/include/movement_utils/movement_utils/srv/detail/head_feedback__type_support.h
[1.013s] -- Up-to-date: /home/pedrohperes/edromufu/src/movement/Ros2_change/install/movement_utils/include/movement_utils/movement_utils/srv/detail/page__functions.h
[1.013s] -- Up-to-date: /home/pedrohperes/edromufu/src/movement/Ros2_change/install/movement_utils/include/movement_utils/movement_utils/srv/detail/walk_forward__functions.h
[1.013s] -- Up-to-date: /home/pedrohperes/edromufu/src/movement/Ros2_change/install/movement_utils/include/movement_utils/movement_utils/srv/detail/page__type_support.h
[1.013s] -- Up-to-date: /home/pedrohperes/edromufu/src/movement/Ros2_change/install/movement_utils/include/movement_utils/movement_utils/srv/detail/head_feedback__struct.h
[1.013s] -- Up-to-date: /home/pedrohperes/edromufu/src/movement/Ros2_change/install/movement_utils/include/movement_utils/movement_utils/srv/detail/enable_torque__type_support.h
[1.013s] -- Up-to-date: /home/pedrohperes/edromufu/src/movement/Ros2_change/install/movement_utils/include/movement_utils/movement_utils/srv/detail/gait__functions.c
[1.013s] -- Up-to-date: /home/pedrohperes/edromufu/src/movement/Ros2_change/install/movement_utils/include/movement_utils/movement_utils/srv/detail/rotate__functions.c
[1.014s] -- Up-to-date: /home/pedrohperes/edromufu/src/movement/Ros2_change/install/movement_utils/include/movement_utils/movement_utils/srv/detail/enable_torque__functions.c
[1.014s] -- Up-to-date: /home/pedrohperes/edromufu/src/movement/Ros2_change/install/movement_utils/include/movement_utils/movement_utils/srv/detail/head_feedback__functions.c
[1.014s] -- Up-to-date: /home/pedrohperes/edromufu/src/movement/Ros2_change/install/movement_utils/include/movement_utils/movement_utils/srv/detail/rotate__type_support.h
[1.014s] -- Up-to-date: /home/pedrohperes/edromufu/src/movement/Ros2_change/install/movement_utils/include/movement_utils/movement_utils/srv/detail/page__struct.h
[1.014s] -- Up-to-date: /home/pedrohperes/edromufu/src/movement/Ros2_change/install/movement_utils/include/movement_utils/movement_utils/srv/detail/walk_forward__struct.h
[1.014s] -- Up-to-date: /home/pedrohperes/edromufu/src/movement/Ros2_change/install/movement_utils/include/movement_utils/movement_utils/srv/detail/rotate__functions.h
[1.014s] -- Up-to-date: /home/pedrohperes/edromufu/src/movement/Ros2_change/install/movement_utils/include/movement_utils/movement_utils/srv/detail/gait__functions.h
[1.014s] -- Up-to-date: /home/pedrohperes/edromufu/src/movement/Ros2_change/install/movement_utils/include/movement_utils/movement_utils/srv/detail/enable_torque__struct.h
[1.014s] -- Up-to-date: /home/pedrohperes/edromufu/src/movement/Ros2_change/install/movement_utils/include/movement_utils/movement_utils/srv/detail/body_feedback__functions.c
[1.014s] -- Up-to-date: /home/pedrohperes/edromufu/src/movement/Ros2_change/install/movement_utils/include/movement_utils/movement_utils/srv/detail/body_feedback__type_support.h
[1.015s] -- Up-to-date: /home/pedrohperes/edromufu/src/movement/Ros2_change/install/movement_utils/include/movement_utils/movement_utils/srv/detail/page__functions.c
[1.015s] -- Up-to-date: /home/pedrohperes/edromufu/src/movement/Ros2_change/install/movement_utils/include/movement_utils/movement_utils/srv/rotate.h
[1.015s] -- Up-to-date: /home/pedrohperes/edromufu/src/movement/Ros2_change/install/movement_utils/include/movement_utils/movement_utils/srv/page.h
[1.015s] -- Up-to-date: /home/pedrohperes/edromufu/src/movement/Ros2_change/install/movement_utils/include/movement_utils/movement_utils/srv/body_feedback.h
[1.015s] -- Up-to-date: /home/pedrohperes/edromufu/src/movement/Ros2_change/install/movement_utils/include/movement_utils/movement_utils/srv/gait.h
[1.015s] -- Up-to-date: /home/pedrohperes/edromufu/src/movement/Ros2_change/install/movement_utils/include/movement_utils/movement_utils/msg
[1.015s] -- Up-to-date: /home/pedrohperes/edromufu/src/movement/Ros2_change/install/movement_utils/include/movement_utils/movement_utils/msg/head_motors_data.h
[1.015s] -- Up-to-date: /home/pedrohperes/edromufu/src/movement/Ros2_change/install/movement_utils/include/movement_utils/movement_utils/msg/rosidl_generator_c__visibility_control.h
[1.015s] -- Up-to-date: /home/pedrohperes/edromufu/src/movement/Ros2_change/install/movement_utils/include/movement_utils/movement_utils/msg/detail
[1.015s] -- Up-to-date: /home/pedrohperes/edromufu/src/movement/Ros2_change/install/movement_utils/include/movement_utils/movement_utils/msg/detail/body_motors_data__struct.h
[1.016s] -- Up-to-date: /home/pedrohperes/edromufu/src/movement/Ros2_change/install/movement_utils/include/movement_utils/movement_utils/msg/detail/body_motors_data__functions.h
[1.016s] -- Up-to-date: /home/pedrohperes/edromufu/src/movement/Ros2_change/install/movement_utils/include/movement_utils/movement_utils/msg/detail/head_motors_data__struct.h
[1.016s] -- Up-to-date: /home/pedrohperes/edromufu/src/movement/Ros2_change/install/movement_utils/include/movement_utils/movement_utils/msg/detail/head_motors_data__type_support.h
[1.016s] -- Up-to-date: /home/pedrohperes/edromufu/src/movement/Ros2_change/install/movement_utils/include/movement_utils/movement_utils/msg/detail/body_motors_data__type_support.h
[1.016s] -- Up-to-date: /home/pedrohperes/edromufu/src/movement/Ros2_change/install/movement_utils/include/movement_utils/movement_utils/msg/detail/body_motors_data__functions.c
[1.016s] -- Up-to-date: /home/pedrohperes/edromufu/src/movement/Ros2_change/install/movement_utils/include/movement_utils/movement_utils/msg/detail/head_motors_data__functions.h
[1.016s] -- Up-to-date: /home/pedrohperes/edromufu/src/movement/Ros2_change/install/movement_utils/include/movement_utils/movement_utils/msg/detail/head_motors_data__functions.c
[1.016s] -- Up-to-date: /home/pedrohperes/edromufu/src/movement/Ros2_change/install/movement_utils/include/movement_utils/movement_utils/msg/body_motors_data.h
[1.016s] -- Up-to-date: /home/pedrohperes/edromufu/src/movement/Ros2_change/install/movement_utils/share/movement_utils/environment/library_path.sh
[1.017s] -- Up-to-date: /home/pedrohperes/edromufu/src/movement/Ros2_change/install/movement_utils/share/movement_utils/environment/library_path.dsv
[1.017s] -- Up-to-date: /home/pedrohperes/edromufu/src/movement/Ros2_change/install/movement_utils/lib/libmovement_utils__rosidl_generator_c.so
[1.017s] -- Up-to-date: /home/pedrohperes/edromufu/src/movement/Ros2_change/install/movement_utils/include/movement_utils/movement_utils
[1.017s] -- Up-to-date: /home/pedrohperes/edromufu/src/movement/Ros2_change/install/movement_utils/include/movement_utils/movement_utils/srv
[1.017s] -- Up-to-date: /home/pedrohperes/edromufu/src/movement/Ros2_change/install/movement_utils/include/movement_utils/movement_utils/srv/detail
[1.017s] -- Up-to-date: /home/pedrohperes/edromufu/src/movement/Ros2_change/install/movement_utils/include/movement_utils/movement_utils/srv/detail/gait__rosidl_typesupport_fastrtps_c.h
[1.017s] -- Up-to-date: /home/pedrohperes/edromufu/src/movement/Ros2_change/install/movement_utils/include/movement_utils/movement_utils/srv/detail/walk_forward__rosidl_typesupport_fastrtps_c.h
[1.017s] -- Up-to-date: /home/pedrohperes/edromufu/src/movement/Ros2_change/install/movement_utils/include/movement_utils/movement_utils/srv/detail/head_feedback__rosidl_typesupport_fastrtps_c.h
[1.017s] -- Up-to-date: /home/pedrohperes/edromufu/src/movement/Ros2_change/install/movement_utils/include/movement_utils/movement_utils/srv/detail/enable_torque__rosidl_typesupport_fastrtps_c.h
[1.017s] -- Up-to-date: /home/pedrohperes/edromufu/src/movement/Ros2_change/install/movement_utils/include/movement_utils/movement_utils/srv/detail/body_feedback__rosidl_typesupport_fastrtps_c.h
[1.017s] -- Up-to-date: /home/pedrohperes/edromufu/src/movement/Ros2_change/install/movement_utils/include/movement_utils/movement_utils/srv/detail/page__rosidl_typesupport_fastrtps_c.h
[1.018s] -- Up-to-date: /home/pedrohperes/edromufu/src/movement/Ros2_change/install/movement_utils/include/movement_utils/movement_utils/srv/detail/rotate__rosidl_typesupport_fastrtps_c.h
[1.018s] -- Up-to-date: /home/pedrohperes/edromufu/src/movement/Ros2_change/install/movement_utils/include/movement_utils/movement_utils/msg
[1.018s] -- Up-to-date: /home/pedrohperes/edromufu/src/movement/Ros2_change/install/movement_utils/include/movement_utils/movement_utils/msg/detail
[1.018s] -- Up-to-date: /home/pedrohperes/edromufu/src/movement/Ros2_change/install/movement_utils/include/movement_utils/movement_utils/msg/detail/head_motors_data__rosidl_typesupport_fastrtps_c.h
[1.018s] -- Up-to-date: /home/pedrohperes/edromufu/src/movement/Ros2_change/install/movement_utils/include/movement_utils/movement_utils/msg/detail/body_motors_data__rosidl_typesupport_fastrtps_c.h
[1.018s] -- Up-to-date: /home/pedrohperes/edromufu/src/movement/Ros2_change/install/movement_utils/include/movement_utils/movement_utils/msg/rosidl_typesupport_fastrtps_c__visibility_control.h
[1.018s] -- Up-to-date: /home/pedrohperes/edromufu/src/movement/Ros2_change/install/movement_utils/lib/libmovement_utils__rosidl_typesupport_fastrtps_c.so
[1.019s] -- Up-to-date: /home/pedrohperes/edromufu/src/movement/Ros2_change/install/movement_utils/include/movement_utils/movement_utils
[1.019s] -- Up-to-date: /home/pedrohperes/edromufu/src/movement/Ros2_change/install/movement_utils/include/movement_utils/movement_utils/srv
[1.019s] -- Up-to-date: /home/pedrohperes/edromufu/src/movement/Ros2_change/install/movement_utils/include/movement_utils/movement_utils/srv/detail
[1.019s] -- Up-to-date: /home/pedrohperes/edromufu/src/movement/Ros2_change/install/movement_utils/include/movement_utils/movement_utils/srv/detail/enable_torque__rosidl_typesupport_introspection_c.h
[1.019s] -- Up-to-date: /home/pedrohperes/edromufu/src/movement/Ros2_change/install/movement_utils/include/movement_utils/movement_utils/srv/detail/page__rosidl_typesupport_introspection_c.h
[1.019s] -- Up-to-date: /home/pedrohperes/edromufu/src/movement/Ros2_change/install/movement_utils/include/movement_utils/movement_utils/srv/detail/gait__type_support.c
[1.019s] -- Up-to-date: /home/pedrohperes/edromufu/src/movement/Ros2_change/install/movement_utils/include/movement_utils/movement_utils/srv/detail/gait__rosidl_typesupport_introspection_c.h
[1.019s] -- Up-to-date: /home/pedrohperes/edromufu/src/movement/Ros2_change/install/movement_utils/include/movement_utils/movement_utils/srv/detail/walk_forward__rosidl_typesupport_introspection_c.h
[1.020s] -- Up-to-date: /home/pedrohperes/edromufu/src/movement/Ros2_change/install/movement_utils/include/movement_utils/movement_utils/srv/detail/head_feedback__rosidl_typesupport_introspection_c.h
[1.020s] -- Up-to-date: /home/pedrohperes/edromufu/src/movement/Ros2_change/install/movement_utils/include/movement_utils/movement_utils/srv/detail/rotate__rosidl_typesupport_introspection_c.h
[1.020s] -- Up-to-date: /home/pedrohperes/edromufu/src/movement/Ros2_change/install/movement_utils/include/movement_utils/movement_utils/srv/detail/page__type_support.c
[1.020s] -- Up-to-date: /home/pedrohperes/edromufu/src/movement/Ros2_change/install/movement_utils/include/movement_utils/movement_utils/srv/detail/rotate__type_support.c
[1.020s] -- Up-to-date: /home/pedrohperes/edromufu/src/movement/Ros2_change/install/movement_utils/include/movement_utils/movement_utils/srv/detail/body_feedback__rosidl_typesupport_introspection_c.h
[1.020s] -- Up-to-date: /home/pedrohperes/edromufu/src/movement/Ros2_change/install/movement_utils/include/movement_utils/movement_utils/srv/detail/body_feedback__type_support.c
[1.020s] -- Up-to-date: /home/pedrohperes/edromufu/src/movement/Ros2_change/install/movement_utils/include/movement_utils/movement_utils/srv/detail/walk_forward__type_support.c
[1.020s] -- Up-to-date: /home/pedrohperes/edromufu/src/movement/Ros2_change/install/movement_utils/include/movement_utils/movement_utils/srv/detail/enable_torque__type_support.c
[1.020s] -- Up-to-date: /home/pedrohperes/edromufu/src/movement/Ros2_change/install/movement_utils/include/movement_utils/movement_utils/srv/detail/head_feedback__type_support.c
[1.020s] -- Up-to-date: /home/pedrohperes/edromufu/src/movement/Ros2_change/install/movement_utils/include/movement_utils/movement_utils/msg
[1.020s] -- Up-to-date: /home/pedrohperes/edromufu/src/movement/Ros2_change/install/movement_utils/include/movement_utils/movement_utils/msg/detail
[1.020s] -- Up-to-date: /home/pedrohperes/edromufu/src/movement/Ros2_change/install/movement_utils/include/movement_utils/movement_utils/msg/detail/head_motors_data__rosidl_typesupport_introspection_c.h
[1.021s] -- Up-to-date: /home/pedrohperes/edromufu/src/movement/Ros2_change/install/movement_utils/include/movement_utils/movement_utils/msg/detail/body_motors_data__rosidl_typesupport_introspection_c.h
[1.021s] -- Up-to-date: /home/pedrohperes/edromufu/src/movement/Ros2_change/install/movement_utils/include/movement_utils/movement_utils/msg/detail/head_motors_data__type_support.c
[1.021s] -- Up-to-date: /home/pedrohperes/edromufu/src/movement/Ros2_change/install/movement_utils/include/movement_utils/movement_utils/msg/detail/body_motors_data__type_support.c
[1.021s] -- Up-to-date: /home/pedrohperes/edromufu/src/movement/Ros2_change/install/movement_utils/include/movement_utils/movement_utils/msg/rosidl_typesupport_introspection_c__visibility_control.h
[1.021s] -- Up-to-date: /home/pedrohperes/edromufu/src/movement/Ros2_change/install/movement_utils/lib/libmovement_utils__rosidl_typesupport_introspection_c.so
[1.021s] -- Up-to-date: /home/pedrohperes/edromufu/src/movement/Ros2_change/install/movement_utils/lib/libmovement_utils__rosidl_typesupport_c.so
[1.021s] -- Up-to-date: /home/pedrohperes/edromufu/src/movement/Ros2_change/install/movement_utils/include/movement_utils/movement_utils
[1.021s] -- Up-to-date: /home/pedrohperes/edromufu/src/movement/Ros2_change/install/movement_utils/include/movement_utils/movement_utils/srv
[1.021s] -- Up-to-date: /home/pedrohperes/edromufu/src/movement/Ros2_change/install/movement_utils/include/movement_utils/movement_utils/srv/walk_forward.hpp
[1.021s] -- Up-to-date: /home/pedrohperes/edromufu/src/movement/Ros2_change/install/movement_utils/include/movement_utils/movement_utils/srv/rotate.hpp
[1.022s] -- Up-to-date: /home/pedrohperes/edromufu/src/movement/Ros2_change/install/movement_utils/include/movement_utils/movement_utils/srv/detail
[1.022s] -- Up-to-date: /home/pedrohperes/edromufu/src/movement/Ros2_change/install/movement_utils/include/movement_utils/movement_utils/srv/detail/body_feedback__builder.hpp
[1.022s] -- Up-to-date: /home/pedrohperes/edromufu/src/movement/Ros2_change/install/movement_utils/include/movement_utils/movement_utils/srv/detail/head_feedback__traits.hpp
[1.022s] -- Up-to-date: /home/pedrohperes/edromufu/src/movement/Ros2_change/install/movement_utils/include/movement_utils/movement_utils/srv/detail/page__builder.hpp
[1.022s] -- Up-to-date: /home/pedrohperes/edromufu/src/movement/Ros2_change/install/movement_utils/include/movement_utils/movement_utils/srv/detail/head_feedback__struct.hpp
[1.022s] -- Up-to-date: /home/pedrohperes/edromufu/src/movement/Ros2_change/install/movement_utils/include/movement_utils/movement_utils/srv/detail/gait__traits.hpp
[1.022s] -- Up-to-date: /home/pedrohperes/edromufu/src/movement/Ros2_change/install/movement_utils/include/movement_utils/movement_utils/srv/detail/walk_forward__builder.hpp
[1.022s] -- Up-to-date: /home/pedrohperes/edromufu/src/movement/Ros2_change/install/movement_utils/include/movement_utils/movement_utils/srv/detail/enable_torque__traits.hpp
[1.022s] -- Up-to-date: /home/pedrohperes/edromufu/src/movement/Ros2_change/install/movement_utils/include/movement_utils/movement_utils/srv/detail/head_feedback__builder.hpp
[1.022s] -- Up-to-date: /home/pedrohperes/edromufu/src/movement/Ros2_change/install/movement_utils/include/movement_utils/movement_utils/srv/detail/page__traits.hpp
[1.022s] -- Up-to-date: /home/pedrohperes/edromufu/src/movement/Ros2_change/install/movement_utils/include/movement_utils/movement_utils/srv/detail/enable_torque__builder.hpp
[1.022s] -- Up-to-date: /home/pedrohperes/edromufu/src/movement/Ros2_change/install/movement_utils/include/movement_utils/movement_utils/srv/detail/gait__builder.hpp
[1.022s] -- Up-to-date: /home/pedrohperes/edromufu/src/movement/Ros2_change/install/movement_utils/include/movement_utils/movement_utils/srv/detail/body_feedback__traits.hpp
[1.023s] -- Up-to-date: /home/pedrohperes/edromufu/src/movement/Ros2_change/install/movement_utils/include/movement_utils/movement_utils/srv/detail/body_feedback__struct.hpp
[1.023s] -- Up-to-date: /home/pedrohperes/edromufu/src/movement/Ros2_change/install/movement_utils/include/movement_utils/movement_utils/srv/detail/rotate__builder.hpp
[1.023s] -- Up-to-date: /home/pedrohperes/edromufu/src/movement/Ros2_change/install/movement_utils/include/movement_utils/movement_utils/srv/detail/page__struct.hpp
[1.023s] -- Up-to-date: /home/pedrohperes/edromufu/src/movement/Ros2_change/install/movement_utils/include/movement_utils/movement_utils/srv/detail/walk_forward__struct.hpp
[1.023s] -- Up-to-date: /home/pedrohperes/edromufu/src/movement/Ros2_change/install/movement_utils/include/movement_utils/movement_utils/srv/detail/rotate__struct.hpp
[1.023s] -- Up-to-date: /home/pedrohperes/edromufu/src/movement/Ros2_change/install/movement_utils/include/movement_utils/movement_utils/srv/detail/rotate__traits.hpp
[1.023s] -- Up-to-date: /home/pedrohperes/edromufu/src/movement/Ros2_change/install/movement_utils/include/movement_utils/movement_utils/srv/detail/gait__struct.hpp
[1.023s] -- Up-to-date: /home/pedrohperes/edromufu/src/movement/Ros2_change/install/movement_utils/include/movement_utils/movement_utils/srv/detail/walk_forward__traits.hpp
[1.023s] -- Up-to-date: /home/pedrohperes/edromufu/src/movement/Ros2_change/install/movement_utils/include/movement_utils/movement_utils/srv/detail/enable_torque__struct.hpp
[1.024s] -- Up-to-date: /home/pedrohperes/edromufu/src/movement/Ros2_change/install/movement_utils/include/movement_utils/movement_utils/srv/body_feedback.hpp
[1.024s] -- Up-to-date: /home/pedrohperes/edromufu/src/movement/Ros2_change/install/movement_utils/include/movement_utils/movement_utils/srv/gait.hpp
[1.024s] -- Up-to-date: /home/pedrohperes/edromufu/src/movement/Ros2_change/install/movement_utils/include/movement_utils/movement_utils/srv/page.hpp
[1.024s] -- Up-to-date: /home/pedrohperes/edromufu/src/movement/Ros2_change/install/movement_utils/include/movement_utils/movement_utils/srv/enable_torque.hpp
[1.024s] -- Up-to-date: /home/pedrohperes/edromufu/src/movement/Ros2_change/install/movement_utils/include/movement_utils/movement_utils/srv/head_feedback.hpp
[1.024s] -- Up-to-date: /home/pedrohperes/edromufu/src/movement/Ros2_change/install/movement_utils/include/movement_utils/movement_utils/msg
[1.024s] -- Up-to-date: /home/pedrohperes/edromufu/src/movement/Ros2_change/install/movement_utils/include/movement_utils/movement_utils/msg/body_motors_data.hpp
[1.024s] -- Up-to-date: /home/pedrohperes/edromufu/src/movement/Ros2_change/install/movement_utils/include/movement_utils/movement_utils/msg/head_motors_data.hpp
[1.024s] -- Up-to-date: /home/pedrohperes/edromufu/src/movement/Ros2_change/install/movement_utils/include/movement_utils/movement_utils/msg/detail
[1.024s] -- Up-to-date: /home/pedrohperes/edromufu/src/movement/Ros2_change/install/movement_utils/include/movement_utils/movement_utils/msg/detail/body_motors_data__traits.hpp
[1.025s] -- Up-to-date: /home/pedrohperes/edromufu/src/movement/Ros2_change/install/movement_utils/include/movement_utils/movement_utils/msg/detail/head_motors_data__builder.hpp
[1.025s] -- Up-to-date: /home/pedrohperes/edromufu/src/movement/Ros2_change/install/movement_utils/include/movement_utils/movement_utils/msg/detail/head_motors_data__struct.hpp
[1.025s] -- Up-to-date: /home/pedrohperes/edromufu/src/movement/Ros2_change/install/movement_utils/include/movement_utils/movement_utils/msg/detail/head_motors_data__traits.hpp
[1.025s] -- Up-to-date: /home/pedrohperes/edromufu/src/movement/Ros2_change/install/movement_utils/include/movement_utils/movement_utils/msg/detail/body_motors_data__builder.hpp
[1.025s] -- Up-to-date: /home/pedrohperes/edromufu/src/movement/Ros2_change/install/movement_utils/include/movement_utils/movement_utils/msg/detail/body_motors_data__struct.hpp
[1.025s] -- Up-to-date: /home/pedrohperes/edromufu/src/movement/Ros2_change/install/movement_utils/include/movement_utils/movement_utils
[1.025s] -- Up-to-date: /home/pedrohperes/edromufu/src/movement/Ros2_change/install/movement_utils/include/movement_utils/movement_utils/srv
[1.025s] -- Up-to-date: /home/pedrohperes/edromufu/src/movement/Ros2_change/install/movement_utils/include/movement_utils/movement_utils/srv/detail
[1.025s] -- Up-to-date: /home/pedrohperes/edromufu/src/movement/Ros2_change/install/movement_utils/include/movement_utils/movement_utils/srv/detail/gait__rosidl_typesupport_fastrtps_cpp.hpp
[1.025s] -- Installing: /home/pedrohperes/edromufu/src/movement/Ros2_change/install/movement_utils/include/movement_utils/movement_utils/srv/detail/dds_fastrtps
[1.025s] -- Up-to-date: /home/pedrohperes/edromufu/src/movement/Ros2_change/install/movement_utils/include/movement_utils/movement_utils/srv/detail/walk_forward__rosidl_typesupport_fastrtps_cpp.hpp
[1.025s] -- Up-to-date: /home/pedrohperes/edromufu/src/movement/Ros2_change/install/movement_utils/include/movement_utils/movement_utils/srv/detail/enable_torque__rosidl_typesupport_fastrtps_cpp.hpp
[1.025s] -- Up-to-date: /home/pedrohperes/edromufu/src/movement/Ros2_change/install/movement_utils/include/movement_utils/movement_utils/srv/detail/page__rosidl_typesupport_fastrtps_cpp.hpp
[1.026s] -- Up-to-date: /home/pedrohperes/edromufu/src/movement/Ros2_change/install/movement_utils/include/movement_utils/movement_utils/srv/detail/rotate__rosidl_typesupport_fastrtps_cpp.hpp
[1.026s] -- Up-to-date: /home/pedrohperes/edromufu/src/movement/Ros2_change/install/movement_utils/include/movement_utils/movement_utils/srv/detail/body_feedback__rosidl_typesupport_fastrtps_cpp.hpp
[1.026s] -- Up-to-date: /home/pedrohperes/edromufu/src/movement/Ros2_change/install/movement_utils/include/movement_utils/movement_utils/srv/detail/head_feedback__rosidl_typesupport_fastrtps_cpp.hpp
[1.026s] -- Up-to-date: /home/pedrohperes/edromufu/src/movement/Ros2_change/install/movement_utils/include/movement_utils/movement_utils/msg
[1.026s] -- Up-to-date: /home/pedrohperes/edromufu/src/movement/Ros2_change/install/movement_utils/include/movement_utils/movement_utils/msg/detail
[1.026s] -- Installing: /home/pedrohperes/edromufu/src/movement/Ros2_change/install/movement_utils/include/movement_utils/movement_utils/msg/detail/dds_fastrtps
[1.026s] -- Up-to-date: /home/pedrohperes/edromufu/src/movement/Ros2_change/install/movement_utils/include/movement_utils/movement_utils/msg/detail/body_motors_data__rosidl_typesupport_fastrtps_cpp.hpp
[1.026s] -- Up-to-date: /home/pedrohperes/edromufu/src/movement/Ros2_change/install/movement_utils/include/movement_utils/movement_utils/msg/detail/head_motors_data__rosidl_typesupport_fastrtps_cpp.hpp
[1.026s] -- Up-to-date: /home/pedrohperes/edromufu/src/movement/Ros2_change/install/movement_utils/include/movement_utils/movement_utils/msg/rosidl_typesupport_fastrtps_cpp__visibility_control.h
[1.026s] -- Up-to-date: /home/pedrohperes/edromufu/src/movement/Ros2_change/install/movement_utils/lib/libmovement_utils__rosidl_typesupport_fastrtps_cpp.so
[1.026s] -- Up-to-date: /home/pedrohperes/edromufu/src/movement/Ros2_change/install/movement_utils/include/movement_utils/movement_utils
[1.026s] -- Up-to-date: /home/pedrohperes/edromufu/src/movement/Ros2_change/install/movement_utils/include/movement_utils/movement_utils/srv
[1.026s] -- Up-to-date: /home/pedrohperes/edromufu/src/movement/Ros2_change/install/movement_utils/include/movement_utils/movement_utils/srv/detail
[1.026s] -- Up-to-date: /home/pedrohperes/edromufu/src/movement/Ros2_change/install/movement_utils/include/movement_utils/movement_utils/srv/detail/gait__type_support.cpp
[1.026s] -- Up-to-date: /home/pedrohperes/edromufu/src/movement/Ros2_change/install/movement_utils/include/movement_utils/movement_utils/srv/detail/body_feedback__rosidl_typesupport_introspection_cpp.hpp
[1.026s] -- Up-to-date: /home/pedrohperes/edromufu/src/movement/Ros2_change/install/movement_utils/include/movement_utils/movement_utils/srv/detail/body_feedback__type_support.cpp
[1.026s] -- Up-to-date: /home/pedrohperes/edromufu/src/movement/Ros2_change/install/movement_utils/include/movement_utils/movement_utils/srv/detail/head_feedback__type_support.cpp
[1.026s] -- Up-to-date: /home/pedrohperes/edromufu/src/movement/Ros2_change/install/movement_utils/include/movement_utils/movement_utils/srv/detail/page__type_support.cpp
[1.026s] -- Up-to-date: /home/pedrohperes/edromufu/src/movement/Ros2_change/install/movement_utils/include/movement_utils/movement_utils/srv/detail/walk_forward__rosidl_typesupport_introspection_cpp.hpp
[1.027s] -- Up-to-date: /home/pedrohperes/edromufu/src/movement/Ros2_change/install/movement_utils/include/movement_utils/movement_utils/srv/detail/enable_torque__type_support.cpp
[1.027s] -- Up-to-date: /home/pedrohperes/edromufu/src/movement/Ros2_change/install/movement_utils/include/movement_utils/movement_utils/srv/detail/walk_forward__type_support.cpp
[1.027s] -- Up-to-date: /home/pedrohperes/edromufu/src/movement/Ros2_change/install/movement_utils/include/movement_utils/movement_utils/srv/detail/rotate__type_support.cpp
[1.027s] -- Up-to-date: /home/pedrohperes/edromufu/src/movement/Ros2_change/install/movement_utils/include/movement_utils/movement_utils/srv/detail/rotate__rosidl_typesupport_introspection_cpp.hpp
[1.027s] -- Up-to-date: /home/pedrohperes/edromufu/src/movement/Ros2_change/install/movement_utils/include/movement_utils/movement_utils/srv/detail/head_feedback__rosidl_typesupport_introspection_cpp.hpp
[1.027s] -- Up-to-date: /home/pedrohperes/edromufu/src/movement/Ros2_change/install/movement_utils/include/movement_utils/movement_utils/srv/detail/gait__rosidl_typesupport_introspection_cpp.hpp
[1.027s] -- Up-to-date: /home/pedrohperes/edromufu/src/movement/Ros2_change/install/movement_utils/include/movement_utils/movement_utils/srv/detail/page__rosidl_typesupport_introspection_cpp.hpp
[1.027s] -- Up-to-date: /home/pedrohperes/edromufu/src/movement/Ros2_change/install/movement_utils/include/movement_utils/movement_utils/srv/detail/enable_torque__rosidl_typesupport_introspection_cpp.hpp
[1.027s] -- Up-to-date: /home/pedrohperes/edromufu/src/movement/Ros2_change/install/movement_utils/include/movement_utils/movement_utils/msg
[1.027s] -- Up-to-date: /home/pedrohperes/edromufu/src/movement/Ros2_change/install/movement_utils/include/movement_utils/movement_utils/msg/detail
[1.027s] -- Up-to-date: /home/pedrohperes/edromufu/src/movement/Ros2_change/install/movement_utils/include/movement_utils/movement_utils/msg/detail/head_motors_data__rosidl_typesupport_introspection_cpp.hpp
[1.027s] -- Up-to-date: /home/pedrohperes/edromufu/src/movement/Ros2_change/install/movement_utils/include/movement_utils/movement_utils/msg/detail/body_motors_data__type_support.cpp
[1.027s] -- Up-to-date: /home/pedrohperes/edromufu/src/movement/Ros2_change/install/movement_utils/include/movement_utils/movement_utils/msg/detail/head_motors_data__type_support.cpp
[1.027s] -- Up-to-date: /home/pedrohperes/edromufu/src/movement/Ros2_change/install/movement_utils/include/movement_utils/movement_utils/msg/detail/body_motors_data__rosidl_typesupport_introspection_cpp.hpp
[1.027s] -- Up-to-date: /home/pedrohperes/edromufu/src/movement/Ros2_change/install/movement_utils/lib/libmovement_utils__rosidl_typesupport_introspection_cpp.so
[1.027s] -- Up-to-date: /home/pedrohperes/edromufu/src/movement/Ros2_change/install/movement_utils/lib/libmovement_utils__rosidl_typesupport_cpp.so
[1.027s] -- Up-to-date: /home/pedrohperes/edromufu/src/movement/Ros2_change/install/movement_utils/share/movement_utils/environment/pythonpath.sh
[1.027s] -- Up-to-date: /home/pedrohperes/edromufu/src/movement/Ros2_change/install/movement_utils/share/movement_utils/environment/pythonpath.dsv
[1.027s] -- Up-to-date: /home/pedrohperes/edromufu/src/movement/Ros2_change/install/movement_utils/local/lib/python3.10/dist-packages/movement_utils-0.0.0-py3.10.egg-info
[1.028s] -- Installing: /home/pedrohperes/edromufu/src/movement/Ros2_change/install/movement_utils/local/lib/python3.10/dist-packages/movement_utils-0.0.0-py3.10.egg-info/PKG-INFO
[1.028s] -- Installing: /home/pedrohperes/edromufu/src/movement/Ros2_change/install/movement_utils/local/lib/python3.10/dist-packages/movement_utils-0.0.0-py3.10.egg-info/top_level.txt
[1.028s] -- Installing: /home/pedrohperes/edromufu/src/movement/Ros2_change/install/movement_utils/local/lib/python3.10/dist-packages/movement_utils-0.0.0-py3.10.egg-info/dependency_links.txt
[1.028s] -- Installing: /home/pedrohperes/edromufu/src/movement/Ros2_change/install/movement_utils/local/lib/python3.10/dist-packages/movement_utils-0.0.0-py3.10.egg-info/SOURCES.txt
[1.028s] -- Up-to-date: /home/pedrohperes/edromufu/src/movement/Ros2_change/install/movement_utils/local/lib/python3.10/dist-packages/movement_utils
[1.028s] -- Up-to-date: /home/pedrohperes/edromufu/src/movement/Ros2_change/install/movement_utils/local/lib/python3.10/dist-packages/movement_utils/_movement_utils_s.ep.rosidl_typesupport_fastrtps_c.c
[1.028s] -- Up-to-date: /home/pedrohperes/edromufu/src/movement/Ros2_change/install/movement_utils/local/lib/python3.10/dist-packages/movement_utils/__init__.py
[1.028s] -- Up-to-date: /home/pedrohperes/edromufu/src/movement/Ros2_change/install/movement_utils/local/lib/python3.10/dist-packages/movement_utils/movement_utils_s__rosidl_typesupport_fastrtps_c.cpython-310-x86_64-linux-gnu.so
[1.028s] -- Up-to-date: /home/pedrohperes/edromufu/src/movement/Ros2_change/install/movement_utils/local/lib/python3.10/dist-packages/movement_utils/_movement_utils_s.ep.rosidl_typesupport_introspection_c.c
[1.028s] -- Up-to-date: /home/pedrohperes/edromufu/src/movement/Ros2_change/install/movement_utils/local/lib/python3.10/dist-packages/movement_utils/srv
[1.028s] -- Up-to-date: /home/pedrohperes/edromufu/src/movement/Ros2_change/install/movement_utils/local/lib/python3.10/dist-packages/movement_utils/srv/_gait.py
[1.028s] -- Up-to-date: /home/pedrohperes/edromufu/src/movement/Ros2_change/install/movement_utils/local/lib/python3.10/dist-packages/movement_utils/srv/_walk_forward.py
[1.028s] -- Up-to-date: /home/pedrohperes/edromufu/src/movement/Ros2_change/install/movement_utils/local/lib/python3.10/dist-packages/movement_utils/srv/_page.py
[1.028s] -- Up-to-date: /home/pedrohperes/edromufu/src/movement/Ros2_change/install/movement_utils/local/lib/python3.10/dist-packages/movement_utils/srv/_enable_torque.py
[1.028s] -- Up-to-date: /home/pedrohperes/edromufu/src/movement/Ros2_change/install/movement_utils/local/lib/python3.10/dist-packages/movement_utils/srv/_body_feedback.py
[1.028s] -- Up-to-date: /home/pedrohperes/edromufu/src/movement/Ros2_change/install/movement_utils/local/lib/python3.10/dist-packages/movement_utils/srv/_walk_forward_s.c
[1.028s] -- Up-to-date: /home/pedrohperes/edromufu/src/movement/Ros2_change/install/movement_utils/local/lib/python3.10/dist-packages/movement_utils/srv/__init__.py
[1.028s] -- Up-to-date: /home/pedrohperes/edromufu/src/movement/Ros2_change/install/movement_utils/local/lib/python3.10/dist-packages/movement_utils/srv/_rotate_s.c
[1.028s] -- Up-to-date: /home/pedrohperes/edromufu/src/movement/Ros2_change/install/movement_utils/local/lib/python3.10/dist-packages/movement_utils/srv/_head_feedback_s.c
[1.029s] -- Up-to-date: /home/pedrohperes/edromufu/src/movement/Ros2_change/install/movement_utils/local/lib/python3.10/dist-packages/movement_utils/srv/_head_feedback.py
[1.029s] -- Up-to-date: /home/pedrohperes/edromufu/src/movement/Ros2_change/install/movement_utils/local/lib/python3.10/dist-packages/movement_utils/srv/_enable_torque_s.c
[1.029s] -- Up-to-date: /home/pedrohperes/edromufu/src/movement/Ros2_change/install/movement_utils/local/lib/python3.10/dist-packages/movement_utils/srv/_gait_s.c
[1.029s] -- Up-to-date: /home/pedrohperes/edromufu/src/movement/Ros2_change/install/movement_utils/local/lib/python3.10/dist-packages/movement_utils/srv/_page_s.c
[1.029s] -- Up-to-date: /home/pedrohperes/edromufu/src/movement/Ros2_change/install/movement_utils/local/lib/python3.10/dist-packages/movement_utils/srv/_body_feedback_s.c
[1.029s] -- Up-to-date: /home/pedrohperes/edromufu/src/movement/Ros2_change/install/movement_utils/local/lib/python3.10/dist-packages/movement_utils/srv/_rotate.py
[1.029s] -- Up-to-date: /home/pedrohperes/edromufu/src/movement/Ros2_change/install/movement_utils/local/lib/python3.10/dist-packages/movement_utils/_movement_utils_s.ep.rosidl_typesupport_c.c
[1.029s] -- Up-to-date: /home/pedrohperes/edromufu/src/movement/Ros2_change/install/movement_utils/local/lib/python3.10/dist-packages/movement_utils/movement_utils_s__rosidl_typesupport_c.cpython-310-x86_64-linux-gnu.so
[1.029s] -- Up-to-date: /home/pedrohperes/edromufu/src/movement/Ros2_change/install/movement_utils/local/lib/python3.10/dist-packages/movement_utils/libmovement_utils__rosidl_generator_py.so
[1.029s] -- Up-to-date: /home/pedrohperes/edromufu/src/movement/Ros2_change/install/movement_utils/local/lib/python3.10/dist-packages/movement_utils/msg
[1.029s] -- Up-to-date: /home/pedrohperes/edromufu/src/movement/Ros2_change/install/movement_utils/local/lib/python3.10/dist-packages/movement_utils/msg/__init__.py
[1.029s] -- Up-to-date: /home/pedrohperes/edromufu/src/movement/Ros2_change/install/movement_utils/local/lib/python3.10/dist-packages/movement_utils/msg/_head_motors_data.py
[1.029s] -- Up-to-date: /home/pedrohperes/edromufu/src/movement/Ros2_change/install/movement_utils/local/lib/python3.10/dist-packages/movement_utils/msg/_body_motors_data.py
[1.029s] -- Up-to-date: /home/pedrohperes/edromufu/src/movement/Ros2_change/install/movement_utils/local/lib/python3.10/dist-packages/movement_utils/msg/_head_motors_data_s.c
[1.029s] -- Up-to-date: /home/pedrohperes/edromufu/src/movement/Ros2_change/install/movement_utils/local/lib/python3.10/dist-packages/movement_utils/msg/_body_motors_data_s.c
[1.029s] -- Up-to-date: /home/pedrohperes/edromufu/src/movement/Ros2_change/install/movement_utils/local/lib/python3.10/dist-packages/movement_utils/movement_utils_s__rosidl_typesupport_introspection_c.cpython-310-x86_64-linux-gnu.so
[1.054s] Listing '/home/pedrohperes/edromufu/src/movement/Ros2_change/install/movement_utils/local/lib/python3.10/dist-packages/movement_utils'...
[1.054s] Listing '/home/pedrohperes/edromufu/src/movement/Ros2_change/install/movement_utils/local/lib/python3.10/dist-packages/movement_utils/msg'...
[1.054s] Listing '/home/pedrohperes/edromufu/src/movement/Ros2_change/install/movement_utils/local/lib/python3.10/dist-packages/movement_utils/srv'...
[1.058s] -- Up-to-date: /home/pedrohperes/edromufu/src/movement/Ros2_change/install/movement_utils/local/lib/python3.10/dist-packages/movement_utils/movement_utils_s__rosidl_typesupport_fastrtps_c.cpython-310-x86_64-linux-gnu.so
[1.059s] -- Up-to-date: /home/pedrohperes/edromufu/src/movement/Ros2_change/install/movement_utils/local/lib/python3.10/dist-packages/movement_utils/movement_utils_s__rosidl_typesupport_introspection_c.cpython-310-x86_64-linux-gnu.so
[1.060s] -- Up-to-date: /home/pedrohperes/edromufu/src/movement/Ros2_change/install/movement_utils/local/lib/python3.10/dist-packages/movement_utils/movement_utils_s__rosidl_typesupport_c.cpython-310-x86_64-linux-gnu.so
[1.060s] -- Up-to-date: /home/pedrohperes/edromufu/src/movement/Ros2_change/install/movement_utils/lib/libmovement_utils__rosidl_generator_py.so
[1.060s] -- Up-to-date: /home/pedrohperes/edromufu/src/movement/Ros2_change/install/movement_utils/share/movement_utils/msg/BodyMotorsData.idl
[1.061s] -- Up-to-date: /home/pedrohperes/edromufu/src/movement/Ros2_change/install/movement_utils/share/movement_utils/msg/HeadMotorsData.idl
[1.061s] -- Up-to-date: /home/pedrohperes/edromufu/src/movement/Ros2_change/install/movement_utils/share/movement_utils/srv/BodyFeedback.idl
[1.061s] -- Up-to-date: /home/pedrohperes/edromufu/src/movement/Ros2_change/install/movement_utils/share/movement_utils/srv/EnableTorque.idl
[1.061s] -- Up-to-date: /home/pedrohperes/edromufu/src/movement/Ros2_change/install/movement_utils/share/movement_utils/srv/Gait.idl
[1.061s] -- Up-to-date: /home/pedrohperes/edromufu/src/movement/Ros2_change/install/movement_utils/share/movement_utils/srv/HeadFeedback.idl
[1.061s] -- Up-to-date: /home/pedrohperes/edromufu/src/movement/Ros2_change/install/movement_utils/share/movement_utils/srv/Page.idl
[1.061s] -- Up-to-date: /home/pedrohperes/edromufu/src/movement/Ros2_change/install/movement_utils/share/movement_utils/srv/Rotate.idl
[1.061s] -- Up-to-date: /home/pedrohperes/edromufu/src/movement/Ros2_change/install/movement_utils/share/movement_utils/srv/WalkForward.idl
[1.062s] -- Up-to-date: /home/pedrohperes/edromufu/src/movement/Ros2_change/install/movement_utils/share/movement_utils/msg/BodyMotorsData.msg
[1.062s] -- Up-to-date: /home/pedrohperes/edromufu/src/movement/Ros2_change/install/movement_utils/share/movement_utils/msg/HeadMotorsData.msg
[1.062s] -- Up-to-date: /home/pedrohperes/edromufu/src/movement/Ros2_change/install/movement_utils/share/movement_utils/srv/BodyFeedback.srv
[1.062s] -- Up-to-date: /home/pedrohperes/edromufu/src/movement/Ros2_change/install/movement_utils/share/movement_utils/srv/BodyFeedback_Request.msg
[1.062s] -- Up-to-date: /home/pedrohperes/edromufu/src/movement/Ros2_change/install/movement_utils/share/movement_utils/srv/BodyFeedback_Response.msg
[1.062s] -- Up-to-date: /home/pedrohperes/edromufu/src/movement/Ros2_change/install/movement_utils/share/movement_utils/srv/EnableTorque.srv
[1.062s] -- Up-to-date: /home/pedrohperes/edromufu/src/movement/Ros2_change/install/movement_utils/share/movement_utils/srv/EnableTorque_Request.msg
[1.063s] -- Up-to-date: /home/pedrohperes/edromufu/src/movement/Ros2_change/install/movement_utils/share/movement_utils/srv/EnableTorque_Response.msg
[1.063s] -- Up-to-date: /home/pedrohperes/edromufu/src/movement/Ros2_change/install/movement_utils/share/movement_utils/srv/Gait.srv
[1.063s] -- Up-to-date: /home/pedrohperes/edromufu/src/movement/Ros2_change/install/movement_utils/share/movement_utils/srv/Gait_Request.msg
[1.063s] -- Up-to-date: /home/pedrohperes/edromufu/src/movement/Ros2_change/install/movement_utils/share/movement_utils/srv/Gait_Response.msg
[1.063s] -- Up-to-date: /home/pedrohperes/edromufu/src/movement/Ros2_change/install/movement_utils/share/movement_utils/srv/HeadFeedback.srv
[1.063s] -- Up-to-date: /home/pedrohperes/edromufu/src/movement/Ros2_change/install/movement_utils/share/movement_utils/srv/HeadFeedback_Request.msg
[1.063s] -- Up-to-date: /home/pedrohperes/edromufu/src/movement/Ros2_change/install/movement_utils/share/movement_utils/srv/HeadFeedback_Response.msg
[1.063s] -- Up-to-date: /home/pedrohperes/edromufu/src/movement/Ros2_change/install/movement_utils/share/movement_utils/srv/Page.srv
[1.063s] -- Up-to-date: /home/pedrohperes/edromufu/src/movement/Ros2_change/install/movement_utils/share/movement_utils/srv/Page_Request.msg
[1.064s] -- Up-to-date: /home/pedrohperes/edromufu/src/movement/Ros2_change/install/movement_utils/share/movement_utils/srv/Page_Response.msg
[1.064s] -- Up-to-date: /home/pedrohperes/edromufu/src/movement/Ros2_change/install/movement_utils/share/movement_utils/srv/Rotate.srv
[1.064s] -- Up-to-date: /home/pedrohperes/edromufu/src/movement/Ros2_change/install/movement_utils/share/movement_utils/srv/Rotate_Request.msg
[1.064s] -- Up-to-date: /home/pedrohperes/edromufu/src/movement/Ros2_change/install/movement_utils/share/movement_utils/srv/Rotate_Response.msg
[1.064s] -- Up-to-date: /home/pedrohperes/edromufu/src/movement/Ros2_change/install/movement_utils/share/movement_utils/srv/WalkForward.srv
[1.064s] -- Up-to-date: /home/pedrohperes/edromufu/src/movement/Ros2_change/install/movement_utils/share/movement_utils/srv/WalkForward_Request.msg
[1.064s] -- Up-to-date: /home/pedrohperes/edromufu/src/movement/Ros2_change/install/movement_utils/share/movement_utils/srv/WalkForward_Response.msg
[1.064s] -- Up-to-date: /home/pedrohperes/edromufu/src/movement/Ros2_change/install/movement_utils/share/movement_utils/launch
[1.064s] -- Up-to-date: /home/pedrohperes/edromufu/src/movement/Ros2_change/install/movement_utils/share/movement_utils/launch/tahara_launch.py
[1.065s] -- Up-to-date: /home/pedrohperes/edromufu/src/movement/Ros2_change/install/movement_utils/share/movement_utils/launch/movement_start.launch.py
[1.065s] -- Up-to-date: /home/pedrohperes/edromufu/src/movement/Ros2_change/install/movement_utils/share/ament_index/resource_index/package_run_dependencies/movement_utils
[1.065s] -- Installing: /home/pedrohperes/edromufu/src/movement/Ros2_change/install/movement_utils/share/ament_index/resource_index/parent_prefix_path/movement_utils
[1.065s] -- Up-to-date: /home/pedrohperes/edromufu/src/movement/Ros2_change/install/movement_utils/share/movement_utils/environment/ament_prefix_path.sh
[1.065s] -- Up-to-date: /home/pedrohperes/edromufu/src/movement/Ros2_change/install/movement_utils/share/movement_utils/environment/ament_prefix_path.dsv
[1.065s] -- Up-to-date: /home/pedrohperes/edromufu/src/movement/Ros2_change/install/movement_utils/share/movement_utils/environment/path.sh
[1.065s] -- Up-to-date: /home/pedrohperes/edromufu/src/movement/Ros2_change/install/movement_utils/share/movement_utils/environment/path.dsv
[1.065s] -- Up-to-date: /home/pedrohperes/edromufu/src/movement/Ros2_change/install/movement_utils/share/movement_utils/local_setup.bash
[1.066s] -- Installing: /home/pedrohperes/edromufu/src/movement/Ros2_change/install/movement_utils/share/movement_utils/local_setup.sh
[1.066s] -- Up-to-date: /home/pedrohperes/edromufu/src/movement/Ros2_change/install/movement_utils/share/movement_utils/local_setup.zsh
[1.066s] -- Up-to-date: /home/pedrohperes/edromufu/src/movement/Ros2_change/install/movement_utils/share/movement_utils/local_setup.dsv
[1.066s] -- Installing: /home/pedrohperes/edromufu/src/movement/Ros2_change/install/movement_utils/share/movement_utils/package.dsv
[1.066s] -- Up-to-date: /home/pedrohperes/edromufu/src/movement/Ros2_change/install/movement_utils/share/ament_index/resource_index/packages/movement_utils
[1.066s] -- Old export file "/home/pedrohperes/edromufu/src/movement/Ros2_change/install/movement_utils/share/movement_utils/cmake/export_movement_utils__rosidl_generator_cExport.cmake" will be replaced.  Removing files [/home/pedrohperes/edromufu/src/movement/Ros2_change/install/movement_utils/share/movement_utils/cmake/export_movement_utils__rosidl_generator_cExport-noconfig.cmake].
[1.066s] -- Installing: /home/pedrohperes/edromufu/src/movement/Ros2_change/install/movement_utils/share/movement_utils/cmake/export_movement_utils__rosidl_generator_cExport.cmake
[1.066s] -- Installing: /home/pedrohperes/edromufu/src/movement/Ros2_change/install/movement_utils/share/movement_utils/cmake/export_movement_utils__rosidl_generator_cExport-noconfig.cmake
[1.066s] -- Old export file "/home/pedrohperes/edromufu/src/movement/Ros2_change/install/movement_utils/share/movement_utils/cmake/export_movement_utils__rosidl_typesupport_fastrtps_cExport.cmake" will be replaced.  Removing files [/home/pedrohperes/edromufu/src/movement/Ros2_change/install/movement_utils/share/movement_utils/cmake/export_movement_utils__rosidl_typesupport_fastrtps_cExport-noconfig.cmake].
[1.067s] -- Installing: /home/pedrohperes/edromufu/src/movement/Ros2_change/install/movement_utils/share/movement_utils/cmake/export_movement_utils__rosidl_typesupport_fastrtps_cExport.cmake
[1.067s] -- Installing: /home/pedrohperes/edromufu/src/movement/Ros2_change/install/movement_utils/share/movement_utils/cmake/export_movement_utils__rosidl_typesupport_fastrtps_cExport-noconfig.cmake
[1.067s] -- Old export file "/home/pedrohperes/edromufu/src/movement/Ros2_change/install/movement_utils/share/movement_utils/cmake/movement_utils__rosidl_typesupport_introspection_cExport.cmake" will be replaced.  Removing files [/home/pedrohperes/edromufu/src/movement/Ros2_change/install/movement_utils/share/movement_utils/cmake/movement_utils__rosidl_typesupport_introspection_cExport-noconfig.cmake].
[1.067s] -- Installing: /home/pedrohperes/edromufu/src/movement/Ros2_change/install/movement_utils/share/movement_utils/cmake/movement_utils__rosidl_typesupport_introspection_cExport.cmake
[1.067s] -- Installing: /home/pedrohperes/edromufu/src/movement/Ros2_change/install/movement_utils/share/movement_utils/cmake/movement_utils__rosidl_typesupport_introspection_cExport-noconfig.cmake
[1.067s] -- Old export file "/home/pedrohperes/edromufu/src/movement/Ros2_change/install/movement_utils/share/movement_utils/cmake/movement_utils__rosidl_typesupport_cExport.cmake" will be replaced.  Removing files [/home/pedrohperes/edromufu/src/movement/Ros2_change/install/movement_utils/share/movement_utils/cmake/movement_utils__rosidl_typesupport_cExport-noconfig.cmake].
[1.067s] -- Installing: /home/pedrohperes/edromufu/src/movement/Ros2_change/install/movement_utils/share/movement_utils/cmake/movement_utils__rosidl_typesupport_cExport.cmake
[1.067s] -- Installing: /home/pedrohperes/edromufu/src/movement/Ros2_change/install/movement_utils/share/movement_utils/cmake/movement_utils__rosidl_typesupport_cExport-noconfig.cmake
[1.068s] -- Installing: /home/pedrohperes/edromufu/src/movement/Ros2_change/install/movement_utils/share/movement_utils/cmake/export_movement_utils__rosidl_generator_cppExport.cmake
[1.068s] -- Old export file "/home/pedrohperes/edromufu/src/movement/Ros2_change/install/movement_utils/share/movement_utils/cmake/export_movement_utils__rosidl_typesupport_fastrtps_cppExport.cmake" will be replaced.  Removing files [/home/pedrohperes/edromufu/src/movement/Ros2_change/install/movement_utils/share/movement_utils/cmake/export_movement_utils__rosidl_typesupport_fastrtps_cppExport-noconfig.cmake].
[1.068s] -- Installing: /home/pedrohperes/edromufu/src/movement/Ros2_change/install/movement_utils/share/movement_utils/cmake/export_movement_utils__rosidl_typesupport_fastrtps_cppExport.cmake
[1.068s] -- Installing: /home/pedrohperes/edromufu/src/movement/Ros2_change/install/movement_utils/share/movement_utils/cmake/export_movement_utils__rosidl_typesupport_fastrtps_cppExport-noconfig.cmake
[1.068s] -- Old export file "/home/pedrohperes/edromufu/src/movement/Ros2_change/install/movement_utils/share/movement_utils/cmake/movement_utils__rosidl_typesupport_introspection_cppExport.cmake" will be replaced.  Removing files [/home/pedrohperes/edromufu/src/movement/Ros2_change/install/movement_utils/share/movement_utils/cmake/movement_utils__rosidl_typesupport_introspection_cppExport-noconfig.cmake].
[1.068s] -- Installing: /home/pedrohperes/edromufu/src/movement/Ros2_change/install/movement_utils/share/movement_utils/cmake/movement_utils__rosidl_typesupport_introspection_cppExport.cmake
[1.068s] -- Installing: /home/pedrohperes/edromufu/src/movement/Ros2_change/install/movement_utils/share/movement_utils/cmake/movement_utils__rosidl_typesupport_introspection_cppExport-noconfig.cmake
[1.068s] -- Old export file "/home/pedrohperes/edromufu/src/movement/Ros2_change/install/movement_utils/share/movement_utils/cmake/movement_utils__rosidl_typesupport_cppExport.cmake" will be replaced.  Removing files [/home/pedrohperes/edromufu/src/movement/Ros2_change/install/movement_utils/share/movement_utils/cmake/movement_utils__rosidl_typesupport_cppExport-noconfig.cmake].
[1.069s] -- Installing: /home/pedrohperes/edromufu/src/movement/Ros2_change/install/movement_utils/share/movement_utils/cmake/movement_utils__rosidl_typesupport_cppExport.cmake
[1.069s] -- Installing: /home/pedrohperes/edromufu/src/movement/Ros2_change/install/movement_utils/share/movement_utils/cmake/movement_utils__rosidl_typesupport_cppExport-noconfig.cmake
[1.069s] -- Old export file "/home/pedrohperes/edromufu/src/movement/Ros2_change/install/movement_utils/share/movement_utils/cmake/export_movement_utils__rosidl_generator_pyExport.cmake" will be replaced.  Removing files [/home/pedrohperes/edromufu/src/movement/Ros2_change/install/movement_utils/share/movement_utils/cmake/export_movement_utils__rosidl_generator_pyExport-noconfig.cmake].
[1.069s] -- Installing: /home/pedrohperes/edromufu/src/movement/Ros2_change/install/movement_utils/share/movement_utils/cmake/export_movement_utils__rosidl_generator_pyExport.cmake
[1.069s] -- Installing: /home/pedrohperes/edromufu/src/movement/Ros2_change/install/movement_utils/share/movement_utils/cmake/export_movement_utils__rosidl_generator_pyExport-noconfig.cmake
[1.069s] -- Up-to-date: /home/pedrohperes/edromufu/src/movement/Ros2_change/install/movement_utils/share/movement_utils/cmake/rosidl_cmake-extras.cmake
[1.069s] -- Up-to-date: /home/pedrohperes/edromufu/src/movement/Ros2_change/install/movement_utils/share/movement_utils/cmake/ament_cmake_export_dependencies-extras.cmake
[1.069s] -- Up-to-date: /home/pedrohperes/edromufu/src/movement/Ros2_change/install/movement_utils/share/movement_utils/cmake/ament_cmake_export_include_directories-extras.cmake
[1.069s] -- Up-to-date: /home/pedrohperes/edromufu/src/movement/Ros2_change/install/movement_utils/share/movement_utils/cmake/ament_cmake_export_libraries-extras.cmake
[1.069s] -- Up-to-date: /home/pedrohperes/edromufu/src/movement/Ros2_change/install/movement_utils/share/movement_utils/cmake/ament_cmake_export_targets-extras.cmake
[1.070s] -- Up-to-date: /home/pedrohperes/edromufu/src/movement/Ros2_change/install/movement_utils/share/movement_utils/cmake/rosidl_cmake_export_typesupport_targets-extras.cmake
[1.070s] -- Up-to-date: /home/pedrohperes/edromufu/src/movement/Ros2_change/install/movement_utils/share/movement_utils/cmake/rosidl_cmake_export_typesupport_libraries-extras.cmake
[1.070s] -- Up-to-date: /home/pedrohperes/edromufu/src/movement/Ros2_change/install/movement_utils/share/movement_utils/cmake/movement_utilsConfig.cmake
[1.070s] -- Up-to-date: /home/pedrohperes/edromufu/src/movement/Ros2_change/install/movement_utils/share/movement_utils/cmake/movement_utilsConfig-version.cmake
[1.070s] -- Up-to-date: /home/pedrohperes/edromufu/src/movement/Ros2_change/install/movement_utils/share/movement_utils/package.xml
[1.071s] Invoked command in '/home/pedrohperes/edromufu/src/movement/Ros2_change/build/movement_utils' returned '0': CMAKE_PREFIX_PATH=/opt/ros/humble /usr/bin/cmake --install /home/pedrohperes/edromufu/src/movement/Ros2_change/build/movement_utils
