[0.015s] Invoking command in '/home/edrom-mini/edromufu/build/humanoid_visualization': /home/edrom-mini/.local/bin/cmake /home/edrom-mini/edromufu/src/movement/humanoid_visualization -DCATKIN_INSTALL_INTO_PREFIX_ROOT=0 -DCMAKE_INSTALL_PREFIX=/home/edrom-mini/edromufu/install/humanoid_visualization
[0.109s] [0mCMake Deprecation Warning at CMakeLists.txt:1 (cmake_minimum_required):
[0.109s]   Compatibility with CMake < 3.5 will be removed from a future version of
[0.109s]   CMake.
[0.110s] 
[0.110s]   Update the VERSION argument <min> value or use a ...<max> suffix to tell
[0.110s]   CMake that the project does not need compatibility with older versions.
[0.110s] 
[0.110s] [0m
[0.130s] [31mCMake Error at CMakeLists.txt:10 (find_package):
[0.132s]   By not providing "Findcatkin.cmake" in CMAKE_MODULE_PATH this project has
[0.132s]   asked CMake to find a package configuration file provided by "catkin", but
[0.132s]   CMake did not find one.
[0.132s] 
[0.132s]   Could not find a package configuration file provided by "catkin" with any
[0.132s]   of the following names:
[0.132s] 
[0.132s]     catkinConfig.cmake
[0.133s]     catkin-config.cmake
[0.133s] 
[0.133s]   Add the installation prefix of "catkin" to CMAKE_PREFIX_PATH or set
[0.133s]   "catkin_DIR" to a directory containing one of the above files.  If "catkin"
[0.133s]   provides a separate development package or SDK, be sure it has been
[0.133s]   installed.
[0.133s] 
[0.133s] [0m
[0.133s] -- Configuring incomplete, errors occurred!
[0.168s] Invoked command in '/home/edrom-mini/edromufu/build/humanoid_visualization' returned '1': /home/edrom-mini/.local/bin/cmake /home/edrom-mini/edromufu/src/movement/humanoid_visualization -DCATKIN_INSTALL_INTO_PREFIX_ROOT=0 -DCMAKE_INSTALL_PREFIX=/home/edrom-mini/edromufu/install/humanoid_visualization
