[1.182s] Invoking command in '/home/edrom-mini/edromufu/src/movement/Ros2_change/src/tahara_pages': PYTHONPATH=/home/edrom-mini/edromufu/src/movement/Ros2_change/build/tahara_pages/prefix_override:/home/edrom-mini/edromufu/src/movement/Ros2_change/install/tahara_pages/lib/python3.10/site-packages:${PYTHONPATH} /usr/bin/python3 -W ignore:setup.py install is deprecated setup.py egg_info --egg-base ../../build/tahara_pages build --build-base /home/edrom-mini/edromufu/src/movement/Ros2_change/build/tahara_pages/build install --record /home/edrom-mini/edromufu/src/movement/Ros2_change/build/tahara_pages/install.log --single-version-externally-managed install_data
[1.558s] running egg_info
[1.558s] writing ../../build/tahara_pages/tahara_pages.egg-info/PKG-INFO
[1.559s] writing dependency_links to ../../build/tahara_pages/tahara_pages.egg-info/dependency_links.txt
[1.559s] writing entry points to ../../build/tahara_pages/tahara_pages.egg-info/entry_points.txt
[1.559s] writing requirements to ../../build/tahara_pages/tahara_pages.egg-info/requires.txt
[1.559s] writing top-level names to ../../build/tahara_pages/tahara_pages.egg-info/top_level.txt
[1.565s] reading manifest file '../../build/tahara_pages/tahara_pages.egg-info/SOURCES.txt'
[1.567s] writing manifest file '../../build/tahara_pages/tahara_pages.egg-info/SOURCES.txt'
[1.567s] running build
[1.568s] running build_py
[1.569s] running install
[1.570s] running install_lib
[1.572s] running install_data
[1.573s] running install_egg_info
[1.577s] removing '/home/edrom-mini/edromufu/src/movement/Ros2_change/install/tahara_pages/lib/python3.10/site-packages/tahara_pages-0.0.0-py3.10.egg-info' (and everything under it)
[1.580s] Copying ../../build/tahara_pages/tahara_pages.egg-info to /home/edrom-mini/edromufu/src/movement/Ros2_change/install/tahara_pages/lib/python3.10/site-packages/tahara_pages-0.0.0-py3.10.egg-info
[1.581s] running install_scripts
[1.615s] Installing software_pages script to /home/edrom-mini/edromufu/src/movement/Ros2_change/install/tahara_pages/lib/tahara_pages
[1.617s] writing list of installed files to '/home/edrom-mini/edromufu/src/movement/Ros2_change/build/tahara_pages/install.log'
[1.667s] Invoked command in '/home/edrom-mini/edromufu/src/movement/Ros2_change/src/tahara_pages' returned '0': PYTHONPATH=/home/edrom-mini/edromufu/src/movement/Ros2_change/build/tahara_pages/prefix_override:/home/edrom-mini/edromufu/src/movement/Ros2_change/install/tahara_pages/lib/python3.10/site-packages:${PYTHONPATH} /usr/bin/python3 -W ignore:setup.py install is deprecated setup.py egg_info --egg-base ../../build/tahara_pages build --build-base /home/edrom-mini/edromufu/src/movement/Ros2_change/build/tahara_pages/build install --record /home/edrom-mini/edromufu/src/movement/Ros2_change/build/tahara_pages/install.log --single-version-externally-managed install_data
