[0.779s] Invoking command in '/home/pedrohperes/edromufu/src/movement/Ros2_change/src/movement_core': AMENT_PREFIX_PATH=/home/pedrohperes/edromufu/src/movement/Ros2_change/src/install/movement_pages:/home/pedrohperes/edromufu/src/movement/Ros2_change/src/install/movement_functions:/home/pedrohperes/edromufu/src/movement/Ros2_change/src/install/humanoid_definition:/home/pedrohperes/edromufu/src/movement/Ros2_change/src/install/movement_utils:/home/pedrohperes/edromufu/src/movement/Ros2_change/src/install/kinematic_functions:${AMENT_PREFIX_PATH} CMAKE_PREFIX_PATH=/home/pedrohperes/edromufu/src/movement/Ros2_change/src/install/movement_utils:${CMAKE_PREFIX_PATH} LD_LIBRARY_PATH=/home/pedrohperes/edromufu/src/movement/Ros2_change/src/install/movement_utils/lib:${LD_LIBRARY_PATH} PYTHONPATH=/home/pedrohperes/edromufu/src/movement/Ros2_change/src/build/movement_core/prefix_override:/home/pedrohperes/edromufu/src/movement/Ros2_change/src/install/movement_core/lib/python3.10/site-packages:/home/pedrohperes/edromufu/src/movement/Ros2_change/src/install/movement_pages/lib/python3.10/site-packages:/home/pedrohperes/edromufu/src/movement/Ros2_change/src/install/movement_functions/lib/python3.10/site-packages:/home/pedrohperes/edromufu/src/movement/Ros2_change/src/install/humanoid_definition/lib/python3.10/site-packages:/home/pedrohperes/edromufu/src/movement/Ros2_change/src/install/movement_utils/local/lib/python3.10/dist-packages:/home/pedrohperes/edromufu/src/movement/Ros2_change/src/install/kinematic_functions/lib/python3.10/site-packages:${PYTHONPATH} /usr/bin/python3 -W ignore:setup.py install is deprecated setup.py egg_info --egg-base ../build/movement_core build --build-base /home/pedrohperes/edromufu/src/movement/Ros2_change/src/build/movement_core/build install --record /home/pedrohperes/edromufu/src/movement/Ros2_change/src/build/movement_core/install.log --single-version-externally-managed install_data
[1.055s] running egg_info
[1.055s] creating ../build/movement_core/movement_core.egg-info
[1.055s] writing ../build/movement_core/movement_core.egg-info/PKG-INFO
[1.056s] writing dependency_links to ../build/movement_core/movement_core.egg-info/dependency_links.txt
[1.056s] writing entry points to ../build/movement_core/movement_core.egg-info/entry_points.txt
[1.056s] writing requirements to ../build/movement_core/movement_core.egg-info/requires.txt
[1.056s] writing top-level names to ../build/movement_core/movement_core.egg-info/top_level.txt
[1.056s] writing manifest file '../build/movement_core/movement_core.egg-info/SOURCES.txt'
[1.057s] reading manifest file '../build/movement_core/movement_core.egg-info/SOURCES.txt'
[1.058s] writing manifest file '../build/movement_core/movement_core.egg-info/SOURCES.txt'
[1.058s] running build
[1.058s] running build_py
[1.058s] creating /home/pedrohperes/edromufu/src/movement/Ros2_change/src/build/movement_core/build
[1.058s] creating /home/pedrohperes/edromufu/src/movement/Ros2_change/src/build/movement_core/build/lib
[1.059s] creating /home/pedrohperes/edromufu/src/movement/Ros2_change/src/build/movement_core/build/lib/movement_core
[1.059s] copying movement_core/core.py -> /home/pedrohperes/edromufu/src/movement/Ros2_change/src/build/movement_core/build/lib/movement_core
[1.059s] copying movement_core/__init__.py -> /home/pedrohperes/edromufu/src/movement/Ros2_change/src/build/movement_core/build/lib/movement_core
[1.059s] copying movement_core/teste.py -> /home/pedrohperes/edromufu/src/movement/Ros2_change/src/build/movement_core/build/lib/movement_core
[1.059s] copying movement_core/core_head.py -> /home/pedrohperes/edromufu/src/movement/Ros2_change/src/build/movement_core/build/lib/movement_core
[1.059s] running install
[1.059s] running install_lib
[1.060s] creating /home/pedrohperes/edromufu/src/movement/Ros2_change/src/install/movement_core/lib/python3.10/site-packages/movement_core
[1.060s] copying /home/pedrohperes/edromufu/src/movement/Ros2_change/src/build/movement_core/build/lib/movement_core/core.py -> /home/pedrohperes/edromufu/src/movement/Ros2_change/src/install/movement_core/lib/python3.10/site-packages/movement_core
[1.060s] copying /home/pedrohperes/edromufu/src/movement/Ros2_change/src/build/movement_core/build/lib/movement_core/__init__.py -> /home/pedrohperes/edromufu/src/movement/Ros2_change/src/install/movement_core/lib/python3.10/site-packages/movement_core
[1.060s] copying /home/pedrohperes/edromufu/src/movement/Ros2_change/src/build/movement_core/build/lib/movement_core/teste.py -> /home/pedrohperes/edromufu/src/movement/Ros2_change/src/install/movement_core/lib/python3.10/site-packages/movement_core
[1.060s] copying /home/pedrohperes/edromufu/src/movement/Ros2_change/src/build/movement_core/build/lib/movement_core/core_head.py -> /home/pedrohperes/edromufu/src/movement/Ros2_change/src/install/movement_core/lib/python3.10/site-packages/movement_core
[1.061s] byte-compiling /home/pedrohperes/edromufu/src/movement/Ros2_change/src/install/movement_core/lib/python3.10/site-packages/movement_core/core.py to core.cpython-310.pyc
[1.062s] byte-compiling /home/pedrohperes/edromufu/src/movement/Ros2_change/src/install/movement_core/lib/python3.10/site-packages/movement_core/__init__.py to __init__.cpython-310.pyc
[1.062s] byte-compiling /home/pedrohperes/edromufu/src/movement/Ros2_change/src/install/movement_core/lib/python3.10/site-packages/movement_core/teste.py to teste.cpython-310.pyc
[1.063s] byte-compiling /home/pedrohperes/edromufu/src/movement/Ros2_change/src/install/movement_core/lib/python3.10/site-packages/movement_core/core_head.py to core_head.cpython-310.pyc
[1.064s] running install_data
[1.064s] creating /home/pedrohperes/edromufu/src/movement/Ros2_change/src/install/movement_core/share/ament_index
[1.064s] creating /home/pedrohperes/edromufu/src/movement/Ros2_change/src/install/movement_core/share/ament_index/resource_index
[1.064s] creating /home/pedrohperes/edromufu/src/movement/Ros2_change/src/install/movement_core/share/ament_index/resource_index/packages
[1.064s] copying resource/movement_core -> /home/pedrohperes/edromufu/src/movement/Ros2_change/src/install/movement_core/share/ament_index/resource_index/packages
[1.064s] copying package.xml -> /home/pedrohperes/edromufu/src/movement/Ros2_change/src/install/movement_core/share/movement_core
[1.064s] running install_egg_info
[1.066s] Copying ../build/movement_core/movement_core.egg-info to /home/pedrohperes/edromufu/src/movement/Ros2_change/src/install/movement_core/lib/python3.10/site-packages/movement_core-0.0.0-py3.10.egg-info
[1.067s] running install_scripts
[1.085s] Installing core script to /home/pedrohperes/edromufu/src/movement/Ros2_change/src/install/movement_core/lib/movement_core
[1.086s] Installing core_head script to /home/pedrohperes/edromufu/src/movement/Ros2_change/src/install/movement_core/lib/movement_core
[1.086s] Installing teste script to /home/pedrohperes/edromufu/src/movement/Ros2_change/src/install/movement_core/lib/movement_core
[1.086s] writing list of installed files to '/home/pedrohperes/edromufu/src/movement/Ros2_change/src/build/movement_core/install.log'
[1.104s] Invoked command in '/home/pedrohperes/edromufu/src/movement/Ros2_change/src/movement_core' returned '0': AMENT_PREFIX_PATH=/home/pedrohperes/edromufu/src/movement/Ros2_change/src/install/movement_pages:/home/pedrohperes/edromufu/src/movement/Ros2_change/src/install/movement_functions:/home/pedrohperes/edromufu/src/movement/Ros2_change/src/install/humanoid_definition:/home/pedrohperes/edromufu/src/movement/Ros2_change/src/install/movement_utils:/home/pedrohperes/edromufu/src/movement/Ros2_change/src/install/kinematic_functions:${AMENT_PREFIX_PATH} CMAKE_PREFIX_PATH=/home/pedrohperes/edromufu/src/movement/Ros2_change/src/install/movement_utils:${CMAKE_PREFIX_PATH} LD_LIBRARY_PATH=/home/pedrohperes/edromufu/src/movement/Ros2_change/src/install/movement_utils/lib:${LD_LIBRARY_PATH} PYTHONPATH=/home/pedrohperes/edromufu/src/movement/Ros2_change/src/build/movement_core/prefix_override:/home/pedrohperes/edromufu/src/movement/Ros2_change/src/install/movement_core/lib/python3.10/site-packages:/home/pedrohperes/edromufu/src/movement/Ros2_change/src/install/movement_pages/lib/python3.10/site-packages:/home/pedrohperes/edromufu/src/movement/Ros2_change/src/install/movement_functions/lib/python3.10/site-packages:/home/pedrohperes/edromufu/src/movement/Ros2_change/src/install/humanoid_definition/lib/python3.10/site-packages:/home/pedrohperes/edromufu/src/movement/Ros2_change/src/install/movement_utils/local/lib/python3.10/dist-packages:/home/pedrohperes/edromufu/src/movement/Ros2_change/src/install/kinematic_functions/lib/python3.10/site-packages:${PYTHONPATH} /usr/bin/python3 -W ignore:setup.py install is deprecated setup.py egg_info --egg-base ../build/movement_core build --build-base /home/pedrohperes/edromufu/src/movement/Ros2_change/src/build/movement_core/build install --record /home/pedrohperes/edromufu/src/movement/Ros2_change/src/build/movement_core/install.log --single-version-externally-managed install_data
