[0.008s] Invoking command in '/home/edrom-mini/edromufu/src/movement/Ros2_change/build/potmessage': CMAKE_PREFIX_PATH=/opt/ros/humble /home/edrom-mini/.local/bin/cmake --build /home/edrom-mini/edromufu/src/movement/Ros2_change/build/potmessage -- -j4 -l4
[0.131s] [  9%] Built target potmessage__rosidl_generator_c
[0.134s] [  9%] Built target ament_cmake_python_copy_potmessage
[0.145s] [ 12%] Built target potmessage__cpp
[0.151s] [ 22%] Built target potmessage__rosidl_typesupport_introspection_c
[0.155s] [ 32%] Built target potmessage__rosidl_typesupport_fastrtps_c
[0.157s] [ 41%] Built target potmessage__rosidl_typesupport_c
[0.170s] [ 51%] Built target potmessage__rosidl_typesupport_fastrtps_cpp
[0.199s] [ 61%] Built target potmessage__rosidl_typesupport_cpp
[0.204s] [ 70%] Built target potmessage__rosidl_typesupport_introspection_cpp
[0.218s] [ 70%] Built target potmessage
[0.239s] [ 74%] Built target potmessage__py
[0.255s] [ 80%] Built target potmessage__rosidl_generator_py
[0.288s] [ 87%] Built target potmessage__rosidl_typesupport_fastrtps_c__pyext
[0.293s] [ 93%] Built target potmessage__rosidl_typesupport_introspection_c__pyext
[0.298s] [100%] Built target potmessage__rosidl_typesupport_c__pyext
[0.498s] running egg_info
[0.499s] writing potmessage.egg-info/PKG-INFO
[0.499s] writing dependency_links to potmessage.egg-info/dependency_links.txt
[0.500s] writing top-level names to potmessage.egg-info/top_level.txt
[0.505s] reading manifest file 'potmessage.egg-info/SOURCES.txt'
[0.505s] writing manifest file 'potmessage.egg-info/SOURCES.txt'
[0.538s] [100%] Built target ament_cmake_python_build_potmessage_egg
[0.567s] Invoked command in '/home/edrom-mini/edromufu/src/movement/Ros2_change/build/potmessage' returned '0': CMAKE_PREFIX_PATH=/opt/ros/humble /home/edrom-mini/.local/bin/cmake --build /home/edrom-mini/edromufu/src/movement/Ros2_change/build/potmessage -- -j4 -l4
[0.741s] Invoking command in '/home/edrom-mini/edromufu/src/movement/Ros2_change/build/potmessage': CMAKE_PREFIX_PATH=/opt/ros/humble /home/edrom-mini/.local/bin/cmake --install /home/edrom-mini/edromufu/src/movement/Ros2_change/build/potmessage
[0.840s] -- Install configuration: ""
[0.841s] -- Up-to-date: /home/edrom-mini/edromufu/src/movement/Ros2_change/install/potmessage/share/ament_index/resource_index/rosidl_interfaces/potmessage
[0.841s] -- Up-to-date: /home/edrom-mini/edromufu/src/movement/Ros2_change/install/potmessage/include/potmessage/potmessage
[0.841s] -- Up-to-date: /home/edrom-mini/edromufu/src/movement/Ros2_change/install/potmessage/include/potmessage/potmessage/msg
[0.841s] -- Up-to-date: /home/edrom-mini/edromufu/src/movement/Ros2_change/install/potmessage/include/potmessage/potmessage/msg/rosidl_generator_c__visibility_control.h
[0.841s] -- Up-to-date: /home/edrom-mini/edromufu/src/movement/Ros2_change/install/potmessage/include/potmessage/potmessage/msg/detail
[0.841s] -- Up-to-date: /home/edrom-mini/edromufu/src/movement/Ros2_change/install/potmessage/include/potmessage/potmessage/msg/detail/potmsg__type_support.h
[0.841s] -- Up-to-date: /home/edrom-mini/edromufu/src/movement/Ros2_change/install/potmessage/include/potmessage/potmessage/msg/detail/potmsg__functions.h
[0.841s] -- Up-to-date: /home/edrom-mini/edromufu/src/movement/Ros2_change/install/potmessage/include/potmessage/potmessage/msg/detail/potmsg__functions.c
[0.841s] -- Up-to-date: /home/edrom-mini/edromufu/src/movement/Ros2_change/install/potmessage/include/potmessage/potmessage/msg/detail/potmsg__struct.h
[0.842s] -- Up-to-date: /home/edrom-mini/edromufu/src/movement/Ros2_change/install/potmessage/include/potmessage/potmessage/msg/potmsg.h
[0.842s] -- Up-to-date: /home/edrom-mini/edromufu/src/movement/Ros2_change/install/potmessage/share/potmessage/environment/library_path.sh
[0.842s] -- Up-to-date: /home/edrom-mini/edromufu/src/movement/Ros2_change/install/potmessage/share/potmessage/environment/library_path.dsv
[0.842s] -- Up-to-date: /home/edrom-mini/edromufu/src/movement/Ros2_change/install/potmessage/lib/libpotmessage__rosidl_generator_c.so
[0.842s] -- Up-to-date: /home/edrom-mini/edromufu/src/movement/Ros2_change/install/potmessage/include/potmessage/potmessage
[0.842s] -- Up-to-date: /home/edrom-mini/edromufu/src/movement/Ros2_change/install/potmessage/include/potmessage/potmessage/msg
[0.842s] -- Up-to-date: /home/edrom-mini/edromufu/src/movement/Ros2_change/install/potmessage/include/potmessage/potmessage/msg/detail
[0.842s] -- Up-to-date: /home/edrom-mini/edromufu/src/movement/Ros2_change/install/potmessage/include/potmessage/potmessage/msg/detail/potmsg__rosidl_typesupport_fastrtps_c.h
[0.842s] -- Up-to-date: /home/edrom-mini/edromufu/src/movement/Ros2_change/install/potmessage/include/potmessage/potmessage/msg/rosidl_typesupport_fastrtps_c__visibility_control.h
[0.842s] -- Up-to-date: /home/edrom-mini/edromufu/src/movement/Ros2_change/install/potmessage/lib/libpotmessage__rosidl_typesupport_fastrtps_c.so
[0.843s] -- Up-to-date: /home/edrom-mini/edromufu/src/movement/Ros2_change/install/potmessage/include/potmessage/potmessage
[0.843s] -- Up-to-date: /home/edrom-mini/edromufu/src/movement/Ros2_change/install/potmessage/include/potmessage/potmessage/msg
[0.843s] -- Up-to-date: /home/edrom-mini/edromufu/src/movement/Ros2_change/install/potmessage/include/potmessage/potmessage/msg/rosidl_typesupport_introspection_c__visibility_control.h
[0.843s] -- Up-to-date: /home/edrom-mini/edromufu/src/movement/Ros2_change/install/potmessage/include/potmessage/potmessage/msg/detail
[0.843s] -- Up-to-date: /home/edrom-mini/edromufu/src/movement/Ros2_change/install/potmessage/include/potmessage/potmessage/msg/detail/potmsg__type_support.c
[0.843s] -- Up-to-date: /home/edrom-mini/edromufu/src/movement/Ros2_change/install/potmessage/include/potmessage/potmessage/msg/detail/potmsg__rosidl_typesupport_introspection_c.h
[0.843s] -- Up-to-date: /home/edrom-mini/edromufu/src/movement/Ros2_change/install/potmessage/lib/libpotmessage__rosidl_typesupport_introspection_c.so
[0.843s] -- Up-to-date: /home/edrom-mini/edromufu/src/movement/Ros2_change/install/potmessage/lib/libpotmessage__rosidl_typesupport_c.so
[0.843s] -- Up-to-date: /home/edrom-mini/edromufu/src/movement/Ros2_change/install/potmessage/include/potmessage/potmessage
[0.843s] -- Up-to-date: /home/edrom-mini/edromufu/src/movement/Ros2_change/install/potmessage/include/potmessage/potmessage/msg
[0.843s] -- Up-to-date: /home/edrom-mini/edromufu/src/movement/Ros2_change/install/potmessage/include/potmessage/potmessage/msg/detail
[0.844s] -- Up-to-date: /home/edrom-mini/edromufu/src/movement/Ros2_change/install/potmessage/include/potmessage/potmessage/msg/detail/potmsg__struct.hpp
[0.844s] -- Up-to-date: /home/edrom-mini/edromufu/src/movement/Ros2_change/install/potmessage/include/potmessage/potmessage/msg/detail/potmsg__traits.hpp
[0.844s] -- Up-to-date: /home/edrom-mini/edromufu/src/movement/Ros2_change/install/potmessage/include/potmessage/potmessage/msg/detail/potmsg__builder.hpp
[0.844s] -- Up-to-date: /home/edrom-mini/edromufu/src/movement/Ros2_change/install/potmessage/include/potmessage/potmessage/msg/potmsg.hpp
[0.844s] -- Up-to-date: /home/edrom-mini/edromufu/src/movement/Ros2_change/install/potmessage/include/potmessage/potmessage
[0.844s] -- Up-to-date: /home/edrom-mini/edromufu/src/movement/Ros2_change/install/potmessage/include/potmessage/potmessage/msg
[0.844s] -- Up-to-date: /home/edrom-mini/edromufu/src/movement/Ros2_change/install/potmessage/include/potmessage/potmessage/msg/detail
[0.844s] -- Up-to-date: /home/edrom-mini/edromufu/src/movement/Ros2_change/install/potmessage/include/potmessage/potmessage/msg/detail/potmsg__rosidl_typesupport_fastrtps_cpp.hpp
[0.844s] -- Up-to-date: /home/edrom-mini/edromufu/src/movement/Ros2_change/install/potmessage/include/potmessage/potmessage/msg/detail/dds_fastrtps
[0.844s] -- Up-to-date: /home/edrom-mini/edromufu/src/movement/Ros2_change/install/potmessage/include/potmessage/potmessage/msg/rosidl_typesupport_fastrtps_cpp__visibility_control.h
[0.844s] -- Up-to-date: /home/edrom-mini/edromufu/src/movement/Ros2_change/install/potmessage/lib/libpotmessage__rosidl_typesupport_fastrtps_cpp.so
[0.845s] -- Up-to-date: /home/edrom-mini/edromufu/src/movement/Ros2_change/install/potmessage/include/potmessage/potmessage
[0.845s] -- Up-to-date: /home/edrom-mini/edromufu/src/movement/Ros2_change/install/potmessage/include/potmessage/potmessage/msg
[0.845s] -- Up-to-date: /home/edrom-mini/edromufu/src/movement/Ros2_change/install/potmessage/include/potmessage/potmessage/msg/detail
[0.845s] -- Up-to-date: /home/edrom-mini/edromufu/src/movement/Ros2_change/install/potmessage/include/potmessage/potmessage/msg/detail/potmsg__type_support.cpp
[0.845s] -- Up-to-date: /home/edrom-mini/edromufu/src/movement/Ros2_change/install/potmessage/include/potmessage/potmessage/msg/detail/potmsg__rosidl_typesupport_introspection_cpp.hpp
[0.845s] -- Up-to-date: /home/edrom-mini/edromufu/src/movement/Ros2_change/install/potmessage/lib/libpotmessage__rosidl_typesupport_introspection_cpp.so
[0.845s] -- Up-to-date: /home/edrom-mini/edromufu/src/movement/Ros2_change/install/potmessage/lib/libpotmessage__rosidl_typesupport_cpp.so
[0.845s] -- Up-to-date: /home/edrom-mini/edromufu/src/movement/Ros2_change/install/potmessage/share/potmessage/environment/pythonpath.sh
[0.846s] -- Up-to-date: /home/edrom-mini/edromufu/src/movement/Ros2_change/install/potmessage/share/potmessage/environment/pythonpath.dsv
[0.846s] -- Up-to-date: /home/edrom-mini/edromufu/src/movement/Ros2_change/install/potmessage/local/lib/python3.10/dist-packages/potmessage-0.0.0-py3.10.egg-info
[0.846s] -- Installing: /home/edrom-mini/edromufu/src/movement/Ros2_change/install/potmessage/local/lib/python3.10/dist-packages/potmessage-0.0.0-py3.10.egg-info/dependency_links.txt
[0.846s] -- Installing: /home/edrom-mini/edromufu/src/movement/Ros2_change/install/potmessage/local/lib/python3.10/dist-packages/potmessage-0.0.0-py3.10.egg-info/PKG-INFO
[0.846s] -- Installing: /home/edrom-mini/edromufu/src/movement/Ros2_change/install/potmessage/local/lib/python3.10/dist-packages/potmessage-0.0.0-py3.10.egg-info/top_level.txt
[0.846s] -- Installing: /home/edrom-mini/edromufu/src/movement/Ros2_change/install/potmessage/local/lib/python3.10/dist-packages/potmessage-0.0.0-py3.10.egg-info/SOURCES.txt
[0.846s] -- Up-to-date: /home/edrom-mini/edromufu/src/movement/Ros2_change/install/potmessage/local/lib/python3.10/dist-packages/potmessage
[0.846s] -- Up-to-date: /home/edrom-mini/edromufu/src/movement/Ros2_change/install/potmessage/local/lib/python3.10/dist-packages/potmessage/potmessage_s__rosidl_typesupport_c.cpython-310-x86_64-linux-gnu.so
[0.846s] -- Up-to-date: /home/edrom-mini/edromufu/src/movement/Ros2_change/install/potmessage/local/lib/python3.10/dist-packages/potmessage/__init__.py
[0.846s] -- Up-to-date: /home/edrom-mini/edromufu/src/movement/Ros2_change/install/potmessage/local/lib/python3.10/dist-packages/potmessage/msg
[0.847s] -- Up-to-date: /home/edrom-mini/edromufu/src/movement/Ros2_change/install/potmessage/local/lib/python3.10/dist-packages/potmessage/msg/__init__.py
[0.847s] -- Up-to-date: /home/edrom-mini/edromufu/src/movement/Ros2_change/install/potmessage/local/lib/python3.10/dist-packages/potmessage/msg/_potmsg_s.c
[0.847s] -- Up-to-date: /home/edrom-mini/edromufu/src/movement/Ros2_change/install/potmessage/local/lib/python3.10/dist-packages/potmessage/msg/_potmsg.py
[0.847s] -- Up-to-date: /home/edrom-mini/edromufu/src/movement/Ros2_change/install/potmessage/local/lib/python3.10/dist-packages/potmessage/potmessage_s__rosidl_typesupport_fastrtps_c.cpython-310-x86_64-linux-gnu.so
[0.847s] -- Up-to-date: /home/edrom-mini/edromufu/src/movement/Ros2_change/install/potmessage/local/lib/python3.10/dist-packages/potmessage/_potmessage_s.ep.rosidl_typesupport_introspection_c.c
[0.847s] -- Up-to-date: /home/edrom-mini/edromufu/src/movement/Ros2_change/install/potmessage/local/lib/python3.10/dist-packages/potmessage/_potmessage_s.ep.rosidl_typesupport_c.c
[0.847s] -- Up-to-date: /home/edrom-mini/edromufu/src/movement/Ros2_change/install/potmessage/local/lib/python3.10/dist-packages/potmessage/_potmessage_s.ep.rosidl_typesupport_fastrtps_c.c
[0.847s] -- Up-to-date: /home/edrom-mini/edromufu/src/movement/Ros2_change/install/potmessage/local/lib/python3.10/dist-packages/potmessage/libpotmessage__rosidl_generator_py.so
[0.847s] -- Up-to-date: /home/edrom-mini/edromufu/src/movement/Ros2_change/install/potmessage/local/lib/python3.10/dist-packages/potmessage/potmessage_s__rosidl_typesupport_introspection_c.cpython-310-x86_64-linux-gnu.so
[0.884s] Listing '/home/edrom-mini/edromufu/src/movement/Ros2_change/install/potmessage/local/lib/python3.10/dist-packages/potmessage'...
[0.885s] Listing '/home/edrom-mini/edromufu/src/movement/Ros2_change/install/potmessage/local/lib/python3.10/dist-packages/potmessage/msg'...
[0.891s] -- Up-to-date: /home/edrom-mini/edromufu/src/movement/Ros2_change/install/potmessage/local/lib/python3.10/dist-packages/potmessage/potmessage_s__rosidl_typesupport_fastrtps_c.cpython-310-x86_64-linux-gnu.so
[0.891s] -- Up-to-date: /home/edrom-mini/edromufu/src/movement/Ros2_change/install/potmessage/local/lib/python3.10/dist-packages/potmessage/potmessage_s__rosidl_typesupport_introspection_c.cpython-310-x86_64-linux-gnu.so
[0.891s] -- Up-to-date: /home/edrom-mini/edromufu/src/movement/Ros2_change/install/potmessage/local/lib/python3.10/dist-packages/potmessage/potmessage_s__rosidl_typesupport_c.cpython-310-x86_64-linux-gnu.so
[0.892s] -- Up-to-date: /home/edrom-mini/edromufu/src/movement/Ros2_change/install/potmessage/lib/libpotmessage__rosidl_generator_py.so
[0.892s] -- Up-to-date: /home/edrom-mini/edromufu/src/movement/Ros2_change/install/potmessage/share/potmessage/msg/Potmsg.idl
[0.892s] -- Up-to-date: /home/edrom-mini/edromufu/src/movement/Ros2_change/install/potmessage/share/potmessage/msg/Potmsg.msg
[0.892s] -- Up-to-date: /home/edrom-mini/edromufu/src/movement/Ros2_change/install/potmessage/share/ament_index/resource_index/package_run_dependencies/potmessage
[0.892s] -- Up-to-date: /home/edrom-mini/edromufu/src/movement/Ros2_change/install/potmessage/share/ament_index/resource_index/parent_prefix_path/potmessage
[0.892s] -- Up-to-date: /home/edrom-mini/edromufu/src/movement/Ros2_change/install/potmessage/share/potmessage/environment/ament_prefix_path.sh
[0.892s] -- Up-to-date: /home/edrom-mini/edromufu/src/movement/Ros2_change/install/potmessage/share/potmessage/environment/ament_prefix_path.dsv
[0.893s] -- Up-to-date: /home/edrom-mini/edromufu/src/movement/Ros2_change/install/potmessage/share/potmessage/environment/path.sh
[0.893s] -- Up-to-date: /home/edrom-mini/edromufu/src/movement/Ros2_change/install/potmessage/share/potmessage/environment/path.dsv
[0.893s] -- Up-to-date: /home/edrom-mini/edromufu/src/movement/Ros2_change/install/potmessage/share/potmessage/local_setup.bash
[0.893s] -- Up-to-date: /home/edrom-mini/edromufu/src/movement/Ros2_change/install/potmessage/share/potmessage/local_setup.sh
[0.893s] -- Up-to-date: /home/edrom-mini/edromufu/src/movement/Ros2_change/install/potmessage/share/potmessage/local_setup.zsh
[0.893s] -- Up-to-date: /home/edrom-mini/edromufu/src/movement/Ros2_change/install/potmessage/share/potmessage/local_setup.dsv
[0.893s] -- Installing: /home/edrom-mini/edromufu/src/movement/Ros2_change/install/potmessage/share/potmessage/package.dsv
[0.893s] -- Up-to-date: /home/edrom-mini/edromufu/src/movement/Ros2_change/install/potmessage/share/ament_index/resource_index/packages/potmessage
[0.893s] -- Up-to-date: /home/edrom-mini/edromufu/src/movement/Ros2_change/install/potmessage/share/potmessage/cmake/export_potmessage__rosidl_generator_cExport.cmake
[0.893s] -- Up-to-date: /home/edrom-mini/edromufu/src/movement/Ros2_change/install/potmessage/share/potmessage/cmake/export_potmessage__rosidl_generator_cExport-noconfig.cmake
[0.894s] -- Up-to-date: /home/edrom-mini/edromufu/src/movement/Ros2_change/install/potmessage/share/potmessage/cmake/export_potmessage__rosidl_typesupport_fastrtps_cExport.cmake
[0.894s] -- Up-to-date: /home/edrom-mini/edromufu/src/movement/Ros2_change/install/potmessage/share/potmessage/cmake/export_potmessage__rosidl_typesupport_fastrtps_cExport-noconfig.cmake
[0.894s] -- Up-to-date: /home/edrom-mini/edromufu/src/movement/Ros2_change/install/potmessage/share/potmessage/cmake/potmessage__rosidl_typesupport_introspection_cExport.cmake
[0.894s] -- Up-to-date: /home/edrom-mini/edromufu/src/movement/Ros2_change/install/potmessage/share/potmessage/cmake/potmessage__rosidl_typesupport_introspection_cExport-noconfig.cmake
[0.894s] -- Up-to-date: /home/edrom-mini/edromufu/src/movement/Ros2_change/install/potmessage/share/potmessage/cmake/potmessage__rosidl_typesupport_cExport.cmake
[0.894s] -- Up-to-date: /home/edrom-mini/edromufu/src/movement/Ros2_change/install/potmessage/share/potmessage/cmake/potmessage__rosidl_typesupport_cExport-noconfig.cmake
[0.894s] -- Up-to-date: /home/edrom-mini/edromufu/src/movement/Ros2_change/install/potmessage/share/potmessage/cmake/export_potmessage__rosidl_generator_cppExport.cmake
[0.894s] -- Up-to-date: /home/edrom-mini/edromufu/src/movement/Ros2_change/install/potmessage/share/potmessage/cmake/export_potmessage__rosidl_typesupport_fastrtps_cppExport.cmake
[0.894s] -- Up-to-date: /home/edrom-mini/edromufu/src/movement/Ros2_change/install/potmessage/share/potmessage/cmake/export_potmessage__rosidl_typesupport_fastrtps_cppExport-noconfig.cmake
[0.895s] -- Up-to-date: /home/edrom-mini/edromufu/src/movement/Ros2_change/install/potmessage/share/potmessage/cmake/potmessage__rosidl_typesupport_introspection_cppExport.cmake
[0.895s] -- Up-to-date: /home/edrom-mini/edromufu/src/movement/Ros2_change/install/potmessage/share/potmessage/cmake/potmessage__rosidl_typesupport_introspection_cppExport-noconfig.cmake
[0.895s] -- Up-to-date: /home/edrom-mini/edromufu/src/movement/Ros2_change/install/potmessage/share/potmessage/cmake/potmessage__rosidl_typesupport_cppExport.cmake
[0.895s] -- Up-to-date: /home/edrom-mini/edromufu/src/movement/Ros2_change/install/potmessage/share/potmessage/cmake/potmessage__rosidl_typesupport_cppExport-noconfig.cmake
[0.895s] -- Up-to-date: /home/edrom-mini/edromufu/src/movement/Ros2_change/install/potmessage/share/potmessage/cmake/export_potmessage__rosidl_generator_pyExport.cmake
[0.895s] -- Up-to-date: /home/edrom-mini/edromufu/src/movement/Ros2_change/install/potmessage/share/potmessage/cmake/export_potmessage__rosidl_generator_pyExport-noconfig.cmake
[0.895s] -- Up-to-date: /home/edrom-mini/edromufu/src/movement/Ros2_change/install/potmessage/share/potmessage/cmake/rosidl_cmake-extras.cmake
[0.895s] -- Up-to-date: /home/edrom-mini/edromufu/src/movement/Ros2_change/install/potmessage/share/potmessage/cmake/ament_cmake_export_include_directories-extras.cmake
[0.895s] -- Up-to-date: /home/edrom-mini/edromufu/src/movement/Ros2_change/install/potmessage/share/potmessage/cmake/ament_cmake_export_libraries-extras.cmake
[0.895s] -- Up-to-date: /home/edrom-mini/edromufu/src/movement/Ros2_change/install/potmessage/share/potmessage/cmake/ament_cmake_export_targets-extras.cmake
[0.896s] -- Up-to-date: /home/edrom-mini/edromufu/src/movement/Ros2_change/install/potmessage/share/potmessage/cmake/rosidl_cmake_export_typesupport_targets-extras.cmake
[0.896s] -- Up-to-date: /home/edrom-mini/edromufu/src/movement/Ros2_change/install/potmessage/share/potmessage/cmake/ament_cmake_export_dependencies-extras.cmake
[0.896s] -- Up-to-date: /home/edrom-mini/edromufu/src/movement/Ros2_change/install/potmessage/share/potmessage/cmake/rosidl_cmake_export_typesupport_libraries-extras.cmake
[0.898s] -- Up-to-date: /home/edrom-mini/edromufu/src/movement/Ros2_change/install/potmessage/share/potmessage/cmake/potmessageConfig.cmake
[0.898s] -- Up-to-date: /home/edrom-mini/edromufu/src/movement/Ros2_change/install/potmessage/share/potmessage/cmake/potmessageConfig-version.cmake
[0.898s] -- Up-to-date: /home/edrom-mini/edromufu/src/movement/Ros2_change/install/potmessage/share/potmessage/package.xml
[0.917s] Invoked command in '/home/edrom-mini/edromufu/src/movement/Ros2_change/build/potmessage' returned '0': CMAKE_PREFIX_PATH=/opt/ros/humble /home/edrom-mini/.local/bin/cmake --install /home/edrom-mini/edromufu/src/movement/Ros2_change/build/potmessage
