running egg_info
writing ../../build/erro_package/erro_package.egg-info/PKG-INFO
writing dependency_links to ../../build/erro_package/erro_package.egg-info/dependency_links.txt
writing entry points to ../../build/erro_package/erro_package.egg-info/entry_points.txt
writing requirements to ../../build/erro_package/erro_package.egg-info/requires.txt
writing top-level names to ../../build/erro_package/erro_package.egg-info/top_level.txt
reading manifest file '../../build/erro_package/erro_package.egg-info/SOURCES.txt'
writing manifest file '../../build/erro_package/erro_package.egg-info/SOURCES.txt'
running build
running build_py
running install
running install_lib
running install_data
copying resource/erro_package -> /home/paulo/edromufu/src/movement/Ros2_change/install/erro_package/share/ament_index/resource_index/packages
copying package.xml -> /home/paulo/edromufu/src/movement/Ros2_change/install/erro_package/share/erro_package
running install_egg_info
Copying ../../build/erro_package/erro_package.egg-info to /home/paulo/edromufu/src/movement/Ros2_change/install/erro_package/lib/python3.10/site-packages/erro_package-0.0.0-py3.10.egg-info
running install_scripts
Installing erro_publisher script to /home/paulo/edromufu/src/movement/Ros2_change/install/erro_package/lib/erro_package
writing list of installed files to '/home/paulo/edromufu/src/movement/Ros2_change/build/erro_package/install.log'
