[1.001s] Invoking command in '/home/paulo/edromufu/src/movement/Ros2_change/src/erro_package': PYTHONPATH=/home/paulo/edromufu/src/movement/Ros2_change/build/erro_package/prefix_override:/usr/lib/python3/dist-packages/colcon_core/task/python/colcon_distutils_commands:/home/paulo/edromufu/src/movement/Ros2_change/install/erro_package/lib/python3.10/site-packages:${PYTHONPATH} /usr/bin/python3 -W ignore:setup.py install is deprecated setup.py egg_info --egg-base ../../build/erro_package build --build-base /home/paulo/edromufu/src/movement/Ros2_change/build/erro_package/build install --record /home/paulo/edromufu/src/movement/Ros2_change/build/erro_package/install.log --single-version-externally-managed install_data
[1.174s] running egg_info
[1.174s] writing ../../build/erro_package/erro_package.egg-info/PKG-INFO
[1.174s] writing dependency_links to ../../build/erro_package/erro_package.egg-info/dependency_links.txt
[1.174s] writing entry points to ../../build/erro_package/erro_package.egg-info/entry_points.txt
[1.174s] writing requirements to ../../build/erro_package/erro_package.egg-info/requires.txt
[1.174s] writing top-level names to ../../build/erro_package/erro_package.egg-info/top_level.txt
[1.175s] reading manifest file '../../build/erro_package/erro_package.egg-info/SOURCES.txt'
[1.176s] writing manifest file '../../build/erro_package/erro_package.egg-info/SOURCES.txt'
[1.176s] running build
[1.176s] running build_py
[1.176s] running install
[1.176s] running install_lib
[1.177s] running install_data
[1.177s] copying resource/erro_package -> /home/paulo/edromufu/src/movement/Ros2_change/install/erro_package/share/ament_index/resource_index/packages
[1.177s] copying package.xml -> /home/paulo/edromufu/src/movement/Ros2_change/install/erro_package/share/erro_package
[1.177s] running install_egg_info
[1.179s] Copying ../../build/erro_package/erro_package.egg-info to /home/paulo/edromufu/src/movement/Ros2_change/install/erro_package/lib/python3.10/site-packages/erro_package-0.0.0-py3.10.egg-info
[1.179s] running install_scripts
[1.194s] Installing erro_publisher script to /home/paulo/edromufu/src/movement/Ros2_change/install/erro_package/lib/erro_package
[1.194s] writing list of installed files to '/home/paulo/edromufu/src/movement/Ros2_change/build/erro_package/install.log'
[1.379s] Invoked command in '/home/paulo/edromufu/src/movement/Ros2_change/src/erro_package' returned '0': PYTHONPATH=/home/paulo/edromufu/src/movement/Ros2_change/build/erro_package/prefix_override:/usr/lib/python3/dist-packages/colcon_core/task/python/colcon_distutils_commands:/home/paulo/edromufu/src/movement/Ros2_change/install/erro_package/lib/python3.10/site-packages:${PYTHONPATH} /usr/bin/python3 -W ignore:setup.py install is deprecated setup.py egg_info --egg-base ../../build/erro_package build --build-base /home/paulo/edromufu/src/movement/Ros2_change/build/erro_package/build install --record /home/paulo/edromufu/src/movement/Ros2_change/build/erro_package/install.log --single-version-externally-managed install_data
