[1.111s] Invoking command in '/home/pedrohperes/edromufu/src/movement/Ros2_change/src/u2d2_comm': AMENT_PREFIX_PATH=/home/pedrohperes/edromufu/src/movement/Ros2_change/install/movement_utils:${AMENT_PREFIX_PATH} CMAKE_PREFIX_PATH=/home/pedrohperes/edromufu/src/movement/Ros2_change/install/movement_utils LD_LIBRARY_PATH=/home/pedrohperes/edromufu/src/movement/Ros2_change/install/movement_utils/lib:${LD_LIBRARY_PATH} PYTHONPATH=/home/pedrohperes/edromufu/src/movement/Ros2_change/build/u2d2_comm/prefix_override:/home/pedrohperes/edromufu/src/movement/Ros2_change/install/u2d2_comm/lib/python3.10/site-packages:/home/pedrohperes/edromufu/src/movement/Ros2_change/install/movement_utils/local/lib/python3.10/dist-packages:${PYTHONPATH} /usr/bin/python3 -W ignore:setup.py install is deprecated setup.py egg_info --egg-base ../../build/u2d2_comm build --build-base /home/pedrohperes/edromufu/src/movement/Ros2_change/build/u2d2_comm/build install --record /home/pedrohperes/edromufu/src/movement/Ros2_change/build/u2d2_comm/install.log --single-version-externally-managed install_data
[1.402s] running egg_info
[1.403s] creating ../../build/u2d2_comm/u2d2_comm.egg-info
[1.403s] writing ../../build/u2d2_comm/u2d2_comm.egg-info/PKG-INFO
[1.404s] writing dependency_links to ../../build/u2d2_comm/u2d2_comm.egg-info/dependency_links.txt
[1.404s] writing entry points to ../../build/u2d2_comm/u2d2_comm.egg-info/entry_points.txt
[1.404s] writing requirements to ../../build/u2d2_comm/u2d2_comm.egg-info/requires.txt
[1.404s] writing top-level names to ../../build/u2d2_comm/u2d2_comm.egg-info/top_level.txt
[1.405s] writing manifest file '../../build/u2d2_comm/u2d2_comm.egg-info/SOURCES.txt'
[1.407s] reading manifest file '../../build/u2d2_comm/u2d2_comm.egg-info/SOURCES.txt'
[1.407s] adding license file 'LICENSE'
[1.408s] writing manifest file '../../build/u2d2_comm/u2d2_comm.egg-info/SOURCES.txt'
[1.408s] running build
[1.408s] running build_py
[1.409s] creating /home/pedrohperes/edromufu/src/movement/Ros2_change/build/u2d2_comm/build
[1.409s] creating /home/pedrohperes/edromufu/src/movement/Ros2_change/build/u2d2_comm/build/lib
[1.409s] creating /home/pedrohperes/edromufu/src/movement/Ros2_change/build/u2d2_comm/build/lib/u2d2_comm
[1.409s] copying u2d2_comm/dynamixel_sdk_comm.py -> /home/pedrohperes/edromufu/src/movement/Ros2_change/build/u2d2_comm/build/lib/u2d2_comm
[1.409s] copying u2d2_comm/dynamixel_sdk_test.py -> /home/pedrohperes/edromufu/src/movement/Ros2_change/build/u2d2_comm/build/lib/u2d2_comm
[1.410s] copying u2d2_comm/__init__.py -> /home/pedrohperes/edromufu/src/movement/Ros2_change/build/u2d2_comm/build/lib/u2d2_comm
[1.410s] running install
[1.410s] running install_lib
[1.411s] copying /home/pedrohperes/edromufu/src/movement/Ros2_change/build/u2d2_comm/build/lib/u2d2_comm/dynamixel_sdk_comm.py -> /home/pedrohperes/edromufu/src/movement/Ros2_change/install/u2d2_comm/lib/python3.10/site-packages/u2d2_comm
[1.411s] copying /home/pedrohperes/edromufu/src/movement/Ros2_change/build/u2d2_comm/build/lib/u2d2_comm/dynamixel_sdk_test.py -> /home/pedrohperes/edromufu/src/movement/Ros2_change/install/u2d2_comm/lib/python3.10/site-packages/u2d2_comm
[1.412s] copying /home/pedrohperes/edromufu/src/movement/Ros2_change/build/u2d2_comm/build/lib/u2d2_comm/__init__.py -> /home/pedrohperes/edromufu/src/movement/Ros2_change/install/u2d2_comm/lib/python3.10/site-packages/u2d2_comm
[1.412s] byte-compiling /home/pedrohperes/edromufu/src/movement/Ros2_change/install/u2d2_comm/lib/python3.10/site-packages/u2d2_comm/dynamixel_sdk_comm.py to dynamixel_sdk_comm.cpython-310.pyc
[1.414s] byte-compiling /home/pedrohperes/edromufu/src/movement/Ros2_change/install/u2d2_comm/lib/python3.10/site-packages/u2d2_comm/dynamixel_sdk_test.py to dynamixel_sdk_test.cpython-310.pyc
[1.416s] byte-compiling /home/pedrohperes/edromufu/src/movement/Ros2_change/install/u2d2_comm/lib/python3.10/site-packages/u2d2_comm/__init__.py to __init__.cpython-310.pyc
[1.416s] running install_data
[1.417s] copying resource/u2d2_comm -> /home/pedrohperes/edromufu/src/movement/Ros2_change/install/u2d2_comm/share/ament_index/resource_index/packages
[1.417s] copying package.xml -> /home/pedrohperes/edromufu/src/movement/Ros2_change/install/u2d2_comm/share/u2d2_comm
[1.417s] running install_egg_info
[1.419s] removing '/home/pedrohperes/edromufu/src/movement/Ros2_change/install/u2d2_comm/lib/python3.10/site-packages/u2d2_comm-0.0.0-py3.10.egg-info' (and everything under it)
[1.419s] Copying ../../build/u2d2_comm/u2d2_comm.egg-info to /home/pedrohperes/edromufu/src/movement/Ros2_change/install/u2d2_comm/lib/python3.10/site-packages/u2d2_comm-0.0.0-py3.10.egg-info
[1.420s] running install_scripts
[1.442s] Installing dynamixel_sdk_comm script to /home/pedrohperes/edromufu/src/movement/Ros2_change/install/u2d2_comm/lib/u2d2_comm
[1.443s] Installing dynamixel_sdk_test script to /home/pedrohperes/edromufu/src/movement/Ros2_change/install/u2d2_comm/lib/u2d2_comm
[1.443s] writing list of installed files to '/home/pedrohperes/edromufu/src/movement/Ros2_change/build/u2d2_comm/install.log'
[1.468s] Invoked command in '/home/pedrohperes/edromufu/src/movement/Ros2_change/src/u2d2_comm' returned '0': AMENT_PREFIX_PATH=/home/pedrohperes/edromufu/src/movement/Ros2_change/install/movement_utils:${AMENT_PREFIX_PATH} CMAKE_PREFIX_PATH=/home/pedrohperes/edromufu/src/movement/Ros2_change/install/movement_utils LD_LIBRARY_PATH=/home/pedrohperes/edromufu/src/movement/Ros2_change/install/movement_utils/lib:${LD_LIBRARY_PATH} PYTHONPATH=/home/pedrohperes/edromufu/src/movement/Ros2_change/build/u2d2_comm/prefix_override:/home/pedrohperes/edromufu/src/movement/Ros2_change/install/u2d2_comm/lib/python3.10/site-packages:/home/pedrohperes/edromufu/src/movement/Ros2_change/install/movement_utils/local/lib/python3.10/dist-packages:${PYTHONPATH} /usr/bin/python3 -W ignore:setup.py install is deprecated setup.py egg_info --egg-base ../../build/u2d2_comm build --build-base /home/pedrohperes/edromufu/src/movement/Ros2_change/build/u2d2_comm/build install --record /home/pedrohperes/edromufu/src/movement/Ros2_change/build/u2d2_comm/install.log --single-version-externally-managed install_data
