-- The C compiler identification is GNU 11.4.0
-- The CXX compiler identification is GNU 11.4.0
-- Detecting C compiler ABI info
-- Detecting C compiler ABI info - done
-- Check for working C compiler: /usr/bin/cc - skipped
-- Detecting C compile features
-- Detecting C compile features - done
-- Detecting CXX compiler ABI info
-- Detecting CXX compiler ABI info - done
-- Check for working CXX compiler: /usr/bin/c++ - skipped
-- Detecting CXX compile features
-- Detecting CXX compile features - done
-- Configuring done (0.5s)
-- Generating done (0.0s)
-- Build files have been written to: /home/edrom-mini/edromufu/src/movement/Ros2_change/build/tinyxml2
[ 25%] [32mBuilding CXX object CMakeFiles/tinyxml2.dir/tinyxml2.cpp.o[0m
[ 50%] [32m[1mLinking CXX static library libtinyxml2.a[0m
[ 50%] Built target tinyxml2
[ 75%] [32mBuilding CXX object CMakeFiles/xmltest.dir/xmltest.cpp.o[0m
[100%] [32m[1mLinking CXX executable xmltest[0m
[100%] Built target xmltest
-- Install configuration: ""
-- Installing: /home/edrom-mini/edromufu/src/movement/Ros2_change/install/tinyxml2/lib/libtinyxml2.a
-- Installing: /home/edrom-mini/edromufu/src/movement/Ros2_change/install/tinyxml2/lib/cmake/tinyxml2/tinyxml2-static-targets.cmake
-- Installing: /home/edrom-mini/edromufu/src/movement/Ros2_change/install/tinyxml2/lib/cmake/tinyxml2/tinyxml2-static-targets-noconfig.cmake
-- Installing: /home/edrom-mini/edromufu/src/movement/Ros2_change/install/tinyxml2/lib/cmake/tinyxml2/tinyxml2-config.cmake
-- Installing: /home/edrom-mini/edromufu/src/movement/Ros2_change/install/tinyxml2/lib/cmake/tinyxml2/tinyxml2-config-version.cmake
-- Installing: /home/edrom-mini/edromufu/src/movement/Ros2_change/install/tinyxml2/include/tinyxml2.h
-- Installing: /home/edrom-mini/edromufu/src/movement/Ros2_change/install/tinyxml2/lib/pkgconfig/tinyxml2.pc
