[0.017s] Invoking command in '/home/edrom-mini/edromufu/src/movement/Ros2_change/build/tinyxml2': /home/edrom-mini/.local/bin/cmake /home/edrom-mini/edromufu/src/movement/Ros2_change/src/micro_ros/Tinyxml2 -DCMAKE_INSTALL_PREFIX=/home/edrom-mini/edromufu/src/movement/Ros2_change/install/tinyxml2
[0.274s] -- The C compiler identification is GNU 11.4.0
[0.355s] -- The CXX compiler identification is GNU 11.4.0
[0.373s] -- Detecting C compiler ABI info
[0.452s] -- Detecting C compiler ABI info - done
[0.479s] -- Check for working C compiler: /usr/bin/cc - skipped
[0.479s] -- Detecting C compile features
[0.480s] -- Detecting C compile features - done
[0.493s] -- Detecting CXX compiler ABI info
[0.614s] -- Detecting CXX compiler ABI info - done
[0.643s] -- Check for working CXX compiler: /usr/bin/c++ - skipped
[0.643s] -- Detecting CXX compile features
[0.644s] -- Detecting CXX compile features - done
[0.655s] -- Configuring done (0.5s)
[0.679s] -- Generating done (0.0s)
[0.683s] -- Build files have been written to: /home/edrom-mini/edromufu/src/movement/Ros2_change/build/tinyxml2
[0.708s] Invoked command in '/home/edrom-mini/edromufu/src/movement/Ros2_change/build/tinyxml2' returned '0': /home/edrom-mini/.local/bin/cmake /home/edrom-mini/edromufu/src/movement/Ros2_change/src/micro_ros/Tinyxml2 -DCMAKE_INSTALL_PREFIX=/home/edrom-mini/edromufu/src/movement/Ros2_change/install/tinyxml2
[0.708s] Invoking command in '/home/edrom-mini/edromufu/src/movement/Ros2_change/build/tinyxml2': /home/edrom-mini/.local/bin/cmake --build /home/edrom-mini/edromufu/src/movement/Ros2_change/build/tinyxml2 -- -j4 -l4
[0.863s] [ 25%] [32mBuilding CXX object CMakeFiles/tinyxml2.dir/tinyxml2.cpp.o[0m
[1.641s] [ 50%] [32m[1mLinking CXX static library libtinyxml2.a[0m
[1.965s] [ 50%] Built target tinyxml2
[2.020s] [ 75%] [32mBuilding CXX object CMakeFiles/xmltest.dir/xmltest.cpp.o[0m
[2.501s] [100%] [32m[1mLinking CXX executable xmltest[0m
[2.632s] [100%] Built target xmltest
[2.687s] Invoked command in '/home/edrom-mini/edromufu/src/movement/Ros2_change/build/tinyxml2' returned '0': /home/edrom-mini/.local/bin/cmake --build /home/edrom-mini/edromufu/src/movement/Ros2_change/build/tinyxml2 -- -j4 -l4
[2.974s] Invoking command in '/home/edrom-mini/edromufu/src/movement/Ros2_change/build/tinyxml2': /home/edrom-mini/.local/bin/cmake --install /home/edrom-mini/edromufu/src/movement/Ros2_change/build/tinyxml2
[3.209s] -- Install configuration: ""
[3.209s] -- Installing: /home/edrom-mini/edromufu/src/movement/Ros2_change/install/tinyxml2/lib/libtinyxml2.a
[3.210s] -- Installing: /home/edrom-mini/edromufu/src/movement/Ros2_change/install/tinyxml2/lib/cmake/tinyxml2/tinyxml2-static-targets.cmake
[3.211s] -- Installing: /home/edrom-mini/edromufu/src/movement/Ros2_change/install/tinyxml2/lib/cmake/tinyxml2/tinyxml2-static-targets-noconfig.cmake
[3.211s] -- Installing: /home/edrom-mini/edromufu/src/movement/Ros2_change/install/tinyxml2/lib/cmake/tinyxml2/tinyxml2-config.cmake
[3.212s] -- Installing: /home/edrom-mini/edromufu/src/movement/Ros2_change/install/tinyxml2/lib/cmake/tinyxml2/tinyxml2-config-version.cmake
[3.213s] -- Installing: /home/edrom-mini/edromufu/src/movement/Ros2_change/install/tinyxml2/include/tinyxml2.h
[3.218s] -- Installing: /home/edrom-mini/edromufu/src/movement/Ros2_change/install/tinyxml2/lib/pkgconfig/tinyxml2.pc
[3.267s] Invoked command in '/home/edrom-mini/edromufu/src/movement/Ros2_change/build/tinyxml2' returned '0': /home/edrom-mini/.local/bin/cmake --install /home/edrom-mini/edromufu/src/movement/Ros2_change/build/tinyxml2
