running egg_info
creating ../../build/erro_package/erro_package.egg-info
writing ../../build/erro_package/erro_package.egg-info/PKG-INFO
writing dependency_links to ../../build/erro_package/erro_package.egg-info/dependency_links.txt
writing entry points to ../../build/erro_package/erro_package.egg-info/entry_points.txt
writing requirements to ../../build/erro_package/erro_package.egg-info/requires.txt
writing top-level names to ../../build/erro_package/erro_package.egg-info/top_level.txt
writing manifest file '../../build/erro_package/erro_package.egg-info/SOURCES.txt'
reading manifest file '../../build/erro_package/erro_package.egg-info/SOURCES.txt'
writing manifest file '../../build/erro_package/erro_package.egg-info/SOURCES.txt'
running build
running build_py
creating /home/edrom-mini/edromufu/src/movement/Ros2_change/build/erro_package/build
creating /home/edrom-mini/edromufu/src/movement/Ros2_change/build/erro_package/build/lib
creating /home/edrom-mini/edromufu/src/movement/Ros2_change/build/erro_package/build/lib/erro_package
copying erro_package/__init__.py -> /home/edrom-mini/edromufu/src/movement/Ros2_change/build/erro_package/build/lib/erro_package
copying erro_package/erro_publisher.py -> /home/edrom-mini/edromufu/src/movement/Ros2_change/build/erro_package/build/lib/erro_package
running install
running install_lib
byte-compiling /home/edrom-mini/edromufu/src/movement/Ros2_change/install/erro_package/lib/python3.10/site-packages/erro_package/__init__.py to __init__.cpython-310.pyc
byte-compiling /home/edrom-mini/edromufu/src/movement/Ros2_change/install/erro_package/lib/python3.10/site-packages/erro_package/erro_publisher.py to erro_publisher.cpython-310.pyc
running install_data
running install_egg_info
removing '/home/edrom-mini/edromufu/src/movement/Ros2_change/install/erro_package/lib/python3.10/site-packages/erro_package-0.0.0-py3.10.egg-info' (and everything under it)
Copying ../../build/erro_package/erro_package.egg-info to /home/edrom-mini/edromufu/src/movement/Ros2_change/install/erro_package/lib/python3.10/site-packages/erro_package-0.0.0-py3.10.egg-info
running install_scripts
Installing erro_publisher script to /home/edrom-mini/edromufu/src/movement/Ros2_change/install/erro_package/lib/erro_package
writing list of installed files to '/home/edrom-mini/edromufu/src/movement/Ros2_change/build/erro_package/install.log'
