[1.953s] Invoking command in '/home/pedrohperes/edromufu/src/movement/Ros2_change/src/tahara_pages': PYTHONPATH=/home/pedrohperes/edromufu/src/movement/Ros2_change/build/tahara_pages/prefix_override:/home/pedrohperes/edromufu/src/movement/Ros2_change/install/tahara_pages/lib/python3.10/site-packages:${PYTHONPATH} /usr/bin/python3 -W ignore:setup.py install is deprecated setup.py egg_info --egg-base ../../build/tahara_pages build --build-base /home/pedrohperes/edromufu/src/movement/Ros2_change/build/tahara_pages/build install --record /home/pedrohperes/edromufu/src/movement/Ros2_change/build/tahara_pages/install.log --single-version-externally-managed install_data
[2.231s] running egg_info
[2.232s] writing ../../build/tahara_pages/tahara_pages.egg-info/PKG-INFO
[2.232s] writing dependency_links to ../../build/tahara_pages/tahara_pages.egg-info/dependency_links.txt
[2.232s] writing entry points to ../../build/tahara_pages/tahara_pages.egg-info/entry_points.txt
[2.232s] writing requirements to ../../build/tahara_pages/tahara_pages.egg-info/requires.txt
[2.232s] writing top-level names to ../../build/tahara_pages/tahara_pages.egg-info/top_level.txt
[2.234s] reading manifest file '../../build/tahara_pages/tahara_pages.egg-info/SOURCES.txt'
[2.235s] writing manifest file '../../build/tahara_pages/tahara_pages.egg-info/SOURCES.txt'
[2.235s] running build
[2.235s] running build_py
[2.235s] copying tahara_pages/software.py -> /home/pedrohperes/edromufu/src/movement/Ros2_change/build/tahara_pages/build/lib/tahara_pages
[2.235s] running install
[2.236s] running install_lib
[2.236s] copying /home/pedrohperes/edromufu/src/movement/Ros2_change/build/tahara_pages/build/lib/tahara_pages/software.py -> /home/pedrohperes/edromufu/src/movement/Ros2_change/install/tahara_pages/lib/python3.10/site-packages/tahara_pages
[2.237s] byte-compiling /home/pedrohperes/edromufu/src/movement/Ros2_change/install/tahara_pages/lib/python3.10/site-packages/tahara_pages/software.py to software.cpython-310.pyc
[2.240s] running install_data
[2.240s] running install_egg_info
[2.242s] removing '/home/pedrohperes/edromufu/src/movement/Ros2_change/install/tahara_pages/lib/python3.10/site-packages/tahara_pages-0.0.0-py3.10.egg-info' (and everything under it)
[2.242s] Copying ../../build/tahara_pages/tahara_pages.egg-info to /home/pedrohperes/edromufu/src/movement/Ros2_change/install/tahara_pages/lib/python3.10/site-packages/tahara_pages-0.0.0-py3.10.egg-info
[2.243s] running install_scripts
[2.263s] Installing page_runner script to /home/pedrohperes/edromufu/src/movement/Ros2_change/install/tahara_pages/lib/tahara_pages
[2.263s] Installing software_pages script to /home/pedrohperes/edromufu/src/movement/Ros2_change/install/tahara_pages/lib/tahara_pages
[2.263s] writing list of installed files to '/home/pedrohperes/edromufu/src/movement/Ros2_change/build/tahara_pages/install.log'
[2.312s] Invoked command in '/home/pedrohperes/edromufu/src/movement/Ros2_change/src/tahara_pages' returned '0': PYTHONPATH=/home/pedrohperes/edromufu/src/movement/Ros2_change/build/tahara_pages/prefix_override:/home/pedrohperes/edromufu/src/movement/Ros2_change/install/tahara_pages/lib/python3.10/site-packages:${PYTHONPATH} /usr/bin/python3 -W ignore:setup.py install is deprecated setup.py egg_info --egg-base ../../build/tahara_pages build --build-base /home/pedrohperes/edromufu/src/movement/Ros2_change/build/tahara_pages/build install --record /home/pedrohperes/edromufu/src/movement/Ros2_change/build/tahara_pages/install.log --single-version-externally-managed install_data
