[0.654s] Invoking command in '/home/edrom-mini/edromufu/src/movement/PID_codes/src/pot_package': PYTHONPATH=/home/edrom-mini/edromufu/src/movement/PID_codes/build/pot_package/prefix_override:/home/edrom-mini/edromufu/src/movement/PID_codes/install/pot_package/lib/python3.10/site-packages:${PYTHONPATH} /usr/bin/python3 -W ignore:setup.py install is deprecated setup.py egg_info --egg-base ../../build/pot_package build --build-base /home/edrom-mini/edromufu/src/movement/PID_codes/build/pot_package/build install --record /home/edrom-mini/edromufu/src/movement/PID_codes/build/pot_package/install.log --single-version-externally-managed install_data
[0.936s] running egg_info
[0.937s] writing ../../build/pot_package/pot_package.egg-info/PKG-INFO
[0.938s] writing dependency_links to ../../build/pot_package/pot_package.egg-info/dependency_links.txt
[0.938s] writing entry points to ../../build/pot_package/pot_package.egg-info/entry_points.txt
[0.938s] writing requirements to ../../build/pot_package/pot_package.egg-info/requires.txt
[0.939s] writing top-level names to ../../build/pot_package/pot_package.egg-info/top_level.txt
[0.942s] reading manifest file '../../build/pot_package/pot_package.egg-info/SOURCES.txt'
[0.944s] writing manifest file '../../build/pot_package/pot_package.egg-info/SOURCES.txt'
[0.944s] running build
[0.944s] running build_py
[0.945s] copying pot_package/pot_values_publisher.py -> /home/edrom-mini/edromufu/src/movement/PID_codes/build/pot_package/build/lib/pot_package
[0.946s] running install
[0.947s] running install_lib
[0.948s] copying /home/edrom-mini/edromufu/src/movement/PID_codes/build/pot_package/build/lib/pot_package/pot_values_publisher.py -> /home/edrom-mini/edromufu/src/movement/PID_codes/install/pot_package/lib/python3.10/site-packages/pot_package
[0.948s] byte-compiling /home/edrom-mini/edromufu/src/movement/PID_codes/install/pot_package/lib/python3.10/site-packages/pot_package/pot_values_publisher.py to pot_values_publisher.cpython-310.pyc
[0.949s] running install_data
[0.950s] running install_egg_info
[0.956s] removing '/home/edrom-mini/edromufu/src/movement/PID_codes/install/pot_package/lib/python3.10/site-packages/pot_package-0.0.0-py3.10.egg-info' (and everything under it)
[0.958s] Copying ../../build/pot_package/pot_package.egg-info to /home/edrom-mini/edromufu/src/movement/PID_codes/install/pot_package/lib/python3.10/site-packages/pot_package-0.0.0-py3.10.egg-info
[0.962s] running install_scripts
[0.989s] Installing pot_values_publisher script to /home/edrom-mini/edromufu/src/movement/PID_codes/install/pot_package/lib/pot_package
[0.990s] writing list of installed files to '/home/edrom-mini/edromufu/src/movement/PID_codes/build/pot_package/install.log'
[1.035s] Invoked command in '/home/edrom-mini/edromufu/src/movement/PID_codes/src/pot_package' returned '0': PYTHONPATH=/home/edrom-mini/edromufu/src/movement/PID_codes/build/pot_package/prefix_override:/home/edrom-mini/edromufu/src/movement/PID_codes/install/pot_package/lib/python3.10/site-packages:${PYTHONPATH} /usr/bin/python3 -W ignore:setup.py install is deprecated setup.py egg_info --egg-base ../../build/pot_package build --build-base /home/edrom-mini/edromufu/src/movement/PID_codes/build/pot_package/build install --record /home/edrom-mini/edromufu/src/movement/PID_codes/build/pot_package/install.log --single-version-externally-managed install_data
