[1.057s] Invoking command in '/home/edrom-mini/edromufu/src/movement/Ros2_change/src/erro_package': PYTHONPATH=/home/edrom-mini/edromufu/src/movement/Ros2_change/build/erro_package/prefix_override:/home/edrom-mini/edromufu/src/movement/Ros2_change/install/erro_package/lib/python3.10/site-packages:${PYTHONPATH} /usr/bin/python3 -W ignore:setup.py install is deprecated setup.py egg_info --egg-base ../../build/erro_package build --build-base /home/edrom-mini/edromufu/src/movement/Ros2_change/build/erro_package/build install --record /home/edrom-mini/edromufu/src/movement/Ros2_change/build/erro_package/install.log --single-version-externally-managed install_data
[1.400s] running egg_info
[1.401s] writing ../../build/erro_package/erro_package.egg-info/PKG-INFO
[1.402s] writing dependency_links to ../../build/erro_package/erro_package.egg-info/dependency_links.txt
[1.403s] writing entry points to ../../build/erro_package/erro_package.egg-info/entry_points.txt
[1.403s] writing requirements to ../../build/erro_package/erro_package.egg-info/requires.txt
[1.403s] writing top-level names to ../../build/erro_package/erro_package.egg-info/top_level.txt
[1.405s] reading manifest file '../../build/erro_package/erro_package.egg-info/SOURCES.txt'
[1.406s] writing manifest file '../../build/erro_package/erro_package.egg-info/SOURCES.txt'
[1.406s] running build
[1.406s] running build_py
[1.407s] copying erro_package/erro_publisher.py -> /home/edrom-mini/edromufu/src/movement/Ros2_change/build/erro_package/build/lib/erro_package
[1.408s] running install
[1.408s] running install_lib
[1.410s] byte-compiling /home/edrom-mini/edromufu/src/movement/Ros2_change/install/erro_package/lib/python3.10/site-packages/erro_package/erro_publisher.py to erro_publisher.cpython-310.pyc
[1.411s] running install_data
[1.411s] running install_egg_info
[1.415s] removing '/home/edrom-mini/edromufu/src/movement/Ros2_change/install/erro_package/lib/python3.10/site-packages/erro_package-0.0.0-py3.10.egg-info' (and everything under it)
[1.415s] Copying ../../build/erro_package/erro_package.egg-info to /home/edrom-mini/edromufu/src/movement/Ros2_change/install/erro_package/lib/python3.10/site-packages/erro_package-0.0.0-py3.10.egg-info
[1.417s] running install_scripts
[1.443s] Installing erro_publisher script to /home/edrom-mini/edromufu/src/movement/Ros2_change/install/erro_package/lib/erro_package
[1.443s] writing list of installed files to '/home/edrom-mini/edromufu/src/movement/Ros2_change/build/erro_package/install.log'
[1.581s] Invoked command in '/home/edrom-mini/edromufu/src/movement/Ros2_change/src/erro_package' returned '0': PYTHONPATH=/home/edrom-mini/edromufu/src/movement/Ros2_change/build/erro_package/prefix_override:/home/edrom-mini/edromufu/src/movement/Ros2_change/install/erro_package/lib/python3.10/site-packages:${PYTHONPATH} /usr/bin/python3 -W ignore:setup.py install is deprecated setup.py egg_info --egg-base ../../build/erro_package build --build-base /home/edrom-mini/edromufu/src/movement/Ros2_change/build/erro_package/build install --record /home/edrom-mini/edromufu/src/movement/Ros2_change/build/erro_package/install.log --single-version-externally-managed install_data
