[0.784s] Invoking command in '/home/pedrohperes/edromufu/src/movement/Ros2_change/src/movement_core': AMENT_PREFIX_PATH=/home/pedrohperes/edromufu/src/movement/Ros2_change/src/install/movement_pages:/home/pedrohperes/edromufu/src/movement/Ros2_change/src/install/movement_functions:/home/pedrohperes/edromufu/src/movement/Ros2_change/src/install/humanoid_definition:/home/pedrohperes/edromufu/src/movement/Ros2_change/src/install/movement_utils:/home/pedrohperes/edromufu/src/movement/Ros2_change/src/install/kinematic_functions:${AMENT_PREFIX_PATH} CMAKE_PREFIX_PATH=/home/pedrohperes/edromufu/src/movement/Ros2_change/src/install/movement_utils:${CMAKE_PREFIX_PATH} LD_LIBRARY_PATH=/home/pedrohperes/edromufu/src/movement/Ros2_change/src/install/movement_utils/lib:${LD_LIBRARY_PATH} PYTHONPATH=/home/pedrohperes/edromufu/src/movement/Ros2_change/src/build/movement_core/prefix_override:/home/pedrohperes/edromufu/src/movement/Ros2_change/src/install/movement_core/lib/python3.10/site-packages:/home/pedrohperes/edromufu/src/movement/Ros2_change/src/install/movement_pages/lib/python3.10/site-packages:/home/pedrohperes/edromufu/src/movement/Ros2_change/src/install/movement_functions/lib/python3.10/site-packages:/home/pedrohperes/edromufu/src/movement/Ros2_change/src/install/humanoid_definition/lib/python3.10/site-packages:/home/pedrohperes/edromufu/src/movement/Ros2_change/src/install/movement_utils/local/lib/python3.10/dist-packages:/home/pedrohperes/edromufu/src/movement/Ros2_change/src/install/kinematic_functions/lib/python3.10/site-packages:${PYTHONPATH} /usr/bin/python3 -W ignore:setup.py install is deprecated setup.py egg_info --egg-base ../build/movement_core build --build-base /home/pedrohperes/edromufu/src/movement/Ros2_change/src/build/movement_core/build install --record /home/pedrohperes/edromufu/src/movement/Ros2_change/src/build/movement_core/install.log --single-version-externally-managed install_data
[1.060s] running egg_info
[1.060s] writing ../build/movement_core/movement_core.egg-info/PKG-INFO
[1.061s] writing dependency_links to ../build/movement_core/movement_core.egg-info/dependency_links.txt
[1.061s] writing entry points to ../build/movement_core/movement_core.egg-info/entry_points.txt
[1.061s] writing requirements to ../build/movement_core/movement_core.egg-info/requires.txt
[1.061s] writing top-level names to ../build/movement_core/movement_core.egg-info/top_level.txt
[1.063s] reading manifest file '../build/movement_core/movement_core.egg-info/SOURCES.txt'
[1.064s] writing manifest file '../build/movement_core/movement_core.egg-info/SOURCES.txt'
[1.064s] running build
[1.064s] running build_py
[1.064s] running install
[1.064s] running install_lib
[1.066s] running install_data
[1.066s] running install_egg_info
[1.067s] removing '/home/pedrohperes/edromufu/src/movement/Ros2_change/src/install/movement_core/lib/python3.10/site-packages/movement_core-0.0.0-py3.10.egg-info' (and everything under it)
[1.068s] Copying ../build/movement_core/movement_core.egg-info to /home/pedrohperes/edromufu/src/movement/Ros2_change/src/install/movement_core/lib/python3.10/site-packages/movement_core-0.0.0-py3.10.egg-info
[1.068s] running install_scripts
[1.088s] Installing core script to /home/pedrohperes/edromufu/src/movement/Ros2_change/src/install/movement_core/lib/movement_core
[1.088s] Installing core_head script to /home/pedrohperes/edromufu/src/movement/Ros2_change/src/install/movement_core/lib/movement_core
[1.088s] Installing teste script to /home/pedrohperes/edromufu/src/movement/Ros2_change/src/install/movement_core/lib/movement_core
[1.089s] writing list of installed files to '/home/pedrohperes/edromufu/src/movement/Ros2_change/src/build/movement_core/install.log'
[1.106s] Invoked command in '/home/pedrohperes/edromufu/src/movement/Ros2_change/src/movement_core' returned '0': AMENT_PREFIX_PATH=/home/pedrohperes/edromufu/src/movement/Ros2_change/src/install/movement_pages:/home/pedrohperes/edromufu/src/movement/Ros2_change/src/install/movement_functions:/home/pedrohperes/edromufu/src/movement/Ros2_change/src/install/humanoid_definition:/home/pedrohperes/edromufu/src/movement/Ros2_change/src/install/movement_utils:/home/pedrohperes/edromufu/src/movement/Ros2_change/src/install/kinematic_functions:${AMENT_PREFIX_PATH} CMAKE_PREFIX_PATH=/home/pedrohperes/edromufu/src/movement/Ros2_change/src/install/movement_utils:${CMAKE_PREFIX_PATH} LD_LIBRARY_PATH=/home/pedrohperes/edromufu/src/movement/Ros2_change/src/install/movement_utils/lib:${LD_LIBRARY_PATH} PYTHONPATH=/home/pedrohperes/edromufu/src/movement/Ros2_change/src/build/movement_core/prefix_override:/home/pedrohperes/edromufu/src/movement/Ros2_change/src/install/movement_core/lib/python3.10/site-packages:/home/pedrohperes/edromufu/src/movement/Ros2_change/src/install/movement_pages/lib/python3.10/site-packages:/home/pedrohperes/edromufu/src/movement/Ros2_change/src/install/movement_functions/lib/python3.10/site-packages:/home/pedrohperes/edromufu/src/movement/Ros2_change/src/install/humanoid_definition/lib/python3.10/site-packages:/home/pedrohperes/edromufu/src/movement/Ros2_change/src/install/movement_utils/local/lib/python3.10/dist-packages:/home/pedrohperes/edromufu/src/movement/Ros2_change/src/install/kinematic_functions/lib/python3.10/site-packages:${PYTHONPATH} /usr/bin/python3 -W ignore:setup.py install is deprecated setup.py egg_info --egg-base ../build/movement_core build --build-base /home/pedrohperes/edromufu/src/movement/Ros2_change/src/build/movement_core/build install --record /home/pedrohperes/edromufu/src/movement/Ros2_change/src/build/movement_core/install.log --single-version-externally-managed install_data
