[1.250s] Invoking command in '/home/edrom-mini/edromufu/src/movement/Ros2_change/src/humanoid_definition': AMENT_PREFIX_PATH=/home/edrom-mini/edromufu/src/movement/Ros2_change/install/kinematic_functions:${AMENT_PREFIX_PATH} PYTHONPATH=/home/edrom-mini/edromufu/src/movement/Ros2_change/build/humanoid_definition/prefix_override:/home/edrom-mini/edromufu/src/movement/Ros2_change/install/humanoid_definition/lib/python3.10/site-packages:/home/edrom-mini/edromufu/src/movement/Ros2_change/install/kinematic_functions/lib/python3.10/site-packages:${PYTHONPATH} /usr/bin/python3 -W ignore:setup.py install is deprecated setup.py egg_info --egg-base ../../build/humanoid_definition build --build-base /home/edrom-mini/edromufu/src/movement/Ros2_change/build/humanoid_definition/build install --record /home/edrom-mini/edromufu/src/movement/Ros2_change/build/humanoid_definition/install.log --single-version-externally-managed install_data
[1.580s] running egg_info
[1.581s] writing ../../build/humanoid_definition/humanoid_definition.egg-info/PKG-INFO
[1.584s] writing dependency_links to ../../build/humanoid_definition/humanoid_definition.egg-info/dependency_links.txt
[1.584s] writing entry points to ../../build/humanoid_definition/humanoid_definition.egg-info/entry_points.txt
[1.584s] writing requirements to ../../build/humanoid_definition/humanoid_definition.egg-info/requires.txt
[1.584s] writing top-level names to ../../build/humanoid_definition/humanoid_definition.egg-info/top_level.txt
[1.585s] reading manifest file '../../build/humanoid_definition/humanoid_definition.egg-info/SOURCES.txt'
[1.586s] writing manifest file '../../build/humanoid_definition/humanoid_definition.egg-info/SOURCES.txt'
[1.586s] running build
[1.586s] running build_py
[1.588s] running install
[1.594s] running install_lib
[1.595s] running install_data
[1.595s] running install_egg_info
[1.595s] removing '/home/edrom-mini/edromufu/src/movement/Ros2_change/install/humanoid_definition/lib/python3.10/site-packages/humanoid_definition-0.0.0-py3.10.egg-info' (and everything under it)
[1.595s] Copying ../../build/humanoid_definition/humanoid_definition.egg-info to /home/edrom-mini/edromufu/src/movement/Ros2_change/install/humanoid_definition/lib/python3.10/site-packages/humanoid_definition-0.0.0-py3.10.egg-info
[1.600s] running install_scripts
[1.626s] writing list of installed files to '/home/edrom-mini/edromufu/src/movement/Ros2_change/build/humanoid_definition/install.log'
[1.676s] Invoked command in '/home/edrom-mini/edromufu/src/movement/Ros2_change/src/humanoid_definition' returned '0': AMENT_PREFIX_PATH=/home/edrom-mini/edromufu/src/movement/Ros2_change/install/kinematic_functions:${AMENT_PREFIX_PATH} PYTHONPATH=/home/edrom-mini/edromufu/src/movement/Ros2_change/build/humanoid_definition/prefix_override:/home/edrom-mini/edromufu/src/movement/Ros2_change/install/humanoid_definition/lib/python3.10/site-packages:/home/edrom-mini/edromufu/src/movement/Ros2_change/install/kinematic_functions/lib/python3.10/site-packages:${PYTHONPATH} /usr/bin/python3 -W ignore:setup.py install is deprecated setup.py egg_info --egg-base ../../build/humanoid_definition build --build-base /home/edrom-mini/edromufu/src/movement/Ros2_change/build/humanoid_definition/build install --record /home/edrom-mini/edromufu/src/movement/Ros2_change/build/humanoid_definition/install.log --single-version-externally-managed install_data
