[0.228s] Invoking command in '/home/paulo/edromufu/src/movement/Ros2_change/build/micro_ros_msgs': CMAKE_PREFIX_PATH=${CMAKE_PREFIX_PATH}:/home/paulo/micros/install/micro_publisher:/opt/ros/humble /usr/bin/cmake --build /home/paulo/edromufu/src/movement/Ros2_change/build/micro_ros_msgs -- -j12 -l12
[0.645s] [  2%] Built target micro_ros_msgs__cpp
[0.645s] [ 12%] Built target micro_ros_msgs__rosidl_generator_c
[0.645s] [ 12%] Built target ament_cmake_python_copy_micro_ros_msgs
[0.646s] [ 14%] [32mBuilding CXX object CMakeFiles/micro_ros_msgs__rosidl_typesupport_cpp.dir/rosidl_typesupport_cpp/micro_ros_msgs/msg/graph__type_support.cpp.o[0m
[0.646s] [ 17%] [32mBuilding CXX object CMakeFiles/micro_ros_msgs__rosidl_typesupport_introspection_cpp.dir/rosidl_typesupport_introspection_cpp/micro_ros_msgs/msg/detail/graph__type_support.cpp.o[0m
[0.646s] [ 19%] [32mBuilding CXX object CMakeFiles/micro_ros_msgs__rosidl_typesupport_fastrtps_cpp.dir/rosidl_typesupport_fastrtps_cpp/micro_ros_msgs/msg/detail/dds_fastrtps/graph__type_support.cpp.o[0m
[0.646s] [ 23%] [32mBuilding CXX object CMakeFiles/micro_ros_msgs__rosidl_typesupport_fastrtps_cpp.dir/rosidl_typesupport_fastrtps_cpp/micro_ros_msgs/msg/detail/dds_fastrtps/entity__type_support.cpp.o[0m
[0.646s] [ 23%] [32mBuilding CXX object CMakeFiles/micro_ros_msgs__rosidl_typesupport_cpp.dir/rosidl_typesupport_cpp/micro_ros_msgs/msg/node__type_support.cpp.o[0m
[0.653s] [ 25%] [32mBuilding CXX object CMakeFiles/micro_ros_msgs__rosidl_typesupport_introspection_cpp.dir/rosidl_typesupport_introspection_cpp/micro_ros_msgs/msg/detail/node__type_support.cpp.o[0m
[0.654s] [ 36%] Built target micro_ros_msgs__rosidl_typesupport_c
[0.654s] [ 46%] [32mBuilding CXX object CMakeFiles/micro_ros_msgs__rosidl_typesupport_introspection_cpp.dir/rosidl_typesupport_introspection_cpp/micro_ros_msgs/msg/detail/entity__type_support.cpp.o[0m
[0.654s] [ 48%] [32mBuilding CXX object CMakeFiles/micro_ros_msgs__rosidl_typesupport_fastrtps_cpp.dir/rosidl_typesupport_fastrtps_cpp/micro_ros_msgs/msg/detail/dds_fastrtps/node__type_support.cpp.o[0m
[0.654s] [ 51%] Built target micro_ros_msgs__rosidl_typesupport_introspection_c
[0.654s] [ 53%] [32mBuilding CXX object CMakeFiles/micro_ros_msgs__rosidl_typesupport_fastrtps_c.dir/rosidl_typesupport_fastrtps_c/micro_ros_msgs/msg/detail/graph__type_support_c.cpp.o[0m
[0.654s] [ 55%] [32mBuilding CXX object CMakeFiles/micro_ros_msgs__rosidl_typesupport_fastrtps_c.dir/rosidl_typesupport_fastrtps_c/micro_ros_msgs/msg/detail/node__type_support_c.cpp.o[0m
[0.654s] [ 57%] [32mBuilding CXX object CMakeFiles/micro_ros_msgs__rosidl_typesupport_cpp.dir/rosidl_typesupport_cpp/micro_ros_msgs/msg/entity__type_support.cpp.o[0m
[1.046s] running egg_info
[1.048s] writing micro_ros_msgs.egg-info/PKG-INFO
[1.048s] writing dependency_links to micro_ros_msgs.egg-info/dependency_links.txt
[1.049s] writing top-level names to micro_ros_msgs.egg-info/top_level.txt
[1.067s] reading manifest file 'micro_ros_msgs.egg-info/SOURCES.txt'
[1.067s] writing manifest file 'micro_ros_msgs.egg-info/SOURCES.txt'
[1.225s] [ 57%] Built target ament_cmake_python_build_micro_ros_msgs_egg
[1.256s] [ 59%] [32mBuilding CXX object CMakeFiles/micro_ros_msgs__rosidl_typesupport_fastrtps_c.dir/rosidl_typesupport_fastrtps_c/micro_ros_msgs/msg/detail/entity__type_support_c.cpp.o[0m
[1.574s] [ 61%] [32m[1mLinking CXX shared library libmicro_ros_msgs__rosidl_typesupport_cpp.so[0m
[1.762s] [ 63%] Built target micro_ros_msgs__rosidl_typesupport_cpp
[1.860s] [ 65%] [32m[1mLinking CXX shared library libmicro_ros_msgs__rosidl_typesupport_fastrtps_cpp.so[0m
[1.863s] [ 68%] [32m[1mLinking CXX shared library libmicro_ros_msgs__rosidl_typesupport_fastrtps_c.so[0m
[2.016s] [ 70%] Built target micro_ros_msgs__rosidl_typesupport_fastrtps_c
[2.018s] [ 72%] Built target micro_ros_msgs__rosidl_typesupport_fastrtps_cpp
[2.151s] [ 74%] [32m[1mLinking CXX shared library libmicro_ros_msgs__rosidl_typesupport_introspection_cpp.so[0m
[2.254s] [ 76%] Built target micro_ros_msgs__rosidl_typesupport_introspection_cpp
[2.291s] [ 76%] Built target micro_ros_msgs
[2.334s] [ 78%] Built target micro_ros_msgs__py
[2.372s] [ 87%] Built target micro_ros_msgs__rosidl_generator_py
[2.405s] [ 91%] Built target micro_ros_msgs__rosidl_typesupport_introspection_c__pyext
[2.406s] [ 93%] [32m[1mLinking C shared library rosidl_generator_py/micro_ros_msgs/micro_ros_msgs_s__rosidl_typesupport_fastrtps_c.cpython-310-x86_64-linux-gnu.so[0m
[2.407s] [ 97%] Built target micro_ros_msgs__rosidl_typesupport_c__pyext
[2.453s] [100%] Built target micro_ros_msgs__rosidl_typesupport_fastrtps_c__pyext
[2.469s] Invoked command in '/home/paulo/edromufu/src/movement/Ros2_change/build/micro_ros_msgs' returned '0': CMAKE_PREFIX_PATH=${CMAKE_PREFIX_PATH}:/home/paulo/micros/install/micro_publisher:/opt/ros/humble /usr/bin/cmake --build /home/paulo/edromufu/src/movement/Ros2_change/build/micro_ros_msgs -- -j12 -l12
[2.594s] Invoking command in '/home/paulo/edromufu/src/movement/Ros2_change/build/micro_ros_msgs': CMAKE_PREFIX_PATH=${CMAKE_PREFIX_PATH}:/home/paulo/micros/install/micro_publisher:/opt/ros/humble /usr/bin/cmake --install /home/paulo/edromufu/src/movement/Ros2_change/build/micro_ros_msgs
[2.603s] -- Install configuration: ""
[2.603s] -- Installing: /home/paulo/edromufu/src/movement/Ros2_change/install/micro_ros_msgs/share/ament_index/resource_index/rosidl_interfaces/micro_ros_msgs
[2.604s] -- Installing: /home/paulo/edromufu/src/movement/Ros2_change/install/micro_ros_msgs/include/micro_ros_msgs/micro_ros_msgs
[2.604s] -- Installing: /home/paulo/edromufu/src/movement/Ros2_change/install/micro_ros_msgs/include/micro_ros_msgs/micro_ros_msgs/msg
[2.604s] -- Installing: /home/paulo/edromufu/src/movement/Ros2_change/install/micro_ros_msgs/include/micro_ros_msgs/micro_ros_msgs/msg/graph.h
[2.604s] -- Installing: /home/paulo/edromufu/src/movement/Ros2_change/install/micro_ros_msgs/include/micro_ros_msgs/micro_ros_msgs/msg/entity.h
[2.605s] -- Installing: /home/paulo/edromufu/src/movement/Ros2_change/install/micro_ros_msgs/include/micro_ros_msgs/micro_ros_msgs/msg/rosidl_generator_c__visibility_control.h
[2.605s] -- Installing: /home/paulo/edromufu/src/movement/Ros2_change/install/micro_ros_msgs/include/micro_ros_msgs/micro_ros_msgs/msg/detail
[2.605s] -- Installing: /home/paulo/edromufu/src/movement/Ros2_change/install/micro_ros_msgs/include/micro_ros_msgs/micro_ros_msgs/msg/detail/node__type_support.h
[2.605s] -- Installing: /home/paulo/edromufu/src/movement/Ros2_change/install/micro_ros_msgs/include/micro_ros_msgs/micro_ros_msgs/msg/detail/graph__type_support.h
[2.605s] -- Installing: /home/paulo/edromufu/src/movement/Ros2_change/install/micro_ros_msgs/include/micro_ros_msgs/micro_ros_msgs/msg/detail/graph__struct.h
[2.605s] -- Installing: /home/paulo/edromufu/src/movement/Ros2_change/install/micro_ros_msgs/include/micro_ros_msgs/micro_ros_msgs/msg/detail/node__functions.c
[2.606s] -- Installing: /home/paulo/edromufu/src/movement/Ros2_change/install/micro_ros_msgs/include/micro_ros_msgs/micro_ros_msgs/msg/detail/graph__functions.c
[2.606s] -- Installing: /home/paulo/edromufu/src/movement/Ros2_change/install/micro_ros_msgs/include/micro_ros_msgs/micro_ros_msgs/msg/detail/entity__functions.h
[2.606s] -- Installing: /home/paulo/edromufu/src/movement/Ros2_change/install/micro_ros_msgs/include/micro_ros_msgs/micro_ros_msgs/msg/detail/entity__struct.h
[2.606s] -- Installing: /home/paulo/edromufu/src/movement/Ros2_change/install/micro_ros_msgs/include/micro_ros_msgs/micro_ros_msgs/msg/detail/entity__type_support.h
[2.607s] -- Installing: /home/paulo/edromufu/src/movement/Ros2_change/install/micro_ros_msgs/include/micro_ros_msgs/micro_ros_msgs/msg/detail/entity__functions.c
[2.607s] -- Installing: /home/paulo/edromufu/src/movement/Ros2_change/install/micro_ros_msgs/include/micro_ros_msgs/micro_ros_msgs/msg/detail/node__struct.h
[2.607s] -- Installing: /home/paulo/edromufu/src/movement/Ros2_change/install/micro_ros_msgs/include/micro_ros_msgs/micro_ros_msgs/msg/detail/graph__functions.h
[2.607s] -- Installing: /home/paulo/edromufu/src/movement/Ros2_change/install/micro_ros_msgs/include/micro_ros_msgs/micro_ros_msgs/msg/detail/node__functions.h
[2.607s] -- Installing: /home/paulo/edromufu/src/movement/Ros2_change/install/micro_ros_msgs/include/micro_ros_msgs/micro_ros_msgs/msg/node.h
[2.608s] -- Installing: /home/paulo/edromufu/src/movement/Ros2_change/install/micro_ros_msgs/share/micro_ros_msgs/environment/library_path.sh
[2.608s] -- Installing: /home/paulo/edromufu/src/movement/Ros2_change/install/micro_ros_msgs/share/micro_ros_msgs/environment/library_path.dsv
[2.608s] -- Installing: /home/paulo/edromufu/src/movement/Ros2_change/install/micro_ros_msgs/lib/libmicro_ros_msgs__rosidl_generator_c.so
[2.609s] -- Set runtime path of "/home/paulo/edromufu/src/movement/Ros2_change/install/micro_ros_msgs/lib/libmicro_ros_msgs__rosidl_generator_c.so" to ""
[2.610s] -- Up-to-date: /home/paulo/edromufu/src/movement/Ros2_change/install/micro_ros_msgs/include/micro_ros_msgs/micro_ros_msgs
[2.610s] -- Up-to-date: /home/paulo/edromufu/src/movement/Ros2_change/install/micro_ros_msgs/include/micro_ros_msgs/micro_ros_msgs/msg
[2.610s] -- Installing: /home/paulo/edromufu/src/movement/Ros2_change/install/micro_ros_msgs/include/micro_ros_msgs/micro_ros_msgs/msg/rosidl_typesupport_fastrtps_c__visibility_control.h
[2.611s] -- Up-to-date: /home/paulo/edromufu/src/movement/Ros2_change/install/micro_ros_msgs/include/micro_ros_msgs/micro_ros_msgs/msg/detail
[2.611s] -- Installing: /home/paulo/edromufu/src/movement/Ros2_change/install/micro_ros_msgs/include/micro_ros_msgs/micro_ros_msgs/msg/detail/graph__rosidl_typesupport_fastrtps_c.h
[2.611s] -- Installing: /home/paulo/edromufu/src/movement/Ros2_change/install/micro_ros_msgs/include/micro_ros_msgs/micro_ros_msgs/msg/detail/node__rosidl_typesupport_fastrtps_c.h
[2.611s] -- Installing: /home/paulo/edromufu/src/movement/Ros2_change/install/micro_ros_msgs/include/micro_ros_msgs/micro_ros_msgs/msg/detail/entity__rosidl_typesupport_fastrtps_c.h
[2.611s] -- Installing: /home/paulo/edromufu/src/movement/Ros2_change/install/micro_ros_msgs/lib/libmicro_ros_msgs__rosidl_typesupport_fastrtps_c.so
[2.611s] -- Set runtime path of "/home/paulo/edromufu/src/movement/Ros2_change/install/micro_ros_msgs/lib/libmicro_ros_msgs__rosidl_typesupport_fastrtps_c.so" to ""
[2.611s] -- Up-to-date: /home/paulo/edromufu/src/movement/Ros2_change/install/micro_ros_msgs/include/micro_ros_msgs/micro_ros_msgs
[2.611s] -- Up-to-date: /home/paulo/edromufu/src/movement/Ros2_change/install/micro_ros_msgs/include/micro_ros_msgs/micro_ros_msgs/msg
[2.612s] -- Installing: /home/paulo/edromufu/src/movement/Ros2_change/install/micro_ros_msgs/include/micro_ros_msgs/micro_ros_msgs/msg/rosidl_typesupport_introspection_c__visibility_control.h
[2.612s] -- Up-to-date: /home/paulo/edromufu/src/movement/Ros2_change/install/micro_ros_msgs/include/micro_ros_msgs/micro_ros_msgs/msg/detail
[2.612s] -- Installing: /home/paulo/edromufu/src/movement/Ros2_change/install/micro_ros_msgs/include/micro_ros_msgs/micro_ros_msgs/msg/detail/entity__type_support.c
[2.612s] -- Installing: /home/paulo/edromufu/src/movement/Ros2_change/install/micro_ros_msgs/include/micro_ros_msgs/micro_ros_msgs/msg/detail/entity__rosidl_typesupport_introspection_c.h
[2.612s] -- Installing: /home/paulo/edromufu/src/movement/Ros2_change/install/micro_ros_msgs/include/micro_ros_msgs/micro_ros_msgs/msg/detail/graph__rosidl_typesupport_introspection_c.h
[2.612s] -- Installing: /home/paulo/edromufu/src/movement/Ros2_change/install/micro_ros_msgs/include/micro_ros_msgs/micro_ros_msgs/msg/detail/node__type_support.c
[2.612s] -- Installing: /home/paulo/edromufu/src/movement/Ros2_change/install/micro_ros_msgs/include/micro_ros_msgs/micro_ros_msgs/msg/detail/graph__type_support.c
[2.612s] -- Installing: /home/paulo/edromufu/src/movement/Ros2_change/install/micro_ros_msgs/include/micro_ros_msgs/micro_ros_msgs/msg/detail/node__rosidl_typesupport_introspection_c.h
[2.613s] -- Installing: /home/paulo/edromufu/src/movement/Ros2_change/install/micro_ros_msgs/lib/libmicro_ros_msgs__rosidl_typesupport_introspection_c.so
[2.613s] -- Set runtime path of "/home/paulo/edromufu/src/movement/Ros2_change/install/micro_ros_msgs/lib/libmicro_ros_msgs__rosidl_typesupport_introspection_c.so" to ""
[2.613s] -- Installing: /home/paulo/edromufu/src/movement/Ros2_change/install/micro_ros_msgs/lib/libmicro_ros_msgs__rosidl_typesupport_c.so
[2.613s] -- Set runtime path of "/home/paulo/edromufu/src/movement/Ros2_change/install/micro_ros_msgs/lib/libmicro_ros_msgs__rosidl_typesupport_c.so" to ""
[2.613s] -- Up-to-date: /home/paulo/edromufu/src/movement/Ros2_change/install/micro_ros_msgs/include/micro_ros_msgs/micro_ros_msgs
[2.613s] -- Up-to-date: /home/paulo/edromufu/src/movement/Ros2_change/install/micro_ros_msgs/include/micro_ros_msgs/micro_ros_msgs/msg
[2.613s] -- Installing: /home/paulo/edromufu/src/movement/Ros2_change/install/micro_ros_msgs/include/micro_ros_msgs/micro_ros_msgs/msg/entity.hpp
[2.613s] -- Installing: /home/paulo/edromufu/src/movement/Ros2_change/install/micro_ros_msgs/include/micro_ros_msgs/micro_ros_msgs/msg/node.hpp
[2.613s] -- Up-to-date: /home/paulo/edromufu/src/movement/Ros2_change/install/micro_ros_msgs/include/micro_ros_msgs/micro_ros_msgs/msg/detail
[2.613s] -- Installing: /home/paulo/edromufu/src/movement/Ros2_change/install/micro_ros_msgs/include/micro_ros_msgs/micro_ros_msgs/msg/detail/node__traits.hpp
[2.614s] -- Installing: /home/paulo/edromufu/src/movement/Ros2_change/install/micro_ros_msgs/include/micro_ros_msgs/micro_ros_msgs/msg/detail/entity__struct.hpp
[2.614s] -- Installing: /home/paulo/edromufu/src/movement/Ros2_change/install/micro_ros_msgs/include/micro_ros_msgs/micro_ros_msgs/msg/detail/entity__builder.hpp
[2.614s] -- Installing: /home/paulo/edromufu/src/movement/Ros2_change/install/micro_ros_msgs/include/micro_ros_msgs/micro_ros_msgs/msg/detail/graph__builder.hpp
[2.614s] -- Installing: /home/paulo/edromufu/src/movement/Ros2_change/install/micro_ros_msgs/include/micro_ros_msgs/micro_ros_msgs/msg/detail/graph__traits.hpp
[2.614s] -- Installing: /home/paulo/edromufu/src/movement/Ros2_change/install/micro_ros_msgs/include/micro_ros_msgs/micro_ros_msgs/msg/detail/node__builder.hpp
[2.614s] -- Installing: /home/paulo/edromufu/src/movement/Ros2_change/install/micro_ros_msgs/include/micro_ros_msgs/micro_ros_msgs/msg/detail/node__struct.hpp
[2.614s] -- Installing: /home/paulo/edromufu/src/movement/Ros2_change/install/micro_ros_msgs/include/micro_ros_msgs/micro_ros_msgs/msg/detail/graph__struct.hpp
[2.614s] -- Installing: /home/paulo/edromufu/src/movement/Ros2_change/install/micro_ros_msgs/include/micro_ros_msgs/micro_ros_msgs/msg/detail/entity__traits.hpp
[2.615s] -- Installing: /home/paulo/edromufu/src/movement/Ros2_change/install/micro_ros_msgs/include/micro_ros_msgs/micro_ros_msgs/msg/graph.hpp
[2.615s] -- Up-to-date: /home/paulo/edromufu/src/movement/Ros2_change/install/micro_ros_msgs/include/micro_ros_msgs/micro_ros_msgs
[2.615s] -- Up-to-date: /home/paulo/edromufu/src/movement/Ros2_change/install/micro_ros_msgs/include/micro_ros_msgs/micro_ros_msgs/msg
[2.615s] -- Installing: /home/paulo/edromufu/src/movement/Ros2_change/install/micro_ros_msgs/include/micro_ros_msgs/micro_ros_msgs/msg/rosidl_typesupport_fastrtps_cpp__visibility_control.h
[2.615s] -- Up-to-date: /home/paulo/edromufu/src/movement/Ros2_change/install/micro_ros_msgs/include/micro_ros_msgs/micro_ros_msgs/msg/detail
[2.615s] -- Installing: /home/paulo/edromufu/src/movement/Ros2_change/install/micro_ros_msgs/include/micro_ros_msgs/micro_ros_msgs/msg/detail/dds_fastrtps
[2.615s] -- Installing: /home/paulo/edromufu/src/movement/Ros2_change/install/micro_ros_msgs/include/micro_ros_msgs/micro_ros_msgs/msg/detail/graph__rosidl_typesupport_fastrtps_cpp.hpp
[2.616s] -- Installing: /home/paulo/edromufu/src/movement/Ros2_change/install/micro_ros_msgs/include/micro_ros_msgs/micro_ros_msgs/msg/detail/node__rosidl_typesupport_fastrtps_cpp.hpp
[2.616s] -- Installing: /home/paulo/edromufu/src/movement/Ros2_change/install/micro_ros_msgs/include/micro_ros_msgs/micro_ros_msgs/msg/detail/entity__rosidl_typesupport_fastrtps_cpp.hpp
[2.616s] -- Installing: /home/paulo/edromufu/src/movement/Ros2_change/install/micro_ros_msgs/lib/libmicro_ros_msgs__rosidl_typesupport_fastrtps_cpp.so
[2.616s] -- Set runtime path of "/home/paulo/edromufu/src/movement/Ros2_change/install/micro_ros_msgs/lib/libmicro_ros_msgs__rosidl_typesupport_fastrtps_cpp.so" to ""
[2.616s] -- Up-to-date: /home/paulo/edromufu/src/movement/Ros2_change/install/micro_ros_msgs/include/micro_ros_msgs/micro_ros_msgs
[2.617s] -- Up-to-date: /home/paulo/edromufu/src/movement/Ros2_change/install/micro_ros_msgs/include/micro_ros_msgs/micro_ros_msgs/msg
[2.617s] -- Up-to-date: /home/paulo/edromufu/src/movement/Ros2_change/install/micro_ros_msgs/include/micro_ros_msgs/micro_ros_msgs/msg/detail
[2.617s] -- Installing: /home/paulo/edromufu/src/movement/Ros2_change/install/micro_ros_msgs/include/micro_ros_msgs/micro_ros_msgs/msg/detail/graph__type_support.cpp
[2.617s] -- Installing: /home/paulo/edromufu/src/movement/Ros2_change/install/micro_ros_msgs/include/micro_ros_msgs/micro_ros_msgs/msg/detail/graph__rosidl_typesupport_introspection_cpp.hpp
[2.617s] -- Installing: /home/paulo/edromufu/src/movement/Ros2_change/install/micro_ros_msgs/include/micro_ros_msgs/micro_ros_msgs/msg/detail/entity__rosidl_typesupport_introspection_cpp.hpp
[2.618s] -- Installing: /home/paulo/edromufu/src/movement/Ros2_change/install/micro_ros_msgs/include/micro_ros_msgs/micro_ros_msgs/msg/detail/node__type_support.cpp
[2.618s] -- Installing: /home/paulo/edromufu/src/movement/Ros2_change/install/micro_ros_msgs/include/micro_ros_msgs/micro_ros_msgs/msg/detail/entity__type_support.cpp
[2.618s] -- Installing: /home/paulo/edromufu/src/movement/Ros2_change/install/micro_ros_msgs/include/micro_ros_msgs/micro_ros_msgs/msg/detail/node__rosidl_typesupport_introspection_cpp.hpp
[2.618s] -- Installing: /home/paulo/edromufu/src/movement/Ros2_change/install/micro_ros_msgs/lib/libmicro_ros_msgs__rosidl_typesupport_introspection_cpp.so
[2.618s] -- Set runtime path of "/home/paulo/edromufu/src/movement/Ros2_change/install/micro_ros_msgs/lib/libmicro_ros_msgs__rosidl_typesupport_introspection_cpp.so" to ""
[2.618s] -- Installing: /home/paulo/edromufu/src/movement/Ros2_change/install/micro_ros_msgs/lib/libmicro_ros_msgs__rosidl_typesupport_cpp.so
[2.618s] -- Set runtime path of "/home/paulo/edromufu/src/movement/Ros2_change/install/micro_ros_msgs/lib/libmicro_ros_msgs__rosidl_typesupport_cpp.so" to ""
[2.618s] -- Installing: /home/paulo/edromufu/src/movement/Ros2_change/install/micro_ros_msgs/share/micro_ros_msgs/environment/pythonpath.sh
[2.619s] -- Installing: /home/paulo/edromufu/src/movement/Ros2_change/install/micro_ros_msgs/share/micro_ros_msgs/environment/pythonpath.dsv
[2.619s] -- Installing: /home/paulo/edromufu/src/movement/Ros2_change/install/micro_ros_msgs/local/lib/python3.10/dist-packages/micro_ros_msgs-3.0.1-py3.10.egg-info
[2.619s] -- Installing: /home/paulo/edromufu/src/movement/Ros2_change/install/micro_ros_msgs/local/lib/python3.10/dist-packages/micro_ros_msgs-3.0.1-py3.10.egg-info/top_level.txt
[2.619s] -- Installing: /home/paulo/edromufu/src/movement/Ros2_change/install/micro_ros_msgs/local/lib/python3.10/dist-packages/micro_ros_msgs-3.0.1-py3.10.egg-info/PKG-INFO
[2.619s] -- Installing: /home/paulo/edromufu/src/movement/Ros2_change/install/micro_ros_msgs/local/lib/python3.10/dist-packages/micro_ros_msgs-3.0.1-py3.10.egg-info/SOURCES.txt
[2.620s] -- Installing: /home/paulo/edromufu/src/movement/Ros2_change/install/micro_ros_msgs/local/lib/python3.10/dist-packages/micro_ros_msgs-3.0.1-py3.10.egg-info/dependency_links.txt
[2.622s] -- Installing: /home/paulo/edromufu/src/movement/Ros2_change/install/micro_ros_msgs/local/lib/python3.10/dist-packages/micro_ros_msgs
[2.622s] -- Installing: /home/paulo/edromufu/src/movement/Ros2_change/install/micro_ros_msgs/local/lib/python3.10/dist-packages/micro_ros_msgs/__init__.py
[2.622s] -- Installing: /home/paulo/edromufu/src/movement/Ros2_change/install/micro_ros_msgs/local/lib/python3.10/dist-packages/micro_ros_msgs/msg
[2.622s] -- Installing: /home/paulo/edromufu/src/movement/Ros2_change/install/micro_ros_msgs/local/lib/python3.10/dist-packages/micro_ros_msgs/msg/__init__.py
[2.622s] -- Installing: /home/paulo/edromufu/src/movement/Ros2_change/install/micro_ros_msgs/local/lib/python3.10/dist-packages/micro_ros_msgs/msg/_graph.py
[2.623s] -- Installing: /home/paulo/edromufu/src/movement/Ros2_change/install/micro_ros_msgs/local/lib/python3.10/dist-packages/micro_ros_msgs/msg/_node_s.c
[2.623s] -- Installing: /home/paulo/edromufu/src/movement/Ros2_change/install/micro_ros_msgs/local/lib/python3.10/dist-packages/micro_ros_msgs/msg/_entity_s.c
[2.623s] -- Installing: /home/paulo/edromufu/src/movement/Ros2_change/install/micro_ros_msgs/local/lib/python3.10/dist-packages/micro_ros_msgs/msg/_graph_s.c
[2.623s] -- Installing: /home/paulo/edromufu/src/movement/Ros2_change/install/micro_ros_msgs/local/lib/python3.10/dist-packages/micro_ros_msgs/msg/_entity.py
[2.623s] -- Installing: /home/paulo/edromufu/src/movement/Ros2_change/install/micro_ros_msgs/local/lib/python3.10/dist-packages/micro_ros_msgs/msg/_node.py
[2.623s] -- Installing: /home/paulo/edromufu/src/movement/Ros2_change/install/micro_ros_msgs/local/lib/python3.10/dist-packages/micro_ros_msgs/micro_ros_msgs_s__rosidl_typesupport_c.cpython-310-x86_64-linux-gnu.so
[2.623s] -- Installing: /home/paulo/edromufu/src/movement/Ros2_change/install/micro_ros_msgs/local/lib/python3.10/dist-packages/micro_ros_msgs/micro_ros_msgs_s__rosidl_typesupport_fastrtps_c.cpython-310-x86_64-linux-gnu.so
[2.624s] -- Installing: /home/paulo/edromufu/src/movement/Ros2_change/install/micro_ros_msgs/local/lib/python3.10/dist-packages/micro_ros_msgs/_micro_ros_msgs_s.ep.rosidl_typesupport_fastrtps_c.c
[2.624s] -- Installing: /home/paulo/edromufu/src/movement/Ros2_change/install/micro_ros_msgs/local/lib/python3.10/dist-packages/micro_ros_msgs/_micro_ros_msgs_s.ep.rosidl_typesupport_c.c
[2.624s] -- Installing: /home/paulo/edromufu/src/movement/Ros2_change/install/micro_ros_msgs/local/lib/python3.10/dist-packages/micro_ros_msgs/_micro_ros_msgs_s.ep.rosidl_typesupport_introspection_c.c
[2.624s] -- Installing: /home/paulo/edromufu/src/movement/Ros2_change/install/micro_ros_msgs/local/lib/python3.10/dist-packages/micro_ros_msgs/libmicro_ros_msgs__rosidl_generator_py.so
[2.624s] -- Installing: /home/paulo/edromufu/src/movement/Ros2_change/install/micro_ros_msgs/local/lib/python3.10/dist-packages/micro_ros_msgs/micro_ros_msgs_s__rosidl_typesupport_introspection_c.cpython-310-x86_64-linux-gnu.so
[2.669s] Listing '/home/paulo/edromufu/src/movement/Ros2_change/install/micro_ros_msgs/local/lib/python3.10/dist-packages/micro_ros_msgs'...
[2.669s] Compiling '/home/paulo/edromufu/src/movement/Ros2_change/install/micro_ros_msgs/local/lib/python3.10/dist-packages/micro_ros_msgs/__init__.py'...
[2.669s] Listing '/home/paulo/edromufu/src/movement/Ros2_change/install/micro_ros_msgs/local/lib/python3.10/dist-packages/micro_ros_msgs/msg'...
[2.669s] Compiling '/home/paulo/edromufu/src/movement/Ros2_change/install/micro_ros_msgs/local/lib/python3.10/dist-packages/micro_ros_msgs/msg/__init__.py'...
[2.669s] Compiling '/home/paulo/edromufu/src/movement/Ros2_change/install/micro_ros_msgs/local/lib/python3.10/dist-packages/micro_ros_msgs/msg/_entity.py'...
[2.670s] Compiling '/home/paulo/edromufu/src/movement/Ros2_change/install/micro_ros_msgs/local/lib/python3.10/dist-packages/micro_ros_msgs/msg/_graph.py'...
[2.670s] Compiling '/home/paulo/edromufu/src/movement/Ros2_change/install/micro_ros_msgs/local/lib/python3.10/dist-packages/micro_ros_msgs/msg/_node.py'...
[2.675s] -- Installing: /home/paulo/edromufu/src/movement/Ros2_change/install/micro_ros_msgs/local/lib/python3.10/dist-packages/micro_ros_msgs/micro_ros_msgs_s__rosidl_typesupport_fastrtps_c.cpython-310-x86_64-linux-gnu.so
[2.675s] -- Set runtime path of "/home/paulo/edromufu/src/movement/Ros2_change/install/micro_ros_msgs/local/lib/python3.10/dist-packages/micro_ros_msgs/micro_ros_msgs_s__rosidl_typesupport_fastrtps_c.cpython-310-x86_64-linux-gnu.so" to ""
[2.675s] -- Installing: /home/paulo/edromufu/src/movement/Ros2_change/install/micro_ros_msgs/local/lib/python3.10/dist-packages/micro_ros_msgs/micro_ros_msgs_s__rosidl_typesupport_introspection_c.cpython-310-x86_64-linux-gnu.so
[2.675s] -- Set runtime path of "/home/paulo/edromufu/src/movement/Ros2_change/install/micro_ros_msgs/local/lib/python3.10/dist-packages/micro_ros_msgs/micro_ros_msgs_s__rosidl_typesupport_introspection_c.cpython-310-x86_64-linux-gnu.so" to ""
[2.676s] -- Installing: /home/paulo/edromufu/src/movement/Ros2_change/install/micro_ros_msgs/local/lib/python3.10/dist-packages/micro_ros_msgs/micro_ros_msgs_s__rosidl_typesupport_c.cpython-310-x86_64-linux-gnu.so
[2.676s] -- Set runtime path of "/home/paulo/edromufu/src/movement/Ros2_change/install/micro_ros_msgs/local/lib/python3.10/dist-packages/micro_ros_msgs/micro_ros_msgs_s__rosidl_typesupport_c.cpython-310-x86_64-linux-gnu.so" to ""
[2.676s] -- Installing: /home/paulo/edromufu/src/movement/Ros2_change/install/micro_ros_msgs/lib/libmicro_ros_msgs__rosidl_generator_py.so
[2.676s] -- Set runtime path of "/home/paulo/edromufu/src/movement/Ros2_change/install/micro_ros_msgs/lib/libmicro_ros_msgs__rosidl_generator_py.so" to ""
[2.676s] -- Installing: /home/paulo/edromufu/src/movement/Ros2_change/install/micro_ros_msgs/share/micro_ros_msgs/msg/Graph.idl
[2.677s] -- Installing: /home/paulo/edromufu/src/movement/Ros2_change/install/micro_ros_msgs/share/micro_ros_msgs/msg/Node.idl
[2.677s] -- Installing: /home/paulo/edromufu/src/movement/Ros2_change/install/micro_ros_msgs/share/micro_ros_msgs/msg/Entity.idl
[2.677s] -- Installing: /home/paulo/edromufu/src/movement/Ros2_change/install/micro_ros_msgs/share/micro_ros_msgs/msg/Graph.msg
[2.677s] -- Installing: /home/paulo/edromufu/src/movement/Ros2_change/install/micro_ros_msgs/share/micro_ros_msgs/msg/Node.msg
[2.677s] -- Installing: /home/paulo/edromufu/src/movement/Ros2_change/install/micro_ros_msgs/share/micro_ros_msgs/msg/Entity.msg
[2.677s] -- Installing: /home/paulo/edromufu/src/movement/Ros2_change/install/micro_ros_msgs/share/ament_index/resource_index/package_run_dependencies/micro_ros_msgs
[2.677s] -- Installing: /home/paulo/edromufu/src/movement/Ros2_change/install/micro_ros_msgs/share/ament_index/resource_index/parent_prefix_path/micro_ros_msgs
[2.678s] -- Installing: /home/paulo/edromufu/src/movement/Ros2_change/install/micro_ros_msgs/share/micro_ros_msgs/environment/ament_prefix_path.sh
[2.678s] -- Installing: /home/paulo/edromufu/src/movement/Ros2_change/install/micro_ros_msgs/share/micro_ros_msgs/environment/ament_prefix_path.dsv
[2.678s] -- Installing: /home/paulo/edromufu/src/movement/Ros2_change/install/micro_ros_msgs/share/micro_ros_msgs/environment/path.sh
[2.678s] -- Installing: /home/paulo/edromufu/src/movement/Ros2_change/install/micro_ros_msgs/share/micro_ros_msgs/environment/path.dsv
[2.678s] -- Installing: /home/paulo/edromufu/src/movement/Ros2_change/install/micro_ros_msgs/share/micro_ros_msgs/local_setup.bash
[2.678s] -- Installing: /home/paulo/edromufu/src/movement/Ros2_change/install/micro_ros_msgs/share/micro_ros_msgs/local_setup.sh
[2.678s] -- Installing: /home/paulo/edromufu/src/movement/Ros2_change/install/micro_ros_msgs/share/micro_ros_msgs/local_setup.zsh
[2.678s] -- Installing: /home/paulo/edromufu/src/movement/Ros2_change/install/micro_ros_msgs/share/micro_ros_msgs/local_setup.dsv
[2.678s] -- Installing: /home/paulo/edromufu/src/movement/Ros2_change/install/micro_ros_msgs/share/micro_ros_msgs/package.dsv
[2.678s] -- Installing: /home/paulo/edromufu/src/movement/Ros2_change/install/micro_ros_msgs/share/ament_index/resource_index/packages/micro_ros_msgs
[2.678s] -- Installing: /home/paulo/edromufu/src/movement/Ros2_change/install/micro_ros_msgs/share/micro_ros_msgs/cmake/export_micro_ros_msgs__rosidl_generator_cExport.cmake
[2.679s] -- Installing: /home/paulo/edromufu/src/movement/Ros2_change/install/micro_ros_msgs/share/micro_ros_msgs/cmake/export_micro_ros_msgs__rosidl_generator_cExport-noconfig.cmake
[2.679s] -- Installing: /home/paulo/edromufu/src/movement/Ros2_change/install/micro_ros_msgs/share/micro_ros_msgs/cmake/export_micro_ros_msgs__rosidl_typesupport_fastrtps_cExport.cmake
[2.679s] -- Installing: /home/paulo/edromufu/src/movement/Ros2_change/install/micro_ros_msgs/share/micro_ros_msgs/cmake/export_micro_ros_msgs__rosidl_typesupport_fastrtps_cExport-noconfig.cmake
[2.679s] -- Installing: /home/paulo/edromufu/src/movement/Ros2_change/install/micro_ros_msgs/share/micro_ros_msgs/cmake/micro_ros_msgs__rosidl_typesupport_introspection_cExport.cmake
[2.679s] -- Installing: /home/paulo/edromufu/src/movement/Ros2_change/install/micro_ros_msgs/share/micro_ros_msgs/cmake/micro_ros_msgs__rosidl_typesupport_introspection_cExport-noconfig.cmake
[2.679s] -- Installing: /home/paulo/edromufu/src/movement/Ros2_change/install/micro_ros_msgs/share/micro_ros_msgs/cmake/micro_ros_msgs__rosidl_typesupport_cExport.cmake
[2.679s] -- Installing: /home/paulo/edromufu/src/movement/Ros2_change/install/micro_ros_msgs/share/micro_ros_msgs/cmake/micro_ros_msgs__rosidl_typesupport_cExport-noconfig.cmake
[2.679s] -- Installing: /home/paulo/edromufu/src/movement/Ros2_change/install/micro_ros_msgs/share/micro_ros_msgs/cmake/export_micro_ros_msgs__rosidl_generator_cppExport.cmake
[2.679s] -- Installing: /home/paulo/edromufu/src/movement/Ros2_change/install/micro_ros_msgs/share/micro_ros_msgs/cmake/export_micro_ros_msgs__rosidl_typesupport_fastrtps_cppExport.cmake
[2.679s] -- Installing: /home/paulo/edromufu/src/movement/Ros2_change/install/micro_ros_msgs/share/micro_ros_msgs/cmake/export_micro_ros_msgs__rosidl_typesupport_fastrtps_cppExport-noconfig.cmake
[2.679s] -- Installing: /home/paulo/edromufu/src/movement/Ros2_change/install/micro_ros_msgs/share/micro_ros_msgs/cmake/micro_ros_msgs__rosidl_typesupport_introspection_cppExport.cmake
[2.680s] -- Installing: /home/paulo/edromufu/src/movement/Ros2_change/install/micro_ros_msgs/share/micro_ros_msgs/cmake/micro_ros_msgs__rosidl_typesupport_introspection_cppExport-noconfig.cmake
[2.680s] -- Installing: /home/paulo/edromufu/src/movement/Ros2_change/install/micro_ros_msgs/share/micro_ros_msgs/cmake/micro_ros_msgs__rosidl_typesupport_cppExport.cmake
[2.680s] -- Installing: /home/paulo/edromufu/src/movement/Ros2_change/install/micro_ros_msgs/share/micro_ros_msgs/cmake/micro_ros_msgs__rosidl_typesupport_cppExport-noconfig.cmake
[2.680s] -- Installing: /home/paulo/edromufu/src/movement/Ros2_change/install/micro_ros_msgs/share/micro_ros_msgs/cmake/export_micro_ros_msgs__rosidl_generator_pyExport.cmake
[2.680s] -- Installing: /home/paulo/edromufu/src/movement/Ros2_change/install/micro_ros_msgs/share/micro_ros_msgs/cmake/export_micro_ros_msgs__rosidl_generator_pyExport-noconfig.cmake
[2.680s] -- Installing: /home/paulo/edromufu/src/movement/Ros2_change/install/micro_ros_msgs/share/micro_ros_msgs/cmake/rosidl_cmake-extras.cmake
[2.680s] -- Installing: /home/paulo/edromufu/src/movement/Ros2_change/install/micro_ros_msgs/share/micro_ros_msgs/cmake/ament_cmake_export_include_directories-extras.cmake
[2.680s] -- Installing: /home/paulo/edromufu/src/movement/Ros2_change/install/micro_ros_msgs/share/micro_ros_msgs/cmake/ament_cmake_export_libraries-extras.cmake
[2.680s] -- Installing: /home/paulo/edromufu/src/movement/Ros2_change/install/micro_ros_msgs/share/micro_ros_msgs/cmake/ament_cmake_export_targets-extras.cmake
[2.680s] -- Installing: /home/paulo/edromufu/src/movement/Ros2_change/install/micro_ros_msgs/share/micro_ros_msgs/cmake/rosidl_cmake_export_typesupport_targets-extras.cmake
[2.680s] -- Installing: /home/paulo/edromufu/src/movement/Ros2_change/install/micro_ros_msgs/share/micro_ros_msgs/cmake/ament_cmake_export_dependencies-extras.cmake
[2.680s] -- Installing: /home/paulo/edromufu/src/movement/Ros2_change/install/micro_ros_msgs/share/micro_ros_msgs/cmake/rosidl_cmake_export_typesupport_libraries-extras.cmake
[2.681s] -- Installing: /home/paulo/edromufu/src/movement/Ros2_change/install/micro_ros_msgs/share/micro_ros_msgs/cmake/micro_ros_msgsConfig.cmake
[2.681s] -- Installing: /home/paulo/edromufu/src/movement/Ros2_change/install/micro_ros_msgs/share/micro_ros_msgs/cmake/micro_ros_msgsConfig-version.cmake
[2.681s] -- Installing: /home/paulo/edromufu/src/movement/Ros2_change/install/micro_ros_msgs/share/micro_ros_msgs/package.xml
[3.662s] Invoked command in '/home/paulo/edromufu/src/movement/Ros2_change/build/micro_ros_msgs' returned '0': CMAKE_PREFIX_PATH=${CMAKE_PREFIX_PATH}:/home/paulo/micros/install/micro_publisher:/opt/ros/humble /usr/bin/cmake --install /home/paulo/edromufu/src/movement/Ros2_change/build/micro_ros_msgs
