[0.578s] Invoking command in '/home/vtr_caixeta/edromufu/src/behaviour/build/bhv_independent_simulator': PYTHONPATH=/home/vtr_caixeta/edromufu/src/behaviour/build/bhv_independent_simulator/prefix_override:/usr/lib/python3/dist-packages/colcon_core/task/python/colcon_distutils_commands:/home/vtr_caixeta/edromufu/src/behaviour/install/bhv_independent_simulator/lib/python3.10/site-packages:${PYTHONPATH} /usr/bin/python3 -W ignore:setup.py install is deprecated -W ignore:easy_install command is deprecated setup.py develop --editable --build-directory /home/vtr_caixeta/edromufu/src/behaviour/build/bhv_independent_simulator/build --no-deps symlink_data
[0.812s] running develop
[0.972s] running egg_info
[0.973s] writing bhv_independent_simulator.egg-info/PKG-INFO
[0.973s] writing dependency_links to bhv_independent_simulator.egg-info/dependency_links.txt
[0.973s] writing entry points to bhv_independent_simulator.egg-info/entry_points.txt
[0.973s] writing requirements to bhv_independent_simulator.egg-info/requires.txt
[0.973s] writing top-level names to bhv_independent_simulator.egg-info/top_level.txt
[0.975s] reading manifest file 'bhv_independent_simulator.egg-info/SOURCES.txt'
[0.976s] writing manifest file 'bhv_independent_simulator.egg-info/SOURCES.txt'
[0.977s] running build_ext
[0.977s] Creating /home/vtr_caixeta/edromufu/src/behaviour/install/bhv_independent_simulator/lib/python3.10/site-packages/bhv-independent-simulator.egg-link (link to .)
[0.978s] Installing bhv_sim script to /home/vtr_caixeta/edromufu/src/behaviour/install/bhv_independent_simulator/bin
[0.979s] Installing bhv_sim script to /home/vtr_caixeta/edromufu/src/behaviour/install/bhv_independent_simulator/bin
[0.979s] 
[0.979s] Installed /home/vtr_caixeta/edromufu/src/behaviour/build/bhv_independent_simulator
[0.980s] running symlink_data
[0.980s] symbolically linking /home/vtr_caixeta/edromufu/src/behaviour/build/bhv_independent_simulator/resource/bhv_independent_simulator -> /home/vtr_caixeta/edromufu/src/behaviour/install/bhv_independent_simulator/share/ament_index/resource_index/packages
[0.980s] error: [Errno 17] File exists: '/home/vtr_caixeta/edromufu/src/behaviour/build/bhv_independent_simulator/resource/bhv_independent_simulator' -> '/home/vtr_caixeta/edromufu/src/behaviour/install/bhv_independent_simulator/share/ament_index/resource_index/packages/bhv_independent_simulator'
[1.007s] Invoked command in '/home/vtr_caixeta/edromufu/src/behaviour/build/bhv_independent_simulator' returned '1': PYTHONPATH=/home/vtr_caixeta/edromufu/src/behaviour/build/bhv_independent_simulator/prefix_override:/usr/lib/python3/dist-packages/colcon_core/task/python/colcon_distutils_commands:/home/vtr_caixeta/edromufu/src/behaviour/install/bhv_independent_simulator/lib/python3.10/site-packages:${PYTHONPATH} /usr/bin/python3 -W ignore:setup.py install is deprecated -W ignore:easy_install command is deprecated setup.py develop --editable --build-directory /home/vtr_caixeta/edromufu/src/behaviour/build/bhv_independent_simulator/build --no-deps symlink_data
