[2.099s] Invoking command in '/home/paulo/edromufu/src/movement/Ros2_change/src/micro_ros/micro_publisher': PYTHONPATH=/home/paulo/edromufu/src/movement/Ros2_change/build/micro_publisher/prefix_override:/usr/lib/python3/dist-packages/colcon_core/task/python/colcon_distutils_commands:/home/paulo/edromufu/src/movement/Ros2_change/install/micro_publisher/lib/python3.10/site-packages:${PYTHONPATH} /usr/bin/python3 -W ignore:setup.py install is deprecated setup.py egg_info --egg-base ../../../build/micro_publisher build --build-base /home/paulo/edromufu/src/movement/Ros2_change/build/micro_publisher/build install --record /home/paulo/edromufu/src/movement/Ros2_change/build/micro_publisher/install.log --single-version-externally-managed install_data
[2.389s] running egg_info
[2.390s] writing ../../../build/micro_publisher/micro_publisher.egg-info/PKG-INFO
[2.391s] writing dependency_links to ../../../build/micro_publisher/micro_publisher.egg-info/dependency_links.txt
[2.391s] writing entry points to ../../../build/micro_publisher/micro_publisher.egg-info/entry_points.txt
[2.391s] writing requirements to ../../../build/micro_publisher/micro_publisher.egg-info/requires.txt
[2.391s] writing top-level names to ../../../build/micro_publisher/micro_publisher.egg-info/top_level.txt
[2.398s] reading manifest file '../../../build/micro_publisher/micro_publisher.egg-info/SOURCES.txt'
[2.399s] writing manifest file '../../../build/micro_publisher/micro_publisher.egg-info/SOURCES.txt'
[2.399s] running build
[2.399s] running build_py
[2.399s] copying micro_publisher/__init__.py -> /home/paulo/edromufu/src/movement/Ros2_change/build/micro_publisher/build/lib/micro_publisher
[2.399s] copying micro_publisher/pub_to_esp.py -> /home/paulo/edromufu/src/movement/Ros2_change/build/micro_publisher/build/lib/micro_publisher
[2.399s] running install
[2.400s] running install_lib
[2.400s] creating /home/paulo/edromufu/src/movement/Ros2_change/install/micro_publisher/lib/python3.10/site-packages/micro_publisher
[2.401s] copying /home/paulo/edromufu/src/movement/Ros2_change/build/micro_publisher/build/lib/micro_publisher/__init__.py -> /home/paulo/edromufu/src/movement/Ros2_change/install/micro_publisher/lib/python3.10/site-packages/micro_publisher
[2.401s] copying /home/paulo/edromufu/src/movement/Ros2_change/build/micro_publisher/build/lib/micro_publisher/pub_to_esp.py -> /home/paulo/edromufu/src/movement/Ros2_change/install/micro_publisher/lib/python3.10/site-packages/micro_publisher
[2.402s] byte-compiling /home/paulo/edromufu/src/movement/Ros2_change/install/micro_publisher/lib/python3.10/site-packages/micro_publisher/__init__.py to __init__.cpython-310.pyc
[2.402s] byte-compiling /home/paulo/edromufu/src/movement/Ros2_change/install/micro_publisher/lib/python3.10/site-packages/micro_publisher/pub_to_esp.py to pub_to_esp.cpython-310.pyc
[2.403s] running install_data
[2.404s] creating /home/paulo/edromufu/src/movement/Ros2_change/install/micro_publisher/share/ament_index
[2.404s] creating /home/paulo/edromufu/src/movement/Ros2_change/install/micro_publisher/share/ament_index/resource_index
[2.404s] creating /home/paulo/edromufu/src/movement/Ros2_change/install/micro_publisher/share/ament_index/resource_index/packages
[2.404s] copying resource/micro_publisher -> /home/paulo/edromufu/src/movement/Ros2_change/install/micro_publisher/share/ament_index/resource_index/packages
[2.404s] copying package.xml -> /home/paulo/edromufu/src/movement/Ros2_change/install/micro_publisher/share/micro_publisher
[2.404s] running install_egg_info
[2.406s] Copying ../../../build/micro_publisher/micro_publisher.egg-info to /home/paulo/edromufu/src/movement/Ros2_change/install/micro_publisher/lib/python3.10/site-packages/micro_publisher-0.0.0-py3.10.egg-info
[2.407s] running install_scripts
[2.433s] Installing pub_to_esp script to /home/paulo/edromufu/src/movement/Ros2_change/install/micro_publisher/lib/micro_publisher
[2.434s] writing list of installed files to '/home/paulo/edromufu/src/movement/Ros2_change/build/micro_publisher/install.log'
[2.474s] Invoked command in '/home/paulo/edromufu/src/movement/Ros2_change/src/micro_ros/micro_publisher' returned '0': PYTHONPATH=/home/paulo/edromufu/src/movement/Ros2_change/build/micro_publisher/prefix_override:/usr/lib/python3/dist-packages/colcon_core/task/python/colcon_distutils_commands:/home/paulo/edromufu/src/movement/Ros2_change/install/micro_publisher/lib/python3.10/site-packages:${PYTHONPATH} /usr/bin/python3 -W ignore:setup.py install is deprecated setup.py egg_info --egg-base ../../../build/micro_publisher build --build-base /home/paulo/edromufu/src/movement/Ros2_change/build/micro_publisher/build install --record /home/paulo/edromufu/src/movement/Ros2_change/build/micro_publisher/install.log --single-version-externally-managed install_data
