[0.622s] Invoking command in '/home/pedrohperes/edromufu/src/movement/Ros2_change/src/build/humanoid_visualization': CMAKE_PREFIX_PATH=${CMAKE_PREFIX_PATH}:/home/pedrohperes/edromufu/src/movement/Ros2_change/install/u2d2_comm:/home/pedrohperes/edromufu/src/movement/Ros2_change/install/tahara_pages:/home/pedrohperes/edromufu/src/movement/Ros2_change/install/pot_package:/home/pedrohperes/edromufu/src/movement/Ros2_change/install/movement_core:/home/pedrohperes/edromufu/src/movement/Ros2_change/install/movement_pages:/home/pedrohperes/edromufu/src/movement/Ros2_change/install/movement_functions:/home/pedrohperes/edromufu/src/movement/Ros2_change/install/humanoid_definition:/home/pedrohperes/edromufu/src/movement/Ros2_change/install/kinematic_functions:/home/pedrohperes/edromufu/src/movement/Ros2_change/install/erro_package:/opt/ros/humble /usr/bin/cmake /home/pedrohperes/edromufu/src/movement/Ros2_change/src/humanoid_visualization -DCMAKE_INSTALL_PREFIX=/home/pedrohperes/edromufu/src/movement/Ros2_change/src/install/humanoid_visualization
[0.937s] -- The C compiler identification is GNU 11.4.0
[0.937s] -- The CXX compiler identification is GNU 11.4.0
[0.937s] -- Detecting C compiler ABI info
[0.937s] -- Detecting C compiler ABI info - done
[0.937s] -- Check for working C compiler: /usr/bin/cc - skipped
[0.937s] -- Detecting C compile features
[0.937s] -- Detecting C compile features - done
[0.938s] -- Detecting CXX compiler ABI info
[0.938s] -- Detecting CXX compiler ABI info - done
[0.938s] -- Check for working CXX compiler: /usr/bin/c++ - skipped
[0.938s] -- Detecting CXX compile features
[0.938s] -- Detecting CXX compile features - done
[0.938s] -- Found ament_cmake: 1.3.8 (/opt/ros/humble/share/ament_cmake/cmake)
[1.070s] -- Found Python3: /usr/bin/python3 (found version "3.10.12") found components: Interpreter 
[1.203s] -- Found ament_lint_auto: 0.12.10 (/opt/ros/humble/share/ament_lint_auto/cmake)
[1.324s] -- Added test 'flake8' to check Python code syntax and style conventions
[1.325s] -- Added test 'lint_cmake' to check CMake code style
[1.326s] -- Added test 'pep257' to check Python code against some of the docstring style conventions in PEP 257
[1.328s] -- Added test 'xmllint' to check XML markup files
[1.330s] -- Configuring done
[1.334s] -- Generating done
[1.336s] -- Build files have been written to: /home/pedrohperes/edromufu/src/movement/Ros2_change/src/build/humanoid_visualization
[1.341s] Invoked command in '/home/pedrohperes/edromufu/src/movement/Ros2_change/src/build/humanoid_visualization' returned '0': CMAKE_PREFIX_PATH=${CMAKE_PREFIX_PATH}:/home/pedrohperes/edromufu/src/movement/Ros2_change/install/u2d2_comm:/home/pedrohperes/edromufu/src/movement/Ros2_change/install/tahara_pages:/home/pedrohperes/edromufu/src/movement/Ros2_change/install/pot_package:/home/pedrohperes/edromufu/src/movement/Ros2_change/install/movement_core:/home/pedrohperes/edromufu/src/movement/Ros2_change/install/movement_pages:/home/pedrohperes/edromufu/src/movement/Ros2_change/install/movement_functions:/home/pedrohperes/edromufu/src/movement/Ros2_change/install/humanoid_definition:/home/pedrohperes/edromufu/src/movement/Ros2_change/install/kinematic_functions:/home/pedrohperes/edromufu/src/movement/Ros2_change/install/erro_package:/opt/ros/humble /usr/bin/cmake /home/pedrohperes/edromufu/src/movement/Ros2_change/src/humanoid_visualization -DCMAKE_INSTALL_PREFIX=/home/pedrohperes/edromufu/src/movement/Ros2_change/src/install/humanoid_visualization
[1.343s] Invoking command in '/home/pedrohperes/edromufu/src/movement/Ros2_change/src/build/humanoid_visualization': CMAKE_PREFIX_PATH=${CMAKE_PREFIX_PATH}:/home/pedrohperes/edromufu/src/movement/Ros2_change/install/u2d2_comm:/home/pedrohperes/edromufu/src/movement/Ros2_change/install/tahara_pages:/home/pedrohperes/edromufu/src/movement/Ros2_change/install/pot_package:/home/pedrohperes/edromufu/src/movement/Ros2_change/install/movement_core:/home/pedrohperes/edromufu/src/movement/Ros2_change/install/movement_pages:/home/pedrohperes/edromufu/src/movement/Ros2_change/install/movement_functions:/home/pedrohperes/edromufu/src/movement/Ros2_change/install/humanoid_definition:/home/pedrohperes/edromufu/src/movement/Ros2_change/install/kinematic_functions:/home/pedrohperes/edromufu/src/movement/Ros2_change/install/erro_package:/opt/ros/humble /usr/bin/cmake --build /home/pedrohperes/edromufu/src/movement/Ros2_change/src/build/humanoid_visualization -- -j12 -l12
[1.393s] Invoked command in '/home/pedrohperes/edromufu/src/movement/Ros2_change/src/build/humanoid_visualization' returned '0': CMAKE_PREFIX_PATH=${CMAKE_PREFIX_PATH}:/home/pedrohperes/edromufu/src/movement/Ros2_change/install/u2d2_comm:/home/pedrohperes/edromufu/src/movement/Ros2_change/install/tahara_pages:/home/pedrohperes/edromufu/src/movement/Ros2_change/install/pot_package:/home/pedrohperes/edromufu/src/movement/Ros2_change/install/movement_core:/home/pedrohperes/edromufu/src/movement/Ros2_change/install/movement_pages:/home/pedrohperes/edromufu/src/movement/Ros2_change/install/movement_functions:/home/pedrohperes/edromufu/src/movement/Ros2_change/install/humanoid_definition:/home/pedrohperes/edromufu/src/movement/Ros2_change/install/kinematic_functions:/home/pedrohperes/edromufu/src/movement/Ros2_change/install/erro_package:/opt/ros/humble /usr/bin/cmake --build /home/pedrohperes/edromufu/src/movement/Ros2_change/src/build/humanoid_visualization -- -j12 -l12
[1.427s] Invoking command in '/home/pedrohperes/edromufu/src/movement/Ros2_change/src/build/humanoid_visualization': CMAKE_PREFIX_PATH=${CMAKE_PREFIX_PATH}:/home/pedrohperes/edromufu/src/movement/Ros2_change/install/u2d2_comm:/home/pedrohperes/edromufu/src/movement/Ros2_change/install/tahara_pages:/home/pedrohperes/edromufu/src/movement/Ros2_change/install/pot_package:/home/pedrohperes/edromufu/src/movement/Ros2_change/install/movement_core:/home/pedrohperes/edromufu/src/movement/Ros2_change/install/movement_pages:/home/pedrohperes/edromufu/src/movement/Ros2_change/install/movement_functions:/home/pedrohperes/edromufu/src/movement/Ros2_change/install/humanoid_definition:/home/pedrohperes/edromufu/src/movement/Ros2_change/install/kinematic_functions:/home/pedrohperes/edromufu/src/movement/Ros2_change/install/erro_package:/opt/ros/humble /usr/bin/cmake --install /home/pedrohperes/edromufu/src/movement/Ros2_change/src/build/humanoid_visualization
[1.434s] -- Install configuration: ""
[1.434s] -- Installing: /home/pedrohperes/edromufu/src/movement/Ros2_change/src/install/humanoid_visualization/share/humanoid_visualization//launch
[1.435s] -- Installing: /home/pedrohperes/edromufu/src/movement/Ros2_change/src/install/humanoid_visualization/share/humanoid_visualization//launch/display.launch.py
[1.435s] -- Installing: /home/pedrohperes/edromufu/src/movement/Ros2_change/src/install/humanoid_visualization/share/ament_index/resource_index/package_run_dependencies/humanoid_visualization
[1.435s] -- Installing: /home/pedrohperes/edromufu/src/movement/Ros2_change/src/install/humanoid_visualization/share/ament_index/resource_index/parent_prefix_path/humanoid_visualization
[1.435s] -- Installing: /home/pedrohperes/edromufu/src/movement/Ros2_change/src/install/humanoid_visualization/share/humanoid_visualization/environment/ament_prefix_path.sh
[1.435s] -- Installing: /home/pedrohperes/edromufu/src/movement/Ros2_change/src/install/humanoid_visualization/share/humanoid_visualization/environment/ament_prefix_path.dsv
[1.435s] -- Installing: /home/pedrohperes/edromufu/src/movement/Ros2_change/src/install/humanoid_visualization/share/humanoid_visualization/environment/path.sh
[1.436s] -- Installing: /home/pedrohperes/edromufu/src/movement/Ros2_change/src/install/humanoid_visualization/share/humanoid_visualization/environment/path.dsv
[1.436s] -- Installing: /home/pedrohperes/edromufu/src/movement/Ros2_change/src/install/humanoid_visualization/share/humanoid_visualization/local_setup.bash
[1.436s] -- Installing: /home/pedrohperes/edromufu/src/movement/Ros2_change/src/install/humanoid_visualization/share/humanoid_visualization/local_setup.sh
[1.436s] -- Installing: /home/pedrohperes/edromufu/src/movement/Ros2_change/src/install/humanoid_visualization/share/humanoid_visualization/local_setup.zsh
[1.436s] -- Installing: /home/pedrohperes/edromufu/src/movement/Ros2_change/src/install/humanoid_visualization/share/humanoid_visualization/local_setup.dsv
[1.436s] -- Installing: /home/pedrohperes/edromufu/src/movement/Ros2_change/src/install/humanoid_visualization/share/humanoid_visualization/package.dsv
[1.436s] -- Installing: /home/pedrohperes/edromufu/src/movement/Ros2_change/src/install/humanoid_visualization/share/ament_index/resource_index/packages/humanoid_visualization
[1.437s] -- Installing: /home/pedrohperes/edromufu/src/movement/Ros2_change/src/install/humanoid_visualization/share/humanoid_visualization/cmake/humanoid_visualizationConfig.cmake
[1.437s] -- Installing: /home/pedrohperes/edromufu/src/movement/Ros2_change/src/install/humanoid_visualization/share/humanoid_visualization/cmake/humanoid_visualizationConfig-version.cmake
[1.437s] -- Installing: /home/pedrohperes/edromufu/src/movement/Ros2_change/src/install/humanoid_visualization/share/humanoid_visualization/package.xml
[1.439s] Invoked command in '/home/pedrohperes/edromufu/src/movement/Ros2_change/src/build/humanoid_visualization' returned '0': CMAKE_PREFIX_PATH=${CMAKE_PREFIX_PATH}:/home/pedrohperes/edromufu/src/movement/Ros2_change/install/u2d2_comm:/home/pedrohperes/edromufu/src/movement/Ros2_change/install/tahara_pages:/home/pedrohperes/edromufu/src/movement/Ros2_change/install/pot_package:/home/pedrohperes/edromufu/src/movement/Ros2_change/install/movement_core:/home/pedrohperes/edromufu/src/movement/Ros2_change/install/movement_pages:/home/pedrohperes/edromufu/src/movement/Ros2_change/install/movement_functions:/home/pedrohperes/edromufu/src/movement/Ros2_change/install/humanoid_definition:/home/pedrohperes/edromufu/src/movement/Ros2_change/install/kinematic_functions:/home/pedrohperes/edromufu/src/movement/Ros2_change/install/erro_package:/opt/ros/humble /usr/bin/cmake --install /home/pedrohperes/edromufu/src/movement/Ros2_change/src/build/humanoid_visualization
