[1.974s] Invoking command in '/home/paulo/edromufu/src/behaviour/sensor_observer': PYTHONPATH=/home/paulo/edromufu/src/behaviour/build/sensor_observer/prefix_override:/usr/lib/python3/dist-packages/colcon_core/task/python/colcon_distutils_commands:/home/paulo/edromufu/src/behaviour/install/sensor_observer/lib/python3.10/site-packages:${PYTHONPATH} /usr/bin/python3 -W ignore:setup.py install is deprecated setup.py egg_info --egg-base ../build/sensor_observer build --build-base /home/paulo/edromufu/src/behaviour/build/sensor_observer/build install --record /home/paulo/edromufu/src/behaviour/build/sensor_observer/install.log --single-version-externally-managed install_data
[2.283s] running egg_info
[2.285s] writing ../build/sensor_observer/sensor_observer.egg-info/PKG-INFO
[2.285s] writing dependency_links to ../build/sensor_observer/sensor_observer.egg-info/dependency_links.txt
[2.285s] writing entry points to ../build/sensor_observer/sensor_observer.egg-info/entry_points.txt
[2.285s] writing requirements to ../build/sensor_observer/sensor_observer.egg-info/requires.txt
[2.285s] writing top-level names to ../build/sensor_observer/sensor_observer.egg-info/top_level.txt
[2.286s] reading manifest file '../build/sensor_observer/sensor_observer.egg-info/SOURCES.txt'
[2.286s] adding license file 'LICENSE'
[2.287s] writing manifest file '../build/sensor_observer/sensor_observer.egg-info/SOURCES.txt'
[2.287s] running build
[2.288s] running build_py
[2.288s] running install
[2.289s] running install_lib
[2.291s] running install_data
[2.291s] running install_egg_info
[2.294s] removing '/home/paulo/edromufu/src/behaviour/install/sensor_observer/lib/python3.10/site-packages/sensor_observer-0.0.0-py3.10.egg-info' (and everything under it)
[2.294s] Copying ../build/sensor_observer/sensor_observer.egg-info to /home/paulo/edromufu/src/behaviour/install/sensor_observer/lib/python3.10/site-packages/sensor_observer-0.0.0-py3.10.egg-info
[2.296s] running install_scripts
[2.319s] Installing ball_interpreter script to /home/paulo/edromufu/src/behaviour/install/sensor_observer/lib/sensor_observer
[2.319s] Installing fall_interpreter script to /home/paulo/edromufu/src/behaviour/install/sensor_observer/lib/sensor_observer
[2.319s] Installing neck_interpreter script to /home/paulo/edromufu/src/behaviour/install/sensor_observer/lib/sensor_observer
[2.319s] Installing ros_packer script to /home/paulo/edromufu/src/behaviour/install/sensor_observer/lib/sensor_observer
[2.319s] writing list of installed files to '/home/paulo/edromufu/src/behaviour/build/sensor_observer/install.log'
[2.346s] Invoked command in '/home/paulo/edromufu/src/behaviour/sensor_observer' returned '0': PYTHONPATH=/home/paulo/edromufu/src/behaviour/build/sensor_observer/prefix_override:/usr/lib/python3/dist-packages/colcon_core/task/python/colcon_distutils_commands:/home/paulo/edromufu/src/behaviour/install/sensor_observer/lib/python3.10/site-packages:${PYTHONPATH} /usr/bin/python3 -W ignore:setup.py install is deprecated setup.py egg_info --egg-base ../build/sensor_observer build --build-base /home/paulo/edromufu/src/behaviour/build/sensor_observer/build install --record /home/paulo/edromufu/src/behaviour/build/sensor_observer/install.log --single-version-externally-managed install_data
