[0.509s] Invoking command in '/home/paulo/edromufu/src/movement/Ros2_change/src/movement_core': AMENT_PREFIX_PATH=/home/paulo/edromufu/src/movement/Ros2_change/install/movement_pages:/home/paulo/edromufu/src/movement/Ros2_change/install/movement_functions:/home/paulo/edromufu/src/movement/Ros2_change/install/humanoid_definition:/home/paulo/edromufu/src/movement/Ros2_change/install/movement_utils:/home/paulo/edromufu/src/movement/Ros2_change/install/kinematic_functions:${AMENT_PREFIX_PATH} CMAKE_PREFIX_PATH=/home/paulo/edromufu/src/movement/Ros2_change/install/movement_utils:${CMAKE_PREFIX_PATH} LD_LIBRARY_PATH=/home/paulo/edromufu/src/movement/Ros2_change/install/movement_utils/lib:${LD_LIBRARY_PATH} PYTHONPATH=/home/paulo/edromufu/src/movement/Ros2_change/build/movement_core/prefix_override:/usr/lib/python3/dist-packages/colcon_core/task/python/colcon_distutils_commands:/home/paulo/edromufu/src/movement/Ros2_change/install/movement_core/lib/python3.10/site-packages:/home/paulo/edromufu/src/movement/Ros2_change/install/movement_pages/lib/python3.10/site-packages:/home/paulo/edromufu/src/movement/Ros2_change/install/movement_functions/lib/python3.10/site-packages:/home/paulo/edromufu/src/movement/Ros2_change/install/humanoid_definition/lib/python3.10/site-packages:/home/paulo/edromufu/src/movement/Ros2_change/install/movement_utils/local/lib/python3.10/dist-packages:/home/paulo/edromufu/src/movement/Ros2_change/install/kinematic_functions/lib/python3.10/site-packages:${PYTHONPATH} /usr/bin/python3 -W ignore:setup.py install is deprecated setup.py egg_info --egg-base ../../build/movement_core build --build-base /home/paulo/edromufu/src/movement/Ros2_change/build/movement_core/build install --record /home/paulo/edromufu/src/movement/Ros2_change/build/movement_core/install.log --single-version-externally-managed install_data
[0.686s] running egg_info
[0.686s] writing ../../build/movement_core/movement_core.egg-info/PKG-INFO
[0.687s] writing dependency_links to ../../build/movement_core/movement_core.egg-info/dependency_links.txt
[0.687s] writing entry points to ../../build/movement_core/movement_core.egg-info/entry_points.txt
[0.687s] writing requirements to ../../build/movement_core/movement_core.egg-info/requires.txt
[0.687s] writing top-level names to ../../build/movement_core/movement_core.egg-info/top_level.txt
[0.688s] reading manifest file '../../build/movement_core/movement_core.egg-info/SOURCES.txt'
[0.689s] writing manifest file '../../build/movement_core/movement_core.egg-info/SOURCES.txt'
[0.689s] running build
[0.689s] running build_py
[0.689s] copying movement_core/__init__.py -> /home/paulo/edromufu/src/movement/Ros2_change/build/movement_core/build/lib/movement_core
[0.689s] copying movement_core/core_head.py -> /home/paulo/edromufu/src/movement/Ros2_change/build/movement_core/build/lib/movement_core
[0.689s] copying movement_core/core.py -> /home/paulo/edromufu/src/movement/Ros2_change/build/movement_core/build/lib/movement_core
[0.697s] copying movement_core/teste.py -> /home/paulo/edromufu/src/movement/Ros2_change/build/movement_core/build/lib/movement_core
[0.697s] running install
[0.697s] running install_lib
[0.698s] creating /home/paulo/edromufu/src/movement/Ros2_change/install/movement_core/lib/python3.10/site-packages/movement_core
[0.698s] copying /home/paulo/edromufu/src/movement/Ros2_change/build/movement_core/build/lib/movement_core/__init__.py -> /home/paulo/edromufu/src/movement/Ros2_change/install/movement_core/lib/python3.10/site-packages/movement_core
[0.698s] copying /home/paulo/edromufu/src/movement/Ros2_change/build/movement_core/build/lib/movement_core/core_head.py -> /home/paulo/edromufu/src/movement/Ros2_change/install/movement_core/lib/python3.10/site-packages/movement_core
[0.698s] copying /home/paulo/edromufu/src/movement/Ros2_change/build/movement_core/build/lib/movement_core/core.py -> /home/paulo/edromufu/src/movement/Ros2_change/install/movement_core/lib/python3.10/site-packages/movement_core
[0.698s] copying /home/paulo/edromufu/src/movement/Ros2_change/build/movement_core/build/lib/movement_core/teste.py -> /home/paulo/edromufu/src/movement/Ros2_change/install/movement_core/lib/python3.10/site-packages/movement_core
[0.699s] byte-compiling /home/paulo/edromufu/src/movement/Ros2_change/install/movement_core/lib/python3.10/site-packages/movement_core/__init__.py to __init__.cpython-310.pyc
[0.699s] byte-compiling /home/paulo/edromufu/src/movement/Ros2_change/install/movement_core/lib/python3.10/site-packages/movement_core/core_head.py to core_head.cpython-310.pyc
[0.701s] byte-compiling /home/paulo/edromufu/src/movement/Ros2_change/install/movement_core/lib/python3.10/site-packages/movement_core/core.py to core.cpython-310.pyc
[0.702s] byte-compiling /home/paulo/edromufu/src/movement/Ros2_change/install/movement_core/lib/python3.10/site-packages/movement_core/teste.py to teste.cpython-310.pyc
[0.703s] running install_data
[0.703s] creating /home/paulo/edromufu/src/movement/Ros2_change/install/movement_core/share/ament_index
[0.703s] creating /home/paulo/edromufu/src/movement/Ros2_change/install/movement_core/share/ament_index/resource_index
[0.703s] creating /home/paulo/edromufu/src/movement/Ros2_change/install/movement_core/share/ament_index/resource_index/packages
[0.703s] copying resource/movement_core -> /home/paulo/edromufu/src/movement/Ros2_change/install/movement_core/share/ament_index/resource_index/packages
[0.703s] copying package.xml -> /home/paulo/edromufu/src/movement/Ros2_change/install/movement_core/share/movement_core
[0.703s] running install_egg_info
[0.705s] Copying ../../build/movement_core/movement_core.egg-info to /home/paulo/edromufu/src/movement/Ros2_change/install/movement_core/lib/python3.10/site-packages/movement_core-0.0.0-py3.10.egg-info
[0.705s] running install_scripts
[0.724s] Installing core script to /home/paulo/edromufu/src/movement/Ros2_change/install/movement_core/lib/movement_core
[0.724s] Installing core_head script to /home/paulo/edromufu/src/movement/Ros2_change/install/movement_core/lib/movement_core
[0.724s] Installing teste script to /home/paulo/edromufu/src/movement/Ros2_change/install/movement_core/lib/movement_core
[0.724s] writing list of installed files to '/home/paulo/edromufu/src/movement/Ros2_change/build/movement_core/install.log'
[0.743s] Invoked command in '/home/paulo/edromufu/src/movement/Ros2_change/src/movement_core' returned '0': AMENT_PREFIX_PATH=/home/paulo/edromufu/src/movement/Ros2_change/install/movement_pages:/home/paulo/edromufu/src/movement/Ros2_change/install/movement_functions:/home/paulo/edromufu/src/movement/Ros2_change/install/humanoid_definition:/home/paulo/edromufu/src/movement/Ros2_change/install/movement_utils:/home/paulo/edromufu/src/movement/Ros2_change/install/kinematic_functions:${AMENT_PREFIX_PATH} CMAKE_PREFIX_PATH=/home/paulo/edromufu/src/movement/Ros2_change/install/movement_utils:${CMAKE_PREFIX_PATH} LD_LIBRARY_PATH=/home/paulo/edromufu/src/movement/Ros2_change/install/movement_utils/lib:${LD_LIBRARY_PATH} PYTHONPATH=/home/paulo/edromufu/src/movement/Ros2_change/build/movement_core/prefix_override:/usr/lib/python3/dist-packages/colcon_core/task/python/colcon_distutils_commands:/home/paulo/edromufu/src/movement/Ros2_change/install/movement_core/lib/python3.10/site-packages:/home/paulo/edromufu/src/movement/Ros2_change/install/movement_pages/lib/python3.10/site-packages:/home/paulo/edromufu/src/movement/Ros2_change/install/movement_functions/lib/python3.10/site-packages:/home/paulo/edromufu/src/movement/Ros2_change/install/humanoid_definition/lib/python3.10/site-packages:/home/paulo/edromufu/src/movement/Ros2_change/install/movement_utils/local/lib/python3.10/dist-packages:/home/paulo/edromufu/src/movement/Ros2_change/install/kinematic_functions/lib/python3.10/site-packages:${PYTHONPATH} /usr/bin/python3 -W ignore:setup.py install is deprecated setup.py egg_info --egg-base ../../build/movement_core build --build-base /home/paulo/edromufu/src/movement/Ros2_change/build/movement_core/build install --record /home/paulo/edromufu/src/movement/Ros2_change/build/movement_core/install.log --single-version-externally-managed install_data
