[1.919s] Invoking command in '/home/pedrohperes/edromufu/src/movement/Ros2_change/src/kinematic_functions': PYTHONPATH=/home/pedrohperes/edromufu/src/movement/Ros2_change/build/kinematic_functions/prefix_override:/home/pedrohperes/edromufu/src/movement/Ros2_change/install/kinematic_functions/lib/python3.10/site-packages:${PYTHONPATH} /usr/bin/python3 -W ignore:setup.py install is deprecated setup.py egg_info --egg-base ../../build/kinematic_functions build --build-base /home/pedrohperes/edromufu/src/movement/Ros2_change/build/kinematic_functions/build install --record /home/pedrohperes/edromufu/src/movement/Ros2_change/build/kinematic_functions/install.log --single-version-externally-managed install_data
[2.187s] running egg_info
[2.187s] writing ../../build/kinematic_functions/kinematic_functions.egg-info/PKG-INFO
[2.188s] writing dependency_links to ../../build/kinematic_functions/kinematic_functions.egg-info/dependency_links.txt
[2.188s] writing entry points to ../../build/kinematic_functions/kinematic_functions.egg-info/entry_points.txt
[2.188s] writing requirements to ../../build/kinematic_functions/kinematic_functions.egg-info/requires.txt
[2.188s] writing top-level names to ../../build/kinematic_functions/kinematic_functions.egg-info/top_level.txt
[2.190s] reading manifest file '../../build/kinematic_functions/kinematic_functions.egg-info/SOURCES.txt'
[2.190s] writing manifest file '../../build/kinematic_functions/kinematic_functions.egg-info/SOURCES.txt'
[2.190s] running build
[2.191s] running build_py
[2.191s] running install
[2.191s] running install_lib
[2.192s] running install_data
[2.192s] running install_egg_info
[2.194s] removing '/home/pedrohperes/edromufu/src/movement/Ros2_change/install/kinematic_functions/lib/python3.10/site-packages/kinematic_functions-0.0.0-py3.10.egg-info' (and everything under it)
[2.195s] Copying ../../build/kinematic_functions/kinematic_functions.egg-info to /home/pedrohperes/edromufu/src/movement/Ros2_change/install/kinematic_functions/lib/python3.10/site-packages/kinematic_functions-0.0.0-py3.10.egg-info
[2.195s] running install_scripts
[2.215s] writing list of installed files to '/home/pedrohperes/edromufu/src/movement/Ros2_change/build/kinematic_functions/install.log'
[2.242s] Invoked command in '/home/pedrohperes/edromufu/src/movement/Ros2_change/src/kinematic_functions' returned '0': PYTHONPATH=/home/pedrohperes/edromufu/src/movement/Ros2_change/build/kinematic_functions/prefix_override:/home/pedrohperes/edromufu/src/movement/Ros2_change/install/kinematic_functions/lib/python3.10/site-packages:${PYTHONPATH} /usr/bin/python3 -W ignore:setup.py install is deprecated setup.py egg_info --egg-base ../../build/kinematic_functions build --build-base /home/pedrohperes/edromufu/src/movement/Ros2_change/build/kinematic_functions/build install --record /home/pedrohperes/edromufu/src/movement/Ros2_change/build/kinematic_functions/install.log --single-version-externally-managed install_data
