[  2%] Built target micro_ros_msgs__cpp
[ 12%] Built target micro_ros_msgs__rosidl_generator_c
[ 12%] Built target ament_cmake_python_copy_micro_ros_msgs
[ 23%] Built target micro_ros_msgs__rosidl_typesupport_introspection_cpp
[ 34%] Built target micro_ros_msgs__rosidl_typesupport_fastrtps_cpp
[ 44%] Built target micro_ros_msgs__rosidl_typesupport_cpp
[ 55%] Built target micro_ros_msgs__rosidl_typesupport_c
[ 65%] Built target micro_ros_msgs__rosidl_typesupport_fastrtps_c
[ 76%] Built target micro_ros_msgs__rosidl_typesupport_introspection_c
[ 76%] Built target micro_ros_msgs
[ 78%] Built target micro_ros_msgs__py
[ 87%] Built target micro_ros_msgs__rosidl_generator_py
[ 91%] Built target micro_ros_msgs__rosidl_typesupport_introspection_c__pyext
[ 95%] Built target micro_ros_msgs__rosidl_typesupport_fastrtps_c__pyext
[100%] Built target micro_ros_msgs__rosidl_typesupport_c__pyext
running egg_info
writing micro_ros_msgs.egg-info/PKG-INFO
writing dependency_links to micro_ros_msgs.egg-info/dependency_links.txt
writing top-level names to micro_ros_msgs.egg-info/top_level.txt
reading manifest file 'micro_ros_msgs.egg-info/SOURCES.txt'
writing manifest file 'micro_ros_msgs.egg-info/SOURCES.txt'
[100%] Built target ament_cmake_python_build_micro_ros_msgs_egg
-- Install configuration: ""
-- Up-to-date: /home/paulo/edromufu/src/movement/Ros2_change/install/micro_ros_msgs/share/ament_index/resource_index/rosidl_interfaces/micro_ros_msgs
-- Up-to-date: /home/paulo/edromufu/src/movement/Ros2_change/install/micro_ros_msgs/include/micro_ros_msgs/micro_ros_msgs
-- Up-to-date: /home/paulo/edromufu/src/movement/Ros2_change/install/micro_ros_msgs/include/micro_ros_msgs/micro_ros_msgs/msg
-- Up-to-date: /home/paulo/edromufu/src/movement/Ros2_change/install/micro_ros_msgs/include/micro_ros_msgs/micro_ros_msgs/msg/graph.h
-- Up-to-date: /home/paulo/edromufu/src/movement/Ros2_change/install/micro_ros_msgs/include/micro_ros_msgs/micro_ros_msgs/msg/entity.h
-- Up-to-date: /home/paulo/edromufu/src/movement/Ros2_change/install/micro_ros_msgs/include/micro_ros_msgs/micro_ros_msgs/msg/rosidl_generator_c__visibility_control.h
-- Up-to-date: /home/paulo/edromufu/src/movement/Ros2_change/install/micro_ros_msgs/include/micro_ros_msgs/micro_ros_msgs/msg/detail
-- Up-to-date: /home/paulo/edromufu/src/movement/Ros2_change/install/micro_ros_msgs/include/micro_ros_msgs/micro_ros_msgs/msg/detail/node__type_support.h
-- Up-to-date: /home/paulo/edromufu/src/movement/Ros2_change/install/micro_ros_msgs/include/micro_ros_msgs/micro_ros_msgs/msg/detail/graph__type_support.h
-- Up-to-date: /home/paulo/edromufu/src/movement/Ros2_change/install/micro_ros_msgs/include/micro_ros_msgs/micro_ros_msgs/msg/detail/graph__struct.h
-- Up-to-date: /home/paulo/edromufu/src/movement/Ros2_change/install/micro_ros_msgs/include/micro_ros_msgs/micro_ros_msgs/msg/detail/node__functions.c
-- Up-to-date: /home/paulo/edromufu/src/movement/Ros2_change/install/micro_ros_msgs/include/micro_ros_msgs/micro_ros_msgs/msg/detail/graph__functions.c
-- Up-to-date: /home/paulo/edromufu/src/movement/Ros2_change/install/micro_ros_msgs/include/micro_ros_msgs/micro_ros_msgs/msg/detail/entity__functions.h
-- Up-to-date: /home/paulo/edromufu/src/movement/Ros2_change/install/micro_ros_msgs/include/micro_ros_msgs/micro_ros_msgs/msg/detail/entity__struct.h
-- Up-to-date: /home/paulo/edromufu/src/movement/Ros2_change/install/micro_ros_msgs/include/micro_ros_msgs/micro_ros_msgs/msg/detail/entity__type_support.h
-- Up-to-date: /home/paulo/edromufu/src/movement/Ros2_change/install/micro_ros_msgs/include/micro_ros_msgs/micro_ros_msgs/msg/detail/entity__functions.c
-- Up-to-date: /home/paulo/edromufu/src/movement/Ros2_change/install/micro_ros_msgs/include/micro_ros_msgs/micro_ros_msgs/msg/detail/node__struct.h
-- Up-to-date: /home/paulo/edromufu/src/movement/Ros2_change/install/micro_ros_msgs/include/micro_ros_msgs/micro_ros_msgs/msg/detail/graph__functions.h
-- Up-to-date: /home/paulo/edromufu/src/movement/Ros2_change/install/micro_ros_msgs/include/micro_ros_msgs/micro_ros_msgs/msg/detail/node__functions.h
-- Up-to-date: /home/paulo/edromufu/src/movement/Ros2_change/install/micro_ros_msgs/include/micro_ros_msgs/micro_ros_msgs/msg/node.h
-- Up-to-date: /home/paulo/edromufu/src/movement/Ros2_change/install/micro_ros_msgs/share/micro_ros_msgs/environment/library_path.sh
-- Up-to-date: /home/paulo/edromufu/src/movement/Ros2_change/install/micro_ros_msgs/share/micro_ros_msgs/environment/library_path.dsv
-- Up-to-date: /home/paulo/edromufu/src/movement/Ros2_change/install/micro_ros_msgs/lib/libmicro_ros_msgs__rosidl_generator_c.so
-- Up-to-date: /home/paulo/edromufu/src/movement/Ros2_change/install/micro_ros_msgs/include/micro_ros_msgs/micro_ros_msgs
-- Up-to-date: /home/paulo/edromufu/src/movement/Ros2_change/install/micro_ros_msgs/include/micro_ros_msgs/micro_ros_msgs/msg
-- Up-to-date: /home/paulo/edromufu/src/movement/Ros2_change/install/micro_ros_msgs/include/micro_ros_msgs/micro_ros_msgs/msg/rosidl_typesupport_fastrtps_c__visibility_control.h
-- Up-to-date: /home/paulo/edromufu/src/movement/Ros2_change/install/micro_ros_msgs/include/micro_ros_msgs/micro_ros_msgs/msg/detail
-- Up-to-date: /home/paulo/edromufu/src/movement/Ros2_change/install/micro_ros_msgs/include/micro_ros_msgs/micro_ros_msgs/msg/detail/graph__rosidl_typesupport_fastrtps_c.h
-- Up-to-date: /home/paulo/edromufu/src/movement/Ros2_change/install/micro_ros_msgs/include/micro_ros_msgs/micro_ros_msgs/msg/detail/node__rosidl_typesupport_fastrtps_c.h
-- Up-to-date: /home/paulo/edromufu/src/movement/Ros2_change/install/micro_ros_msgs/include/micro_ros_msgs/micro_ros_msgs/msg/detail/entity__rosidl_typesupport_fastrtps_c.h
-- Up-to-date: /home/paulo/edromufu/src/movement/Ros2_change/install/micro_ros_msgs/lib/libmicro_ros_msgs__rosidl_typesupport_fastrtps_c.so
-- Up-to-date: /home/paulo/edromufu/src/movement/Ros2_change/install/micro_ros_msgs/include/micro_ros_msgs/micro_ros_msgs
-- Up-to-date: /home/paulo/edromufu/src/movement/Ros2_change/install/micro_ros_msgs/include/micro_ros_msgs/micro_ros_msgs/msg
-- Up-to-date: /home/paulo/edromufu/src/movement/Ros2_change/install/micro_ros_msgs/include/micro_ros_msgs/micro_ros_msgs/msg/rosidl_typesupport_introspection_c__visibility_control.h
-- Up-to-date: /home/paulo/edromufu/src/movement/Ros2_change/install/micro_ros_msgs/include/micro_ros_msgs/micro_ros_msgs/msg/detail
-- Up-to-date: /home/paulo/edromufu/src/movement/Ros2_change/install/micro_ros_msgs/include/micro_ros_msgs/micro_ros_msgs/msg/detail/entity__type_support.c
-- Up-to-date: /home/paulo/edromufu/src/movement/Ros2_change/install/micro_ros_msgs/include/micro_ros_msgs/micro_ros_msgs/msg/detail/entity__rosidl_typesupport_introspection_c.h
-- Up-to-date: /home/paulo/edromufu/src/movement/Ros2_change/install/micro_ros_msgs/include/micro_ros_msgs/micro_ros_msgs/msg/detail/graph__rosidl_typesupport_introspection_c.h
-- Up-to-date: /home/paulo/edromufu/src/movement/Ros2_change/install/micro_ros_msgs/include/micro_ros_msgs/micro_ros_msgs/msg/detail/node__type_support.c
-- Up-to-date: /home/paulo/edromufu/src/movement/Ros2_change/install/micro_ros_msgs/include/micro_ros_msgs/micro_ros_msgs/msg/detail/graph__type_support.c
-- Up-to-date: /home/paulo/edromufu/src/movement/Ros2_change/install/micro_ros_msgs/include/micro_ros_msgs/micro_ros_msgs/msg/detail/node__rosidl_typesupport_introspection_c.h
-- Up-to-date: /home/paulo/edromufu/src/movement/Ros2_change/install/micro_ros_msgs/lib/libmicro_ros_msgs__rosidl_typesupport_introspection_c.so
-- Up-to-date: /home/paulo/edromufu/src/movement/Ros2_change/install/micro_ros_msgs/lib/libmicro_ros_msgs__rosidl_typesupport_c.so
-- Up-to-date: /home/paulo/edromufu/src/movement/Ros2_change/install/micro_ros_msgs/include/micro_ros_msgs/micro_ros_msgs
-- Up-to-date: /home/paulo/edromufu/src/movement/Ros2_change/install/micro_ros_msgs/include/micro_ros_msgs/micro_ros_msgs/msg
-- Up-to-date: /home/paulo/edromufu/src/movement/Ros2_change/install/micro_ros_msgs/include/micro_ros_msgs/micro_ros_msgs/msg/entity.hpp
-- Up-to-date: /home/paulo/edromufu/src/movement/Ros2_change/install/micro_ros_msgs/include/micro_ros_msgs/micro_ros_msgs/msg/node.hpp
-- Up-to-date: /home/paulo/edromufu/src/movement/Ros2_change/install/micro_ros_msgs/include/micro_ros_msgs/micro_ros_msgs/msg/detail
-- Up-to-date: /home/paulo/edromufu/src/movement/Ros2_change/install/micro_ros_msgs/include/micro_ros_msgs/micro_ros_msgs/msg/detail/node__traits.hpp
-- Up-to-date: /home/paulo/edromufu/src/movement/Ros2_change/install/micro_ros_msgs/include/micro_ros_msgs/micro_ros_msgs/msg/detail/entity__struct.hpp
-- Up-to-date: /home/paulo/edromufu/src/movement/Ros2_change/install/micro_ros_msgs/include/micro_ros_msgs/micro_ros_msgs/msg/detail/entity__builder.hpp
-- Up-to-date: /home/paulo/edromufu/src/movement/Ros2_change/install/micro_ros_msgs/include/micro_ros_msgs/micro_ros_msgs/msg/detail/graph__builder.hpp
-- Up-to-date: /home/paulo/edromufu/src/movement/Ros2_change/install/micro_ros_msgs/include/micro_ros_msgs/micro_ros_msgs/msg/detail/graph__traits.hpp
-- Up-to-date: /home/paulo/edromufu/src/movement/Ros2_change/install/micro_ros_msgs/include/micro_ros_msgs/micro_ros_msgs/msg/detail/node__builder.hpp
-- Up-to-date: /home/paulo/edromufu/src/movement/Ros2_change/install/micro_ros_msgs/include/micro_ros_msgs/micro_ros_msgs/msg/detail/node__struct.hpp
-- Up-to-date: /home/paulo/edromufu/src/movement/Ros2_change/install/micro_ros_msgs/include/micro_ros_msgs/micro_ros_msgs/msg/detail/graph__struct.hpp
-- Up-to-date: /home/paulo/edromufu/src/movement/Ros2_change/install/micro_ros_msgs/include/micro_ros_msgs/micro_ros_msgs/msg/detail/entity__traits.hpp
-- Up-to-date: /home/paulo/edromufu/src/movement/Ros2_change/install/micro_ros_msgs/include/micro_ros_msgs/micro_ros_msgs/msg/graph.hpp
-- Up-to-date: /home/paulo/edromufu/src/movement/Ros2_change/install/micro_ros_msgs/include/micro_ros_msgs/micro_ros_msgs
-- Up-to-date: /home/paulo/edromufu/src/movement/Ros2_change/install/micro_ros_msgs/include/micro_ros_msgs/micro_ros_msgs/msg
-- Up-to-date: /home/paulo/edromufu/src/movement/Ros2_change/install/micro_ros_msgs/include/micro_ros_msgs/micro_ros_msgs/msg/rosidl_typesupport_fastrtps_cpp__visibility_control.h
-- Up-to-date: /home/paulo/edromufu/src/movement/Ros2_change/install/micro_ros_msgs/include/micro_ros_msgs/micro_ros_msgs/msg/detail
-- Up-to-date: /home/paulo/edromufu/src/movement/Ros2_change/install/micro_ros_msgs/include/micro_ros_msgs/micro_ros_msgs/msg/detail/dds_fastrtps
-- Up-to-date: /home/paulo/edromufu/src/movement/Ros2_change/install/micro_ros_msgs/include/micro_ros_msgs/micro_ros_msgs/msg/detail/graph__rosidl_typesupport_fastrtps_cpp.hpp
-- Up-to-date: /home/paulo/edromufu/src/movement/Ros2_change/install/micro_ros_msgs/include/micro_ros_msgs/micro_ros_msgs/msg/detail/node__rosidl_typesupport_fastrtps_cpp.hpp
-- Up-to-date: /home/paulo/edromufu/src/movement/Ros2_change/install/micro_ros_msgs/include/micro_ros_msgs/micro_ros_msgs/msg/detail/entity__rosidl_typesupport_fastrtps_cpp.hpp
-- Up-to-date: /home/paulo/edromufu/src/movement/Ros2_change/install/micro_ros_msgs/lib/libmicro_ros_msgs__rosidl_typesupport_fastrtps_cpp.so
-- Up-to-date: /home/paulo/edromufu/src/movement/Ros2_change/install/micro_ros_msgs/include/micro_ros_msgs/micro_ros_msgs
-- Up-to-date: /home/paulo/edromufu/src/movement/Ros2_change/install/micro_ros_msgs/include/micro_ros_msgs/micro_ros_msgs/msg
-- Up-to-date: /home/paulo/edromufu/src/movement/Ros2_change/install/micro_ros_msgs/include/micro_ros_msgs/micro_ros_msgs/msg/detail
-- Up-to-date: /home/paulo/edromufu/src/movement/Ros2_change/install/micro_ros_msgs/include/micro_ros_msgs/micro_ros_msgs/msg/detail/graph__type_support.cpp
-- Up-to-date: /home/paulo/edromufu/src/movement/Ros2_change/install/micro_ros_msgs/include/micro_ros_msgs/micro_ros_msgs/msg/detail/graph__rosidl_typesupport_introspection_cpp.hpp
-- Up-to-date: /home/paulo/edromufu/src/movement/Ros2_change/install/micro_ros_msgs/include/micro_ros_msgs/micro_ros_msgs/msg/detail/entity__rosidl_typesupport_introspection_cpp.hpp
-- Up-to-date: /home/paulo/edromufu/src/movement/Ros2_change/install/micro_ros_msgs/include/micro_ros_msgs/micro_ros_msgs/msg/detail/node__type_support.cpp
-- Up-to-date: /home/paulo/edromufu/src/movement/Ros2_change/install/micro_ros_msgs/include/micro_ros_msgs/micro_ros_msgs/msg/detail/entity__type_support.cpp
-- Up-to-date: /home/paulo/edromufu/src/movement/Ros2_change/install/micro_ros_msgs/include/micro_ros_msgs/micro_ros_msgs/msg/detail/node__rosidl_typesupport_introspection_cpp.hpp
-- Up-to-date: /home/paulo/edromufu/src/movement/Ros2_change/install/micro_ros_msgs/lib/libmicro_ros_msgs__rosidl_typesupport_introspection_cpp.so
-- Up-to-date: /home/paulo/edromufu/src/movement/Ros2_change/install/micro_ros_msgs/lib/libmicro_ros_msgs__rosidl_typesupport_cpp.so
-- Up-to-date: /home/paulo/edromufu/src/movement/Ros2_change/install/micro_ros_msgs/share/micro_ros_msgs/environment/pythonpath.sh
-- Up-to-date: /home/paulo/edromufu/src/movement/Ros2_change/install/micro_ros_msgs/share/micro_ros_msgs/environment/pythonpath.dsv
-- Up-to-date: /home/paulo/edromufu/src/movement/Ros2_change/install/micro_ros_msgs/local/lib/python3.10/dist-packages/micro_ros_msgs-3.0.1-py3.10.egg-info
-- Installing: /home/paulo/edromufu/src/movement/Ros2_change/install/micro_ros_msgs/local/lib/python3.10/dist-packages/micro_ros_msgs-3.0.1-py3.10.egg-info/top_level.txt
-- Installing: /home/paulo/edromufu/src/movement/Ros2_change/install/micro_ros_msgs/local/lib/python3.10/dist-packages/micro_ros_msgs-3.0.1-py3.10.egg-info/PKG-INFO
-- Installing: /home/paulo/edromufu/src/movement/Ros2_change/install/micro_ros_msgs/local/lib/python3.10/dist-packages/micro_ros_msgs-3.0.1-py3.10.egg-info/SOURCES.txt
-- Installing: /home/paulo/edromufu/src/movement/Ros2_change/install/micro_ros_msgs/local/lib/python3.10/dist-packages/micro_ros_msgs-3.0.1-py3.10.egg-info/dependency_links.txt
-- Up-to-date: /home/paulo/edromufu/src/movement/Ros2_change/install/micro_ros_msgs/local/lib/python3.10/dist-packages/micro_ros_msgs
-- Up-to-date: /home/paulo/edromufu/src/movement/Ros2_change/install/micro_ros_msgs/local/lib/python3.10/dist-packages/micro_ros_msgs/__init__.py
-- Up-to-date: /home/paulo/edromufu/src/movement/Ros2_change/install/micro_ros_msgs/local/lib/python3.10/dist-packages/micro_ros_msgs/msg
-- Up-to-date: /home/paulo/edromufu/src/movement/Ros2_change/install/micro_ros_msgs/local/lib/python3.10/dist-packages/micro_ros_msgs/msg/__init__.py
-- Up-to-date: /home/paulo/edromufu/src/movement/Ros2_change/install/micro_ros_msgs/local/lib/python3.10/dist-packages/micro_ros_msgs/msg/_graph.py
-- Up-to-date: /home/paulo/edromufu/src/movement/Ros2_change/install/micro_ros_msgs/local/lib/python3.10/dist-packages/micro_ros_msgs/msg/_node_s.c
-- Up-to-date: /home/paulo/edromufu/src/movement/Ros2_change/install/micro_ros_msgs/local/lib/python3.10/dist-packages/micro_ros_msgs/msg/_entity_s.c
-- Up-to-date: /home/paulo/edromufu/src/movement/Ros2_change/install/micro_ros_msgs/local/lib/python3.10/dist-packages/micro_ros_msgs/msg/_graph_s.c
-- Up-to-date: /home/paulo/edromufu/src/movement/Ros2_change/install/micro_ros_msgs/local/lib/python3.10/dist-packages/micro_ros_msgs/msg/_entity.py
-- Up-to-date: /home/paulo/edromufu/src/movement/Ros2_change/install/micro_ros_msgs/local/lib/python3.10/dist-packages/micro_ros_msgs/msg/_node.py
-- Up-to-date: /home/paulo/edromufu/src/movement/Ros2_change/install/micro_ros_msgs/local/lib/python3.10/dist-packages/micro_ros_msgs/micro_ros_msgs_s__rosidl_typesupport_c.cpython-310-x86_64-linux-gnu.so
-- Up-to-date: /home/paulo/edromufu/src/movement/Ros2_change/install/micro_ros_msgs/local/lib/python3.10/dist-packages/micro_ros_msgs/micro_ros_msgs_s__rosidl_typesupport_fastrtps_c.cpython-310-x86_64-linux-gnu.so
-- Up-to-date: /home/paulo/edromufu/src/movement/Ros2_change/install/micro_ros_msgs/local/lib/python3.10/dist-packages/micro_ros_msgs/_micro_ros_msgs_s.ep.rosidl_typesupport_fastrtps_c.c
-- Up-to-date: /home/paulo/edromufu/src/movement/Ros2_change/install/micro_ros_msgs/local/lib/python3.10/dist-packages/micro_ros_msgs/_micro_ros_msgs_s.ep.rosidl_typesupport_c.c
-- Up-to-date: /home/paulo/edromufu/src/movement/Ros2_change/install/micro_ros_msgs/local/lib/python3.10/dist-packages/micro_ros_msgs/_micro_ros_msgs_s.ep.rosidl_typesupport_introspection_c.c
-- Up-to-date: /home/paulo/edromufu/src/movement/Ros2_change/install/micro_ros_msgs/local/lib/python3.10/dist-packages/micro_ros_msgs/libmicro_ros_msgs__rosidl_generator_py.so
-- Up-to-date: /home/paulo/edromufu/src/movement/Ros2_change/install/micro_ros_msgs/local/lib/python3.10/dist-packages/micro_ros_msgs/micro_ros_msgs_s__rosidl_typesupport_introspection_c.cpython-310-x86_64-linux-gnu.so
Listing '/home/paulo/edromufu/src/movement/Ros2_change/install/micro_ros_msgs/local/lib/python3.10/dist-packages/micro_ros_msgs'...
Listing '/home/paulo/edromufu/src/movement/Ros2_change/install/micro_ros_msgs/local/lib/python3.10/dist-packages/micro_ros_msgs/msg'...
-- Up-to-date: /home/paulo/edromufu/src/movement/Ros2_change/install/micro_ros_msgs/local/lib/python3.10/dist-packages/micro_ros_msgs/micro_ros_msgs_s__rosidl_typesupport_fastrtps_c.cpython-310-x86_64-linux-gnu.so
-- Up-to-date: /home/paulo/edromufu/src/movement/Ros2_change/install/micro_ros_msgs/local/lib/python3.10/dist-packages/micro_ros_msgs/micro_ros_msgs_s__rosidl_typesupport_introspection_c.cpython-310-x86_64-linux-gnu.so
-- Up-to-date: /home/paulo/edromufu/src/movement/Ros2_change/install/micro_ros_msgs/local/lib/python3.10/dist-packages/micro_ros_msgs/micro_ros_msgs_s__rosidl_typesupport_c.cpython-310-x86_64-linux-gnu.so
-- Up-to-date: /home/paulo/edromufu/src/movement/Ros2_change/install/micro_ros_msgs/lib/libmicro_ros_msgs__rosidl_generator_py.so
-- Up-to-date: /home/paulo/edromufu/src/movement/Ros2_change/install/micro_ros_msgs/share/micro_ros_msgs/msg/Graph.idl
-- Up-to-date: /home/paulo/edromufu/src/movement/Ros2_change/install/micro_ros_msgs/share/micro_ros_msgs/msg/Node.idl
-- Up-to-date: /home/paulo/edromufu/src/movement/Ros2_change/install/micro_ros_msgs/share/micro_ros_msgs/msg/Entity.idl
-- Up-to-date: /home/paulo/edromufu/src/movement/Ros2_change/install/micro_ros_msgs/share/micro_ros_msgs/msg/Graph.msg
-- Up-to-date: /home/paulo/edromufu/src/movement/Ros2_change/install/micro_ros_msgs/share/micro_ros_msgs/msg/Node.msg
-- Up-to-date: /home/paulo/edromufu/src/movement/Ros2_change/install/micro_ros_msgs/share/micro_ros_msgs/msg/Entity.msg
-- Up-to-date: /home/paulo/edromufu/src/movement/Ros2_change/install/micro_ros_msgs/share/ament_index/resource_index/package_run_dependencies/micro_ros_msgs
-- Up-to-date: /home/paulo/edromufu/src/movement/Ros2_change/install/micro_ros_msgs/share/ament_index/resource_index/parent_prefix_path/micro_ros_msgs
-- Up-to-date: /home/paulo/edromufu/src/movement/Ros2_change/install/micro_ros_msgs/share/micro_ros_msgs/environment/ament_prefix_path.sh
-- Up-to-date: /home/paulo/edromufu/src/movement/Ros2_change/install/micro_ros_msgs/share/micro_ros_msgs/environment/ament_prefix_path.dsv
-- Up-to-date: /home/paulo/edromufu/src/movement/Ros2_change/install/micro_ros_msgs/share/micro_ros_msgs/environment/path.sh
-- Up-to-date: /home/paulo/edromufu/src/movement/Ros2_change/install/micro_ros_msgs/share/micro_ros_msgs/environment/path.dsv
-- Up-to-date: /home/paulo/edromufu/src/movement/Ros2_change/install/micro_ros_msgs/share/micro_ros_msgs/local_setup.bash
-- Up-to-date: /home/paulo/edromufu/src/movement/Ros2_change/install/micro_ros_msgs/share/micro_ros_msgs/local_setup.sh
-- Up-to-date: /home/paulo/edromufu/src/movement/Ros2_change/install/micro_ros_msgs/share/micro_ros_msgs/local_setup.zsh
-- Up-to-date: /home/paulo/edromufu/src/movement/Ros2_change/install/micro_ros_msgs/share/micro_ros_msgs/local_setup.dsv
-- Installing: /home/paulo/edromufu/src/movement/Ros2_change/install/micro_ros_msgs/share/micro_ros_msgs/package.dsv
-- Up-to-date: /home/paulo/edromufu/src/movement/Ros2_change/install/micro_ros_msgs/share/ament_index/resource_index/packages/micro_ros_msgs
-- Up-to-date: /home/paulo/edromufu/src/movement/Ros2_change/install/micro_ros_msgs/share/micro_ros_msgs/cmake/export_micro_ros_msgs__rosidl_generator_cExport.cmake
-- Up-to-date: /home/paulo/edromufu/src/movement/Ros2_change/install/micro_ros_msgs/share/micro_ros_msgs/cmake/export_micro_ros_msgs__rosidl_generator_cExport-noconfig.cmake
-- Up-to-date: /home/paulo/edromufu/src/movement/Ros2_change/install/micro_ros_msgs/share/micro_ros_msgs/cmake/export_micro_ros_msgs__rosidl_typesupport_fastrtps_cExport.cmake
-- Up-to-date: /home/paulo/edromufu/src/movement/Ros2_change/install/micro_ros_msgs/share/micro_ros_msgs/cmake/export_micro_ros_msgs__rosidl_typesupport_fastrtps_cExport-noconfig.cmake
-- Up-to-date: /home/paulo/edromufu/src/movement/Ros2_change/install/micro_ros_msgs/share/micro_ros_msgs/cmake/micro_ros_msgs__rosidl_typesupport_introspection_cExport.cmake
-- Up-to-date: /home/paulo/edromufu/src/movement/Ros2_change/install/micro_ros_msgs/share/micro_ros_msgs/cmake/micro_ros_msgs__rosidl_typesupport_introspection_cExport-noconfig.cmake
-- Up-to-date: /home/paulo/edromufu/src/movement/Ros2_change/install/micro_ros_msgs/share/micro_ros_msgs/cmake/micro_ros_msgs__rosidl_typesupport_cExport.cmake
-- Up-to-date: /home/paulo/edromufu/src/movement/Ros2_change/install/micro_ros_msgs/share/micro_ros_msgs/cmake/micro_ros_msgs__rosidl_typesupport_cExport-noconfig.cmake
-- Up-to-date: /home/paulo/edromufu/src/movement/Ros2_change/install/micro_ros_msgs/share/micro_ros_msgs/cmake/export_micro_ros_msgs__rosidl_generator_cppExport.cmake
-- Up-to-date: /home/paulo/edromufu/src/movement/Ros2_change/install/micro_ros_msgs/share/micro_ros_msgs/cmake/export_micro_ros_msgs__rosidl_typesupport_fastrtps_cppExport.cmake
-- Up-to-date: /home/paulo/edromufu/src/movement/Ros2_change/install/micro_ros_msgs/share/micro_ros_msgs/cmake/export_micro_ros_msgs__rosidl_typesupport_fastrtps_cppExport-noconfig.cmake
-- Up-to-date: /home/paulo/edromufu/src/movement/Ros2_change/install/micro_ros_msgs/share/micro_ros_msgs/cmake/micro_ros_msgs__rosidl_typesupport_introspection_cppExport.cmake
-- Up-to-date: /home/paulo/edromufu/src/movement/Ros2_change/install/micro_ros_msgs/share/micro_ros_msgs/cmake/micro_ros_msgs__rosidl_typesupport_introspection_cppExport-noconfig.cmake
-- Up-to-date: /home/paulo/edromufu/src/movement/Ros2_change/install/micro_ros_msgs/share/micro_ros_msgs/cmake/micro_ros_msgs__rosidl_typesupport_cppExport.cmake
-- Up-to-date: /home/paulo/edromufu/src/movement/Ros2_change/install/micro_ros_msgs/share/micro_ros_msgs/cmake/micro_ros_msgs__rosidl_typesupport_cppExport-noconfig.cmake
-- Up-to-date: /home/paulo/edromufu/src/movement/Ros2_change/install/micro_ros_msgs/share/micro_ros_msgs/cmake/export_micro_ros_msgs__rosidl_generator_pyExport.cmake
-- Up-to-date: /home/paulo/edromufu/src/movement/Ros2_change/install/micro_ros_msgs/share/micro_ros_msgs/cmake/export_micro_ros_msgs__rosidl_generator_pyExport-noconfig.cmake
-- Up-to-date: /home/paulo/edromufu/src/movement/Ros2_change/install/micro_ros_msgs/share/micro_ros_msgs/cmake/rosidl_cmake-extras.cmake
-- Up-to-date: /home/paulo/edromufu/src/movement/Ros2_change/install/micro_ros_msgs/share/micro_ros_msgs/cmake/ament_cmake_export_include_directories-extras.cmake
-- Up-to-date: /home/paulo/edromufu/src/movement/Ros2_change/install/micro_ros_msgs/share/micro_ros_msgs/cmake/ament_cmake_export_libraries-extras.cmake
-- Up-to-date: /home/paulo/edromufu/src/movement/Ros2_change/install/micro_ros_msgs/share/micro_ros_msgs/cmake/ament_cmake_export_targets-extras.cmake
-- Up-to-date: /home/paulo/edromufu/src/movement/Ros2_change/install/micro_ros_msgs/share/micro_ros_msgs/cmake/rosidl_cmake_export_typesupport_targets-extras.cmake
-- Up-to-date: /home/paulo/edromufu/src/movement/Ros2_change/install/micro_ros_msgs/share/micro_ros_msgs/cmake/ament_cmake_export_dependencies-extras.cmake
-- Up-to-date: /home/paulo/edromufu/src/movement/Ros2_change/install/micro_ros_msgs/share/micro_ros_msgs/cmake/rosidl_cmake_export_typesupport_libraries-extras.cmake
-- Up-to-date: /home/paulo/edromufu/src/movement/Ros2_change/install/micro_ros_msgs/share/micro_ros_msgs/cmake/micro_ros_msgsConfig.cmake
-- Up-to-date: /home/paulo/edromufu/src/movement/Ros2_change/install/micro_ros_msgs/share/micro_ros_msgs/cmake/micro_ros_msgsConfig-version.cmake
-- Up-to-date: /home/paulo/edromufu/src/movement/Ros2_change/install/micro_ros_msgs/share/micro_ros_msgs/package.xml
