[0.558s] Invoking command in '/home/paulo/edromufu/src/movement/Ros2_change/build/urdf_robox': CMAKE_PREFIX_PATH=/opt/ros/humble /usr/bin/cmake --build /home/paulo/edromufu/src/movement/Ros2_change/build/urdf_robox -- -j12 -l12
[0.592s] Invoked command in '/home/paulo/edromufu/src/movement/Ros2_change/build/urdf_robox' returned '0': CMAKE_PREFIX_PATH=/opt/ros/humble /usr/bin/cmake --build /home/paulo/edromufu/src/movement/Ros2_change/build/urdf_robox -- -j12 -l12
[0.613s] Invoking command in '/home/paulo/edromufu/src/movement/Ros2_change/build/urdf_robox': CMAKE_PREFIX_PATH=/opt/ros/humble /usr/bin/cmake --install /home/paulo/edromufu/src/movement/Ros2_change/build/urdf_robox
[0.624s] -- Install configuration: ""
[0.624s] -- Up-to-date: /home/paulo/edromufu/src/movement/Ros2_change/install/urdf_robox/share/urdf_robox/urdf
[0.624s] -- Up-to-date: /home/paulo/edromufu/src/movement/Ros2_change/install/urdf_robox/share/urdf_robox/urdf/urdf_robox.urdf
[0.624s] -- Up-to-date: /home/paulo/edromufu/src/movement/Ros2_change/install/urdf_robox/share/urdf_robox/urdf/urdf_robox.csv
[0.624s] -- Up-to-date: /home/paulo/edromufu/src/movement/Ros2_change/install/urdf_robox/share/urdf_robox/launch
[0.624s] -- Up-to-date: /home/paulo/edromufu/src/movement/Ros2_change/install/urdf_robox/share/urdf_robox/launch/rsp.launch.py
[0.624s] -- Up-to-date: /home/paulo/edromufu/src/movement/Ros2_change/install/urdf_robox/share/urdf_robox/launch/rsp_sim.launch.py
[0.624s] -- Up-to-date: /home/paulo/edromufu/src/movement/Ros2_change/install/urdf_robox/share/urdf_robox/launch/display.launch
[0.624s] -- Up-to-date: /home/paulo/edromufu/src/movement/Ros2_change/install/urdf_robox/share/urdf_robox/launch/gazebo.launch
[0.624s] -- Up-to-date: /home/paulo/edromufu/src/movement/Ros2_change/install/urdf_robox/share/urdf_robox/meshes
[0.624s] -- Up-to-date: /home/paulo/edromufu/src/movement/Ros2_change/install/urdf_robox/share/urdf_robox/meshes/LL_Link_3.3.STL
[0.624s] -- Up-to-date: /home/paulo/edromufu/src/movement/Ros2_change/install/urdf_robox/share/urdf_robox/meshes/RL_Link_5.1.STL
[0.625s] -- Up-to-date: /home/paulo/edromufu/src/movement/Ros2_change/install/urdf_robox/share/urdf_robox/meshes/LA_Link.STL
[0.625s] -- Up-to-date: /home/paulo/edromufu/src/movement/Ros2_change/install/urdf_robox/share/urdf_robox/meshes/RL_Link_4.3.STL
[0.625s] -- Up-to-date: /home/paulo/edromufu/src/movement/Ros2_change/install/urdf_robox/share/urdf_robox/meshes/RL_Link_1.STL
[0.625s] -- Up-to-date: /home/paulo/edromufu/src/movement/Ros2_change/install/urdf_robox/share/urdf_robox/meshes/RL_Link_5.3.STL
[0.625s] -- Up-to-date: /home/paulo/edromufu/src/movement/Ros2_change/install/urdf_robox/share/urdf_robox/meshes/LL_Link_3.1.STL
[0.625s] -- Up-to-date: /home/paulo/edromufu/src/movement/Ros2_change/install/urdf_robox/share/urdf_robox/meshes/RL_Link_2.3.STL
[0.625s] -- Up-to-date: /home/paulo/edromufu/src/movement/Ros2_change/install/urdf_robox/share/urdf_robox/meshes/LL_Link_4.1.STL
[0.625s] -- Up-to-date: /home/paulo/edromufu/src/movement/Ros2_change/install/urdf_robox/share/urdf_robox/meshes/LL_Link_5.3.STL
[0.625s] -- Up-to-date: /home/paulo/edromufu/src/movement/Ros2_change/install/urdf_robox/share/urdf_robox/meshes/RL_Link_3.2.STL
[0.625s] -- Up-to-date: /home/paulo/edromufu/src/movement/Ros2_change/install/urdf_robox/share/urdf_robox/meshes/RL_Link_5.2.STL
[0.625s] -- Up-to-date: /home/paulo/edromufu/src/movement/Ros2_change/install/urdf_robox/share/urdf_robox/meshes/LL_Link_6.STL
[0.625s] -- Up-to-date: /home/paulo/edromufu/src/movement/Ros2_change/install/urdf_robox/share/urdf_robox/meshes/LL_Link_5.2.STL
[0.625s] -- Up-to-date: /home/paulo/edromufu/src/movement/Ros2_change/install/urdf_robox/share/urdf_robox/meshes/LL_Link_2.2.STL
[0.625s] -- Up-to-date: /home/paulo/edromufu/src/movement/Ros2_change/install/urdf_robox/share/urdf_robox/meshes/LL_Link_2.3.STL
[0.625s] -- Up-to-date: /home/paulo/edromufu/src/movement/Ros2_change/install/urdf_robox/share/urdf_robox/meshes/LL_Link_5.1.STL
[0.625s] -- Up-to-date: /home/paulo/edromufu/src/movement/Ros2_change/install/urdf_robox/share/urdf_robox/meshes/LL_Link_3.2.STL
[0.625s] -- Up-to-date: /home/paulo/edromufu/src/movement/Ros2_change/install/urdf_robox/share/urdf_robox/meshes/RL_Link_3.3.STL
[0.625s] -- Up-to-date: /home/paulo/edromufu/src/movement/Ros2_change/install/urdf_robox/share/urdf_robox/meshes/RL_Link_4.1.STL
[0.625s] -- Up-to-date: /home/paulo/edromufu/src/movement/Ros2_change/install/urdf_robox/share/urdf_robox/meshes/LL_Link_4.2.STL
[0.625s] -- Up-to-date: /home/paulo/edromufu/src/movement/Ros2_change/install/urdf_robox/share/urdf_robox/meshes/RL_Link_2.2.STL
[0.625s] -- Up-to-date: /home/paulo/edromufu/src/movement/Ros2_change/install/urdf_robox/share/urdf_robox/meshes/LL_Link_4.3.STL
[0.625s] -- Up-to-date: /home/paulo/edromufu/src/movement/Ros2_change/install/urdf_robox/share/urdf_robox/meshes/RL_Link_2.1.STL
[0.625s] -- Up-to-date: /home/paulo/edromufu/src/movement/Ros2_change/install/urdf_robox/share/urdf_robox/meshes/RL_Link_4.2.STL
[0.626s] -- Up-to-date: /home/paulo/edromufu/src/movement/Ros2_change/install/urdf_robox/share/urdf_robox/meshes/Link_0.STL
[0.626s] -- Up-to-date: /home/paulo/edromufu/src/movement/Ros2_change/install/urdf_robox/share/urdf_robox/meshes/RL_Link_6.STL
[0.626s] -- Up-to-date: /home/paulo/edromufu/src/movement/Ros2_change/install/urdf_robox/share/urdf_robox/meshes/RL_Link_3.1.STL
[0.626s] -- Up-to-date: /home/paulo/edromufu/src/movement/Ros2_change/install/urdf_robox/share/urdf_robox/meshes/LL_Link_1.STL
[0.626s] -- Up-to-date: /home/paulo/edromufu/src/movement/Ros2_change/install/urdf_robox/share/urdf_robox/meshes/LL_Link_2.1.STL
[0.626s] -- Up-to-date: /home/paulo/edromufu/src/movement/Ros2_change/install/urdf_robox/share/urdf_robox/meshes/RA_Link.STL
[0.626s] -- Up-to-date: /home/paulo/edromufu/src/movement/Ros2_change/install/urdf_robox/share/urdf_robox/config
[0.626s] -- Up-to-date: /home/paulo/edromufu/src/movement/Ros2_change/install/urdf_robox/share/urdf_robox/config/joint_names_urdf_robox.yaml
[0.626s] -- Up-to-date: /home/paulo/edromufu/src/movement/Ros2_change/install/urdf_robox/share/urdf_robox/worlds
[0.626s] -- Up-to-date: /home/paulo/edromufu/src/movement/Ros2_change/install/urdf_robox/share/urdf_robox/worlds/test_world.world
[0.626s] -- Up-to-date: /home/paulo/edromufu/src/movement/Ros2_change/install/urdf_robox/share/ament_index/resource_index/package_run_dependencies/urdf_robox
[0.626s] -- Up-to-date: /home/paulo/edromufu/src/movement/Ros2_change/install/urdf_robox/share/ament_index/resource_index/parent_prefix_path/urdf_robox
[0.626s] -- Up-to-date: /home/paulo/edromufu/src/movement/Ros2_change/install/urdf_robox/share/urdf_robox/environment/ament_prefix_path.sh
[0.626s] -- Up-to-date: /home/paulo/edromufu/src/movement/Ros2_change/install/urdf_robox/share/urdf_robox/environment/ament_prefix_path.dsv
[0.626s] -- Up-to-date: /home/paulo/edromufu/src/movement/Ros2_change/install/urdf_robox/share/urdf_robox/environment/path.sh
[0.626s] -- Up-to-date: /home/paulo/edromufu/src/movement/Ros2_change/install/urdf_robox/share/urdf_robox/environment/path.dsv
[0.626s] -- Up-to-date: /home/paulo/edromufu/src/movement/Ros2_change/install/urdf_robox/share/urdf_robox/local_setup.bash
[0.626s] -- Up-to-date: /home/paulo/edromufu/src/movement/Ros2_change/install/urdf_robox/share/urdf_robox/local_setup.sh
[0.626s] -- Up-to-date: /home/paulo/edromufu/src/movement/Ros2_change/install/urdf_robox/share/urdf_robox/local_setup.zsh
[0.626s] -- Up-to-date: /home/paulo/edromufu/src/movement/Ros2_change/install/urdf_robox/share/urdf_robox/local_setup.dsv
[0.626s] -- Installing: /home/paulo/edromufu/src/movement/Ros2_change/install/urdf_robox/share/urdf_robox/package.dsv
[0.626s] -- Up-to-date: /home/paulo/edromufu/src/movement/Ros2_change/install/urdf_robox/share/ament_index/resource_index/packages/urdf_robox
[0.627s] -- Up-to-date: /home/paulo/edromufu/src/movement/Ros2_change/install/urdf_robox/share/urdf_robox/cmake/urdf_roboxConfig.cmake
[0.627s] -- Up-to-date: /home/paulo/edromufu/src/movement/Ros2_change/install/urdf_robox/share/urdf_robox/cmake/urdf_roboxConfig-version.cmake
[0.627s] -- Up-to-date: /home/paulo/edromufu/src/movement/Ros2_change/install/urdf_robox/share/urdf_robox/package.xml
[0.638s] Invoked command in '/home/paulo/edromufu/src/movement/Ros2_change/build/urdf_robox' returned '0': CMAKE_PREFIX_PATH=/opt/ros/humble /usr/bin/cmake --install /home/paulo/edromufu/src/movement/Ros2_change/build/urdf_robox
