[1.825s] Invoking command in '/home/paulo/edromufu/src/behaviour/transitions_and_states': PYTHONPATH=/home/paulo/edromufu/src/behaviour/build/transitions_and_states/prefix_override:/usr/lib/python3/dist-packages/colcon_core/task/python/colcon_distutils_commands:/home/paulo/edromufu/src/behaviour/install/transitions_and_states/lib/python3.10/site-packages:${PYTHONPATH} /usr/bin/python3 -W ignore:setup.py install is deprecated setup.py egg_info --egg-base ../build/transitions_and_states build --build-base /home/paulo/edromufu/src/behaviour/build/transitions_and_states/build install --record /home/paulo/edromufu/src/behaviour/build/transitions_and_states/install.log --single-version-externally-managed install_data
[2.127s] running egg_info
[2.128s] writing ../build/transitions_and_states/transitions_and_states.egg-info/PKG-INFO
[2.128s] writing dependency_links to ../build/transitions_and_states/transitions_and_states.egg-info/dependency_links.txt
[2.128s] writing entry points to ../build/transitions_and_states/transitions_and_states.egg-info/entry_points.txt
[2.128s] writing requirements to ../build/transitions_and_states/transitions_and_states.egg-info/requires.txt
[2.128s] writing top-level names to ../build/transitions_and_states/transitions_and_states.egg-info/top_level.txt
[2.133s] reading manifest file '../build/transitions_and_states/transitions_and_states.egg-info/SOURCES.txt'
[2.133s] adding license file 'LICENSE'
[2.133s] writing manifest file '../build/transitions_and_states/transitions_and_states.egg-info/SOURCES.txt'
[2.133s] running build
[2.134s] running build_py
[2.134s] running install
[2.136s] running install_lib
[2.136s] running install_data
[2.136s] running install_egg_info
[2.138s] removing '/home/paulo/edromufu/src/behaviour/install/transitions_and_states/lib/python3.10/site-packages/transitions_and_states-0.0.0-py3.10.egg-info' (and everything under it)
[2.138s] Copying ../build/transitions_and_states/transitions_and_states.egg-info to /home/paulo/edromufu/src/behaviour/install/transitions_and_states/lib/python3.10/site-packages/transitions_and_states-0.0.0-py3.10.egg-info
[2.140s] running install_scripts
[2.163s] writing list of installed files to '/home/paulo/edromufu/src/behaviour/build/transitions_and_states/install.log'
[2.192s] Invoked command in '/home/paulo/edromufu/src/behaviour/transitions_and_states' returned '0': PYTHONPATH=/home/paulo/edromufu/src/behaviour/build/transitions_and_states/prefix_override:/usr/lib/python3/dist-packages/colcon_core/task/python/colcon_distutils_commands:/home/paulo/edromufu/src/behaviour/install/transitions_and_states/lib/python3.10/site-packages:${PYTHONPATH} /usr/bin/python3 -W ignore:setup.py install is deprecated setup.py egg_info --egg-base ../build/transitions_and_states build --build-base /home/paulo/edromufu/src/behaviour/build/transitions_and_states/build install --record /home/paulo/edromufu/src/behaviour/build/transitions_and_states/install.log --single-version-externally-managed install_data
