[0.034s] Invoking command in '/home/edrom-mini/edromufu/src/movement/Ros2_change/build/urdf_robox': CMAKE_PREFIX_PATH=${CMAKE_PREFIX_PATH}:/home/edrom-mini/edromufu/src/movement/Ros2_change/install/u2d2_comm:/home/edrom-mini/edromufu/src/movement/Ros2_change/install/tahara_pages:/home/edrom-mini/edromufu/src/movement/Ros2_change/install/pot_package:/home/edrom-mini/edromufu/src/movement/Ros2_change/install/movement_core:/home/edrom-mini/edromufu/src/movement/Ros2_change/install/movement_pages:/home/edrom-mini/edromufu/src/movement/Ros2_change/install/movement_functions:/home/edrom-mini/edromufu/src/movement/Ros2_change/install/humanoid_definition:/home/edrom-mini/edromufu/src/movement/Ros2_change/install/kinematic_functions:/home/edrom-mini/edromufu/src/movement/Ros2_change/install/erro_package:/opt/ros/humble /home/edrom-mini/.local/bin/cmake --build /home/edrom-mini/edromufu/src/movement/Ros2_change/build/urdf_robox -- -j4 -l4
[0.609s] Invoked command in '/home/edrom-mini/edromufu/src/movement/Ros2_change/build/urdf_robox' returned '0': CMAKE_PREFIX_PATH=${CMAKE_PREFIX_PATH}:/home/edrom-mini/edromufu/src/movement/Ros2_change/install/u2d2_comm:/home/edrom-mini/edromufu/src/movement/Ros2_change/install/tahara_pages:/home/edrom-mini/edromufu/src/movement/Ros2_change/install/pot_package:/home/edrom-mini/edromufu/src/movement/Ros2_change/install/movement_core:/home/edrom-mini/edromufu/src/movement/Ros2_change/install/movement_pages:/home/edrom-mini/edromufu/src/movement/Ros2_change/install/movement_functions:/home/edrom-mini/edromufu/src/movement/Ros2_change/install/humanoid_definition:/home/edrom-mini/edromufu/src/movement/Ros2_change/install/kinematic_functions:/home/edrom-mini/edromufu/src/movement/Ros2_change/install/erro_package:/opt/ros/humble /home/edrom-mini/.local/bin/cmake --build /home/edrom-mini/edromufu/src/movement/Ros2_change/build/urdf_robox -- -j4 -l4
[1.026s] Invoking command in '/home/edrom-mini/edromufu/src/movement/Ros2_change/build/urdf_robox': CMAKE_PREFIX_PATH=${CMAKE_PREFIX_PATH}:/home/edrom-mini/edromufu/src/movement/Ros2_change/install/u2d2_comm:/home/edrom-mini/edromufu/src/movement/Ros2_change/install/tahara_pages:/home/edrom-mini/edromufu/src/movement/Ros2_change/install/pot_package:/home/edrom-mini/edromufu/src/movement/Ros2_change/install/movement_core:/home/edrom-mini/edromufu/src/movement/Ros2_change/install/movement_pages:/home/edrom-mini/edromufu/src/movement/Ros2_change/install/movement_functions:/home/edrom-mini/edromufu/src/movement/Ros2_change/install/humanoid_definition:/home/edrom-mini/edromufu/src/movement/Ros2_change/install/kinematic_functions:/home/edrom-mini/edromufu/src/movement/Ros2_change/install/erro_package:/opt/ros/humble /home/edrom-mini/.local/bin/cmake --install /home/edrom-mini/edromufu/src/movement/Ros2_change/build/urdf_robox
[1.153s] -- Install configuration: ""
[1.153s] -- Up-to-date: /home/edrom-mini/edromufu/src/movement/Ros2_change/install/urdf_robox/share/urdf_robox/urdf
[1.153s] -- Up-to-date: /home/edrom-mini/edromufu/src/movement/Ros2_change/install/urdf_robox/share/urdf_robox/urdf/urdf_robox.csv
[1.153s] -- Up-to-date: /home/edrom-mini/edromufu/src/movement/Ros2_change/install/urdf_robox/share/urdf_robox/urdf/urdf_robox.urdf
[1.153s] -- Up-to-date: /home/edrom-mini/edromufu/src/movement/Ros2_change/install/urdf_robox/share/urdf_robox/launch
[1.153s] -- Up-to-date: /home/edrom-mini/edromufu/src/movement/Ros2_change/install/urdf_robox/share/urdf_robox/launch/rsp_sim.launch.py
[1.153s] -- Up-to-date: /home/edrom-mini/edromufu/src/movement/Ros2_change/install/urdf_robox/share/urdf_robox/launch/gazebo.launch
[1.153s] -- Up-to-date: /home/edrom-mini/edromufu/src/movement/Ros2_change/install/urdf_robox/share/urdf_robox/launch/rsp.launch.py
[1.157s] -- Up-to-date: /home/edrom-mini/edromufu/src/movement/Ros2_change/install/urdf_robox/share/urdf_robox/launch/display.launch
[1.157s] -- Up-to-date: /home/edrom-mini/edromufu/src/movement/Ros2_change/install/urdf_robox/share/urdf_robox/meshes
[1.157s] -- Up-to-date: /home/edrom-mini/edromufu/src/movement/Ros2_change/install/urdf_robox/share/urdf_robox/meshes/RL_Link_1.STL
[1.157s] -- Up-to-date: /home/edrom-mini/edromufu/src/movement/Ros2_change/install/urdf_robox/share/urdf_robox/meshes/RL_Link_3.2.STL
[1.160s] -- Up-to-date: /home/edrom-mini/edromufu/src/movement/Ros2_change/install/urdf_robox/share/urdf_robox/meshes/LL_Link_3.1.STL
[1.160s] -- Up-to-date: /home/edrom-mini/edromufu/src/movement/Ros2_change/install/urdf_robox/share/urdf_robox/meshes/RA_Link.STL
[1.160s] -- Up-to-date: /home/edrom-mini/edromufu/src/movement/Ros2_change/install/urdf_robox/share/urdf_robox/meshes/RL_Link_4.3.STL
[1.160s] -- Up-to-date: /home/edrom-mini/edromufu/src/movement/Ros2_change/install/urdf_robox/share/urdf_robox/meshes/LA_Link.STL
[1.160s] -- Up-to-date: /home/edrom-mini/edromufu/src/movement/Ros2_change/install/urdf_robox/share/urdf_robox/meshes/RL_Link_2.1.STL
[1.160s] -- Up-to-date: /home/edrom-mini/edromufu/src/movement/Ros2_change/install/urdf_robox/share/urdf_robox/meshes/RL_Link_5.1.STL
[1.160s] -- Up-to-date: /home/edrom-mini/edromufu/src/movement/Ros2_change/install/urdf_robox/share/urdf_robox/meshes/LL_Link_5.2.STL
[1.160s] -- Up-to-date: /home/edrom-mini/edromufu/src/movement/Ros2_change/install/urdf_robox/share/urdf_robox/meshes/RL_Link_5.3.STL
[1.160s] -- Up-to-date: /home/edrom-mini/edromufu/src/movement/Ros2_change/install/urdf_robox/share/urdf_robox/meshes/RL_Link_2.2.STL
[1.161s] -- Up-to-date: /home/edrom-mini/edromufu/src/movement/Ros2_change/install/urdf_robox/share/urdf_robox/meshes/RL_Link_3.1.STL
[1.161s] -- Up-to-date: /home/edrom-mini/edromufu/src/movement/Ros2_change/install/urdf_robox/share/urdf_robox/meshes/RL_Link_3.3.STL
[1.161s] -- Up-to-date: /home/edrom-mini/edromufu/src/movement/Ros2_change/install/urdf_robox/share/urdf_robox/meshes/RL_Link_2.3.STL
[1.161s] -- Up-to-date: /home/edrom-mini/edromufu/src/movement/Ros2_change/install/urdf_robox/share/urdf_robox/meshes/LL_Link_4.3.STL
[1.161s] -- Up-to-date: /home/edrom-mini/edromufu/src/movement/Ros2_change/install/urdf_robox/share/urdf_robox/meshes/LL_Link_4.2.STL
[1.161s] -- Up-to-date: /home/edrom-mini/edromufu/src/movement/Ros2_change/install/urdf_robox/share/urdf_robox/meshes/LL_Link_2.1.STL
[1.161s] -- Up-to-date: /home/edrom-mini/edromufu/src/movement/Ros2_change/install/urdf_robox/share/urdf_robox/meshes/LL_Link_4.1.STL
[1.161s] -- Up-to-date: /home/edrom-mini/edromufu/src/movement/Ros2_change/install/urdf_robox/share/urdf_robox/meshes/LL_Link_6.STL
[1.161s] -- Up-to-date: /home/edrom-mini/edromufu/src/movement/Ros2_change/install/urdf_robox/share/urdf_robox/meshes/RL_Link_4.1.STL
[1.161s] -- Up-to-date: /home/edrom-mini/edromufu/src/movement/Ros2_change/install/urdf_robox/share/urdf_robox/meshes/LL_Link_3.2.STL
[1.170s] -- Up-to-date: /home/edrom-mini/edromufu/src/movement/Ros2_change/install/urdf_robox/share/urdf_robox/meshes/LL_Link_5.1.STL
[1.170s] -- Up-to-date: /home/edrom-mini/edromufu/src/movement/Ros2_change/install/urdf_robox/share/urdf_robox/meshes/LL_Link_1.STL
[1.170s] -- Up-to-date: /home/edrom-mini/edromufu/src/movement/Ros2_change/install/urdf_robox/share/urdf_robox/meshes/LL_Link_2.3.STL
[1.170s] -- Up-to-date: /home/edrom-mini/edromufu/src/movement/Ros2_change/install/urdf_robox/share/urdf_robox/meshes/RL_Link_6.STL
[1.171s] -- Up-to-date: /home/edrom-mini/edromufu/src/movement/Ros2_change/install/urdf_robox/share/urdf_robox/meshes/RL_Link_4.2.STL
[1.171s] -- Up-to-date: /home/edrom-mini/edromufu/src/movement/Ros2_change/install/urdf_robox/share/urdf_robox/meshes/Link_0.STL
[1.171s] -- Up-to-date: /home/edrom-mini/edromufu/src/movement/Ros2_change/install/urdf_robox/share/urdf_robox/meshes/LL_Link_5.3.STL
[1.171s] -- Up-to-date: /home/edrom-mini/edromufu/src/movement/Ros2_change/install/urdf_robox/share/urdf_robox/meshes/RL_Link_5.2.STL
[1.171s] -- Up-to-date: /home/edrom-mini/edromufu/src/movement/Ros2_change/install/urdf_robox/share/urdf_robox/meshes/LL_Link_3.3.STL
[1.171s] -- Up-to-date: /home/edrom-mini/edromufu/src/movement/Ros2_change/install/urdf_robox/share/urdf_robox/meshes/LL_Link_2.2.STL
[1.171s] -- Up-to-date: /home/edrom-mini/edromufu/src/movement/Ros2_change/install/urdf_robox/share/urdf_robox/config
[1.171s] -- Up-to-date: /home/edrom-mini/edromufu/src/movement/Ros2_change/install/urdf_robox/share/urdf_robox/config/joint_names_urdf_robox.yaml
[1.171s] -- Up-to-date: /home/edrom-mini/edromufu/src/movement/Ros2_change/install/urdf_robox/share/urdf_robox/worlds
[1.171s] -- Up-to-date: /home/edrom-mini/edromufu/src/movement/Ros2_change/install/urdf_robox/share/urdf_robox/worlds/test_world.world
[1.171s] -- Up-to-date: /home/edrom-mini/edromufu/src/movement/Ros2_change/install/urdf_robox/share/ament_index/resource_index/package_run_dependencies/urdf_robox
[1.172s] -- Up-to-date: /home/edrom-mini/edromufu/src/movement/Ros2_change/install/urdf_robox/share/ament_index/resource_index/parent_prefix_path/urdf_robox
[1.172s] -- Up-to-date: /home/edrom-mini/edromufu/src/movement/Ros2_change/install/urdf_robox/share/urdf_robox/environment/ament_prefix_path.sh
[1.172s] -- Up-to-date: /home/edrom-mini/edromufu/src/movement/Ros2_change/install/urdf_robox/share/urdf_robox/environment/ament_prefix_path.dsv
[1.172s] -- Up-to-date: /home/edrom-mini/edromufu/src/movement/Ros2_change/install/urdf_robox/share/urdf_robox/environment/path.sh
[1.172s] -- Up-to-date: /home/edrom-mini/edromufu/src/movement/Ros2_change/install/urdf_robox/share/urdf_robox/environment/path.dsv
[1.172s] -- Up-to-date: /home/edrom-mini/edromufu/src/movement/Ros2_change/install/urdf_robox/share/urdf_robox/local_setup.bash
[1.172s] -- Up-to-date: /home/edrom-mini/edromufu/src/movement/Ros2_change/install/urdf_robox/share/urdf_robox/local_setup.sh
[1.172s] -- Up-to-date: /home/edrom-mini/edromufu/src/movement/Ros2_change/install/urdf_robox/share/urdf_robox/local_setup.zsh
[1.172s] -- Up-to-date: /home/edrom-mini/edromufu/src/movement/Ros2_change/install/urdf_robox/share/urdf_robox/local_setup.dsv
[1.172s] -- Installing: /home/edrom-mini/edromufu/src/movement/Ros2_change/install/urdf_robox/share/urdf_robox/package.dsv
[1.172s] -- Up-to-date: /home/edrom-mini/edromufu/src/movement/Ros2_change/install/urdf_robox/share/ament_index/resource_index/packages/urdf_robox
[1.180s] -- Up-to-date: /home/edrom-mini/edromufu/src/movement/Ros2_change/install/urdf_robox/share/urdf_robox/cmake/urdf_roboxConfig.cmake
[1.181s] -- Up-to-date: /home/edrom-mini/edromufu/src/movement/Ros2_change/install/urdf_robox/share/urdf_robox/cmake/urdf_roboxConfig-version.cmake
[1.181s] -- Up-to-date: /home/edrom-mini/edromufu/src/movement/Ros2_change/install/urdf_robox/share/urdf_robox/package.xml
[1.184s] Invoked command in '/home/edrom-mini/edromufu/src/movement/Ros2_change/build/urdf_robox' returned '0': CMAKE_PREFIX_PATH=${CMAKE_PREFIX_PATH}:/home/edrom-mini/edromufu/src/movement/Ros2_change/install/u2d2_comm:/home/edrom-mini/edromufu/src/movement/Ros2_change/install/tahara_pages:/home/edrom-mini/edromufu/src/movement/Ros2_change/install/pot_package:/home/edrom-mini/edromufu/src/movement/Ros2_change/install/movement_core:/home/edrom-mini/edromufu/src/movement/Ros2_change/install/movement_pages:/home/edrom-mini/edromufu/src/movement/Ros2_change/install/movement_functions:/home/edrom-mini/edromufu/src/movement/Ros2_change/install/humanoid_definition:/home/edrom-mini/edromufu/src/movement/Ros2_change/install/kinematic_functions:/home/edrom-mini/edromufu/src/movement/Ros2_change/install/erro_package:/opt/ros/humble /home/edrom-mini/.local/bin/cmake --install /home/edrom-mini/edromufu/src/movement/Ros2_change/build/urdf_robox
