[0.877s] Invoking command in '/home/paulo/edromufu/src/movement/Ros2_change/src/erro_package': PYTHONPATH=/home/paulo/edromufu/src/movement/Ros2_change/build/erro_package/prefix_override:/usr/lib/python3/dist-packages/colcon_core/task/python/colcon_distutils_commands:/home/paulo/edromufu/src/movement/Ros2_change/install/erro_package/lib/python3.10/site-packages:${PYTHONPATH} /usr/bin/python3 -W ignore:setup.py install is deprecated setup.py egg_info --egg-base ../../build/erro_package build --build-base /home/paulo/edromufu/src/movement/Ros2_change/build/erro_package/build install --record /home/paulo/edromufu/src/movement/Ros2_change/build/erro_package/install.log --single-version-externally-managed install_data
[1.047s] running egg_info
[1.048s] creating ../../build/erro_package/erro_package.egg-info
[1.048s] writing ../../build/erro_package/erro_package.egg-info/PKG-INFO
[1.048s] writing dependency_links to ../../build/erro_package/erro_package.egg-info/dependency_links.txt
[1.048s] writing entry points to ../../build/erro_package/erro_package.egg-info/entry_points.txt
[1.048s] writing requirements to ../../build/erro_package/erro_package.egg-info/requires.txt
[1.048s] writing top-level names to ../../build/erro_package/erro_package.egg-info/top_level.txt
[1.048s] writing manifest file '../../build/erro_package/erro_package.egg-info/SOURCES.txt'
[1.049s] reading manifest file '../../build/erro_package/erro_package.egg-info/SOURCES.txt'
[1.050s] writing manifest file '../../build/erro_package/erro_package.egg-info/SOURCES.txt'
[1.050s] running build
[1.050s] running build_py
[1.050s] creating /home/paulo/edromufu/src/movement/Ros2_change/build/erro_package/build
[1.050s] creating /home/paulo/edromufu/src/movement/Ros2_change/build/erro_package/build/lib
[1.050s] creating /home/paulo/edromufu/src/movement/Ros2_change/build/erro_package/build/lib/erro_package
[1.050s] copying erro_package/__init__.py -> /home/paulo/edromufu/src/movement/Ros2_change/build/erro_package/build/lib/erro_package
[1.050s] copying erro_package/erro_publisher.py -> /home/paulo/edromufu/src/movement/Ros2_change/build/erro_package/build/lib/erro_package
[1.050s] running install
[1.050s] running install_lib
[1.051s] creating /home/paulo/edromufu/src/movement/Ros2_change/install/erro_package/lib/python3.10/site-packages/erro_package
[1.051s] copying /home/paulo/edromufu/src/movement/Ros2_change/build/erro_package/build/lib/erro_package/__init__.py -> /home/paulo/edromufu/src/movement/Ros2_change/install/erro_package/lib/python3.10/site-packages/erro_package
[1.051s] copying /home/paulo/edromufu/src/movement/Ros2_change/build/erro_package/build/lib/erro_package/erro_publisher.py -> /home/paulo/edromufu/src/movement/Ros2_change/install/erro_package/lib/python3.10/site-packages/erro_package
[1.051s] byte-compiling /home/paulo/edromufu/src/movement/Ros2_change/install/erro_package/lib/python3.10/site-packages/erro_package/__init__.py to __init__.cpython-310.pyc
[1.051s] byte-compiling /home/paulo/edromufu/src/movement/Ros2_change/install/erro_package/lib/python3.10/site-packages/erro_package/erro_publisher.py to erro_publisher.cpython-310.pyc
[1.052s] running install_data
[1.052s] creating /home/paulo/edromufu/src/movement/Ros2_change/install/erro_package/share/ament_index
[1.052s] creating /home/paulo/edromufu/src/movement/Ros2_change/install/erro_package/share/ament_index/resource_index
[1.052s] creating /home/paulo/edromufu/src/movement/Ros2_change/install/erro_package/share/ament_index/resource_index/packages
[1.052s] error: can't copy 'resource/erro_package': doesn't exist or not a regular file
[1.318s] Invoked command in '/home/paulo/edromufu/src/movement/Ros2_change/src/erro_package' returned '1': PYTHONPATH=/home/paulo/edromufu/src/movement/Ros2_change/build/erro_package/prefix_override:/usr/lib/python3/dist-packages/colcon_core/task/python/colcon_distutils_commands:/home/paulo/edromufu/src/movement/Ros2_change/install/erro_package/lib/python3.10/site-packages:${PYTHONPATH} /usr/bin/python3 -W ignore:setup.py install is deprecated setup.py egg_info --egg-base ../../build/erro_package build --build-base /home/paulo/edromufu/src/movement/Ros2_change/build/erro_package/build install --record /home/paulo/edromufu/src/movement/Ros2_change/build/erro_package/install.log --single-version-externally-managed install_data
