[0.000000] (-) TimerEvent: {}
[0.000375] (-) JobUnselected: {'identifier': 'humanoid_definition'}
[0.000641] (-) JobUnselected: {'identifier': 'humanoid_visualization'}
[0.000664] (-) JobUnselected: {'identifier': 'imu_ros_arduino'}
[0.000681] (-) JobUnselected: {'identifier': 'kinematic_functions'}
[0.000697] (-) JobUnselected: {'identifier': 'localization_real'}
[0.000712] (-) JobUnselected: {'identifier': 'localization_sim'}
[0.000727] (-) JobUnselected: {'identifier': 'modularized_bhv_msgs'}
[0.000741] (-) JobUnselected: {'identifier': 'movement_core'}
[0.000756] (-) JobUnselected: {'identifier': 'movement_functions'}
[0.000770] (-) JobUnselected: {'identifier': 'movement_pages'}
[0.000785] (-) JobUnselected: {'identifier': 'movement_pagess'}
[0.000799] (-) JobUnselected: {'identifier': 'movement_predefined'}
[0.000813] (-) JobUnselected: {'identifier': 'movement_utils'}
[0.000828] (-) JobUnselected: {'identifier': 'numerical_optimization'}
[0.000842] (-) JobUnselected: {'identifier': 'object_finder'}
[0.000856] (-) JobUnselected: {'identifier': 'sensor_observer'}
[0.000870] (-) JobUnselected: {'identifier': 'states_routine'}
[0.000885] (-) JobUnselected: {'identifier': 'transitions_and_states'}
[0.000899] (-) JobUnselected: {'identifier': 'u2d2_comm'}
[0.000913] (-) JobUnselected: {'identifier': 'vision_msgs'}
[0.000928] (-) JobUnselected: {'identifier': 'webots_natasha'}
[0.000945] (bhv_independent_simulator) JobQueued: {'identifier': 'bhv_independent_simulator', 'dependencies': OrderedDict()}
[0.000965] (bhv_independent_simulator) JobStarted: {'identifier': 'bhv_independent_simulator'}
[0.099828] (-) TimerEvent: {}
[0.200082] (-) TimerEvent: {}
[0.258996] (bhv_independent_simulator) StderrLine: {'line': b'Traceback (most recent call last):\n  File "/usr/lib/python3/dist-packages/colcon_core/executor/__init__.py", line 91, in __call__\n    rc = await self.task(*args, **kwargs)\n  File "/usr/lib/python3/dist-packages/colcon_core/task/__init__.py", line 93, in __call__\n    return await task_method(*args, **kwargs)\n  File "/usr/lib/python3/dist-packages/colcon_ros/task/ament_python/build.py", line 51, in build\n    setup_py_data = get_setup_data(self.context.pkg, env)\n  File "/usr/lib/python3/dist-packages/colcon_core/task/python/__init__.py", line 20, in get_setup_data\n    return dict(pkg.metadata[key](env))\n  File "/usr/lib/python3/dist-packages/colcon_ros/package_augmentation/ros_ament_python.py", line 57, in getter\n    return get_setup_information(\n  File "/usr/lib/python3/dist-packages/colcon_python_setup_py/package_identification/python_setup_py.py", line 249, in get_setup_information\n    _setup_information_cache[hashable_env] = _get_setup_information(\n  File "/usr/lib/python3/dist-packages/colcon_python_setup_py/package_identification/python_setup_py.py", line 296, in _get_setup_information\n    result = subprocess.run(\n  File "/usr/lib/python3.10/subprocess.py", line 526, in run\n    raise CalledProcessError(retcode, process.args,\nsubprocess.CalledProcessError: Command \'[\'/usr/bin/python3\', \'-c\', \'import sys;from contextlib import suppress;exec("with suppress(ImportError):    from setuptools.extern.packaging.specifiers    import SpecifierSet");exec("with suppress(ImportError):    from packaging.specifiers import SpecifierSet");from distutils.core import run_setup;dist = run_setup(    \\\'setup.py\\\', script_args=(\\\'--dry-run\\\',), stop_after=\\\'config\\\');skip_keys = (\\\'cmdclass\\\', \\\'distclass\\\', \\\'ext_modules\\\', \\\'metadata\\\');data = {    key: value for key, value in dist.__dict__.items()     if (        not key.startswith(\\\'_\\\') and         not callable(value) and         key not in skip_keys and         key not in dist.display_option_names    )};data[\\\'metadata\\\'] = {    k: v for k, v in dist.metadata.__dict__.items()     if k not in (\\\'license_files\\\', \\\'provides_extras\\\')};sys.stdout.buffer.write(repr(data).encode(\\\'utf-8\\\'))\']\' returned non-zero exit status 1.\n'}
[0.259376] (bhv_independent_simulator) JobEnded: {'identifier': 'bhv_independent_simulator', 'rc': 1}
[0.269677] (-) EventReactorShutdown: {}
