[0.290s] Invoking command in '/home/vtr_caixeta/edromufu/src/behaviour/build/modularized_bhv_msgs': CMAKE_PREFIX_PATH=/home/vtr_caixeta/edromufu/src/behaviour/install/bhv_independent_simulator:/opt/ros/iron /usr/bin/cmake /home/vtr_caixeta/edromufu/src/behaviour/modularized_bhv_msgs -DCMAKE_INSTALL_PREFIX=/home/vtr_caixeta/edromufu/src/behaviour/install/modularized_bhv_msgs
[0.307s] -- Found ament_cmake: 2.0.7 (/opt/ros/iron/share/ament_cmake/cmake)
[0.498s] -- Found rosidl_default_generators: 1.5.0 (/opt/ros/iron/share/rosidl_default_generators/cmake)
[0.500s] -- Using all available rosidl_typesupport_c: rosidl_typesupport_fastrtps_c;rosidl_typesupport_introspection_c
[0.536s] -- Using all available rosidl_typesupport_cpp: rosidl_typesupport_fastrtps_cpp;rosidl_typesupport_introspection_cpp
[0.568s] -- Found rosidl_adapter: 4.0.1 (/opt/ros/iron/share/rosidl_adapter/cmake)
[0.573s] -- Found std_msgs: 5.0.1 (/opt/ros/iron/share/std_msgs/cmake)
[0.640s] -- Found geometry_msgs: 5.0.1 (/opt/ros/iron/share/geometry_msgs/cmake)
[0.882s] [31mCMake Error at /opt/ros/iron/share/rosidl_adapter/cmake/rosidl_adapt_interfaces.cmake:57 (message):
[0.882s]   execute_process(/usr/bin/python3.10 -m rosidl_adapter --package-name
[0.882s]   modularized_bhv_msgs --arguments-file
[0.882s]   /home/vtr_caixeta/edromufu/src/behaviour/build/modularized_bhv_msgs/rosidl_adapter__arguments__modularized_bhv_msgs.json
[0.882s]   --output-dir
[0.882s]   /home/vtr_caixeta/edromufu/src/behaviour/build/modularized_bhv_msgs/rosidl_adapter/modularized_bhv_msgs
[0.882s]   --output-file
[0.882s]   /home/vtr_caixeta/edromufu/src/behaviour/build/modularized_bhv_msgs/rosidl_adapter/modularized_bhv_msgs.idls)
[0.883s]   returned error code 1:
[0.883s] 
[0.883s]   Traceback (most recent call last):
[0.883s] 
[0.883s]     File "/usr/lib/python3.10/runpy.py", line 196, in _run_module_as_main
[0.883s]       return _run_code(code, main_globals, None,
[0.883s]     File "/usr/lib/python3.10/runpy.py", line 86, in _run_code
[0.883s]       exec(code, run_globals)
[0.883s]     File "/opt/ros/iron/lib/python3.10/site-packages/rosidl_adapter/__main__.py", line 19, in <module>
[0.884s]       sys.exit(main())
[0.884s]     File "/opt/ros/iron/lib/python3.10/site-packages/rosidl_adapter/main.py", line 53, in main
[0.884s]       abs_idl_file = convert_to_idl(
[0.884s]     File "/opt/ros/iron/lib/python3.10/site-packages/rosidl_adapter/__init__.py", line 19, in convert_to_idl
[0.884s]       return convert_msg_to_idl(
[0.884s]     File "/opt/ros/iron/lib/python3.10/site-packages/rosidl_adapter/msg/__init__.py", line 28, in convert_msg_to_idl
[0.884s]       msg = parse_message_string(package_name, input_file.stem, content)
[0.884s]     File "/opt/ros/iron/lib/python3.10/site-packages/rosidl_adapter/parser.py", line 545, in parse_message_string
[0.884s]       msg = MessageSpecification(pkg_name, msg_name, fields, constants)
[0.885s]     File "/opt/ros/iron/lib/python3.10/site-packages/rosidl_adapter/parser.py", line 389, in __init__
[0.885s]       self.base_type = BaseType(
[0.885s]     File "/opt/ros/iron/lib/python3.10/site-packages/rosidl_adapter/parser.py", line 206, in __init__
[0.885s]       raise InvalidResourceName(
[0.885s] 
[0.885s]   rosidl_adapter.parser.InvalidResourceName: 'stateMachineMsg' is an invalid
[0.885s]   message name.  It should have the pattern '^[A-Z][A-Za-z0-9]*$'
[0.885s] 
[0.886s] Call Stack (most recent call first):
[0.886s]   /opt/ros/iron/share/rosidl_cmake/cmake/rosidl_generate_interfaces.cmake:132 (rosidl_adapt_interfaces)
[0.886s]   CMakeLists.txt:20 (rosidl_generate_interfaces)
[0.886s] 
[0.886s] [0m
[0.886s] -- Configuring incomplete, errors occurred!
[0.886s] See also "/home/vtr_caixeta/edromufu/src/behaviour/build/modularized_bhv_msgs/CMakeFiles/CMakeOutput.log".
[0.890s] Invoked command in '/home/vtr_caixeta/edromufu/src/behaviour/build/modularized_bhv_msgs' returned '1': CMAKE_PREFIX_PATH=/home/vtr_caixeta/edromufu/src/behaviour/install/bhv_independent_simulator:/opt/ros/iron /usr/bin/cmake /home/vtr_caixeta/edromufu/src/behaviour/modularized_bhv_msgs -DCMAKE_INSTALL_PREFIX=/home/vtr_caixeta/edromufu/src/behaviour/install/modularized_bhv_msgs
