[0.587s] Invoking command in '/home/vtr_caixeta/edromufu/src/behaviour/build/bhv_independent_simulator': PYTHONPATH=/home/vtr_caixeta/edromufu/src/behaviour/build/bhv_independent_simulator/prefix_override:/usr/lib/python3/dist-packages/colcon_core/task/python/colcon_distutils_commands:/home/vtr_caixeta/edromufu/src/behaviour/install/bhv_independent_simulator/lib/python3.10/site-packages:${PYTHONPATH} /usr/bin/python3 -W ignore:setup.py install is deprecated -W ignore:easy_install command is deprecated setup.py develop --editable --build-directory /home/vtr_caixeta/edromufu/src/behaviour/build/bhv_independent_simulator/build --no-deps symlink_data
[0.819s] running develop
[0.977s] running egg_info
[0.977s] creating bhv_independent_simulator.egg-info
[0.977s] writing bhv_independent_simulator.egg-info/PKG-INFO
[0.977s] writing dependency_links to bhv_independent_simulator.egg-info/dependency_links.txt
[0.977s] writing entry points to bhv_independent_simulator.egg-info/entry_points.txt
[0.978s] writing requirements to bhv_independent_simulator.egg-info/requires.txt
[0.978s] writing top-level names to bhv_independent_simulator.egg-info/top_level.txt
[0.978s] writing manifest file 'bhv_independent_simulator.egg-info/SOURCES.txt'
[0.980s] reading manifest file 'bhv_independent_simulator.egg-info/SOURCES.txt'
[0.981s] writing manifest file 'bhv_independent_simulator.egg-info/SOURCES.txt'
[0.982s] running build_ext
[0.982s] Creating /home/vtr_caixeta/edromufu/src/behaviour/install/bhv_independent_simulator/lib/python3.10/site-packages/bhv-independent-simulator.egg-link (link to .)
[0.983s] Installing bhv_sim script to /home/vtr_caixeta/edromufu/src/behaviour/install/bhv_independent_simulator/bin
[0.989s] Installing bhv_sim.py script to /home/vtr_caixeta/edromufu/src/behaviour/install/bhv_independent_simulator/bin
[0.989s] 
[0.989s] Installed /home/vtr_caixeta/edromufu/src/behaviour/build/bhv_independent_simulator
[0.989s] running symlink_data
[0.990s] symbolically linking /home/vtr_caixeta/edromufu/src/behaviour/build/bhv_independent_simulator/package.xml -> /home/vtr_caixeta/edromufu/src/behaviour/install/bhv_independent_simulator/share/bhv_independent_simulator
[0.990s] creating /home/vtr_caixeta/edromufu/src/behaviour/install/bhv_independent_simulator/share/bhv_independent_simulator/launch
[0.990s] symbolically linking /home/vtr_caixeta/edromufu/src/behaviour/build/bhv_independent_simulator/launch/behaviour_simulator.launch.py -> /home/vtr_caixeta/edromufu/src/behaviour/install/bhv_independent_simulator/share/bhv_independent_simulator/launch
[0.990s] symbolically linking /home/vtr_caixeta/edromufu/src/behaviour/build/bhv_independent_simulator/launch/start_sim_world.launch.py -> /home/vtr_caixeta/edromufu/src/behaviour/install/bhv_independent_simulator/share/bhv_independent_simulator/launch
[0.990s] symbolically linking /home/vtr_caixeta/edromufu/src/behaviour/build/bhv_independent_simulator/launch/simulation_only.launch.py -> /home/vtr_caixeta/edromufu/src/behaviour/install/bhv_independent_simulator/share/bhv_independent_simulator/launch
[0.990s] symbolically linking /home/vtr_caixeta/edromufu/src/behaviour/build/bhv_independent_simulator/launch/webots.launch.py -> /home/vtr_caixeta/edromufu/src/behaviour/install/bhv_independent_simulator/share/bhv_independent_simulator/launch
[0.990s] symbolically linking /home/vtr_caixeta/edromufu/src/behaviour/build/bhv_independent_simulator/launch/start_sim_supervisor.launch.py -> /home/vtr_caixeta/edromufu/src/behaviour/install/bhv_independent_simulator/share/bhv_independent_simulator/launch
[0.990s] creating /home/vtr_caixeta/edromufu/src/behaviour/install/bhv_independent_simulator/share/bhv_independent_simulator/worlds
[0.990s] symbolically linking /home/vtr_caixeta/edromufu/src/behaviour/build/bhv_independent_simulator/worlds/bhv_sim_world_backup.wbt -> /home/vtr_caixeta/edromufu/src/behaviour/install/bhv_independent_simulator/share/bhv_independent_simulator/worlds
[0.990s] symbolically linking /home/vtr_caixeta/edromufu/src/behaviour/build/bhv_independent_simulator/worlds/bhv_sim_world.wbt -> /home/vtr_caixeta/edromufu/src/behaviour/install/bhv_independent_simulator/share/bhv_independent_simulator/worlds
[1.019s] Invoked command in '/home/vtr_caixeta/edromufu/src/behaviour/build/bhv_independent_simulator' returned '0': PYTHONPATH=/home/vtr_caixeta/edromufu/src/behaviour/build/bhv_independent_simulator/prefix_override:/usr/lib/python3/dist-packages/colcon_core/task/python/colcon_distutils_commands:/home/vtr_caixeta/edromufu/src/behaviour/install/bhv_independent_simulator/lib/python3.10/site-packages:${PYTHONPATH} /usr/bin/python3 -W ignore:setup.py install is deprecated -W ignore:easy_install command is deprecated setup.py develop --editable --build-directory /home/vtr_caixeta/edromufu/src/behaviour/build/bhv_independent_simulator/build --no-deps symlink_data
