[1.233s] Invoking command in '/home/edrom-mini/edromufu/src/movement/Ros2_change/src/movement_pages': CMAKE_PREFIX_PATH=/home/edrom-mini/edromufu/src/movement/Ros2_change/install/movement_utils:/home/edrom-mini/edromufu/src/movement/Ros2_change/install/urdf_robox:/home/edrom-mini/edromufu/src/movement/Ros2_change/install/urdf_example:/home/edrom-mini/edromufu/src/movement/Ros2_change/install/micro_ros_agent:/home/edrom-mini/edromufu/src/movement/Ros2_change/install/micro_ros_msgs:/home/edrom-mini/edromufu/src/movement/Ros2_change/install/humanoid_visualization PYTHONPATH=/home/edrom-mini/edromufu/src/movement/Ros2_change/build/movement_pages/prefix_override:/home/edrom-mini/edromufu/src/movement/Ros2_change/install/movement_pages/lib/python3.10/site-packages:${PYTHONPATH} /usr/bin/python3 -W ignore:setup.py install is deprecated setup.py egg_info --egg-base ../../build/movement_pages build --build-base /home/edrom-mini/edromufu/src/movement/Ros2_change/build/movement_pages/build install --record /home/edrom-mini/edromufu/src/movement/Ros2_change/build/movement_pages/install.log --single-version-externally-managed install_data
[1.640s] running egg_info
[1.641s] writing ../../build/movement_pages/movement_pages.egg-info/PKG-INFO
[1.641s] writing dependency_links to ../../build/movement_pages/movement_pages.egg-info/dependency_links.txt
[1.641s] writing entry points to ../../build/movement_pages/movement_pages.egg-info/entry_points.txt
[1.641s] writing requirements to ../../build/movement_pages/movement_pages.egg-info/requires.txt
[1.642s] writing top-level names to ../../build/movement_pages/movement_pages.egg-info/top_level.txt
[1.643s] reading manifest file '../../build/movement_pages/movement_pages.egg-info/SOURCES.txt'
[1.645s] writing manifest file '../../build/movement_pages/movement_pages.egg-info/SOURCES.txt'
[1.645s] running build
[1.645s] running build_py
[1.646s] running install
[1.646s] running install_lib
[1.648s] running install_data
[1.648s] running install_egg_info
[1.656s] removing '/home/edrom-mini/edromufu/src/movement/Ros2_change/install/movement_pages/lib/python3.10/site-packages/movement_pages-0.0.0-py3.10.egg-info' (and everything under it)
[1.656s] Copying ../../build/movement_pages/movement_pages.egg-info to /home/edrom-mini/edromufu/src/movement/Ros2_change/install/movement_pages/lib/python3.10/site-packages/movement_pages-0.0.0-py3.10.egg-info
[1.656s] running install_scripts
[1.681s] writing list of installed files to '/home/edrom-mini/edromufu/src/movement/Ros2_change/build/movement_pages/install.log'
[1.771s] Invoked command in '/home/edrom-mini/edromufu/src/movement/Ros2_change/src/movement_pages' returned '0': CMAKE_PREFIX_PATH=/home/edrom-mini/edromufu/src/movement/Ros2_change/install/movement_utils:/home/edrom-mini/edromufu/src/movement/Ros2_change/install/urdf_robox:/home/edrom-mini/edromufu/src/movement/Ros2_change/install/urdf_example:/home/edrom-mini/edromufu/src/movement/Ros2_change/install/micro_ros_agent:/home/edrom-mini/edromufu/src/movement/Ros2_change/install/micro_ros_msgs:/home/edrom-mini/edromufu/src/movement/Ros2_change/install/humanoid_visualization PYTHONPATH=/home/edrom-mini/edromufu/src/movement/Ros2_change/build/movement_pages/prefix_override:/home/edrom-mini/edromufu/src/movement/Ros2_change/install/movement_pages/lib/python3.10/site-packages:${PYTHONPATH} /usr/bin/python3 -W ignore:setup.py install is deprecated setup.py egg_info --egg-base ../../build/movement_pages build --build-base /home/edrom-mini/edromufu/src/movement/Ros2_change/build/movement_pages/build install --record /home/edrom-mini/edromufu/src/movement/Ros2_change/build/movement_pages/install.log --single-version-externally-managed install_data
