[1.013s] Invoking command in '/home/paulo/edromufu/src/movement/Ros2_change/src/kinematic_functions': PYTHONPATH=/home/paulo/edromufu/src/movement/Ros2_change/build/kinematic_functions/prefix_override:/usr/lib/python3/dist-packages/colcon_core/task/python/colcon_distutils_commands:/home/paulo/edromufu/src/movement/Ros2_change/install/kinematic_functions/lib/python3.10/site-packages:${PYTHONPATH} /usr/bin/python3 -W ignore:setup.py install is deprecated setup.py egg_info --egg-base ../../build/kinematic_functions build --build-base /home/paulo/edromufu/src/movement/Ros2_change/build/kinematic_functions/build install --record /home/paulo/edromufu/src/movement/Ros2_change/build/kinematic_functions/install.log --single-version-externally-managed install_data
[1.364s] running egg_info
[1.365s] creating ../../build/kinematic_functions/kinematic_functions.egg-info
[1.367s] writing ../../build/kinematic_functions/kinematic_functions.egg-info/PKG-INFO
[1.367s] writing dependency_links to ../../build/kinematic_functions/kinematic_functions.egg-info/dependency_links.txt
[1.367s] writing entry points to ../../build/kinematic_functions/kinematic_functions.egg-info/entry_points.txt
[1.367s] writing requirements to ../../build/kinematic_functions/kinematic_functions.egg-info/requires.txt
[1.367s] writing top-level names to ../../build/kinematic_functions/kinematic_functions.egg-info/top_level.txt
[1.367s] writing manifest file '../../build/kinematic_functions/kinematic_functions.egg-info/SOURCES.txt'
[1.368s] reading manifest file '../../build/kinematic_functions/kinematic_functions.egg-info/SOURCES.txt'
[1.369s] writing manifest file '../../build/kinematic_functions/kinematic_functions.egg-info/SOURCES.txt'
[1.370s] running build
[1.370s] running build_py
[1.370s] creating /home/paulo/edromufu/src/movement/Ros2_change/build/kinematic_functions/build
[1.370s] creating /home/paulo/edromufu/src/movement/Ros2_change/build/kinematic_functions/build/lib
[1.370s] creating /home/paulo/edromufu/src/movement/Ros2_change/build/kinematic_functions/build/lib/kinematic_functions
[1.370s] copying kinematic_functions/__init__.py -> /home/paulo/edromufu/src/movement/Ros2_change/build/kinematic_functions/build/lib/kinematic_functions
[1.372s] copying kinematic_functions/ik_numerical.py -> /home/paulo/edromufu/src/movement/Ros2_change/build/kinematic_functions/build/lib/kinematic_functions
[1.372s] copying kinematic_functions/direct_kinematics.py -> /home/paulo/edromufu/src/movement/Ros2_change/build/kinematic_functions/build/lib/kinematic_functions
[1.372s] running install
[1.372s] running install_lib
[1.372s] creating /home/paulo/edromufu/src/movement/Ros2_change/install/kinematic_functions/lib/python3.10/site-packages/kinematic_functions
[1.372s] copying /home/paulo/edromufu/src/movement/Ros2_change/build/kinematic_functions/build/lib/kinematic_functions/__init__.py -> /home/paulo/edromufu/src/movement/Ros2_change/install/kinematic_functions/lib/python3.10/site-packages/kinematic_functions
[1.372s] copying /home/paulo/edromufu/src/movement/Ros2_change/build/kinematic_functions/build/lib/kinematic_functions/ik_numerical.py -> /home/paulo/edromufu/src/movement/Ros2_change/install/kinematic_functions/lib/python3.10/site-packages/kinematic_functions
[1.373s] copying /home/paulo/edromufu/src/movement/Ros2_change/build/kinematic_functions/build/lib/kinematic_functions/direct_kinematics.py -> /home/paulo/edromufu/src/movement/Ros2_change/install/kinematic_functions/lib/python3.10/site-packages/kinematic_functions
[1.374s] byte-compiling /home/paulo/edromufu/src/movement/Ros2_change/install/kinematic_functions/lib/python3.10/site-packages/kinematic_functions/__init__.py to __init__.cpython-310.pyc
[1.374s] byte-compiling /home/paulo/edromufu/src/movement/Ros2_change/install/kinematic_functions/lib/python3.10/site-packages/kinematic_functions/ik_numerical.py to ik_numerical.cpython-310.pyc
[1.377s] byte-compiling /home/paulo/edromufu/src/movement/Ros2_change/install/kinematic_functions/lib/python3.10/site-packages/kinematic_functions/direct_kinematics.py to direct_kinematics.cpython-310.pyc
[1.377s] running install_data
[1.377s] creating /home/paulo/edromufu/src/movement/Ros2_change/install/kinematic_functions/share/ament_index
[1.378s] creating /home/paulo/edromufu/src/movement/Ros2_change/install/kinematic_functions/share/ament_index/resource_index
[1.378s] creating /home/paulo/edromufu/src/movement/Ros2_change/install/kinematic_functions/share/ament_index/resource_index/packages
[1.378s] copying resource/kinematic_functions -> /home/paulo/edromufu/src/movement/Ros2_change/install/kinematic_functions/share/ament_index/resource_index/packages
[1.378s] copying package.xml -> /home/paulo/edromufu/src/movement/Ros2_change/install/kinematic_functions/share/kinematic_functions
[1.378s] running install_egg_info
[1.380s] Copying ../../build/kinematic_functions/kinematic_functions.egg-info to /home/paulo/edromufu/src/movement/Ros2_change/install/kinematic_functions/lib/python3.10/site-packages/kinematic_functions-0.0.0-py3.10.egg-info
[1.381s] running install_scripts
[1.406s] writing list of installed files to '/home/paulo/edromufu/src/movement/Ros2_change/build/kinematic_functions/install.log'
[1.445s] Invoked command in '/home/paulo/edromufu/src/movement/Ros2_change/src/kinematic_functions' returned '0': PYTHONPATH=/home/paulo/edromufu/src/movement/Ros2_change/build/kinematic_functions/prefix_override:/usr/lib/python3/dist-packages/colcon_core/task/python/colcon_distutils_commands:/home/paulo/edromufu/src/movement/Ros2_change/install/kinematic_functions/lib/python3.10/site-packages:${PYTHONPATH} /usr/bin/python3 -W ignore:setup.py install is deprecated setup.py egg_info --egg-base ../../build/kinematic_functions build --build-base /home/paulo/edromufu/src/movement/Ros2_change/build/kinematic_functions/build install --record /home/paulo/edromufu/src/movement/Ros2_change/build/kinematic_functions/install.log --single-version-externally-managed install_data
