[0.257s] Invoking command in '/home/edrom-mini/edromufu/src/movement/Ros2_change/build/humanoid_visualization': CMAKE_PREFIX_PATH=/opt/ros/humble /home/edrom-mini/.local/bin/cmake --build /home/edrom-mini/edromufu/src/movement/Ros2_change/build/humanoid_visualization -- -j4 -l4
[0.581s] Invoked command in '/home/edrom-mini/edromufu/src/movement/Ros2_change/build/humanoid_visualization' returned '0': CMAKE_PREFIX_PATH=/opt/ros/humble /home/edrom-mini/.local/bin/cmake --build /home/edrom-mini/edromufu/src/movement/Ros2_change/build/humanoid_visualization -- -j4 -l4
[0.837s] Invoking command in '/home/edrom-mini/edromufu/src/movement/Ros2_change/build/humanoid_visualization': CMAKE_PREFIX_PATH=/opt/ros/humble /home/edrom-mini/.local/bin/cmake --install /home/edrom-mini/edromufu/src/movement/Ros2_change/build/humanoid_visualization
[0.943s] -- Install configuration: ""
[0.943s] -- Up-to-date: /home/edrom-mini/edromufu/src/movement/Ros2_change/install/humanoid_visualization/share/humanoid_visualization//launch
[0.943s] -- Up-to-date: /home/edrom-mini/edromufu/src/movement/Ros2_change/install/humanoid_visualization/share/humanoid_visualization//launch/display.launch.py
[0.943s] -- Up-to-date: /home/edrom-mini/edromufu/src/movement/Ros2_change/install/humanoid_visualization/share/ament_index/resource_index/package_run_dependencies/humanoid_visualization
[0.943s] -- Up-to-date: /home/edrom-mini/edromufu/src/movement/Ros2_change/install/humanoid_visualization/share/ament_index/resource_index/parent_prefix_path/humanoid_visualization
[0.943s] -- Up-to-date: /home/edrom-mini/edromufu/src/movement/Ros2_change/install/humanoid_visualization/share/humanoid_visualization/environment/ament_prefix_path.sh
[0.944s] -- Up-to-date: /home/edrom-mini/edromufu/src/movement/Ros2_change/install/humanoid_visualization/share/humanoid_visualization/environment/ament_prefix_path.dsv
[0.944s] -- Up-to-date: /home/edrom-mini/edromufu/src/movement/Ros2_change/install/humanoid_visualization/share/humanoid_visualization/environment/path.sh
[0.944s] -- Up-to-date: /home/edrom-mini/edromufu/src/movement/Ros2_change/install/humanoid_visualization/share/humanoid_visualization/environment/path.dsv
[0.944s] -- Up-to-date: /home/edrom-mini/edromufu/src/movement/Ros2_change/install/humanoid_visualization/share/humanoid_visualization/local_setup.bash
[0.944s] -- Up-to-date: /home/edrom-mini/edromufu/src/movement/Ros2_change/install/humanoid_visualization/share/humanoid_visualization/local_setup.sh
[0.944s] -- Up-to-date: /home/edrom-mini/edromufu/src/movement/Ros2_change/install/humanoid_visualization/share/humanoid_visualization/local_setup.zsh
[0.944s] -- Up-to-date: /home/edrom-mini/edromufu/src/movement/Ros2_change/install/humanoid_visualization/share/humanoid_visualization/local_setup.dsv
[0.944s] -- Installing: /home/edrom-mini/edromufu/src/movement/Ros2_change/install/humanoid_visualization/share/humanoid_visualization/package.dsv
[0.945s] -- Up-to-date: /home/edrom-mini/edromufu/src/movement/Ros2_change/install/humanoid_visualization/share/ament_index/resource_index/packages/humanoid_visualization
[0.945s] -- Up-to-date: /home/edrom-mini/edromufu/src/movement/Ros2_change/install/humanoid_visualization/share/humanoid_visualization/cmake/humanoid_visualizationConfig.cmake
[0.945s] -- Up-to-date: /home/edrom-mini/edromufu/src/movement/Ros2_change/install/humanoid_visualization/share/humanoid_visualization/cmake/humanoid_visualizationConfig-version.cmake
[0.945s] -- Up-to-date: /home/edrom-mini/edromufu/src/movement/Ros2_change/install/humanoid_visualization/share/humanoid_visualization/package.xml
[0.969s] Invoked command in '/home/edrom-mini/edromufu/src/movement/Ros2_change/build/humanoid_visualization' returned '0': CMAKE_PREFIX_PATH=/opt/ros/humble /home/edrom-mini/.local/bin/cmake --install /home/edrom-mini/edromufu/src/movement/Ros2_change/build/humanoid_visualization
