[2.114s] Invoking command in '/home/paulo/edromufu/src/movement/Ros2_change/src/kinematic_functions': PYTHONPATH=/home/paulo/edromufu/src/movement/Ros2_change/build/kinematic_functions/prefix_override:/usr/lib/python3/dist-packages/colcon_core/task/python/colcon_distutils_commands:/home/paulo/edromufu/src/movement/Ros2_change/install/kinematic_functions/lib/python3.10/site-packages:${PYTHONPATH} /usr/bin/python3 -W ignore:setup.py install is deprecated setup.py egg_info --egg-base ../../build/kinematic_functions build --build-base /home/paulo/edromufu/src/movement/Ros2_change/build/kinematic_functions/build install --record /home/paulo/edromufu/src/movement/Ros2_change/build/kinematic_functions/install.log --single-version-externally-managed install_data
[2.537s] running egg_info
[2.539s] writing ../../build/kinematic_functions/kinematic_functions.egg-info/PKG-INFO
[2.540s] writing dependency_links to ../../build/kinematic_functions/kinematic_functions.egg-info/dependency_links.txt
[2.540s] writing entry points to ../../build/kinematic_functions/kinematic_functions.egg-info/entry_points.txt
[2.540s] writing requirements to ../../build/kinematic_functions/kinematic_functions.egg-info/requires.txt
[2.540s] writing top-level names to ../../build/kinematic_functions/kinematic_functions.egg-info/top_level.txt
[2.542s] reading manifest file '../../build/kinematic_functions/kinematic_functions.egg-info/SOURCES.txt'
[2.543s] writing manifest file '../../build/kinematic_functions/kinematic_functions.egg-info/SOURCES.txt'
[2.543s] running build
[2.544s] running build_py
[2.544s] copying kinematic_functions/__init__.py -> /home/paulo/edromufu/src/movement/Ros2_change/build/kinematic_functions/build/lib/kinematic_functions
[2.544s] copying kinematic_functions/ik_numerical.py -> /home/paulo/edromufu/src/movement/Ros2_change/build/kinematic_functions/build/lib/kinematic_functions
[2.552s] copying kinematic_functions/direct_kinematics.py -> /home/paulo/edromufu/src/movement/Ros2_change/build/kinematic_functions/build/lib/kinematic_functions
[2.553s] running install
[2.553s] running install_lib
[2.554s] creating /home/paulo/edromufu/src/movement/Ros2_change/install/kinematic_functions/lib/python3.10/site-packages/kinematic_functions
[2.554s] copying /home/paulo/edromufu/src/movement/Ros2_change/build/kinematic_functions/build/lib/kinematic_functions/__init__.py -> /home/paulo/edromufu/src/movement/Ros2_change/install/kinematic_functions/lib/python3.10/site-packages/kinematic_functions
[2.555s] copying /home/paulo/edromufu/src/movement/Ros2_change/build/kinematic_functions/build/lib/kinematic_functions/ik_numerical.py -> /home/paulo/edromufu/src/movement/Ros2_change/install/kinematic_functions/lib/python3.10/site-packages/kinematic_functions
[2.555s] copying /home/paulo/edromufu/src/movement/Ros2_change/build/kinematic_functions/build/lib/kinematic_functions/direct_kinematics.py -> /home/paulo/edromufu/src/movement/Ros2_change/install/kinematic_functions/lib/python3.10/site-packages/kinematic_functions
[2.555s] byte-compiling /home/paulo/edromufu/src/movement/Ros2_change/install/kinematic_functions/lib/python3.10/site-packages/kinematic_functions/__init__.py to __init__.cpython-310.pyc
[2.555s] byte-compiling /home/paulo/edromufu/src/movement/Ros2_change/install/kinematic_functions/lib/python3.10/site-packages/kinematic_functions/ik_numerical.py to ik_numerical.cpython-310.pyc
[2.557s] byte-compiling /home/paulo/edromufu/src/movement/Ros2_change/install/kinematic_functions/lib/python3.10/site-packages/kinematic_functions/direct_kinematics.py to direct_kinematics.cpython-310.pyc
[2.557s] running install_data
[2.557s] creating /home/paulo/edromufu/src/movement/Ros2_change/install/kinematic_functions/share/ament_index
[2.558s] creating /home/paulo/edromufu/src/movement/Ros2_change/install/kinematic_functions/share/ament_index/resource_index
[2.558s] creating /home/paulo/edromufu/src/movement/Ros2_change/install/kinematic_functions/share/ament_index/resource_index/packages
[2.558s] copying resource/kinematic_functions -> /home/paulo/edromufu/src/movement/Ros2_change/install/kinematic_functions/share/ament_index/resource_index/packages
[2.558s] copying package.xml -> /home/paulo/edromufu/src/movement/Ros2_change/install/kinematic_functions/share/kinematic_functions
[2.559s] running install_egg_info
[2.561s] Copying ../../build/kinematic_functions/kinematic_functions.egg-info to /home/paulo/edromufu/src/movement/Ros2_change/install/kinematic_functions/lib/python3.10/site-packages/kinematic_functions-0.0.0-py3.10.egg-info
[2.562s] running install_scripts
[2.587s] writing list of installed files to '/home/paulo/edromufu/src/movement/Ros2_change/build/kinematic_functions/install.log'
[2.619s] Invoked command in '/home/paulo/edromufu/src/movement/Ros2_change/src/kinematic_functions' returned '0': PYTHONPATH=/home/paulo/edromufu/src/movement/Ros2_change/build/kinematic_functions/prefix_override:/usr/lib/python3/dist-packages/colcon_core/task/python/colcon_distutils_commands:/home/paulo/edromufu/src/movement/Ros2_change/install/kinematic_functions/lib/python3.10/site-packages:${PYTHONPATH} /usr/bin/python3 -W ignore:setup.py install is deprecated setup.py egg_info --egg-base ../../build/kinematic_functions build --build-base /home/paulo/edromufu/src/movement/Ros2_change/build/kinematic_functions/build install --record /home/paulo/edromufu/src/movement/Ros2_change/build/kinematic_functions/install.log --single-version-externally-managed install_data
