[  2%] Built target potmessage__cpp
[ 12%] Built target potmessage__rosidl_generator_c
[ 12%] Built target ament_cmake_python_copy_potmessage
[ 23%] Built target potmessage__rosidl_typesupport_cpp
[ 34%] Built target potmessage__rosidl_typesupport_fastrtps_cpp
[ 44%] Built target potmessage__rosidl_typesupport_fastrtps_c
[ 55%] Built target potmessage__rosidl_typesupport_introspection_cpp
[ 65%] Built target potmessage__rosidl_typesupport_introspection_c
[ 76%] Built target potmessage__rosidl_typesupport_c
[ 76%] Built target potmessage
[ 78%] Built target potmessage__py
[ 87%] Built target potmessage__rosidl_generator_py
[ 91%] Built target potmessage__rosidl_typesupport_fastrtps_c__pyext
[ 95%] Built target potmessage__rosidl_typesupport_introspection_c__pyext
[100%] Built target potmessage__rosidl_typesupport_c__pyext
running egg_info
writing potmessage.egg-info/PKG-INFO
writing dependency_links to potmessage.egg-info/dependency_links.txt
writing top-level names to potmessage.egg-info/top_level.txt
reading manifest file 'potmessage.egg-info/SOURCES.txt'
writing manifest file 'potmessage.egg-info/SOURCES.txt'
[100%] Built target ament_cmake_python_build_potmessage_egg
-- Install configuration: ""
-- Up-to-date: /home/edrom-mini/edromufu/src/movement/PID_codes/install/potmessage/share/ament_index/resource_index/rosidl_interfaces/potmessage
-- Up-to-date: /home/edrom-mini/edromufu/src/movement/PID_codes/install/potmessage/include/potmessage/potmessage
-- Up-to-date: /home/edrom-mini/edromufu/src/movement/PID_codes/install/potmessage/include/potmessage/potmessage/msg
-- Up-to-date: /home/edrom-mini/edromufu/src/movement/PID_codes/install/potmessage/include/potmessage/potmessage/msg/buttonmsg.h
-- Up-to-date: /home/edrom-mini/edromufu/src/movement/PID_codes/install/potmessage/include/potmessage/potmessage/msg/rosidl_generator_c__visibility_control.h
-- Up-to-date: /home/edrom-mini/edromufu/src/movement/PID_codes/install/potmessage/include/potmessage/potmessage/msg/detail
-- Up-to-date: /home/edrom-mini/edromufu/src/movement/PID_codes/install/potmessage/include/potmessage/potmessage/msg/detail/potmsg__type_support.h
-- Up-to-date: /home/edrom-mini/edromufu/src/movement/PID_codes/install/potmessage/include/potmessage/potmessage/msg/detail/imumsg__functions.h
-- Up-to-date: /home/edrom-mini/edromufu/src/movement/PID_codes/install/potmessage/include/potmessage/potmessage/msg/detail/buttonmsg__functions.c
-- Up-to-date: /home/edrom-mini/edromufu/src/movement/PID_codes/install/potmessage/include/potmessage/potmessage/msg/detail/buttonmsg__functions.h
-- Up-to-date: /home/edrom-mini/edromufu/src/movement/PID_codes/install/potmessage/include/potmessage/potmessage/msg/detail/potmsg__functions.h
-- Up-to-date: /home/edrom-mini/edromufu/src/movement/PID_codes/install/potmessage/include/potmessage/potmessage/msg/detail/potmsg__functions.c
-- Up-to-date: /home/edrom-mini/edromufu/src/movement/PID_codes/install/potmessage/include/potmessage/potmessage/msg/detail/imumsg__type_support.h
-- Up-to-date: /home/edrom-mini/edromufu/src/movement/PID_codes/install/potmessage/include/potmessage/potmessage/msg/detail/potmsg__struct.h
-- Up-to-date: /home/edrom-mini/edromufu/src/movement/PID_codes/install/potmessage/include/potmessage/potmessage/msg/detail/buttonmsg__type_support.h
-- Up-to-date: /home/edrom-mini/edromufu/src/movement/PID_codes/install/potmessage/include/potmessage/potmessage/msg/detail/buttonmsg__struct.h
-- Up-to-date: /home/edrom-mini/edromufu/src/movement/PID_codes/install/potmessage/include/potmessage/potmessage/msg/detail/imumsg__functions.c
-- Up-to-date: /home/edrom-mini/edromufu/src/movement/PID_codes/install/potmessage/include/potmessage/potmessage/msg/detail/imumsg__struct.h
-- Up-to-date: /home/edrom-mini/edromufu/src/movement/PID_codes/install/potmessage/include/potmessage/potmessage/msg/imumsg.h
-- Up-to-date: /home/edrom-mini/edromufu/src/movement/PID_codes/install/potmessage/include/potmessage/potmessage/msg/potmsg.h
-- Up-to-date: /home/edrom-mini/edromufu/src/movement/PID_codes/install/potmessage/share/potmessage/environment/library_path.sh
-- Up-to-date: /home/edrom-mini/edromufu/src/movement/PID_codes/install/potmessage/share/potmessage/environment/library_path.dsv
-- Up-to-date: /home/edrom-mini/edromufu/src/movement/PID_codes/install/potmessage/lib/libpotmessage__rosidl_generator_c.so
-- Up-to-date: /home/edrom-mini/edromufu/src/movement/PID_codes/install/potmessage/include/potmessage/potmessage
-- Up-to-date: /home/edrom-mini/edromufu/src/movement/PID_codes/install/potmessage/include/potmessage/potmessage/msg
-- Up-to-date: /home/edrom-mini/edromufu/src/movement/PID_codes/install/potmessage/include/potmessage/potmessage/msg/detail
-- Up-to-date: /home/edrom-mini/edromufu/src/movement/PID_codes/install/potmessage/include/potmessage/potmessage/msg/detail/buttonmsg__rosidl_typesupport_fastrtps_c.h
-- Up-to-date: /home/edrom-mini/edromufu/src/movement/PID_codes/install/potmessage/include/potmessage/potmessage/msg/detail/potmsg__rosidl_typesupport_fastrtps_c.h
-- Up-to-date: /home/edrom-mini/edromufu/src/movement/PID_codes/install/potmessage/include/potmessage/potmessage/msg/detail/imumsg__rosidl_typesupport_fastrtps_c.h
-- Up-to-date: /home/edrom-mini/edromufu/src/movement/PID_codes/install/potmessage/include/potmessage/potmessage/msg/rosidl_typesupport_fastrtps_c__visibility_control.h
-- Up-to-date: /home/edrom-mini/edromufu/src/movement/PID_codes/install/potmessage/lib/libpotmessage__rosidl_typesupport_fastrtps_c.so
-- Up-to-date: /home/edrom-mini/edromufu/src/movement/PID_codes/install/potmessage/include/potmessage/potmessage
-- Up-to-date: /home/edrom-mini/edromufu/src/movement/PID_codes/install/potmessage/include/potmessage/potmessage/msg
-- Up-to-date: /home/edrom-mini/edromufu/src/movement/PID_codes/install/potmessage/include/potmessage/potmessage/msg/rosidl_typesupport_introspection_c__visibility_control.h
-- Up-to-date: /home/edrom-mini/edromufu/src/movement/PID_codes/install/potmessage/include/potmessage/potmessage/msg/detail
-- Up-to-date: /home/edrom-mini/edromufu/src/movement/PID_codes/install/potmessage/include/potmessage/potmessage/msg/detail/imumsg__type_support.c
-- Up-to-date: /home/edrom-mini/edromufu/src/movement/PID_codes/install/potmessage/include/potmessage/potmessage/msg/detail/potmsg__type_support.c
-- Up-to-date: /home/edrom-mini/edromufu/src/movement/PID_codes/install/potmessage/include/potmessage/potmessage/msg/detail/imumsg__rosidl_typesupport_introspection_c.h
-- Up-to-date: /home/edrom-mini/edromufu/src/movement/PID_codes/install/potmessage/include/potmessage/potmessage/msg/detail/buttonmsg__type_support.c
-- Up-to-date: /home/edrom-mini/edromufu/src/movement/PID_codes/install/potmessage/include/potmessage/potmessage/msg/detail/potmsg__rosidl_typesupport_introspection_c.h
-- Up-to-date: /home/edrom-mini/edromufu/src/movement/PID_codes/install/potmessage/include/potmessage/potmessage/msg/detail/buttonmsg__rosidl_typesupport_introspection_c.h
-- Up-to-date: /home/edrom-mini/edromufu/src/movement/PID_codes/install/potmessage/lib/libpotmessage__rosidl_typesupport_introspection_c.so
-- Up-to-date: /home/edrom-mini/edromufu/src/movement/PID_codes/install/potmessage/lib/libpotmessage__rosidl_typesupport_c.so
-- Up-to-date: /home/edrom-mini/edromufu/src/movement/PID_codes/install/potmessage/include/potmessage/potmessage
-- Up-to-date: /home/edrom-mini/edromufu/src/movement/PID_codes/install/potmessage/include/potmessage/potmessage/msg
-- Up-to-date: /home/edrom-mini/edromufu/src/movement/PID_codes/install/potmessage/include/potmessage/potmessage/msg/imumsg.hpp
-- Up-to-date: /home/edrom-mini/edromufu/src/movement/PID_codes/install/potmessage/include/potmessage/potmessage/msg/buttonmsg.hpp
-- Up-to-date: /home/edrom-mini/edromufu/src/movement/PID_codes/install/potmessage/include/potmessage/potmessage/msg/detail
-- Up-to-date: /home/edrom-mini/edromufu/src/movement/PID_codes/install/potmessage/include/potmessage/potmessage/msg/detail/buttonmsg__traits.hpp
-- Up-to-date: /home/edrom-mini/edromufu/src/movement/PID_codes/install/potmessage/include/potmessage/potmessage/msg/detail/buttonmsg__struct.hpp
-- Up-to-date: /home/edrom-mini/edromufu/src/movement/PID_codes/install/potmessage/include/potmessage/potmessage/msg/detail/potmsg__struct.hpp
-- Up-to-date: /home/edrom-mini/edromufu/src/movement/PID_codes/install/potmessage/include/potmessage/potmessage/msg/detail/imumsg__struct.hpp
-- Up-to-date: /home/edrom-mini/edromufu/src/movement/PID_codes/install/potmessage/include/potmessage/potmessage/msg/detail/imumsg__traits.hpp
-- Up-to-date: /home/edrom-mini/edromufu/src/movement/PID_codes/install/potmessage/include/potmessage/potmessage/msg/detail/buttonmsg__builder.hpp
-- Up-to-date: /home/edrom-mini/edromufu/src/movement/PID_codes/install/potmessage/include/potmessage/potmessage/msg/detail/imumsg__builder.hpp
-- Up-to-date: /home/edrom-mini/edromufu/src/movement/PID_codes/install/potmessage/include/potmessage/potmessage/msg/detail/potmsg__traits.hpp
-- Up-to-date: /home/edrom-mini/edromufu/src/movement/PID_codes/install/potmessage/include/potmessage/potmessage/msg/detail/potmsg__builder.hpp
-- Up-to-date: /home/edrom-mini/edromufu/src/movement/PID_codes/install/potmessage/include/potmessage/potmessage/msg/potmsg.hpp
-- Up-to-date: /home/edrom-mini/edromufu/src/movement/PID_codes/install/potmessage/include/potmessage/potmessage
-- Up-to-date: /home/edrom-mini/edromufu/src/movement/PID_codes/install/potmessage/include/potmessage/potmessage/msg
-- Up-to-date: /home/edrom-mini/edromufu/src/movement/PID_codes/install/potmessage/include/potmessage/potmessage/msg/detail
-- Up-to-date: /home/edrom-mini/edromufu/src/movement/PID_codes/install/potmessage/include/potmessage/potmessage/msg/detail/imumsg__rosidl_typesupport_fastrtps_cpp.hpp
-- Up-to-date: /home/edrom-mini/edromufu/src/movement/PID_codes/install/potmessage/include/potmessage/potmessage/msg/detail/potmsg__rosidl_typesupport_fastrtps_cpp.hpp
-- Up-to-date: /home/edrom-mini/edromufu/src/movement/PID_codes/install/potmessage/include/potmessage/potmessage/msg/detail/buttonmsg__rosidl_typesupport_fastrtps_cpp.hpp
-- Up-to-date: /home/edrom-mini/edromufu/src/movement/PID_codes/install/potmessage/include/potmessage/potmessage/msg/detail/dds_fastrtps
-- Up-to-date: /home/edrom-mini/edromufu/src/movement/PID_codes/install/potmessage/include/potmessage/potmessage/msg/rosidl_typesupport_fastrtps_cpp__visibility_control.h
-- Up-to-date: /home/edrom-mini/edromufu/src/movement/PID_codes/install/potmessage/lib/libpotmessage__rosidl_typesupport_fastrtps_cpp.so
-- Up-to-date: /home/edrom-mini/edromufu/src/movement/PID_codes/install/potmessage/include/potmessage/potmessage
-- Up-to-date: /home/edrom-mini/edromufu/src/movement/PID_codes/install/potmessage/include/potmessage/potmessage/msg
-- Up-to-date: /home/edrom-mini/edromufu/src/movement/PID_codes/install/potmessage/include/potmessage/potmessage/msg/detail
-- Up-to-date: /home/edrom-mini/edromufu/src/movement/PID_codes/install/potmessage/include/potmessage/potmessage/msg/detail/buttonmsg__rosidl_typesupport_introspection_cpp.hpp
-- Up-to-date: /home/edrom-mini/edromufu/src/movement/PID_codes/install/potmessage/include/potmessage/potmessage/msg/detail/imumsg__rosidl_typesupport_introspection_cpp.hpp
-- Up-to-date: /home/edrom-mini/edromufu/src/movement/PID_codes/install/potmessage/include/potmessage/potmessage/msg/detail/potmsg__type_support.cpp
-- Up-to-date: /home/edrom-mini/edromufu/src/movement/PID_codes/install/potmessage/include/potmessage/potmessage/msg/detail/imumsg__type_support.cpp
-- Up-to-date: /home/edrom-mini/edromufu/src/movement/PID_codes/install/potmessage/include/potmessage/potmessage/msg/detail/potmsg__rosidl_typesupport_introspection_cpp.hpp
-- Up-to-date: /home/edrom-mini/edromufu/src/movement/PID_codes/install/potmessage/include/potmessage/potmessage/msg/detail/buttonmsg__type_support.cpp
-- Up-to-date: /home/edrom-mini/edromufu/src/movement/PID_codes/install/potmessage/lib/libpotmessage__rosidl_typesupport_introspection_cpp.so
-- Up-to-date: /home/edrom-mini/edromufu/src/movement/PID_codes/install/potmessage/lib/libpotmessage__rosidl_typesupport_cpp.so
-- Up-to-date: /home/edrom-mini/edromufu/src/movement/PID_codes/install/potmessage/share/potmessage/environment/pythonpath.sh
-- Up-to-date: /home/edrom-mini/edromufu/src/movement/PID_codes/install/potmessage/share/potmessage/environment/pythonpath.dsv
-- Up-to-date: /home/edrom-mini/edromufu/src/movement/PID_codes/install/potmessage/local/lib/python3.10/dist-packages/potmessage-0.0.0-py3.10.egg-info
-- Installing: /home/edrom-mini/edromufu/src/movement/PID_codes/install/potmessage/local/lib/python3.10/dist-packages/potmessage-0.0.0-py3.10.egg-info/dependency_links.txt
-- Installing: /home/edrom-mini/edromufu/src/movement/PID_codes/install/potmessage/local/lib/python3.10/dist-packages/potmessage-0.0.0-py3.10.egg-info/PKG-INFO
-- Installing: /home/edrom-mini/edromufu/src/movement/PID_codes/install/potmessage/local/lib/python3.10/dist-packages/potmessage-0.0.0-py3.10.egg-info/top_level.txt
-- Installing: /home/edrom-mini/edromufu/src/movement/PID_codes/install/potmessage/local/lib/python3.10/dist-packages/potmessage-0.0.0-py3.10.egg-info/SOURCES.txt
-- Up-to-date: /home/edrom-mini/edromufu/src/movement/PID_codes/install/potmessage/local/lib/python3.10/dist-packages/potmessage
-- Up-to-date: /home/edrom-mini/edromufu/src/movement/PID_codes/install/potmessage/local/lib/python3.10/dist-packages/potmessage/potmessage_s__rosidl_typesupport_c.cpython-310-x86_64-linux-gnu.so
-- Up-to-date: /home/edrom-mini/edromufu/src/movement/PID_codes/install/potmessage/local/lib/python3.10/dist-packages/potmessage/__init__.py
-- Up-to-date: /home/edrom-mini/edromufu/src/movement/PID_codes/install/potmessage/local/lib/python3.10/dist-packages/potmessage/msg
-- Up-to-date: /home/edrom-mini/edromufu/src/movement/PID_codes/install/potmessage/local/lib/python3.10/dist-packages/potmessage/msg/__init__.py
-- Up-to-date: /home/edrom-mini/edromufu/src/movement/PID_codes/install/potmessage/local/lib/python3.10/dist-packages/potmessage/msg/_imumsg_s.c
-- Up-to-date: /home/edrom-mini/edromufu/src/movement/PID_codes/install/potmessage/local/lib/python3.10/dist-packages/potmessage/msg/_buttonmsg.py
-- Up-to-date: /home/edrom-mini/edromufu/src/movement/PID_codes/install/potmessage/local/lib/python3.10/dist-packages/potmessage/msg/_potmsg_s.c
-- Up-to-date: /home/edrom-mini/edromufu/src/movement/PID_codes/install/potmessage/local/lib/python3.10/dist-packages/potmessage/msg/_potmsg.py
-- Up-to-date: /home/edrom-mini/edromufu/src/movement/PID_codes/install/potmessage/local/lib/python3.10/dist-packages/potmessage/msg/_imumsg.py
-- Up-to-date: /home/edrom-mini/edromufu/src/movement/PID_codes/install/potmessage/local/lib/python3.10/dist-packages/potmessage/msg/_buttonmsg_s.c
-- Up-to-date: /home/edrom-mini/edromufu/src/movement/PID_codes/install/potmessage/local/lib/python3.10/dist-packages/potmessage/potmessage_s__rosidl_typesupport_fastrtps_c.cpython-310-x86_64-linux-gnu.so
-- Up-to-date: /home/edrom-mini/edromufu/src/movement/PID_codes/install/potmessage/local/lib/python3.10/dist-packages/potmessage/_potmessage_s.ep.rosidl_typesupport_introspection_c.c
-- Up-to-date: /home/edrom-mini/edromufu/src/movement/PID_codes/install/potmessage/local/lib/python3.10/dist-packages/potmessage/_potmessage_s.ep.rosidl_typesupport_c.c
-- Up-to-date: /home/edrom-mini/edromufu/src/movement/PID_codes/install/potmessage/local/lib/python3.10/dist-packages/potmessage/_potmessage_s.ep.rosidl_typesupport_fastrtps_c.c
-- Up-to-date: /home/edrom-mini/edromufu/src/movement/PID_codes/install/potmessage/local/lib/python3.10/dist-packages/potmessage/libpotmessage__rosidl_generator_py.so
-- Up-to-date: /home/edrom-mini/edromufu/src/movement/PID_codes/install/potmessage/local/lib/python3.10/dist-packages/potmessage/potmessage_s__rosidl_typesupport_introspection_c.cpython-310-x86_64-linux-gnu.so
Listing '/home/edrom-mini/edromufu/src/movement/PID_codes/install/potmessage/local/lib/python3.10/dist-packages/potmessage'...
Listing '/home/edrom-mini/edromufu/src/movement/PID_codes/install/potmessage/local/lib/python3.10/dist-packages/potmessage/msg'...
-- Up-to-date: /home/edrom-mini/edromufu/src/movement/PID_codes/install/potmessage/local/lib/python3.10/dist-packages/potmessage/potmessage_s__rosidl_typesupport_fastrtps_c.cpython-310-x86_64-linux-gnu.so
-- Up-to-date: /home/edrom-mini/edromufu/src/movement/PID_codes/install/potmessage/local/lib/python3.10/dist-packages/potmessage/potmessage_s__rosidl_typesupport_introspection_c.cpython-310-x86_64-linux-gnu.so
-- Up-to-date: /home/edrom-mini/edromufu/src/movement/PID_codes/install/potmessage/local/lib/python3.10/dist-packages/potmessage/potmessage_s__rosidl_typesupport_c.cpython-310-x86_64-linux-gnu.so
-- Up-to-date: /home/edrom-mini/edromufu/src/movement/PID_codes/install/potmessage/lib/libpotmessage__rosidl_generator_py.so
-- Up-to-date: /home/edrom-mini/edromufu/src/movement/PID_codes/install/potmessage/share/potmessage/msg/Potmsg.idl
-- Up-to-date: /home/edrom-mini/edromufu/src/movement/PID_codes/install/potmessage/share/potmessage/msg/Buttonmsg.idl
-- Up-to-date: /home/edrom-mini/edromufu/src/movement/PID_codes/install/potmessage/share/potmessage/msg/Imumsg.idl
-- Up-to-date: /home/edrom-mini/edromufu/src/movement/PID_codes/install/potmessage/share/potmessage/msg/Potmsg.msg
-- Up-to-date: /home/edrom-mini/edromufu/src/movement/PID_codes/install/potmessage/share/potmessage/msg/Buttonmsg.msg
-- Up-to-date: /home/edrom-mini/edromufu/src/movement/PID_codes/install/potmessage/share/potmessage/msg/Imumsg.msg
-- Up-to-date: /home/edrom-mini/edromufu/src/movement/PID_codes/install/potmessage/share/ament_index/resource_index/package_run_dependencies/potmessage
-- Up-to-date: /home/edrom-mini/edromufu/src/movement/PID_codes/install/potmessage/share/ament_index/resource_index/parent_prefix_path/potmessage
-- Up-to-date: /home/edrom-mini/edromufu/src/movement/PID_codes/install/potmessage/share/potmessage/environment/ament_prefix_path.sh
-- Up-to-date: /home/edrom-mini/edromufu/src/movement/PID_codes/install/potmessage/share/potmessage/environment/ament_prefix_path.dsv
-- Up-to-date: /home/edrom-mini/edromufu/src/movement/PID_codes/install/potmessage/share/potmessage/environment/path.sh
-- Up-to-date: /home/edrom-mini/edromufu/src/movement/PID_codes/install/potmessage/share/potmessage/environment/path.dsv
-- Up-to-date: /home/edrom-mini/edromufu/src/movement/PID_codes/install/potmessage/share/potmessage/local_setup.bash
-- Up-to-date: /home/edrom-mini/edromufu/src/movement/PID_codes/install/potmessage/share/potmessage/local_setup.sh
-- Up-to-date: /home/edrom-mini/edromufu/src/movement/PID_codes/install/potmessage/share/potmessage/local_setup.zsh
-- Up-to-date: /home/edrom-mini/edromufu/src/movement/PID_codes/install/potmessage/share/potmessage/local_setup.dsv
-- Installing: /home/edrom-mini/edromufu/src/movement/PID_codes/install/potmessage/share/potmessage/package.dsv
-- Up-to-date: /home/edrom-mini/edromufu/src/movement/PID_codes/install/potmessage/share/ament_index/resource_index/packages/potmessage
-- Up-to-date: /home/edrom-mini/edromufu/src/movement/PID_codes/install/potmessage/share/potmessage/cmake/export_potmessage__rosidl_generator_cExport.cmake
-- Up-to-date: /home/edrom-mini/edromufu/src/movement/PID_codes/install/potmessage/share/potmessage/cmake/export_potmessage__rosidl_generator_cExport-noconfig.cmake
-- Up-to-date: /home/edrom-mini/edromufu/src/movement/PID_codes/install/potmessage/share/potmessage/cmake/export_potmessage__rosidl_typesupport_fastrtps_cExport.cmake
-- Up-to-date: /home/edrom-mini/edromufu/src/movement/PID_codes/install/potmessage/share/potmessage/cmake/export_potmessage__rosidl_typesupport_fastrtps_cExport-noconfig.cmake
-- Up-to-date: /home/edrom-mini/edromufu/src/movement/PID_codes/install/potmessage/share/potmessage/cmake/potmessage__rosidl_typesupport_introspection_cExport.cmake
-- Up-to-date: /home/edrom-mini/edromufu/src/movement/PID_codes/install/potmessage/share/potmessage/cmake/potmessage__rosidl_typesupport_introspection_cExport-noconfig.cmake
-- Up-to-date: /home/edrom-mini/edromufu/src/movement/PID_codes/install/potmessage/share/potmessage/cmake/potmessage__rosidl_typesupport_cExport.cmake
-- Up-to-date: /home/edrom-mini/edromufu/src/movement/PID_codes/install/potmessage/share/potmessage/cmake/potmessage__rosidl_typesupport_cExport-noconfig.cmake
-- Up-to-date: /home/edrom-mini/edromufu/src/movement/PID_codes/install/potmessage/share/potmessage/cmake/export_potmessage__rosidl_generator_cppExport.cmake
-- Up-to-date: /home/edrom-mini/edromufu/src/movement/PID_codes/install/potmessage/share/potmessage/cmake/export_potmessage__rosidl_typesupport_fastrtps_cppExport.cmake
-- Up-to-date: /home/edrom-mini/edromufu/src/movement/PID_codes/install/potmessage/share/potmessage/cmake/export_potmessage__rosidl_typesupport_fastrtps_cppExport-noconfig.cmake
-- Up-to-date: /home/edrom-mini/edromufu/src/movement/PID_codes/install/potmessage/share/potmessage/cmake/potmessage__rosidl_typesupport_introspection_cppExport.cmake
-- Up-to-date: /home/edrom-mini/edromufu/src/movement/PID_codes/install/potmessage/share/potmessage/cmake/potmessage__rosidl_typesupport_introspection_cppExport-noconfig.cmake
-- Up-to-date: /home/edrom-mini/edromufu/src/movement/PID_codes/install/potmessage/share/potmessage/cmake/potmessage__rosidl_typesupport_cppExport.cmake
-- Up-to-date: /home/edrom-mini/edromufu/src/movement/PID_codes/install/potmessage/share/potmessage/cmake/potmessage__rosidl_typesupport_cppExport-noconfig.cmake
-- Up-to-date: /home/edrom-mini/edromufu/src/movement/PID_codes/install/potmessage/share/potmessage/cmake/export_potmessage__rosidl_generator_pyExport.cmake
-- Up-to-date: /home/edrom-mini/edromufu/src/movement/PID_codes/install/potmessage/share/potmessage/cmake/export_potmessage__rosidl_generator_pyExport-noconfig.cmake
-- Up-to-date: /home/edrom-mini/edromufu/src/movement/PID_codes/install/potmessage/share/potmessage/cmake/rosidl_cmake-extras.cmake
-- Up-to-date: /home/edrom-mini/edromufu/src/movement/PID_codes/install/potmessage/share/potmessage/cmake/ament_cmake_export_include_directories-extras.cmake
-- Up-to-date: /home/edrom-mini/edromufu/src/movement/PID_codes/install/potmessage/share/potmessage/cmake/ament_cmake_export_libraries-extras.cmake
-- Up-to-date: /home/edrom-mini/edromufu/src/movement/PID_codes/install/potmessage/share/potmessage/cmake/ament_cmake_export_targets-extras.cmake
-- Up-to-date: /home/edrom-mini/edromufu/src/movement/PID_codes/install/potmessage/share/potmessage/cmake/rosidl_cmake_export_typesupport_targets-extras.cmake
-- Up-to-date: /home/edrom-mini/edromufu/src/movement/PID_codes/install/potmessage/share/potmessage/cmake/ament_cmake_export_dependencies-extras.cmake
-- Up-to-date: /home/edrom-mini/edromufu/src/movement/PID_codes/install/potmessage/share/potmessage/cmake/rosidl_cmake_export_typesupport_libraries-extras.cmake
-- Up-to-date: /home/edrom-mini/edromufu/src/movement/PID_codes/install/potmessage/share/potmessage/cmake/potmessageConfig.cmake
-- Up-to-date: /home/edrom-mini/edromufu/src/movement/PID_codes/install/potmessage/share/potmessage/cmake/potmessageConfig-version.cmake
-- Up-to-date: /home/edrom-mini/edromufu/src/movement/PID_codes/install/potmessage/share/potmessage/package.xml
