[1.590s] Invoking command in '/home/pedrohperes/edromufu/src/movement/Ros2_change/src/erro_package': PYTHONPATH=/home/pedrohperes/edromufu/src/movement/Ros2_change/src/build/erro_package/prefix_override:/home/pedrohperes/edromufu/src/movement/Ros2_change/src/install/erro_package/lib/python3.10/site-packages:${PYTHONPATH} /usr/bin/python3 -W ignore:setup.py install is deprecated setup.py egg_info --egg-base ../build/erro_package build --build-base /home/pedrohperes/edromufu/src/movement/Ros2_change/src/build/erro_package/build install --record /home/pedrohperes/edromufu/src/movement/Ros2_change/src/build/erro_package/install.log --single-version-externally-managed install_data
[1.883s] running egg_info
[1.883s] creating ../build/erro_package/erro_package.egg-info
[1.884s] writing ../build/erro_package/erro_package.egg-info/PKG-INFO
[1.884s] writing dependency_links to ../build/erro_package/erro_package.egg-info/dependency_links.txt
[1.884s] writing entry points to ../build/erro_package/erro_package.egg-info/entry_points.txt
[1.884s] writing requirements to ../build/erro_package/erro_package.egg-info/requires.txt
[1.884s] writing top-level names to ../build/erro_package/erro_package.egg-info/top_level.txt
[1.885s] writing manifest file '../build/erro_package/erro_package.egg-info/SOURCES.txt'
[1.885s] reading manifest file '../build/erro_package/erro_package.egg-info/SOURCES.txt'
[1.886s] writing manifest file '../build/erro_package/erro_package.egg-info/SOURCES.txt'
[1.886s] running build
[1.886s] running build_py
[1.886s] creating /home/pedrohperes/edromufu/src/movement/Ros2_change/src/build/erro_package/build
[1.887s] creating /home/pedrohperes/edromufu/src/movement/Ros2_change/src/build/erro_package/build/lib
[1.887s] creating /home/pedrohperes/edromufu/src/movement/Ros2_change/src/build/erro_package/build/lib/erro_package
[1.887s] copying erro_package/__init__.py -> /home/pedrohperes/edromufu/src/movement/Ros2_change/src/build/erro_package/build/lib/erro_package
[1.887s] copying erro_package/erro_publisher.py -> /home/pedrohperes/edromufu/src/movement/Ros2_change/src/build/erro_package/build/lib/erro_package
[1.887s] running install
[1.887s] running install_lib
[1.887s] creating /home/pedrohperes/edromufu/src/movement/Ros2_change/src/install/erro_package/lib/python3.10/site-packages/erro_package
[1.887s] copying /home/pedrohperes/edromufu/src/movement/Ros2_change/src/build/erro_package/build/lib/erro_package/__init__.py -> /home/pedrohperes/edromufu/src/movement/Ros2_change/src/install/erro_package/lib/python3.10/site-packages/erro_package
[1.888s] copying /home/pedrohperes/edromufu/src/movement/Ros2_change/src/build/erro_package/build/lib/erro_package/erro_publisher.py -> /home/pedrohperes/edromufu/src/movement/Ros2_change/src/install/erro_package/lib/python3.10/site-packages/erro_package
[1.888s] byte-compiling /home/pedrohperes/edromufu/src/movement/Ros2_change/src/install/erro_package/lib/python3.10/site-packages/erro_package/__init__.py to __init__.cpython-310.pyc
[1.888s] byte-compiling /home/pedrohperes/edromufu/src/movement/Ros2_change/src/install/erro_package/lib/python3.10/site-packages/erro_package/erro_publisher.py to erro_publisher.cpython-310.pyc
[1.889s] running install_data
[1.889s] creating /home/pedrohperes/edromufu/src/movement/Ros2_change/src/install/erro_package/share/ament_index
[1.890s] creating /home/pedrohperes/edromufu/src/movement/Ros2_change/src/install/erro_package/share/ament_index/resource_index
[1.890s] creating /home/pedrohperes/edromufu/src/movement/Ros2_change/src/install/erro_package/share/ament_index/resource_index/packages
[1.890s] copying resource/erro_package -> /home/pedrohperes/edromufu/src/movement/Ros2_change/src/install/erro_package/share/ament_index/resource_index/packages
[1.890s] copying package.xml -> /home/pedrohperes/edromufu/src/movement/Ros2_change/src/install/erro_package/share/erro_package
[1.890s] running install_egg_info
[1.891s] Copying ../build/erro_package/erro_package.egg-info to /home/pedrohperes/edromufu/src/movement/Ros2_change/src/install/erro_package/lib/python3.10/site-packages/erro_package-0.0.0-py3.10.egg-info
[1.892s] running install_scripts
[1.913s] Installing erro_publisher script to /home/pedrohperes/edromufu/src/movement/Ros2_change/src/install/erro_package/lib/erro_package
[1.913s] writing list of installed files to '/home/pedrohperes/edromufu/src/movement/Ros2_change/src/build/erro_package/install.log'
[1.946s] Invoked command in '/home/pedrohperes/edromufu/src/movement/Ros2_change/src/erro_package' returned '0': PYTHONPATH=/home/pedrohperes/edromufu/src/movement/Ros2_change/src/build/erro_package/prefix_override:/home/pedrohperes/edromufu/src/movement/Ros2_change/src/install/erro_package/lib/python3.10/site-packages:${PYTHONPATH} /usr/bin/python3 -W ignore:setup.py install is deprecated setup.py egg_info --egg-base ../build/erro_package build --build-base /home/pedrohperes/edromufu/src/movement/Ros2_change/src/build/erro_package/build install --record /home/pedrohperes/edromufu/src/movement/Ros2_change/src/build/erro_package/install.log --single-version-externally-managed install_data
