[0.427s] Invoking command in '/home/vtr_caixeta/edromufu/src/behaviour/build/modularized_bhv_msgs': CMAKE_PREFIX_PATH=/home/vtr_caixeta/edromufu/src/behaviour/install/bhv_independent_simulator:/opt/ros/iron /usr/bin/cmake /home/vtr_caixeta/edromufu/src/behaviour/modularized_bhv_msgs -DCMAKE_INSTALL_PREFIX=/home/vtr_caixeta/edromufu/src/behaviour/install/modularized_bhv_msgs
[0.443s] -- Found ament_cmake: 2.0.7 (/opt/ros/iron/share/ament_cmake/cmake)
[0.660s] -- Found rosidl_default_generators: 1.5.0 (/opt/ros/iron/share/rosidl_default_generators/cmake)
[0.663s] -- Using all available rosidl_typesupport_c: rosidl_typesupport_fastrtps_c;rosidl_typesupport_introspection_c
[0.709s] -- Using all available rosidl_typesupport_cpp: rosidl_typesupport_fastrtps_cpp;rosidl_typesupport_introspection_cpp
[0.749s] -- Found rosidl_adapter: 4.0.1 (/opt/ros/iron/share/rosidl_adapter/cmake)
[0.757s] -- Found std_msgs: 5.0.1 (/opt/ros/iron/share/std_msgs/cmake)
[0.844s] -- Found geometry_msgs: 5.0.1 (/opt/ros/iron/share/geometry_msgs/cmake)
[1.562s] -- Found ament_cmake_ros: 0.11.2 (/opt/ros/iron/share/ament_cmake_ros/cmake)
[1.927s] -- Using all available rosidl_typesupport_c: rosidl_typesupport_fastrtps_c;rosidl_typesupport_introspection_c
[2.401s] -- Using all available rosidl_typesupport_cpp: rosidl_typesupport_fastrtps_cpp;rosidl_typesupport_introspection_cpp
[2.426s] -- Found PythonInterp: /usr/bin/python3 (found suitable version "3.10.12", minimum required is "3.6") 
[2.428s] -- Found python_cmake_module: 0.10.2 (/opt/ros/iron/share/python_cmake_module/cmake)
[2.459s] -- Found PythonLibs: /usr/lib/x86_64-linux-gnu/libpython3.10.so (found suitable version "3.10.12", minimum required is "3.5") 
[2.459s] -- Using PYTHON_EXECUTABLE: /usr/bin/python3
[2.459s] -- Using PYTHON_INCLUDE_DIRS: /usr/include/python3.10
[2.460s] -- Using PYTHON_LIBRARIES: /usr/lib/x86_64-linux-gnu/libpython3.10.so
[2.481s] -- Found PythonExtra: .so  
[2.557s] -- Configuring done
[2.616s] -- Generating done
[2.641s] -- Build files have been written to: /home/vtr_caixeta/edromufu/src/behaviour/build/modularized_bhv_msgs
[2.651s] Invoked command in '/home/vtr_caixeta/edromufu/src/behaviour/build/modularized_bhv_msgs' returned '0': CMAKE_PREFIX_PATH=/home/vtr_caixeta/edromufu/src/behaviour/install/bhv_independent_simulator:/opt/ros/iron /usr/bin/cmake /home/vtr_caixeta/edromufu/src/behaviour/modularized_bhv_msgs -DCMAKE_INSTALL_PREFIX=/home/vtr_caixeta/edromufu/src/behaviour/install/modularized_bhv_msgs
[2.654s] Invoking command in '/home/vtr_caixeta/edromufu/src/behaviour/build/modularized_bhv_msgs': CMAKE_PREFIX_PATH=/home/vtr_caixeta/edromufu/src/behaviour/install/bhv_independent_simulator:/opt/ros/iron /usr/bin/cmake --build /home/vtr_caixeta/edromufu/src/behaviour/build/modularized_bhv_msgs -- -j4 -l4
[2.701s] [  1%] [34m[1mGenerating type hashes for ROS interfaces[0m
[2.710s] [  1%] Built target ament_cmake_python_copy_modularized_bhv_msgs
[2.956s] [  1%] Built target modularized_bhv_msgs__rosidl_generator_type_description
[2.973s] [  3%] [34m[1mGenerating C code for ROS interfaces[0m
[2.981s] [  5%] [34m[1mGenerating C++ code for ROS interfaces[0m
[3.036s] running egg_info
[3.037s] creating modularized_bhv_msgs.egg-info
[3.038s] writing modularized_bhv_msgs.egg-info/PKG-INFO
[3.039s] writing dependency_links to modularized_bhv_msgs.egg-info/dependency_links.txt
[3.039s] writing top-level names to modularized_bhv_msgs.egg-info/top_level.txt
[3.039s] writing manifest file 'modularized_bhv_msgs.egg-info/SOURCES.txt'
[3.043s] reading manifest file 'modularized_bhv_msgs.egg-info/SOURCES.txt'
[3.044s] writing manifest file 'modularized_bhv_msgs.egg-info/SOURCES.txt'
[3.090s] [  5%] Built target ament_cmake_python_build_modularized_bhv_msgs_egg
[3.454s] [  5%] Built target modularized_bhv_msgs__cpp
[3.580s] [ 12%] [32mBuilding C object CMakeFiles/modularized_bhv_msgs__rosidl_generator_c.dir/rosidl_generator_c/modularized_bhv_msgs/msg/detail/state_machine_msg__functions.c.o[0m
[3.580s] [ 12%] [32mBuilding C object CMakeFiles/modularized_bhv_msgs__rosidl_generator_c.dir/rosidl_generator_c/modularized_bhv_msgs/msg/detail/state_machine_msg__description.c.o[0m
[3.580s] [ 12%] [32mBuilding C object CMakeFiles/modularized_bhv_msgs__rosidl_generator_c.dir/rosidl_generator_c/modularized_bhv_msgs/msg/detail/state_machine_msg__type_support.c.o[0m
[3.580s] [ 12%] [32mBuilding C object CMakeFiles/modularized_bhv_msgs__rosidl_generator_c.dir/rosidl_generator_c/modularized_bhv_msgs/msg/detail/current_state_msg__description.c.o[0m
[3.642s] [ 14%] [32mBuilding C object CMakeFiles/modularized_bhv_msgs__rosidl_generator_c.dir/rosidl_generator_c/modularized_bhv_msgs/msg/detail/current_state_msg__functions.c.o[0m
[3.649s] [ 16%] [32mBuilding C object CMakeFiles/modularized_bhv_msgs__rosidl_generator_c.dir/rosidl_generator_c/modularized_bhv_msgs/msg/detail/current_state_msg__type_support.c.o[0m
[3.650s] [ 18%] [32mBuilding C object CMakeFiles/modularized_bhv_msgs__rosidl_generator_c.dir/rosidl_generator_c/modularized_bhv_msgs/srv/detail/move_request__description.c.o[0m
[3.670s] [ 20%] [32mBuilding C object CMakeFiles/modularized_bhv_msgs__rosidl_generator_c.dir/rosidl_generator_c/modularized_bhv_msgs/srv/detail/move_request__functions.c.o[0m
[3.696s] [ 22%] [32mBuilding C object CMakeFiles/modularized_bhv_msgs__rosidl_generator_c.dir/rosidl_generator_c/modularized_bhv_msgs/srv/detail/move_request__type_support.c.o[0m
[3.770s] [ 24%] [32m[1mLinking C shared library libmodularized_bhv_msgs__rosidl_generator_c.so[0m
[3.813s] [ 24%] Built target modularized_bhv_msgs__rosidl_generator_c
[3.830s] [ 29%] [34m[1mGenerating C++ type support dispatch for ROS interfaces[0m
[3.830s] [ 29%] [34m[1mGenerating C introspection for ROS interfaces[0m
[3.830s] [ 29%] [34m[1mGenerating C type support dispatch for ROS interfaces[0m
[3.830s] [ 31%] [34m[1mGenerating C type support for eProsima Fast-RTPS[0m
[4.428s] [ 33%] [32mBuilding CXX object CMakeFiles/modularized_bhv_msgs__rosidl_typesupport_c.dir/rosidl_typesupport_c/modularized_bhv_msgs/msg/state_machine_msg__type_support.cpp.o[0m
[4.428s] [ 35%] [32mBuilding CXX object CMakeFiles/modularized_bhv_msgs__rosidl_typesupport_cpp.dir/rosidl_typesupport_cpp/modularized_bhv_msgs/msg/state_machine_msg__type_support.cpp.o[0m
[4.517s] [ 37%] [32mBuilding CXX object CMakeFiles/modularized_bhv_msgs__rosidl_typesupport_c.dir/rosidl_typesupport_c/modularized_bhv_msgs/msg/current_state_msg__type_support.cpp.o[0m
[4.584s] [ 38%] [32mBuilding CXX object CMakeFiles/modularized_bhv_msgs__rosidl_typesupport_c.dir/rosidl_typesupport_c/modularized_bhv_msgs/srv/move_request__type_support.cpp.o[0m
[4.607s] [ 40%] [32mBuilding C object CMakeFiles/modularized_bhv_msgs__rosidl_typesupport_introspection_c.dir/rosidl_typesupport_introspection_c/modularized_bhv_msgs/msg/detail/state_machine_msg__type_support.c.o[0m
[4.611s] [ 42%] [32mBuilding CXX object CMakeFiles/modularized_bhv_msgs__rosidl_typesupport_fastrtps_c.dir/rosidl_typesupport_fastrtps_c/modularized_bhv_msgs/msg/detail/state_machine_msg__type_support_c.cpp.o[0m
[4.664s] [ 44%] [32m[1mLinking CXX shared library libmodularized_bhv_msgs__rosidl_typesupport_c.so[0m
[4.668s] [ 46%] [32mBuilding C object CMakeFiles/modularized_bhv_msgs__rosidl_typesupport_introspection_c.dir/rosidl_typesupport_introspection_c/modularized_bhv_msgs/msg/detail/current_state_msg__type_support.c.o[0m
[4.722s] [ 48%] [32mBuilding C object CMakeFiles/modularized_bhv_msgs__rosidl_typesupport_introspection_c.dir/rosidl_typesupport_introspection_c/modularized_bhv_msgs/srv/detail/move_request__type_support.c.o[0m
[4.729s] [ 48%] Built target modularized_bhv_msgs__rosidl_typesupport_c
[4.747s] [ 50%] [34m[1mGenerating C++ type support for eProsima Fast-RTPS[0m
[4.802s] [ 51%] [32m[1mLinking C shared library libmodularized_bhv_msgs__rosidl_typesupport_introspection_c.so[0m
[4.860s] [ 51%] Built target modularized_bhv_msgs__rosidl_typesupport_introspection_c
[4.874s] [ 53%] [32mBuilding CXX object CMakeFiles/modularized_bhv_msgs__rosidl_typesupport_fastrtps_c.dir/rosidl_typesupport_fastrtps_c/modularized_bhv_msgs/msg/detail/current_state_msg__type_support_c.cpp.o[0m
[5.190s] [ 55%] [32mBuilding CXX object CMakeFiles/modularized_bhv_msgs__rosidl_typesupport_cpp.dir/rosidl_typesupport_cpp/modularized_bhv_msgs/msg/current_state_msg__type_support.cpp.o[0m
[5.272s] [ 57%] [32mBuilding CXX object CMakeFiles/modularized_bhv_msgs__rosidl_typesupport_cpp.dir/rosidl_typesupport_cpp/modularized_bhv_msgs/srv/move_request__type_support.cpp.o[0m
[5.493s] [ 59%] [32mBuilding CXX object CMakeFiles/modularized_bhv_msgs__rosidl_typesupport_fastrtps_c.dir/rosidl_typesupport_fastrtps_c/modularized_bhv_msgs/srv/detail/move_request__type_support_c.cpp.o[0m
[5.595s] [ 61%] [32mBuilding CXX object CMakeFiles/modularized_bhv_msgs__rosidl_typesupport_fastrtps_cpp.dir/rosidl_typesupport_fastrtps_cpp/modularized_bhv_msgs/msg/detail/dds_fastrtps/state_machine_msg__type_support.cpp.o[0m
[5.859s] [ 62%] [34m[1mGenerating C++ introspection for ROS interfaces[0m
[6.137s] [ 64%] [32m[1mLinking CXX shared library libmodularized_bhv_msgs__rosidl_typesupport_cpp.so[0m
[6.203s] [ 66%] [32m[1mLinking CXX shared library libmodularized_bhv_msgs__rosidl_typesupport_fastrtps_c.so[0m
[6.288s] [ 66%] Built target modularized_bhv_msgs__rosidl_typesupport_cpp
[6.299s] [ 68%] [32mBuilding CXX object CMakeFiles/modularized_bhv_msgs__rosidl_typesupport_fastrtps_cpp.dir/rosidl_typesupport_fastrtps_cpp/modularized_bhv_msgs/msg/detail/dds_fastrtps/current_state_msg__type_support.cpp.o[0m
[6.355s] [ 68%] Built target modularized_bhv_msgs__rosidl_typesupport_fastrtps_c
[6.369s] [ 70%] [32mBuilding CXX object CMakeFiles/modularized_bhv_msgs__rosidl_typesupport_fastrtps_cpp.dir/rosidl_typesupport_fastrtps_cpp/modularized_bhv_msgs/srv/detail/dds_fastrtps/move_request__type_support.cpp.o[0m
[6.621s] [ 74%] [32mBuilding CXX object CMakeFiles/modularized_bhv_msgs__rosidl_typesupport_introspection_cpp.dir/rosidl_typesupport_introspection_cpp/modularized_bhv_msgs/msg/detail/current_state_msg__type_support.cpp.o[0m
[6.622s] [ 74%] [32mBuilding CXX object CMakeFiles/modularized_bhv_msgs__rosidl_typesupport_introspection_cpp.dir/rosidl_typesupport_introspection_cpp/modularized_bhv_msgs/msg/detail/state_machine_msg__type_support.cpp.o[0m
[7.256s] [ 75%] [32mBuilding CXX object CMakeFiles/modularized_bhv_msgs__rosidl_typesupport_introspection_cpp.dir/rosidl_typesupport_introspection_cpp/modularized_bhv_msgs/srv/detail/move_request__type_support.cpp.o[0m
[7.507s] [ 77%] [32m[1mLinking CXX shared library libmodularized_bhv_msgs__rosidl_typesupport_fastrtps_cpp.so[0m
[7.604s] [ 77%] Built target modularized_bhv_msgs__rosidl_typesupport_fastrtps_cpp
[7.822s] [ 79%] [32m[1mLinking CXX shared library libmodularized_bhv_msgs__rosidl_typesupport_introspection_cpp.so[0m
[7.910s] [ 79%] Built target modularized_bhv_msgs__rosidl_typesupport_introspection_cpp
[7.930s] [ 79%] Built target modularized_bhv_msgs
[7.951s] [ 81%] [34m[1mGenerating Python code for ROS interfaces[0m
[8.531s] [ 81%] Built target modularized_bhv_msgs__py
[8.553s] [ 83%] [32mBuilding C object CMakeFiles/modularized_bhv_msgs__rosidl_generator_py.dir/rosidl_generator_py/modularized_bhv_msgs/msg/_current_state_msg_s.c.o[0m
[8.555s] [ 85%] [32mBuilding C object CMakeFiles/modularized_bhv_msgs__rosidl_generator_py.dir/rosidl_generator_py/modularized_bhv_msgs/srv/_move_request_s.c.o[0m
[8.556s] [ 87%] [32mBuilding C object CMakeFiles/modularized_bhv_msgs__rosidl_generator_py.dir/rosidl_generator_py/modularized_bhv_msgs/msg/_state_machine_msg_s.c.o[0m
[8.740s] [ 88%] [32m[1mLinking C shared library rosidl_generator_py/modularized_bhv_msgs/libmodularized_bhv_msgs__rosidl_generator_py.so[0m
[8.787s] [ 88%] Built target modularized_bhv_msgs__rosidl_generator_py
[8.811s] [ 90%] [32mBuilding C object CMakeFiles/modularized_bhv_msgs__rosidl_typesupport_introspection_c__pyext.dir/rosidl_generator_py/modularized_bhv_msgs/_modularized_bhv_msgs_s.ep.rosidl_typesupport_introspection_c.c.o[0m
[8.813s] [ 92%] [32mBuilding C object CMakeFiles/modularized_bhv_msgs__rosidl_typesupport_fastrtps_c__pyext.dir/rosidl_generator_py/modularized_bhv_msgs/_modularized_bhv_msgs_s.ep.rosidl_typesupport_fastrtps_c.c.o[0m
[8.816s] [ 94%] [32mBuilding C object CMakeFiles/modularized_bhv_msgs__rosidl_typesupport_c__pyext.dir/rosidl_generator_py/modularized_bhv_msgs/_modularized_bhv_msgs_s.ep.rosidl_typesupport_c.c.o[0m
[8.941s] [ 96%] [32m[1mLinking C shared library rosidl_generator_py/modularized_bhv_msgs/modularized_bhv_msgs_s__rosidl_typesupport_c.cpython-310-x86_64-linux-gnu.so[0m
[8.993s] [ 96%] Built target modularized_bhv_msgs__rosidl_typesupport_c__pyext
[9.006s] [ 98%] [32m[1mLinking C shared library rosidl_generator_py/modularized_bhv_msgs/modularized_bhv_msgs_s__rosidl_typesupport_introspection_c.cpython-310-x86_64-linux-gnu.so[0m
[9.008s] [100%] [32m[1mLinking C shared library rosidl_generator_py/modularized_bhv_msgs/modularized_bhv_msgs_s__rosidl_typesupport_fastrtps_c.cpython-310-x86_64-linux-gnu.so[0m
[9.050s] [100%] Built target modularized_bhv_msgs__rosidl_typesupport_fastrtps_c__pyext
[9.050s] [100%] Built target modularized_bhv_msgs__rosidl_typesupport_introspection_c__pyext
[9.064s] Invoked command in '/home/vtr_caixeta/edromufu/src/behaviour/build/modularized_bhv_msgs' returned '0': CMAKE_PREFIX_PATH=/home/vtr_caixeta/edromufu/src/behaviour/install/bhv_independent_simulator:/opt/ros/iron /usr/bin/cmake --build /home/vtr_caixeta/edromufu/src/behaviour/build/modularized_bhv_msgs -- -j4 -l4
[9.076s] Invoking command in '/home/vtr_caixeta/edromufu/src/behaviour/build/modularized_bhv_msgs': CMAKE_PREFIX_PATH=/home/vtr_caixeta/edromufu/src/behaviour/install/bhv_independent_simulator:/opt/ros/iron /usr/bin/cmake --install /home/vtr_caixeta/edromufu/src/behaviour/build/modularized_bhv_msgs
[9.084s] -- Install configuration: ""
[9.084s] -- Installing: /home/vtr_caixeta/edromufu/src/behaviour/install/modularized_bhv_msgs/share/ament_index/resource_index/rosidl_interfaces/modularized_bhv_msgs
[9.084s] -- Installing: /home/vtr_caixeta/edromufu/src/behaviour/install/modularized_bhv_msgs/share/modularized_bhv_msgs/msg/StateMachineMsg.json
[9.085s] -- Installing: /home/vtr_caixeta/edromufu/src/behaviour/install/modularized_bhv_msgs/share/modularized_bhv_msgs/msg/CurrentStateMsg.json
[9.085s] -- Installing: /home/vtr_caixeta/edromufu/src/behaviour/install/modularized_bhv_msgs/share/modularized_bhv_msgs/srv/MoveRequest.json
[9.085s] -- Installing: /home/vtr_caixeta/edromufu/src/behaviour/install/modularized_bhv_msgs/include/modularized_bhv_msgs/modularized_bhv_msgs
[9.085s] -- Installing: /home/vtr_caixeta/edromufu/src/behaviour/install/modularized_bhv_msgs/include/modularized_bhv_msgs/modularized_bhv_msgs/srv
[9.085s] -- Installing: /home/vtr_caixeta/edromufu/src/behaviour/install/modularized_bhv_msgs/include/modularized_bhv_msgs/modularized_bhv_msgs/srv/move_request.h
[9.085s] -- Installing: /home/vtr_caixeta/edromufu/src/behaviour/install/modularized_bhv_msgs/include/modularized_bhv_msgs/modularized_bhv_msgs/srv/detail
[9.086s] -- Installing: /home/vtr_caixeta/edromufu/src/behaviour/install/modularized_bhv_msgs/include/modularized_bhv_msgs/modularized_bhv_msgs/srv/detail/move_request__functions.h
[9.086s] -- Installing: /home/vtr_caixeta/edromufu/src/behaviour/install/modularized_bhv_msgs/include/modularized_bhv_msgs/modularized_bhv_msgs/srv/detail/move_request__functions.c
[9.086s] -- Installing: /home/vtr_caixeta/edromufu/src/behaviour/install/modularized_bhv_msgs/include/modularized_bhv_msgs/modularized_bhv_msgs/srv/detail/move_request__type_support.h
[9.086s] -- Installing: /home/vtr_caixeta/edromufu/src/behaviour/install/modularized_bhv_msgs/include/modularized_bhv_msgs/modularized_bhv_msgs/srv/detail/move_request__description.c
[9.086s] -- Installing: /home/vtr_caixeta/edromufu/src/behaviour/install/modularized_bhv_msgs/include/modularized_bhv_msgs/modularized_bhv_msgs/srv/detail/move_request__type_support.c
[9.086s] -- Installing: /home/vtr_caixeta/edromufu/src/behaviour/install/modularized_bhv_msgs/include/modularized_bhv_msgs/modularized_bhv_msgs/srv/detail/move_request__struct.h
[9.086s] -- Installing: /home/vtr_caixeta/edromufu/src/behaviour/install/modularized_bhv_msgs/include/modularized_bhv_msgs/modularized_bhv_msgs/msg
[9.086s] -- Installing: /home/vtr_caixeta/edromufu/src/behaviour/install/modularized_bhv_msgs/include/modularized_bhv_msgs/modularized_bhv_msgs/msg/state_machine_msg.h
[9.087s] -- Installing: /home/vtr_caixeta/edromufu/src/behaviour/install/modularized_bhv_msgs/include/modularized_bhv_msgs/modularized_bhv_msgs/msg/detail
[9.087s] -- Installing: /home/vtr_caixeta/edromufu/src/behaviour/install/modularized_bhv_msgs/include/modularized_bhv_msgs/modularized_bhv_msgs/msg/detail/current_state_msg__type_support.h
[9.087s] -- Installing: /home/vtr_caixeta/edromufu/src/behaviour/install/modularized_bhv_msgs/include/modularized_bhv_msgs/modularized_bhv_msgs/msg/detail/state_machine_msg__functions.c
[9.087s] -- Installing: /home/vtr_caixeta/edromufu/src/behaviour/install/modularized_bhv_msgs/include/modularized_bhv_msgs/modularized_bhv_msgs/msg/detail/current_state_msg__type_support.c
[9.087s] -- Installing: /home/vtr_caixeta/edromufu/src/behaviour/install/modularized_bhv_msgs/include/modularized_bhv_msgs/modularized_bhv_msgs/msg/detail/state_machine_msg__type_support.c
[9.087s] -- Installing: /home/vtr_caixeta/edromufu/src/behaviour/install/modularized_bhv_msgs/include/modularized_bhv_msgs/modularized_bhv_msgs/msg/detail/current_state_msg__description.c
[9.087s] -- Installing: /home/vtr_caixeta/edromufu/src/behaviour/install/modularized_bhv_msgs/include/modularized_bhv_msgs/modularized_bhv_msgs/msg/detail/current_state_msg__struct.h
[9.087s] -- Installing: /home/vtr_caixeta/edromufu/src/behaviour/install/modularized_bhv_msgs/include/modularized_bhv_msgs/modularized_bhv_msgs/msg/detail/current_state_msg__functions.h
[9.088s] -- Installing: /home/vtr_caixeta/edromufu/src/behaviour/install/modularized_bhv_msgs/include/modularized_bhv_msgs/modularized_bhv_msgs/msg/detail/state_machine_msg__description.c
[9.088s] -- Installing: /home/vtr_caixeta/edromufu/src/behaviour/install/modularized_bhv_msgs/include/modularized_bhv_msgs/modularized_bhv_msgs/msg/detail/state_machine_msg__struct.h
[9.088s] -- Installing: /home/vtr_caixeta/edromufu/src/behaviour/install/modularized_bhv_msgs/include/modularized_bhv_msgs/modularized_bhv_msgs/msg/detail/state_machine_msg__type_support.h
[9.088s] -- Installing: /home/vtr_caixeta/edromufu/src/behaviour/install/modularized_bhv_msgs/include/modularized_bhv_msgs/modularized_bhv_msgs/msg/detail/state_machine_msg__functions.h
[9.088s] -- Installing: /home/vtr_caixeta/edromufu/src/behaviour/install/modularized_bhv_msgs/include/modularized_bhv_msgs/modularized_bhv_msgs/msg/detail/current_state_msg__functions.c
[9.088s] -- Installing: /home/vtr_caixeta/edromufu/src/behaviour/install/modularized_bhv_msgs/include/modularized_bhv_msgs/modularized_bhv_msgs/msg/current_state_msg.h
[9.088s] -- Installing: /home/vtr_caixeta/edromufu/src/behaviour/install/modularized_bhv_msgs/include/modularized_bhv_msgs/modularized_bhv_msgs/msg/rosidl_generator_c__visibility_control.h
[9.088s] -- Installing: /home/vtr_caixeta/edromufu/src/behaviour/install/modularized_bhv_msgs/share/modularized_bhv_msgs/environment/library_path.sh
[9.088s] -- Installing: /home/vtr_caixeta/edromufu/src/behaviour/install/modularized_bhv_msgs/share/modularized_bhv_msgs/environment/library_path.dsv
[9.089s] -- Installing: /home/vtr_caixeta/edromufu/src/behaviour/install/modularized_bhv_msgs/lib/libmodularized_bhv_msgs__rosidl_generator_c.so
[9.089s] -- Set runtime path of "/home/vtr_caixeta/edromufu/src/behaviour/install/modularized_bhv_msgs/lib/libmodularized_bhv_msgs__rosidl_generator_c.so" to ""
[9.089s] -- Up-to-date: /home/vtr_caixeta/edromufu/src/behaviour/install/modularized_bhv_msgs/include/modularized_bhv_msgs/modularized_bhv_msgs
[9.089s] -- Up-to-date: /home/vtr_caixeta/edromufu/src/behaviour/install/modularized_bhv_msgs/include/modularized_bhv_msgs/modularized_bhv_msgs/srv
[9.089s] -- Up-to-date: /home/vtr_caixeta/edromufu/src/behaviour/install/modularized_bhv_msgs/include/modularized_bhv_msgs/modularized_bhv_msgs/srv/detail
[9.089s] -- Installing: /home/vtr_caixeta/edromufu/src/behaviour/install/modularized_bhv_msgs/include/modularized_bhv_msgs/modularized_bhv_msgs/srv/detail/move_request__rosidl_typesupport_fastrtps_c.h
[9.090s] -- Up-to-date: /home/vtr_caixeta/edromufu/src/behaviour/install/modularized_bhv_msgs/include/modularized_bhv_msgs/modularized_bhv_msgs/msg
[9.090s] -- Installing: /home/vtr_caixeta/edromufu/src/behaviour/install/modularized_bhv_msgs/include/modularized_bhv_msgs/modularized_bhv_msgs/msg/rosidl_typesupport_fastrtps_c__visibility_control.h
[9.090s] -- Up-to-date: /home/vtr_caixeta/edromufu/src/behaviour/install/modularized_bhv_msgs/include/modularized_bhv_msgs/modularized_bhv_msgs/msg/detail
[9.090s] -- Installing: /home/vtr_caixeta/edromufu/src/behaviour/install/modularized_bhv_msgs/include/modularized_bhv_msgs/modularized_bhv_msgs/msg/detail/state_machine_msg__rosidl_typesupport_fastrtps_c.h
[9.090s] -- Installing: /home/vtr_caixeta/edromufu/src/behaviour/install/modularized_bhv_msgs/include/modularized_bhv_msgs/modularized_bhv_msgs/msg/detail/current_state_msg__rosidl_typesupport_fastrtps_c.h
[9.090s] -- Installing: /home/vtr_caixeta/edromufu/src/behaviour/install/modularized_bhv_msgs/lib/libmodularized_bhv_msgs__rosidl_typesupport_fastrtps_c.so
[9.091s] -- Set runtime path of "/home/vtr_caixeta/edromufu/src/behaviour/install/modularized_bhv_msgs/lib/libmodularized_bhv_msgs__rosidl_typesupport_fastrtps_c.so" to ""
[9.091s] -- Up-to-date: /home/vtr_caixeta/edromufu/src/behaviour/install/modularized_bhv_msgs/include/modularized_bhv_msgs/modularized_bhv_msgs
[9.091s] -- Up-to-date: /home/vtr_caixeta/edromufu/src/behaviour/install/modularized_bhv_msgs/include/modularized_bhv_msgs/modularized_bhv_msgs/srv
[9.091s] -- Up-to-date: /home/vtr_caixeta/edromufu/src/behaviour/install/modularized_bhv_msgs/include/modularized_bhv_msgs/modularized_bhv_msgs/srv/detail
[9.091s] -- Installing: /home/vtr_caixeta/edromufu/src/behaviour/install/modularized_bhv_msgs/include/modularized_bhv_msgs/modularized_bhv_msgs/srv/detail/move_request__rosidl_typesupport_introspection_c.h
[9.091s] -- Installing: /home/vtr_caixeta/edromufu/src/behaviour/install/modularized_bhv_msgs/include/modularized_bhv_msgs/modularized_bhv_msgs/srv/detail/move_request__type_support.c
[9.091s] -- Up-to-date: /home/vtr_caixeta/edromufu/src/behaviour/install/modularized_bhv_msgs/include/modularized_bhv_msgs/modularized_bhv_msgs/msg
[9.091s] -- Up-to-date: /home/vtr_caixeta/edromufu/src/behaviour/install/modularized_bhv_msgs/include/modularized_bhv_msgs/modularized_bhv_msgs/msg/detail
[9.091s] -- Installing: /home/vtr_caixeta/edromufu/src/behaviour/install/modularized_bhv_msgs/include/modularized_bhv_msgs/modularized_bhv_msgs/msg/detail/current_state_msg__type_support.c
[9.092s] -- Installing: /home/vtr_caixeta/edromufu/src/behaviour/install/modularized_bhv_msgs/include/modularized_bhv_msgs/modularized_bhv_msgs/msg/detail/state_machine_msg__type_support.c
[9.092s] -- Installing: /home/vtr_caixeta/edromufu/src/behaviour/install/modularized_bhv_msgs/include/modularized_bhv_msgs/modularized_bhv_msgs/msg/detail/state_machine_msg__rosidl_typesupport_introspection_c.h
[9.092s] -- Installing: /home/vtr_caixeta/edromufu/src/behaviour/install/modularized_bhv_msgs/include/modularized_bhv_msgs/modularized_bhv_msgs/msg/detail/current_state_msg__rosidl_typesupport_introspection_c.h
[9.092s] -- Installing: /home/vtr_caixeta/edromufu/src/behaviour/install/modularized_bhv_msgs/include/modularized_bhv_msgs/modularized_bhv_msgs/msg/rosidl_typesupport_introspection_c__visibility_control.h
[9.092s] -- Installing: /home/vtr_caixeta/edromufu/src/behaviour/install/modularized_bhv_msgs/lib/libmodularized_bhv_msgs__rosidl_typesupport_introspection_c.so
[9.092s] -- Set runtime path of "/home/vtr_caixeta/edromufu/src/behaviour/install/modularized_bhv_msgs/lib/libmodularized_bhv_msgs__rosidl_typesupport_introspection_c.so" to ""
[9.092s] -- Installing: /home/vtr_caixeta/edromufu/src/behaviour/install/modularized_bhv_msgs/lib/libmodularized_bhv_msgs__rosidl_typesupport_c.so
[9.093s] -- Set runtime path of "/home/vtr_caixeta/edromufu/src/behaviour/install/modularized_bhv_msgs/lib/libmodularized_bhv_msgs__rosidl_typesupport_c.so" to ""
[9.093s] -- Up-to-date: /home/vtr_caixeta/edromufu/src/behaviour/install/modularized_bhv_msgs/include/modularized_bhv_msgs/modularized_bhv_msgs
[9.093s] -- Up-to-date: /home/vtr_caixeta/edromufu/src/behaviour/install/modularized_bhv_msgs/include/modularized_bhv_msgs/modularized_bhv_msgs/srv
[9.093s] -- Installing: /home/vtr_caixeta/edromufu/src/behaviour/install/modularized_bhv_msgs/include/modularized_bhv_msgs/modularized_bhv_msgs/srv/move_request.hpp
[9.093s] -- Up-to-date: /home/vtr_caixeta/edromufu/src/behaviour/install/modularized_bhv_msgs/include/modularized_bhv_msgs/modularized_bhv_msgs/srv/detail
[9.093s] -- Installing: /home/vtr_caixeta/edromufu/src/behaviour/install/modularized_bhv_msgs/include/modularized_bhv_msgs/modularized_bhv_msgs/srv/detail/move_request__traits.hpp
[9.093s] -- Installing: /home/vtr_caixeta/edromufu/src/behaviour/install/modularized_bhv_msgs/include/modularized_bhv_msgs/modularized_bhv_msgs/srv/detail/move_request__builder.hpp
[9.093s] -- Installing: /home/vtr_caixeta/edromufu/src/behaviour/install/modularized_bhv_msgs/include/modularized_bhv_msgs/modularized_bhv_msgs/srv/detail/move_request__struct.hpp
[9.094s] -- Up-to-date: /home/vtr_caixeta/edromufu/src/behaviour/install/modularized_bhv_msgs/include/modularized_bhv_msgs/modularized_bhv_msgs/msg
[9.094s] -- Up-to-date: /home/vtr_caixeta/edromufu/src/behaviour/install/modularized_bhv_msgs/include/modularized_bhv_msgs/modularized_bhv_msgs/msg/detail
[9.094s] -- Installing: /home/vtr_caixeta/edromufu/src/behaviour/install/modularized_bhv_msgs/include/modularized_bhv_msgs/modularized_bhv_msgs/msg/detail/state_machine_msg__struct.hpp
[9.094s] -- Installing: /home/vtr_caixeta/edromufu/src/behaviour/install/modularized_bhv_msgs/include/modularized_bhv_msgs/modularized_bhv_msgs/msg/detail/current_state_msg__builder.hpp
[9.094s] -- Installing: /home/vtr_caixeta/edromufu/src/behaviour/install/modularized_bhv_msgs/include/modularized_bhv_msgs/modularized_bhv_msgs/msg/detail/current_state_msg__traits.hpp
[9.094s] -- Installing: /home/vtr_caixeta/edromufu/src/behaviour/install/modularized_bhv_msgs/include/modularized_bhv_msgs/modularized_bhv_msgs/msg/detail/current_state_msg__struct.hpp
[9.094s] -- Installing: /home/vtr_caixeta/edromufu/src/behaviour/install/modularized_bhv_msgs/include/modularized_bhv_msgs/modularized_bhv_msgs/msg/detail/state_machine_msg__builder.hpp
[9.094s] -- Installing: /home/vtr_caixeta/edromufu/src/behaviour/install/modularized_bhv_msgs/include/modularized_bhv_msgs/modularized_bhv_msgs/msg/detail/state_machine_msg__traits.hpp
[9.095s] -- Installing: /home/vtr_caixeta/edromufu/src/behaviour/install/modularized_bhv_msgs/include/modularized_bhv_msgs/modularized_bhv_msgs/msg/state_machine_msg.hpp
[9.095s] -- Installing: /home/vtr_caixeta/edromufu/src/behaviour/install/modularized_bhv_msgs/include/modularized_bhv_msgs/modularized_bhv_msgs/msg/current_state_msg.hpp
[9.095s] -- Up-to-date: /home/vtr_caixeta/edromufu/src/behaviour/install/modularized_bhv_msgs/include/modularized_bhv_msgs/modularized_bhv_msgs
[9.095s] -- Up-to-date: /home/vtr_caixeta/edromufu/src/behaviour/install/modularized_bhv_msgs/include/modularized_bhv_msgs/modularized_bhv_msgs/srv
[9.095s] -- Up-to-date: /home/vtr_caixeta/edromufu/src/behaviour/install/modularized_bhv_msgs/include/modularized_bhv_msgs/modularized_bhv_msgs/srv/detail
[9.095s] -- Installing: /home/vtr_caixeta/edromufu/src/behaviour/install/modularized_bhv_msgs/include/modularized_bhv_msgs/modularized_bhv_msgs/srv/detail/move_request__rosidl_typesupport_fastrtps_cpp.hpp
[9.095s] -- Installing: /home/vtr_caixeta/edromufu/src/behaviour/install/modularized_bhv_msgs/include/modularized_bhv_msgs/modularized_bhv_msgs/srv/detail/dds_fastrtps
[9.095s] -- Up-to-date: /home/vtr_caixeta/edromufu/src/behaviour/install/modularized_bhv_msgs/include/modularized_bhv_msgs/modularized_bhv_msgs/msg
[9.096s] -- Up-to-date: /home/vtr_caixeta/edromufu/src/behaviour/install/modularized_bhv_msgs/include/modularized_bhv_msgs/modularized_bhv_msgs/msg/detail
[9.096s] -- Installing: /home/vtr_caixeta/edromufu/src/behaviour/install/modularized_bhv_msgs/include/modularized_bhv_msgs/modularized_bhv_msgs/msg/detail/state_machine_msg__rosidl_typesupport_fastrtps_cpp.hpp
[9.096s] -- Installing: /home/vtr_caixeta/edromufu/src/behaviour/install/modularized_bhv_msgs/include/modularized_bhv_msgs/modularized_bhv_msgs/msg/detail/current_state_msg__rosidl_typesupport_fastrtps_cpp.hpp
[9.096s] -- Installing: /home/vtr_caixeta/edromufu/src/behaviour/install/modularized_bhv_msgs/include/modularized_bhv_msgs/modularized_bhv_msgs/msg/detail/dds_fastrtps
[9.096s] -- Installing: /home/vtr_caixeta/edromufu/src/behaviour/install/modularized_bhv_msgs/include/modularized_bhv_msgs/modularized_bhv_msgs/msg/rosidl_typesupport_fastrtps_cpp__visibility_control.h
[9.096s] -- Installing: /home/vtr_caixeta/edromufu/src/behaviour/install/modularized_bhv_msgs/lib/libmodularized_bhv_msgs__rosidl_typesupport_fastrtps_cpp.so
[9.096s] -- Set runtime path of "/home/vtr_caixeta/edromufu/src/behaviour/install/modularized_bhv_msgs/lib/libmodularized_bhv_msgs__rosidl_typesupport_fastrtps_cpp.so" to ""
[9.097s] -- Up-to-date: /home/vtr_caixeta/edromufu/src/behaviour/install/modularized_bhv_msgs/include/modularized_bhv_msgs/modularized_bhv_msgs
[9.097s] -- Up-to-date: /home/vtr_caixeta/edromufu/src/behaviour/install/modularized_bhv_msgs/include/modularized_bhv_msgs/modularized_bhv_msgs/srv
[9.097s] -- Up-to-date: /home/vtr_caixeta/edromufu/src/behaviour/install/modularized_bhv_msgs/include/modularized_bhv_msgs/modularized_bhv_msgs/srv/detail
[9.097s] -- Installing: /home/vtr_caixeta/edromufu/src/behaviour/install/modularized_bhv_msgs/include/modularized_bhv_msgs/modularized_bhv_msgs/srv/detail/move_request__type_support.cpp
[9.097s] -- Installing: /home/vtr_caixeta/edromufu/src/behaviour/install/modularized_bhv_msgs/include/modularized_bhv_msgs/modularized_bhv_msgs/srv/detail/move_request__rosidl_typesupport_introspection_cpp.hpp
[9.097s] -- Up-to-date: /home/vtr_caixeta/edromufu/src/behaviour/install/modularized_bhv_msgs/include/modularized_bhv_msgs/modularized_bhv_msgs/msg
[9.097s] -- Up-to-date: /home/vtr_caixeta/edromufu/src/behaviour/install/modularized_bhv_msgs/include/modularized_bhv_msgs/modularized_bhv_msgs/msg/detail
[9.097s] -- Installing: /home/vtr_caixeta/edromufu/src/behaviour/install/modularized_bhv_msgs/include/modularized_bhv_msgs/modularized_bhv_msgs/msg/detail/state_machine_msg__rosidl_typesupport_introspection_cpp.hpp
[9.097s] -- Installing: /home/vtr_caixeta/edromufu/src/behaviour/install/modularized_bhv_msgs/include/modularized_bhv_msgs/modularized_bhv_msgs/msg/detail/current_state_msg__rosidl_typesupport_introspection_cpp.hpp
[9.097s] -- Installing: /home/vtr_caixeta/edromufu/src/behaviour/install/modularized_bhv_msgs/include/modularized_bhv_msgs/modularized_bhv_msgs/msg/detail/current_state_msg__type_support.cpp
[9.098s] -- Installing: /home/vtr_caixeta/edromufu/src/behaviour/install/modularized_bhv_msgs/include/modularized_bhv_msgs/modularized_bhv_msgs/msg/detail/state_machine_msg__type_support.cpp
[9.098s] -- Installing: /home/vtr_caixeta/edromufu/src/behaviour/install/modularized_bhv_msgs/lib/libmodularized_bhv_msgs__rosidl_typesupport_introspection_cpp.so
[9.098s] -- Set runtime path of "/home/vtr_caixeta/edromufu/src/behaviour/install/modularized_bhv_msgs/lib/libmodularized_bhv_msgs__rosidl_typesupport_introspection_cpp.so" to ""
[9.098s] -- Installing: /home/vtr_caixeta/edromufu/src/behaviour/install/modularized_bhv_msgs/lib/libmodularized_bhv_msgs__rosidl_typesupport_cpp.so
[9.098s] -- Set runtime path of "/home/vtr_caixeta/edromufu/src/behaviour/install/modularized_bhv_msgs/lib/libmodularized_bhv_msgs__rosidl_typesupport_cpp.so" to ""
[9.098s] -- Installing: /home/vtr_caixeta/edromufu/src/behaviour/install/modularized_bhv_msgs/share/modularized_bhv_msgs/environment/pythonpath.sh
[9.099s] -- Installing: /home/vtr_caixeta/edromufu/src/behaviour/install/modularized_bhv_msgs/share/modularized_bhv_msgs/environment/pythonpath.dsv
[9.099s] -- Installing: /home/vtr_caixeta/edromufu/src/behaviour/install/modularized_bhv_msgs/lib/python3.10/site-packages/modularized_bhv_msgs-0.0.0-py3.10.egg-info
[9.099s] -- Installing: /home/vtr_caixeta/edromufu/src/behaviour/install/modularized_bhv_msgs/lib/python3.10/site-packages/modularized_bhv_msgs-0.0.0-py3.10.egg-info/top_level.txt
[9.099s] -- Installing: /home/vtr_caixeta/edromufu/src/behaviour/install/modularized_bhv_msgs/lib/python3.10/site-packages/modularized_bhv_msgs-0.0.0-py3.10.egg-info/PKG-INFO
[9.099s] -- Installing: /home/vtr_caixeta/edromufu/src/behaviour/install/modularized_bhv_msgs/lib/python3.10/site-packages/modularized_bhv_msgs-0.0.0-py3.10.egg-info/SOURCES.txt
[9.099s] -- Installing: /home/vtr_caixeta/edromufu/src/behaviour/install/modularized_bhv_msgs/lib/python3.10/site-packages/modularized_bhv_msgs-0.0.0-py3.10.egg-info/dependency_links.txt
[9.099s] -- Installing: /home/vtr_caixeta/edromufu/src/behaviour/install/modularized_bhv_msgs/lib/python3.10/site-packages/modularized_bhv_msgs
[9.100s] -- Installing: /home/vtr_caixeta/edromufu/src/behaviour/install/modularized_bhv_msgs/lib/python3.10/site-packages/modularized_bhv_msgs/__init__.py
[9.100s] -- Installing: /home/vtr_caixeta/edromufu/src/behaviour/install/modularized_bhv_msgs/lib/python3.10/site-packages/modularized_bhv_msgs/srv
[9.100s] -- Installing: /home/vtr_caixeta/edromufu/src/behaviour/install/modularized_bhv_msgs/lib/python3.10/site-packages/modularized_bhv_msgs/srv/__init__.py
[9.100s] -- Installing: /home/vtr_caixeta/edromufu/src/behaviour/install/modularized_bhv_msgs/lib/python3.10/site-packages/modularized_bhv_msgs/srv/_move_request_s.c
[9.100s] -- Installing: /home/vtr_caixeta/edromufu/src/behaviour/install/modularized_bhv_msgs/lib/python3.10/site-packages/modularized_bhv_msgs/srv/_move_request.py
[9.100s] -- Installing: /home/vtr_caixeta/edromufu/src/behaviour/install/modularized_bhv_msgs/lib/python3.10/site-packages/modularized_bhv_msgs/modularized_bhv_msgs_s__rosidl_typesupport_c.cpython-310-x86_64-linux-gnu.so
[9.100s] -- Installing: /home/vtr_caixeta/edromufu/src/behaviour/install/modularized_bhv_msgs/lib/python3.10/site-packages/modularized_bhv_msgs/_modularized_bhv_msgs_s.ep.rosidl_typesupport_c.c
[9.100s] -- Installing: /home/vtr_caixeta/edromufu/src/behaviour/install/modularized_bhv_msgs/lib/python3.10/site-packages/modularized_bhv_msgs/modularized_bhv_msgs_s__rosidl_typesupport_fastrtps_c.cpython-310-x86_64-linux-gnu.so
[9.101s] -- Installing: /home/vtr_caixeta/edromufu/src/behaviour/install/modularized_bhv_msgs/lib/python3.10/site-packages/modularized_bhv_msgs/_modularized_bhv_msgs_s.ep.rosidl_typesupport_fastrtps_c.c
[9.101s] -- Installing: /home/vtr_caixeta/edromufu/src/behaviour/install/modularized_bhv_msgs/lib/python3.10/site-packages/modularized_bhv_msgs/_modularized_bhv_msgs_s.ep.rosidl_typesupport_introspection_c.c
[9.101s] -- Installing: /home/vtr_caixeta/edromufu/src/behaviour/install/modularized_bhv_msgs/lib/python3.10/site-packages/modularized_bhv_msgs/modularized_bhv_msgs_s__rosidl_typesupport_introspection_c.cpython-310-x86_64-linux-gnu.so
[9.101s] -- Installing: /home/vtr_caixeta/edromufu/src/behaviour/install/modularized_bhv_msgs/lib/python3.10/site-packages/modularized_bhv_msgs/libmodularized_bhv_msgs__rosidl_generator_py.so
[9.101s] -- Installing: /home/vtr_caixeta/edromufu/src/behaviour/install/modularized_bhv_msgs/lib/python3.10/site-packages/modularized_bhv_msgs/msg
[9.101s] -- Installing: /home/vtr_caixeta/edromufu/src/behaviour/install/modularized_bhv_msgs/lib/python3.10/site-packages/modularized_bhv_msgs/msg/__init__.py
[9.101s] -- Installing: /home/vtr_caixeta/edromufu/src/behaviour/install/modularized_bhv_msgs/lib/python3.10/site-packages/modularized_bhv_msgs/msg/_state_machine_msg.py
[9.101s] -- Installing: /home/vtr_caixeta/edromufu/src/behaviour/install/modularized_bhv_msgs/lib/python3.10/site-packages/modularized_bhv_msgs/msg/_current_state_msg.py
[9.102s] -- Installing: /home/vtr_caixeta/edromufu/src/behaviour/install/modularized_bhv_msgs/lib/python3.10/site-packages/modularized_bhv_msgs/msg/_state_machine_msg_s.c
[9.102s] -- Installing: /home/vtr_caixeta/edromufu/src/behaviour/install/modularized_bhv_msgs/lib/python3.10/site-packages/modularized_bhv_msgs/msg/_current_state_msg_s.c
[9.141s] Listing '/home/vtr_caixeta/edromufu/src/behaviour/install/modularized_bhv_msgs/lib/python3.10/site-packages/modularized_bhv_msgs'...
[9.141s] Compiling '/home/vtr_caixeta/edromufu/src/behaviour/install/modularized_bhv_msgs/lib/python3.10/site-packages/modularized_bhv_msgs/__init__.py'...
[9.141s] Listing '/home/vtr_caixeta/edromufu/src/behaviour/install/modularized_bhv_msgs/lib/python3.10/site-packages/modularized_bhv_msgs/msg'...
[9.141s] Compiling '/home/vtr_caixeta/edromufu/src/behaviour/install/modularized_bhv_msgs/lib/python3.10/site-packages/modularized_bhv_msgs/msg/__init__.py'...
[9.141s] Compiling '/home/vtr_caixeta/edromufu/src/behaviour/install/modularized_bhv_msgs/lib/python3.10/site-packages/modularized_bhv_msgs/msg/_current_state_msg.py'...
[9.141s] Compiling '/home/vtr_caixeta/edromufu/src/behaviour/install/modularized_bhv_msgs/lib/python3.10/site-packages/modularized_bhv_msgs/msg/_state_machine_msg.py'...
[9.141s] Listing '/home/vtr_caixeta/edromufu/src/behaviour/install/modularized_bhv_msgs/lib/python3.10/site-packages/modularized_bhv_msgs/srv'...
[9.142s] Compiling '/home/vtr_caixeta/edromufu/src/behaviour/install/modularized_bhv_msgs/lib/python3.10/site-packages/modularized_bhv_msgs/srv/__init__.py'...
[9.142s] Compiling '/home/vtr_caixeta/edromufu/src/behaviour/install/modularized_bhv_msgs/lib/python3.10/site-packages/modularized_bhv_msgs/srv/_move_request.py'...
[9.146s] -- Installing: /home/vtr_caixeta/edromufu/src/behaviour/install/modularized_bhv_msgs/lib/python3.10/site-packages/modularized_bhv_msgs/modularized_bhv_msgs_s__rosidl_typesupport_fastrtps_c.cpython-310-x86_64-linux-gnu.so
[9.146s] -- Set runtime path of "/home/vtr_caixeta/edromufu/src/behaviour/install/modularized_bhv_msgs/lib/python3.10/site-packages/modularized_bhv_msgs/modularized_bhv_msgs_s__rosidl_typesupport_fastrtps_c.cpython-310-x86_64-linux-gnu.so" to ""
[9.147s] -- Installing: /home/vtr_caixeta/edromufu/src/behaviour/install/modularized_bhv_msgs/lib/python3.10/site-packages/modularized_bhv_msgs/modularized_bhv_msgs_s__rosidl_typesupport_introspection_c.cpython-310-x86_64-linux-gnu.so
[9.147s] -- Set runtime path of "/home/vtr_caixeta/edromufu/src/behaviour/install/modularized_bhv_msgs/lib/python3.10/site-packages/modularized_bhv_msgs/modularized_bhv_msgs_s__rosidl_typesupport_introspection_c.cpython-310-x86_64-linux-gnu.so" to ""
[9.147s] -- Installing: /home/vtr_caixeta/edromufu/src/behaviour/install/modularized_bhv_msgs/lib/python3.10/site-packages/modularized_bhv_msgs/modularized_bhv_msgs_s__rosidl_typesupport_c.cpython-310-x86_64-linux-gnu.so
[9.147s] -- Set runtime path of "/home/vtr_caixeta/edromufu/src/behaviour/install/modularized_bhv_msgs/lib/python3.10/site-packages/modularized_bhv_msgs/modularized_bhv_msgs_s__rosidl_typesupport_c.cpython-310-x86_64-linux-gnu.so" to ""
[9.148s] -- Installing: /home/vtr_caixeta/edromufu/src/behaviour/install/modularized_bhv_msgs/lib/libmodularized_bhv_msgs__rosidl_generator_py.so
[9.148s] -- Set runtime path of "/home/vtr_caixeta/edromufu/src/behaviour/install/modularized_bhv_msgs/lib/libmodularized_bhv_msgs__rosidl_generator_py.so" to ""
[9.148s] -- Installing: /home/vtr_caixeta/edromufu/src/behaviour/install/modularized_bhv_msgs/share/modularized_bhv_msgs/msg/StateMachineMsg.idl
[9.148s] -- Installing: /home/vtr_caixeta/edromufu/src/behaviour/install/modularized_bhv_msgs/share/modularized_bhv_msgs/msg/CurrentStateMsg.idl
[9.148s] -- Installing: /home/vtr_caixeta/edromufu/src/behaviour/install/modularized_bhv_msgs/share/modularized_bhv_msgs/srv/MoveRequest.idl
[9.149s] -- Installing: /home/vtr_caixeta/edromufu/src/behaviour/install/modularized_bhv_msgs/share/modularized_bhv_msgs/msg/StateMachineMsg.msg
[9.149s] -- Installing: /home/vtr_caixeta/edromufu/src/behaviour/install/modularized_bhv_msgs/share/modularized_bhv_msgs/msg/CurrentStateMsg.msg
[9.149s] -- Installing: /home/vtr_caixeta/edromufu/src/behaviour/install/modularized_bhv_msgs/share/modularized_bhv_msgs/srv/MoveRequest.srv
[9.149s] -- Installing: /home/vtr_caixeta/edromufu/src/behaviour/install/modularized_bhv_msgs/share/modularized_bhv_msgs/srv/MoveRequest_Request.msg
[9.149s] -- Installing: /home/vtr_caixeta/edromufu/src/behaviour/install/modularized_bhv_msgs/share/modularized_bhv_msgs/srv/MoveRequest_Response.msg
[9.149s] -- Installing: /home/vtr_caixeta/edromufu/src/behaviour/install/modularized_bhv_msgs/share/ament_index/resource_index/package_run_dependencies/modularized_bhv_msgs
[9.150s] -- Installing: /home/vtr_caixeta/edromufu/src/behaviour/install/modularized_bhv_msgs/share/ament_index/resource_index/parent_prefix_path/modularized_bhv_msgs
[9.150s] -- Installing: /home/vtr_caixeta/edromufu/src/behaviour/install/modularized_bhv_msgs/share/modularized_bhv_msgs/environment/ament_prefix_path.sh
[9.150s] -- Installing: /home/vtr_caixeta/edromufu/src/behaviour/install/modularized_bhv_msgs/share/modularized_bhv_msgs/environment/ament_prefix_path.dsv
[9.150s] -- Installing: /home/vtr_caixeta/edromufu/src/behaviour/install/modularized_bhv_msgs/share/modularized_bhv_msgs/environment/path.sh
[9.150s] -- Installing: /home/vtr_caixeta/edromufu/src/behaviour/install/modularized_bhv_msgs/share/modularized_bhv_msgs/environment/path.dsv
[9.150s] -- Installing: /home/vtr_caixeta/edromufu/src/behaviour/install/modularized_bhv_msgs/share/modularized_bhv_msgs/local_setup.bash
[9.151s] -- Installing: /home/vtr_caixeta/edromufu/src/behaviour/install/modularized_bhv_msgs/share/modularized_bhv_msgs/local_setup.sh
[9.151s] -- Installing: /home/vtr_caixeta/edromufu/src/behaviour/install/modularized_bhv_msgs/share/modularized_bhv_msgs/local_setup.zsh
[9.151s] -- Installing: /home/vtr_caixeta/edromufu/src/behaviour/install/modularized_bhv_msgs/share/modularized_bhv_msgs/local_setup.dsv
[9.151s] -- Installing: /home/vtr_caixeta/edromufu/src/behaviour/install/modularized_bhv_msgs/share/modularized_bhv_msgs/package.dsv
[9.152s] -- Installing: /home/vtr_caixeta/edromufu/src/behaviour/install/modularized_bhv_msgs/share/ament_index/resource_index/packages/modularized_bhv_msgs
[9.152s] -- Installing: /home/vtr_caixeta/edromufu/src/behaviour/install/modularized_bhv_msgs/share/modularized_bhv_msgs/cmake/export_modularized_bhv_msgs__rosidl_generator_cExport.cmake
[9.152s] -- Installing: /home/vtr_caixeta/edromufu/src/behaviour/install/modularized_bhv_msgs/share/modularized_bhv_msgs/cmake/export_modularized_bhv_msgs__rosidl_generator_cExport-noconfig.cmake
[9.152s] -- Installing: /home/vtr_caixeta/edromufu/src/behaviour/install/modularized_bhv_msgs/share/modularized_bhv_msgs/cmake/export_modularized_bhv_msgs__rosidl_typesupport_fastrtps_cExport.cmake
[9.152s] -- Installing: /home/vtr_caixeta/edromufu/src/behaviour/install/modularized_bhv_msgs/share/modularized_bhv_msgs/cmake/export_modularized_bhv_msgs__rosidl_typesupport_fastrtps_cExport-noconfig.cmake
[9.153s] -- Installing: /home/vtr_caixeta/edromufu/src/behaviour/install/modularized_bhv_msgs/share/modularized_bhv_msgs/cmake/modularized_bhv_msgs__rosidl_typesupport_introspection_cExport.cmake
[9.153s] -- Installing: /home/vtr_caixeta/edromufu/src/behaviour/install/modularized_bhv_msgs/share/modularized_bhv_msgs/cmake/modularized_bhv_msgs__rosidl_typesupport_introspection_cExport-noconfig.cmake
[9.153s] -- Installing: /home/vtr_caixeta/edromufu/src/behaviour/install/modularized_bhv_msgs/share/modularized_bhv_msgs/cmake/modularized_bhv_msgs__rosidl_typesupport_cExport.cmake
[9.153s] -- Installing: /home/vtr_caixeta/edromufu/src/behaviour/install/modularized_bhv_msgs/share/modularized_bhv_msgs/cmake/modularized_bhv_msgs__rosidl_typesupport_cExport-noconfig.cmake
[9.153s] -- Installing: /home/vtr_caixeta/edromufu/src/behaviour/install/modularized_bhv_msgs/share/modularized_bhv_msgs/cmake/export_modularized_bhv_msgs__rosidl_generator_cppExport.cmake
[9.154s] -- Installing: /home/vtr_caixeta/edromufu/src/behaviour/install/modularized_bhv_msgs/share/modularized_bhv_msgs/cmake/export_modularized_bhv_msgs__rosidl_typesupport_fastrtps_cppExport.cmake
[9.154s] -- Installing: /home/vtr_caixeta/edromufu/src/behaviour/install/modularized_bhv_msgs/share/modularized_bhv_msgs/cmake/export_modularized_bhv_msgs__rosidl_typesupport_fastrtps_cppExport-noconfig.cmake
[9.154s] -- Installing: /home/vtr_caixeta/edromufu/src/behaviour/install/modularized_bhv_msgs/share/modularized_bhv_msgs/cmake/modularized_bhv_msgs__rosidl_typesupport_introspection_cppExport.cmake
[9.154s] -- Installing: /home/vtr_caixeta/edromufu/src/behaviour/install/modularized_bhv_msgs/share/modularized_bhv_msgs/cmake/modularized_bhv_msgs__rosidl_typesupport_introspection_cppExport-noconfig.cmake
[9.154s] -- Installing: /home/vtr_caixeta/edromufu/src/behaviour/install/modularized_bhv_msgs/share/modularized_bhv_msgs/cmake/modularized_bhv_msgs__rosidl_typesupport_cppExport.cmake
[9.155s] -- Installing: /home/vtr_caixeta/edromufu/src/behaviour/install/modularized_bhv_msgs/share/modularized_bhv_msgs/cmake/modularized_bhv_msgs__rosidl_typesupport_cppExport-noconfig.cmake
[9.155s] -- Installing: /home/vtr_caixeta/edromufu/src/behaviour/install/modularized_bhv_msgs/share/modularized_bhv_msgs/cmake/export_modularized_bhv_msgs__rosidl_generator_pyExport.cmake
[9.155s] -- Installing: /home/vtr_caixeta/edromufu/src/behaviour/install/modularized_bhv_msgs/share/modularized_bhv_msgs/cmake/export_modularized_bhv_msgs__rosidl_generator_pyExport-noconfig.cmake
[9.155s] -- Installing: /home/vtr_caixeta/edromufu/src/behaviour/install/modularized_bhv_msgs/share/modularized_bhv_msgs/cmake/rosidl_cmake-extras.cmake
[9.155s] -- Installing: /home/vtr_caixeta/edromufu/src/behaviour/install/modularized_bhv_msgs/share/modularized_bhv_msgs/cmake/ament_cmake_export_dependencies-extras.cmake
[9.156s] -- Installing: /home/vtr_caixeta/edromufu/src/behaviour/install/modularized_bhv_msgs/share/modularized_bhv_msgs/cmake/ament_cmake_export_include_directories-extras.cmake
[9.156s] -- Installing: /home/vtr_caixeta/edromufu/src/behaviour/install/modularized_bhv_msgs/share/modularized_bhv_msgs/cmake/ament_cmake_export_libraries-extras.cmake
[9.156s] -- Installing: /home/vtr_caixeta/edromufu/src/behaviour/install/modularized_bhv_msgs/share/modularized_bhv_msgs/cmake/ament_cmake_export_targets-extras.cmake
[9.156s] -- Installing: /home/vtr_caixeta/edromufu/src/behaviour/install/modularized_bhv_msgs/share/modularized_bhv_msgs/cmake/rosidl_cmake_export_typesupport_targets-extras.cmake
[9.156s] -- Installing: /home/vtr_caixeta/edromufu/src/behaviour/install/modularized_bhv_msgs/share/modularized_bhv_msgs/cmake/rosidl_cmake_export_typesupport_libraries-extras.cmake
[9.156s] -- Installing: /home/vtr_caixeta/edromufu/src/behaviour/install/modularized_bhv_msgs/share/modularized_bhv_msgs/cmake/modularized_bhv_msgsConfig.cmake
[9.156s] -- Installing: /home/vtr_caixeta/edromufu/src/behaviour/install/modularized_bhv_msgs/share/modularized_bhv_msgs/cmake/modularized_bhv_msgsConfig-version.cmake
[9.157s] -- Installing: /home/vtr_caixeta/edromufu/src/behaviour/install/modularized_bhv_msgs/share/modularized_bhv_msgs/package.xml
[9.160s] Invoked command in '/home/vtr_caixeta/edromufu/src/behaviour/build/modularized_bhv_msgs' returned '0': CMAKE_PREFIX_PATH=/home/vtr_caixeta/edromufu/src/behaviour/install/bhv_independent_simulator:/opt/ros/iron /usr/bin/cmake --install /home/vtr_caixeta/edromufu/src/behaviour/build/modularized_bhv_msgs
