[1.566s] Invoking command in '/home/pedrohperes/edromufu/src/movement/Ros2_change/src/movement_pages': CMAKE_PREFIX_PATH=/home/pedrohperes/edromufu/src/movement/Ros2_change/install/movement_utils:/home/pedrohperes/edromufu/src/movement/Ros2_change/install/urdf_robox:/home/pedrohperes/edromufu/src/movement/Ros2_change/install/urdf_example:/home/pedrohperes/edromufu/src/movement/Ros2_change/install/micro_ros_agent:/home/pedrohperes/edromufu/src/movement/Ros2_change/install/micro_ros_msgs:/home/pedrohperes/edromufu/src/movement/Ros2_change/install/humanoid_visualization PYTHONPATH=/home/pedrohperes/edromufu/src/movement/Ros2_change/build/movement_pages/prefix_override:/home/pedrohperes/edromufu/src/movement/Ros2_change/install/movement_pages/lib/python3.10/site-packages:${PYTHONPATH} /usr/bin/python3 -W ignore:setup.py install is deprecated setup.py egg_info --egg-base ../../build/movement_pages build --build-base /home/pedrohperes/edromufu/src/movement/Ros2_change/build/movement_pages/build install --record /home/pedrohperes/edromufu/src/movement/Ros2_change/build/movement_pages/install.log --single-version-externally-managed install_data
[1.831s] running egg_info
[1.831s] writing ../../build/movement_pages/movement_pages.egg-info/PKG-INFO
[1.831s] writing dependency_links to ../../build/movement_pages/movement_pages.egg-info/dependency_links.txt
[1.831s] writing entry points to ../../build/movement_pages/movement_pages.egg-info/entry_points.txt
[1.832s] writing requirements to ../../build/movement_pages/movement_pages.egg-info/requires.txt
[1.832s] writing top-level names to ../../build/movement_pages/movement_pages.egg-info/top_level.txt
[1.833s] reading manifest file '../../build/movement_pages/movement_pages.egg-info/SOURCES.txt'
[1.834s] writing manifest file '../../build/movement_pages/movement_pages.egg-info/SOURCES.txt'
[1.834s] running build
[1.834s] running build_py
[1.835s] running install
[1.835s] running install_lib
[1.836s] running install_data
[1.836s] running install_egg_info
[1.838s] removing '/home/pedrohperes/edromufu/src/movement/Ros2_change/install/movement_pages/lib/python3.10/site-packages/movement_pages-0.0.0-py3.10.egg-info' (and everything under it)
[1.838s] Copying ../../build/movement_pages/movement_pages.egg-info to /home/pedrohperes/edromufu/src/movement/Ros2_change/install/movement_pages/lib/python3.10/site-packages/movement_pages-0.0.0-py3.10.egg-info
[1.839s] running install_scripts
[1.860s] writing list of installed files to '/home/pedrohperes/edromufu/src/movement/Ros2_change/build/movement_pages/install.log'
[1.885s] Invoked command in '/home/pedrohperes/edromufu/src/movement/Ros2_change/src/movement_pages' returned '0': CMAKE_PREFIX_PATH=/home/pedrohperes/edromufu/src/movement/Ros2_change/install/movement_utils:/home/pedrohperes/edromufu/src/movement/Ros2_change/install/urdf_robox:/home/pedrohperes/edromufu/src/movement/Ros2_change/install/urdf_example:/home/pedrohperes/edromufu/src/movement/Ros2_change/install/micro_ros_agent:/home/pedrohperes/edromufu/src/movement/Ros2_change/install/micro_ros_msgs:/home/pedrohperes/edromufu/src/movement/Ros2_change/install/humanoid_visualization PYTHONPATH=/home/pedrohperes/edromufu/src/movement/Ros2_change/build/movement_pages/prefix_override:/home/pedrohperes/edromufu/src/movement/Ros2_change/install/movement_pages/lib/python3.10/site-packages:${PYTHONPATH} /usr/bin/python3 -W ignore:setup.py install is deprecated setup.py egg_info --egg-base ../../build/movement_pages build --build-base /home/pedrohperes/edromufu/src/movement/Ros2_change/build/movement_pages/build install --record /home/pedrohperes/edromufu/src/movement/Ros2_change/build/movement_pages/install.log --single-version-externally-managed install_data
