[0.560s] Invoking command in '/home/paulo/edromufu/src/behaviour/build/imu_ros_arduino_cc': CMAKE_PREFIX_PATH=${CMAKE_PREFIX_PATH}:/home/paulo/edromufu/src/movement/Ros2_change/install/u2d2_comm:/home/paulo/edromufu/src/movement/Ros2_change/install/movement_core:/home/paulo/edromufu/src/movement/Ros2_change/install/movement_pages:/home/paulo/edromufu/src/movement/Ros2_change/install/movement_functions:/home/paulo/edromufu/src/movement/Ros2_change/install/micro_publisher:/home/paulo/edromufu/src/movement/Ros2_change/install/humanoid_definition:/home/paulo/edromufu/src/movement/Ros2_change/install/kinematic_functions:/home/paulo/micros/install/micro_publisher:/opt/ros/humble /usr/bin/cmake /home/paulo/edromufu/src/behaviour/imu_ros_arduino_cc -DCMAKE_INSTALL_PREFIX=/home/paulo/edromufu/src/behaviour/install/imu_ros_arduino_cc
[1.005s] -- The C compiler identification is GNU 11.4.0
[1.005s] -- The CXX compiler identification is GNU 11.4.0
[1.005s] -- Detecting C compiler ABI info
[1.006s] -- Detecting C compiler ABI info - done
[1.006s] -- Check for working C compiler: /usr/bin/cc - skipped
[1.006s] -- Detecting C compile features
[1.006s] -- Detecting C compile features - done
[1.006s] -- Detecting CXX compiler ABI info
[1.006s] -- Detecting CXX compiler ABI info - done
[1.006s] -- Check for working CXX compiler: /usr/bin/c++ - skipped
[1.006s] -- Detecting CXX compile features
[1.006s] -- Detecting CXX compile features - done
[1.006s] -- Found ament_cmake: 1.3.10 (/opt/ros/humble/share/ament_cmake/cmake)
[1.022s] -- Found Python3: /usr/bin/python3 (found version "3.10.12") found components: Interpreter 
[1.131s] -- Found ament_lint_auto: 0.12.11 (/opt/ros/humble/share/ament_lint_auto/cmake)
[1.219s] -- Added test 'lint_cmake' to check CMake code style
[1.220s] -- Added test 'xmllint' to check XML markup files
[1.221s] -- Configuring done
[1.223s] -- Generating done
[1.224s] -- Build files have been written to: /home/paulo/edromufu/src/behaviour/build/imu_ros_arduino_cc
[1.256s] Invoked command in '/home/paulo/edromufu/src/behaviour/build/imu_ros_arduino_cc' returned '0': CMAKE_PREFIX_PATH=${CMAKE_PREFIX_PATH}:/home/paulo/edromufu/src/movement/Ros2_change/install/u2d2_comm:/home/paulo/edromufu/src/movement/Ros2_change/install/movement_core:/home/paulo/edromufu/src/movement/Ros2_change/install/movement_pages:/home/paulo/edromufu/src/movement/Ros2_change/install/movement_functions:/home/paulo/edromufu/src/movement/Ros2_change/install/micro_publisher:/home/paulo/edromufu/src/movement/Ros2_change/install/humanoid_definition:/home/paulo/edromufu/src/movement/Ros2_change/install/kinematic_functions:/home/paulo/micros/install/micro_publisher:/opt/ros/humble /usr/bin/cmake /home/paulo/edromufu/src/behaviour/imu_ros_arduino_cc -DCMAKE_INSTALL_PREFIX=/home/paulo/edromufu/src/behaviour/install/imu_ros_arduino_cc
[1.258s] Invoking command in '/home/paulo/edromufu/src/behaviour/build/imu_ros_arduino_cc': CMAKE_PREFIX_PATH=${CMAKE_PREFIX_PATH}:/home/paulo/edromufu/src/movement/Ros2_change/install/u2d2_comm:/home/paulo/edromufu/src/movement/Ros2_change/install/movement_core:/home/paulo/edromufu/src/movement/Ros2_change/install/movement_pages:/home/paulo/edromufu/src/movement/Ros2_change/install/movement_functions:/home/paulo/edromufu/src/movement/Ros2_change/install/micro_publisher:/home/paulo/edromufu/src/movement/Ros2_change/install/humanoid_definition:/home/paulo/edromufu/src/movement/Ros2_change/install/kinematic_functions:/home/paulo/micros/install/micro_publisher:/opt/ros/humble /usr/bin/cmake --build /home/paulo/edromufu/src/behaviour/build/imu_ros_arduino_cc -- -j12 -l12
[1.311s] Invoked command in '/home/paulo/edromufu/src/behaviour/build/imu_ros_arduino_cc' returned '0': CMAKE_PREFIX_PATH=${CMAKE_PREFIX_PATH}:/home/paulo/edromufu/src/movement/Ros2_change/install/u2d2_comm:/home/paulo/edromufu/src/movement/Ros2_change/install/movement_core:/home/paulo/edromufu/src/movement/Ros2_change/install/movement_pages:/home/paulo/edromufu/src/movement/Ros2_change/install/movement_functions:/home/paulo/edromufu/src/movement/Ros2_change/install/micro_publisher:/home/paulo/edromufu/src/movement/Ros2_change/install/humanoid_definition:/home/paulo/edromufu/src/movement/Ros2_change/install/kinematic_functions:/home/paulo/micros/install/micro_publisher:/opt/ros/humble /usr/bin/cmake --build /home/paulo/edromufu/src/behaviour/build/imu_ros_arduino_cc -- -j12 -l12
[1.357s] Invoking command in '/home/paulo/edromufu/src/behaviour/build/imu_ros_arduino_cc': CMAKE_PREFIX_PATH=${CMAKE_PREFIX_PATH}:/home/paulo/edromufu/src/movement/Ros2_change/install/u2d2_comm:/home/paulo/edromufu/src/movement/Ros2_change/install/movement_core:/home/paulo/edromufu/src/movement/Ros2_change/install/movement_pages:/home/paulo/edromufu/src/movement/Ros2_change/install/movement_functions:/home/paulo/edromufu/src/movement/Ros2_change/install/micro_publisher:/home/paulo/edromufu/src/movement/Ros2_change/install/humanoid_definition:/home/paulo/edromufu/src/movement/Ros2_change/install/kinematic_functions:/home/paulo/micros/install/micro_publisher:/opt/ros/humble /usr/bin/cmake --install /home/paulo/edromufu/src/behaviour/build/imu_ros_arduino_cc
[1.370s] -- Install configuration: ""
[1.370s] -- Installing: /home/paulo/edromufu/src/behaviour/install/imu_ros_arduino_cc/share/ament_index/resource_index/package_run_dependencies/imu_ros_arduino_cc
[1.371s] -- Installing: /home/paulo/edromufu/src/behaviour/install/imu_ros_arduino_cc/share/ament_index/resource_index/parent_prefix_path/imu_ros_arduino_cc
[1.371s] -- Installing: /home/paulo/edromufu/src/behaviour/install/imu_ros_arduino_cc/share/imu_ros_arduino_cc/environment/ament_prefix_path.sh
[1.371s] -- Installing: /home/paulo/edromufu/src/behaviour/install/imu_ros_arduino_cc/share/imu_ros_arduino_cc/environment/ament_prefix_path.dsv
[1.372s] -- Installing: /home/paulo/edromufu/src/behaviour/install/imu_ros_arduino_cc/share/imu_ros_arduino_cc/environment/path.sh
[1.372s] -- Installing: /home/paulo/edromufu/src/behaviour/install/imu_ros_arduino_cc/share/imu_ros_arduino_cc/environment/path.dsv
[1.372s] -- Installing: /home/paulo/edromufu/src/behaviour/install/imu_ros_arduino_cc/share/imu_ros_arduino_cc/local_setup.bash
[1.372s] -- Installing: /home/paulo/edromufu/src/behaviour/install/imu_ros_arduino_cc/share/imu_ros_arduino_cc/local_setup.sh
[1.372s] -- Installing: /home/paulo/edromufu/src/behaviour/install/imu_ros_arduino_cc/share/imu_ros_arduino_cc/local_setup.zsh
[1.373s] -- Installing: /home/paulo/edromufu/src/behaviour/install/imu_ros_arduino_cc/share/imu_ros_arduino_cc/local_setup.dsv
[1.373s] -- Installing: /home/paulo/edromufu/src/behaviour/install/imu_ros_arduino_cc/share/imu_ros_arduino_cc/package.dsv
[1.373s] -- Installing: /home/paulo/edromufu/src/behaviour/install/imu_ros_arduino_cc/share/ament_index/resource_index/packages/imu_ros_arduino_cc
[1.373s] -- Installing: /home/paulo/edromufu/src/behaviour/install/imu_ros_arduino_cc/share/imu_ros_arduino_cc/cmake/imu_ros_arduino_ccConfig.cmake
[1.374s] -- Installing: /home/paulo/edromufu/src/behaviour/install/imu_ros_arduino_cc/share/imu_ros_arduino_cc/cmake/imu_ros_arduino_ccConfig-version.cmake
[1.374s] -- Installing: /home/paulo/edromufu/src/behaviour/install/imu_ros_arduino_cc/share/imu_ros_arduino_cc/package.xml
[1.377s] Invoked command in '/home/paulo/edromufu/src/behaviour/build/imu_ros_arduino_cc' returned '0': CMAKE_PREFIX_PATH=${CMAKE_PREFIX_PATH}:/home/paulo/edromufu/src/movement/Ros2_change/install/u2d2_comm:/home/paulo/edromufu/src/movement/Ros2_change/install/movement_core:/home/paulo/edromufu/src/movement/Ros2_change/install/movement_pages:/home/paulo/edromufu/src/movement/Ros2_change/install/movement_functions:/home/paulo/edromufu/src/movement/Ros2_change/install/micro_publisher:/home/paulo/edromufu/src/movement/Ros2_change/install/humanoid_definition:/home/paulo/edromufu/src/movement/Ros2_change/install/kinematic_functions:/home/paulo/micros/install/micro_publisher:/opt/ros/humble /usr/bin/cmake --install /home/paulo/edromufu/src/behaviour/build/imu_ros_arduino_cc
