[0.066s] DEBUG:colcon:Command line arguments: ['/usr/bin/colcon', 'build']
[0.066s] DEBUG:colcon:Parsed command line arguments: Namespace(log_base=None, log_level=None, verb_name='build', build_base='build', install_base='install', merge_install=False, symlink_install=False, test_result_base=None, continue_on_error=False, executor='parallel', parallel_workers=12, event_handlers=None, ignore_user_meta=False, metas=['./colcon.meta'], base_paths=['.'], packages_ignore=None, packages_ignore_regex=None, paths=None, packages_up_to=None, packages_up_to_regex=None, packages_above=None, packages_above_and_dependencies=None, packages_above_depth=None, packages_select_by_dep=None, packages_skip_by_dep=None, packages_skip_up_to=None, packages_select_build_failed=False, packages_skip_build_finished=False, packages_select_test_failures=False, packages_skip_test_passed=False, packages_select=None, packages_skip=None, packages_select_regex=None, packages_skip_regex=None, packages_start=None, packages_end=None, allow_overriding=[], cmake_args=None, cmake_target=None, cmake_target_skip_unavailable=False, cmake_clean_cache=False, cmake_clean_first=False, cmake_force_configure=False, ament_cmake_args=None, catkin_cmake_args=None, catkin_skip_building_tests=False, verb_parser=<colcon_defaults.argument_parser.defaults.DefaultArgumentsDecorator object at 0x7f0b2ef430d0>, verb_extension=<colcon_core.verb.build.BuildVerb object at 0x7f0b2ef42b00>, main=<bound method BuildVerb.main of <colcon_core.verb.build.BuildVerb object at 0x7f0b2ef42b00>>)
[0.176s] Level 1:colcon.colcon_core.package_discovery:discover_packages(colcon_meta) check parameters
[0.176s] Level 1:colcon.colcon_core.package_discovery:discover_packages(recursive) check parameters
[0.176s] Level 1:colcon.colcon_core.package_discovery:discover_packages(ignore) check parameters
[0.176s] Level 1:colcon.colcon_core.package_discovery:discover_packages(path) check parameters
[0.176s] Level 1:colcon.colcon_core.package_discovery:discover_packages(colcon_meta) discover
[0.176s] Level 1:colcon.colcon_core.package_discovery:discover_packages(recursive) discover
[0.176s] INFO:colcon.colcon_core.package_discovery:Crawling recursively for packages in '/home/paulo/edromufu/src/behaviour'
[0.176s] Level 1:colcon.colcon_core.package_identification:_identify(.) by extensions ['ignore', 'ignore_ament_install']
[0.176s] Level 1:colcon.colcon_core.package_identification:_identify(.) by extension 'ignore'
[0.177s] Level 1:colcon.colcon_core.package_identification:_identify(.) by extension 'ignore_ament_install'
[0.177s] Level 1:colcon.colcon_core.package_identification:_identify(.) by extensions ['colcon_pkg']
[0.177s] Level 1:colcon.colcon_core.package_identification:_identify(.) by extension 'colcon_pkg'
[0.177s] Level 1:colcon.colcon_core.package_identification:_identify(.) by extensions ['colcon_meta']
[0.177s] Level 1:colcon.colcon_core.package_identification:_identify(.) by extension 'colcon_meta'
[0.177s] Level 1:colcon.colcon_core.package_identification:_identify(.) by extensions ['ros']
[0.177s] Level 1:colcon.colcon_core.package_identification:_identify(.) by extension 'ros'
[0.197s] Level 1:colcon.colcon_core.package_identification:_identify(.) by extensions ['cmake', 'python']
[0.197s] Level 1:colcon.colcon_core.package_identification:_identify(.) by extension 'cmake'
[0.197s] Level 1:colcon.colcon_core.package_identification:_identify(.) by extension 'python'
[0.197s] Level 1:colcon.colcon_core.package_identification:_identify(.) by extensions ['python_setup_py']
[0.197s] Level 1:colcon.colcon_core.package_identification:_identify(.) by extension 'python_setup_py'
[0.197s] Level 1:colcon.colcon_core.package_identification:_identify(GameController) by extensions ['ignore', 'ignore_ament_install']
[0.197s] Level 1:colcon.colcon_core.package_identification:_identify(GameController) by extension 'ignore'
[0.197s] Level 1:colcon.colcon_core.package_identification:_identify(GameController) by extension 'ignore_ament_install'
[0.197s] Level 1:colcon.colcon_core.package_identification:_identify(GameController) by extensions ['colcon_pkg']
[0.197s] Level 1:colcon.colcon_core.package_identification:_identify(GameController) by extension 'colcon_pkg'
[0.197s] Level 1:colcon.colcon_core.package_identification:_identify(GameController) by extensions ['colcon_meta']
[0.197s] Level 1:colcon.colcon_core.package_identification:_identify(GameController) by extension 'colcon_meta'
[0.197s] Level 1:colcon.colcon_core.package_identification:_identify(GameController) by extensions ['ros']
[0.197s] Level 1:colcon.colcon_core.package_identification:_identify(GameController) by extension 'ros'
[0.199s] DEBUG:colcon.colcon_core.package_identification:Package 'GameController' with type 'ros.ament_python' and name 'GameController'
[0.199s] Level 1:colcon.colcon_core.package_identification:_identify(bhv_independent_simulator) by extensions ['ignore', 'ignore_ament_install']
[0.199s] Level 1:colcon.colcon_core.package_identification:_identify(bhv_independent_simulator) by extension 'ignore'
[0.199s] Level 1:colcon.colcon_core.package_identification:_identify(bhv_independent_simulator) by extension 'ignore_ament_install'
[0.199s] Level 1:colcon.colcon_core.package_identification:_identify(bhv_independent_simulator) by extensions ['colcon_pkg']
[0.199s] Level 1:colcon.colcon_core.package_identification:_identify(bhv_independent_simulator) by extension 'colcon_pkg'
[0.199s] Level 1:colcon.colcon_core.package_identification:_identify(bhv_independent_simulator) by extensions ['colcon_meta']
[0.199s] Level 1:colcon.colcon_core.package_identification:_identify(bhv_independent_simulator) by extension 'colcon_meta'
[0.199s] Level 1:colcon.colcon_core.package_identification:_identify(bhv_independent_simulator) by extensions ['ros']
[0.199s] Level 1:colcon.colcon_core.package_identification:_identify(bhv_independent_simulator) by extension 'ros'
[0.199s] DEBUG:colcon.colcon_core.package_identification:Package 'bhv_independent_simulator' with type 'ros.ament_python' and name 'bhv_independent_simulator'
[0.200s] Level 1:colcon.colcon_core.package_identification:_identify(build) by extensions ['ignore', 'ignore_ament_install']
[0.200s] Level 1:colcon.colcon_core.package_identification:_identify(build) by extension 'ignore'
[0.200s] Level 1:colcon.colcon_core.package_identification:_identify(build) ignored
[0.200s] Level 1:colcon.colcon_core.package_identification:_identify(imu_ros_arduino) by extensions ['ignore', 'ignore_ament_install']
[0.200s] Level 1:colcon.colcon_core.package_identification:_identify(imu_ros_arduino) by extension 'ignore'
[0.200s] Level 1:colcon.colcon_core.package_identification:_identify(imu_ros_arduino) by extension 'ignore_ament_install'
[0.200s] Level 1:colcon.colcon_core.package_identification:_identify(imu_ros_arduino) by extensions ['colcon_pkg']
[0.200s] Level 1:colcon.colcon_core.package_identification:_identify(imu_ros_arduino) by extension 'colcon_pkg'
[0.200s] Level 1:colcon.colcon_core.package_identification:_identify(imu_ros_arduino) by extensions ['colcon_meta']
[0.200s] Level 1:colcon.colcon_core.package_identification:_identify(imu_ros_arduino) by extension 'colcon_meta'
[0.200s] Level 1:colcon.colcon_core.package_identification:_identify(imu_ros_arduino) by extensions ['ros']
[0.200s] Level 1:colcon.colcon_core.package_identification:_identify(imu_ros_arduino) by extension 'ros'
[0.200s] DEBUG:colcon.colcon_core.package_identification:Package 'imu_ros_arduino' with type 'ros.ament_python' and name 'imu_ros_arduino'
[0.200s] Level 1:colcon.colcon_core.package_identification:_identify(imu_ros_arduino_cc) by extensions ['ignore', 'ignore_ament_install']
[0.200s] Level 1:colcon.colcon_core.package_identification:_identify(imu_ros_arduino_cc) by extension 'ignore'
[0.200s] Level 1:colcon.colcon_core.package_identification:_identify(imu_ros_arduino_cc) by extension 'ignore_ament_install'
[0.200s] Level 1:colcon.colcon_core.package_identification:_identify(imu_ros_arduino_cc) by extensions ['colcon_pkg']
[0.200s] Level 1:colcon.colcon_core.package_identification:_identify(imu_ros_arduino_cc) by extension 'colcon_pkg'
[0.200s] Level 1:colcon.colcon_core.package_identification:_identify(imu_ros_arduino_cc) by extensions ['colcon_meta']
[0.200s] Level 1:colcon.colcon_core.package_identification:_identify(imu_ros_arduino_cc) by extension 'colcon_meta'
[0.200s] Level 1:colcon.colcon_core.package_identification:_identify(imu_ros_arduino_cc) by extensions ['ros']
[0.200s] Level 1:colcon.colcon_core.package_identification:_identify(imu_ros_arduino_cc) by extension 'ros'
[0.201s] DEBUG:colcon.colcon_core.package_identification:Package 'imu_ros_arduino_cc' with type 'ros.ament_cmake' and name 'imu_ros_arduino_cc'
[0.201s] Level 1:colcon.colcon_core.package_identification:_identify(install) by extensions ['ignore', 'ignore_ament_install']
[0.201s] Level 1:colcon.colcon_core.package_identification:_identify(install) by extension 'ignore'
[0.201s] Level 1:colcon.colcon_core.package_identification:_identify(install) ignored
[0.201s] Level 1:colcon.colcon_core.package_identification:_identify(log) by extensions ['ignore', 'ignore_ament_install']
[0.201s] Level 1:colcon.colcon_core.package_identification:_identify(log) by extension 'ignore'
[0.201s] Level 1:colcon.colcon_core.package_identification:_identify(log) ignored
[0.201s] Level 1:colcon.colcon_core.package_identification:_identify(modularized_bhv_msgs) by extensions ['ignore', 'ignore_ament_install']
[0.201s] Level 1:colcon.colcon_core.package_identification:_identify(modularized_bhv_msgs) by extension 'ignore'
[0.201s] Level 1:colcon.colcon_core.package_identification:_identify(modularized_bhv_msgs) by extension 'ignore_ament_install'
[0.201s] Level 1:colcon.colcon_core.package_identification:_identify(modularized_bhv_msgs) by extensions ['colcon_pkg']
[0.201s] Level 1:colcon.colcon_core.package_identification:_identify(modularized_bhv_msgs) by extension 'colcon_pkg'
[0.201s] Level 1:colcon.colcon_core.package_identification:_identify(modularized_bhv_msgs) by extensions ['colcon_meta']
[0.201s] Level 1:colcon.colcon_core.package_identification:_identify(modularized_bhv_msgs) by extension 'colcon_meta'
[0.201s] Level 1:colcon.colcon_core.package_identification:_identify(modularized_bhv_msgs) by extensions ['ros']
[0.201s] Level 1:colcon.colcon_core.package_identification:_identify(modularized_bhv_msgs) by extension 'ros'
[0.201s] DEBUG:colcon.colcon_core.package_identification:Package 'modularized_bhv_msgs' with type 'ros.ament_cmake' and name 'modularized_bhv_msgs'
[0.202s] Level 1:colcon.colcon_core.package_identification:_identify(ros2_change) by extensions ['ignore', 'ignore_ament_install']
[0.202s] Level 1:colcon.colcon_core.package_identification:_identify(ros2_change) by extension 'ignore'
[0.202s] Level 1:colcon.colcon_core.package_identification:_identify(ros2_change) by extension 'ignore_ament_install'
[0.202s] Level 1:colcon.colcon_core.package_identification:_identify(ros2_change) by extensions ['colcon_pkg']
[0.202s] Level 1:colcon.colcon_core.package_identification:_identify(ros2_change) by extension 'colcon_pkg'
[0.202s] Level 1:colcon.colcon_core.package_identification:_identify(ros2_change) by extensions ['colcon_meta']
[0.202s] Level 1:colcon.colcon_core.package_identification:_identify(ros2_change) by extension 'colcon_meta'
[0.202s] Level 1:colcon.colcon_core.package_identification:_identify(ros2_change) by extensions ['ros']
[0.202s] Level 1:colcon.colcon_core.package_identification:_identify(ros2_change) by extension 'ros'
[0.202s] Level 1:colcon.colcon_core.package_identification:_identify(ros2_change) by extensions ['cmake', 'python']
[0.202s] Level 1:colcon.colcon_core.package_identification:_identify(ros2_change) by extension 'cmake'
[0.202s] Level 1:colcon.colcon_core.package_identification:_identify(ros2_change) by extension 'python'
[0.202s] Level 1:colcon.colcon_core.package_identification:_identify(ros2_change) by extensions ['python_setup_py']
[0.202s] Level 1:colcon.colcon_core.package_identification:_identify(ros2_change) by extension 'python_setup_py'
[0.202s] Level 1:colcon.colcon_core.package_identification:_identify(ros2_change/build) by extensions ['ignore', 'ignore_ament_install']
[0.202s] Level 1:colcon.colcon_core.package_identification:_identify(ros2_change/build) by extension 'ignore'
[0.202s] Level 1:colcon.colcon_core.package_identification:_identify(ros2_change/build) ignored
[0.202s] Level 1:colcon.colcon_core.package_identification:_identify(ros2_change/install) by extensions ['ignore', 'ignore_ament_install']
[0.202s] Level 1:colcon.colcon_core.package_identification:_identify(ros2_change/install) by extension 'ignore'
[0.202s] Level 1:colcon.colcon_core.package_identification:_identify(ros2_change/install) ignored
[0.202s] Level 1:colcon.colcon_core.package_identification:_identify(ros2_change/log) by extensions ['ignore', 'ignore_ament_install']
[0.202s] Level 1:colcon.colcon_core.package_identification:_identify(ros2_change/log) by extension 'ignore'
[0.202s] Level 1:colcon.colcon_core.package_identification:_identify(ros2_change/log) ignored
[0.202s] Level 1:colcon.colcon_core.package_identification:_identify(sensor_observer) by extensions ['ignore', 'ignore_ament_install']
[0.202s] Level 1:colcon.colcon_core.package_identification:_identify(sensor_observer) by extension 'ignore'
[0.202s] Level 1:colcon.colcon_core.package_identification:_identify(sensor_observer) by extension 'ignore_ament_install'
[0.202s] Level 1:colcon.colcon_core.package_identification:_identify(sensor_observer) by extensions ['colcon_pkg']
[0.202s] Level 1:colcon.colcon_core.package_identification:_identify(sensor_observer) by extension 'colcon_pkg'
[0.202s] Level 1:colcon.colcon_core.package_identification:_identify(sensor_observer) by extensions ['colcon_meta']
[0.202s] Level 1:colcon.colcon_core.package_identification:_identify(sensor_observer) by extension 'colcon_meta'
[0.202s] Level 1:colcon.colcon_core.package_identification:_identify(sensor_observer) by extensions ['ros']
[0.202s] Level 1:colcon.colcon_core.package_identification:_identify(sensor_observer) by extension 'ros'
[0.203s] DEBUG:colcon.colcon_core.package_identification:Package 'sensor_observer' with type 'ros.ament_python' and name 'sensor_observer'
[0.203s] Level 1:colcon.colcon_core.package_identification:_identify(states_routine) by extensions ['ignore', 'ignore_ament_install']
[0.203s] Level 1:colcon.colcon_core.package_identification:_identify(states_routine) by extension 'ignore'
[0.203s] Level 1:colcon.colcon_core.package_identification:_identify(states_routine) by extension 'ignore_ament_install'
[0.203s] Level 1:colcon.colcon_core.package_identification:_identify(states_routine) by extensions ['colcon_pkg']
[0.203s] Level 1:colcon.colcon_core.package_identification:_identify(states_routine) by extension 'colcon_pkg'
[0.203s] Level 1:colcon.colcon_core.package_identification:_identify(states_routine) by extensions ['colcon_meta']
[0.203s] Level 1:colcon.colcon_core.package_identification:_identify(states_routine) by extension 'colcon_meta'
[0.203s] Level 1:colcon.colcon_core.package_identification:_identify(states_routine) by extensions ['ros']
[0.203s] Level 1:colcon.colcon_core.package_identification:_identify(states_routine) by extension 'ros'
[0.203s] DEBUG:colcon.colcon_core.package_identification:Package 'states_routine' with type 'ros.ament_python' and name 'states_routine'
[0.203s] Level 1:colcon.colcon_core.package_identification:_identify(transitions_and_states) by extensions ['ignore', 'ignore_ament_install']
[0.203s] Level 1:colcon.colcon_core.package_identification:_identify(transitions_and_states) by extension 'ignore'
[0.203s] Level 1:colcon.colcon_core.package_identification:_identify(transitions_and_states) by extension 'ignore_ament_install'
[0.203s] Level 1:colcon.colcon_core.package_identification:_identify(transitions_and_states) by extensions ['colcon_pkg']
[0.204s] Level 1:colcon.colcon_core.package_identification:_identify(transitions_and_states) by extension 'colcon_pkg'
[0.204s] Level 1:colcon.colcon_core.package_identification:_identify(transitions_and_states) by extensions ['colcon_meta']
[0.204s] Level 1:colcon.colcon_core.package_identification:_identify(transitions_and_states) by extension 'colcon_meta'
[0.204s] Level 1:colcon.colcon_core.package_identification:_identify(transitions_and_states) by extensions ['ros']
[0.204s] Level 1:colcon.colcon_core.package_identification:_identify(transitions_and_states) by extension 'ros'
[0.204s] DEBUG:colcon.colcon_core.package_identification:Package 'transitions_and_states' with type 'ros.ament_python' and name 'transitions_and_states'
[0.204s] Level 1:colcon.colcon_core.package_discovery:discover_packages(recursive) using defaults
[0.204s] Level 1:colcon.colcon_core.package_discovery:discover_packages(ignore) discover
[0.204s] Level 1:colcon.colcon_core.package_discovery:discover_packages(ignore) using defaults
[0.204s] Level 1:colcon.colcon_core.package_discovery:discover_packages(path) discover
[0.204s] Level 1:colcon.colcon_core.package_discovery:discover_packages(path) using defaults
[0.218s] Level 1:colcon.colcon_core.package_discovery:discover_packages(prefix_path) check parameters
[0.218s] Level 1:colcon.colcon_core.package_discovery:discover_packages(prefix_path) discover
[0.219s] DEBUG:colcon.colcon_installed_package_information.package_discovery:Found 6 installed packages in /home/paulo/micros/install
[0.219s] DEBUG:colcon.colcon_installed_package_information.package_discovery:Found 15 installed packages in /home/paulo/edromufu/src/movement/Ros2_change/install
[0.220s] DEBUG:colcon.colcon_installed_package_information.package_discovery:Found 295 installed packages in /opt/ros/humble
[0.221s] Level 1:colcon.colcon_core.package_discovery:discover_packages(prefix_path) using defaults
[0.243s] Level 5:colcon.colcon_core.verb:set package 'GameController' build argument 'cmake_args' from command line to 'None'
[0.243s] Level 5:colcon.colcon_core.verb:set package 'GameController' build argument 'cmake_target' from command line to 'None'
[0.243s] Level 5:colcon.colcon_core.verb:set package 'GameController' build argument 'cmake_target_skip_unavailable' from command line to 'False'
[0.244s] Level 5:colcon.colcon_core.verb:set package 'GameController' build argument 'cmake_clean_cache' from command line to 'False'
[0.244s] Level 5:colcon.colcon_core.verb:set package 'GameController' build argument 'cmake_clean_first' from command line to 'False'
[0.244s] Level 5:colcon.colcon_core.verb:set package 'GameController' build argument 'cmake_force_configure' from command line to 'False'
[0.244s] Level 5:colcon.colcon_core.verb:set package 'GameController' build argument 'ament_cmake_args' from command line to 'None'
[0.244s] Level 5:colcon.colcon_core.verb:set package 'GameController' build argument 'catkin_cmake_args' from command line to 'None'
[0.244s] Level 5:colcon.colcon_core.verb:set package 'GameController' build argument 'catkin_skip_building_tests' from command line to 'False'
[0.244s] DEBUG:colcon.colcon_core.verb:Building package 'GameController' with the following arguments: {'ament_cmake_args': None, 'build_base': '/home/paulo/edromufu/src/behaviour/build/GameController', 'catkin_cmake_args': None, 'catkin_skip_building_tests': False, 'cmake_args': None, 'cmake_clean_cache': False, 'cmake_clean_first': False, 'cmake_force_configure': False, 'cmake_target': None, 'cmake_target_skip_unavailable': False, 'install_base': '/home/paulo/edromufu/src/behaviour/install/GameController', 'merge_install': False, 'path': '/home/paulo/edromufu/src/behaviour/GameController', 'symlink_install': False, 'test_result_base': None}
[0.244s] Level 5:colcon.colcon_core.verb:set package 'bhv_independent_simulator' build argument 'cmake_args' from command line to 'None'
[0.244s] Level 5:colcon.colcon_core.verb:set package 'bhv_independent_simulator' build argument 'cmake_target' from command line to 'None'
[0.244s] Level 5:colcon.colcon_core.verb:set package 'bhv_independent_simulator' build argument 'cmake_target_skip_unavailable' from command line to 'False'
[0.244s] Level 5:colcon.colcon_core.verb:set package 'bhv_independent_simulator' build argument 'cmake_clean_cache' from command line to 'False'
[0.244s] Level 5:colcon.colcon_core.verb:set package 'bhv_independent_simulator' build argument 'cmake_clean_first' from command line to 'False'
[0.244s] Level 5:colcon.colcon_core.verb:set package 'bhv_independent_simulator' build argument 'cmake_force_configure' from command line to 'False'
[0.244s] Level 5:colcon.colcon_core.verb:set package 'bhv_independent_simulator' build argument 'ament_cmake_args' from command line to 'None'
[0.244s] Level 5:colcon.colcon_core.verb:set package 'bhv_independent_simulator' build argument 'catkin_cmake_args' from command line to 'None'
[0.244s] Level 5:colcon.colcon_core.verb:set package 'bhv_independent_simulator' build argument 'catkin_skip_building_tests' from command line to 'False'
[0.244s] DEBUG:colcon.colcon_core.verb:Building package 'bhv_independent_simulator' with the following arguments: {'ament_cmake_args': None, 'build_base': '/home/paulo/edromufu/src/behaviour/build/bhv_independent_simulator', 'catkin_cmake_args': None, 'catkin_skip_building_tests': False, 'cmake_args': None, 'cmake_clean_cache': False, 'cmake_clean_first': False, 'cmake_force_configure': False, 'cmake_target': None, 'cmake_target_skip_unavailable': False, 'install_base': '/home/paulo/edromufu/src/behaviour/install/bhv_independent_simulator', 'merge_install': False, 'path': '/home/paulo/edromufu/src/behaviour/bhv_independent_simulator', 'symlink_install': False, 'test_result_base': None}
[0.244s] Level 5:colcon.colcon_core.verb:set package 'imu_ros_arduino' build argument 'cmake_args' from command line to 'None'
[0.244s] Level 5:colcon.colcon_core.verb:set package 'imu_ros_arduino' build argument 'cmake_target' from command line to 'None'
[0.244s] Level 5:colcon.colcon_core.verb:set package 'imu_ros_arduino' build argument 'cmake_target_skip_unavailable' from command line to 'False'
[0.244s] Level 5:colcon.colcon_core.verb:set package 'imu_ros_arduino' build argument 'cmake_clean_cache' from command line to 'False'
[0.244s] Level 5:colcon.colcon_core.verb:set package 'imu_ros_arduino' build argument 'cmake_clean_first' from command line to 'False'
[0.244s] Level 5:colcon.colcon_core.verb:set package 'imu_ros_arduino' build argument 'cmake_force_configure' from command line to 'False'
[0.244s] Level 5:colcon.colcon_core.verb:set package 'imu_ros_arduino' build argument 'ament_cmake_args' from command line to 'None'
[0.244s] Level 5:colcon.colcon_core.verb:set package 'imu_ros_arduino' build argument 'catkin_cmake_args' from command line to 'None'
[0.244s] Level 5:colcon.colcon_core.verb:set package 'imu_ros_arduino' build argument 'catkin_skip_building_tests' from command line to 'False'
[0.244s] DEBUG:colcon.colcon_core.verb:Building package 'imu_ros_arduino' with the following arguments: {'ament_cmake_args': None, 'build_base': '/home/paulo/edromufu/src/behaviour/build/imu_ros_arduino', 'catkin_cmake_args': None, 'catkin_skip_building_tests': False, 'cmake_args': None, 'cmake_clean_cache': False, 'cmake_clean_first': False, 'cmake_force_configure': False, 'cmake_target': None, 'cmake_target_skip_unavailable': False, 'install_base': '/home/paulo/edromufu/src/behaviour/install/imu_ros_arduino', 'merge_install': False, 'path': '/home/paulo/edromufu/src/behaviour/imu_ros_arduino', 'symlink_install': False, 'test_result_base': None}
[0.245s] Level 5:colcon.colcon_core.verb:set package 'imu_ros_arduino_cc' build argument 'cmake_args' from command line to 'None'
[0.245s] Level 5:colcon.colcon_core.verb:set package 'imu_ros_arduino_cc' build argument 'cmake_target' from command line to 'None'
[0.245s] Level 5:colcon.colcon_core.verb:set package 'imu_ros_arduino_cc' build argument 'cmake_target_skip_unavailable' from command line to 'False'
[0.245s] Level 5:colcon.colcon_core.verb:set package 'imu_ros_arduino_cc' build argument 'cmake_clean_cache' from command line to 'False'
[0.245s] Level 5:colcon.colcon_core.verb:set package 'imu_ros_arduino_cc' build argument 'cmake_clean_first' from command line to 'False'
[0.245s] Level 5:colcon.colcon_core.verb:set package 'imu_ros_arduino_cc' build argument 'cmake_force_configure' from command line to 'False'
[0.245s] Level 5:colcon.colcon_core.verb:set package 'imu_ros_arduino_cc' build argument 'ament_cmake_args' from command line to 'None'
[0.245s] Level 5:colcon.colcon_core.verb:set package 'imu_ros_arduino_cc' build argument 'catkin_cmake_args' from command line to 'None'
[0.245s] Level 5:colcon.colcon_core.verb:set package 'imu_ros_arduino_cc' build argument 'catkin_skip_building_tests' from command line to 'False'
[0.245s] DEBUG:colcon.colcon_core.verb:Building package 'imu_ros_arduino_cc' with the following arguments: {'ament_cmake_args': None, 'build_base': '/home/paulo/edromufu/src/behaviour/build/imu_ros_arduino_cc', 'catkin_cmake_args': None, 'catkin_skip_building_tests': False, 'cmake_args': None, 'cmake_clean_cache': False, 'cmake_clean_first': False, 'cmake_force_configure': False, 'cmake_target': None, 'cmake_target_skip_unavailable': False, 'install_base': '/home/paulo/edromufu/src/behaviour/install/imu_ros_arduino_cc', 'merge_install': False, 'path': '/home/paulo/edromufu/src/behaviour/imu_ros_arduino_cc', 'symlink_install': False, 'test_result_base': None}
[0.245s] Level 5:colcon.colcon_core.verb:set package 'modularized_bhv_msgs' build argument 'cmake_args' from command line to 'None'
[0.245s] Level 5:colcon.colcon_core.verb:set package 'modularized_bhv_msgs' build argument 'cmake_target' from command line to 'None'
[0.245s] Level 5:colcon.colcon_core.verb:set package 'modularized_bhv_msgs' build argument 'cmake_target_skip_unavailable' from command line to 'False'
[0.245s] Level 5:colcon.colcon_core.verb:set package 'modularized_bhv_msgs' build argument 'cmake_clean_cache' from command line to 'False'
[0.245s] Level 5:colcon.colcon_core.verb:set package 'modularized_bhv_msgs' build argument 'cmake_clean_first' from command line to 'False'
[0.245s] Level 5:colcon.colcon_core.verb:set package 'modularized_bhv_msgs' build argument 'cmake_force_configure' from command line to 'False'
[0.245s] Level 5:colcon.colcon_core.verb:set package 'modularized_bhv_msgs' build argument 'ament_cmake_args' from command line to 'None'
[0.245s] Level 5:colcon.colcon_core.verb:set package 'modularized_bhv_msgs' build argument 'catkin_cmake_args' from command line to 'None'
[0.245s] Level 5:colcon.colcon_core.verb:set package 'modularized_bhv_msgs' build argument 'catkin_skip_building_tests' from command line to 'False'
[0.245s] DEBUG:colcon.colcon_core.verb:Building package 'modularized_bhv_msgs' with the following arguments: {'ament_cmake_args': None, 'build_base': '/home/paulo/edromufu/src/behaviour/build/modularized_bhv_msgs', 'catkin_cmake_args': None, 'catkin_skip_building_tests': False, 'cmake_args': None, 'cmake_clean_cache': False, 'cmake_clean_first': False, 'cmake_force_configure': False, 'cmake_target': None, 'cmake_target_skip_unavailable': False, 'install_base': '/home/paulo/edromufu/src/behaviour/install/modularized_bhv_msgs', 'merge_install': False, 'path': '/home/paulo/edromufu/src/behaviour/modularized_bhv_msgs', 'symlink_install': False, 'test_result_base': None}
[0.245s] Level 5:colcon.colcon_core.verb:set package 'sensor_observer' build argument 'cmake_args' from command line to 'None'
[0.245s] Level 5:colcon.colcon_core.verb:set package 'sensor_observer' build argument 'cmake_target' from command line to 'None'
[0.245s] Level 5:colcon.colcon_core.verb:set package 'sensor_observer' build argument 'cmake_target_skip_unavailable' from command line to 'False'
[0.245s] Level 5:colcon.colcon_core.verb:set package 'sensor_observer' build argument 'cmake_clean_cache' from command line to 'False'
[0.245s] Level 5:colcon.colcon_core.verb:set package 'sensor_observer' build argument 'cmake_clean_first' from command line to 'False'
[0.246s] Level 5:colcon.colcon_core.verb:set package 'sensor_observer' build argument 'cmake_force_configure' from command line to 'False'
[0.246s] Level 5:colcon.colcon_core.verb:set package 'sensor_observer' build argument 'ament_cmake_args' from command line to 'None'
[0.246s] Level 5:colcon.colcon_core.verb:set package 'sensor_observer' build argument 'catkin_cmake_args' from command line to 'None'
[0.246s] Level 5:colcon.colcon_core.verb:set package 'sensor_observer' build argument 'catkin_skip_building_tests' from command line to 'False'
[0.246s] DEBUG:colcon.colcon_core.verb:Building package 'sensor_observer' with the following arguments: {'ament_cmake_args': None, 'build_base': '/home/paulo/edromufu/src/behaviour/build/sensor_observer', 'catkin_cmake_args': None, 'catkin_skip_building_tests': False, 'cmake_args': None, 'cmake_clean_cache': False, 'cmake_clean_first': False, 'cmake_force_configure': False, 'cmake_target': None, 'cmake_target_skip_unavailable': False, 'install_base': '/home/paulo/edromufu/src/behaviour/install/sensor_observer', 'merge_install': False, 'path': '/home/paulo/edromufu/src/behaviour/sensor_observer', 'symlink_install': False, 'test_result_base': None}
[0.246s] Level 5:colcon.colcon_core.verb:set package 'states_routine' build argument 'cmake_args' from command line to 'None'
[0.246s] Level 5:colcon.colcon_core.verb:set package 'states_routine' build argument 'cmake_target' from command line to 'None'
[0.246s] Level 5:colcon.colcon_core.verb:set package 'states_routine' build argument 'cmake_target_skip_unavailable' from command line to 'False'
[0.246s] Level 5:colcon.colcon_core.verb:set package 'states_routine' build argument 'cmake_clean_cache' from command line to 'False'
[0.246s] Level 5:colcon.colcon_core.verb:set package 'states_routine' build argument 'cmake_clean_first' from command line to 'False'
[0.246s] Level 5:colcon.colcon_core.verb:set package 'states_routine' build argument 'cmake_force_configure' from command line to 'False'
[0.246s] Level 5:colcon.colcon_core.verb:set package 'states_routine' build argument 'ament_cmake_args' from command line to 'None'
[0.246s] Level 5:colcon.colcon_core.verb:set package 'states_routine' build argument 'catkin_cmake_args' from command line to 'None'
[0.246s] Level 5:colcon.colcon_core.verb:set package 'states_routine' build argument 'catkin_skip_building_tests' from command line to 'False'
[0.246s] DEBUG:colcon.colcon_core.verb:Building package 'states_routine' with the following arguments: {'ament_cmake_args': None, 'build_base': '/home/paulo/edromufu/src/behaviour/build/states_routine', 'catkin_cmake_args': None, 'catkin_skip_building_tests': False, 'cmake_args': None, 'cmake_clean_cache': False, 'cmake_clean_first': False, 'cmake_force_configure': False, 'cmake_target': None, 'cmake_target_skip_unavailable': False, 'install_base': '/home/paulo/edromufu/src/behaviour/install/states_routine', 'merge_install': False, 'path': '/home/paulo/edromufu/src/behaviour/states_routine', 'symlink_install': False, 'test_result_base': None}
[0.246s] Level 5:colcon.colcon_core.verb:set package 'transitions_and_states' build argument 'cmake_args' from command line to 'None'
[0.246s] Level 5:colcon.colcon_core.verb:set package 'transitions_and_states' build argument 'cmake_target' from command line to 'None'
[0.246s] Level 5:colcon.colcon_core.verb:set package 'transitions_and_states' build argument 'cmake_target_skip_unavailable' from command line to 'False'
[0.246s] Level 5:colcon.colcon_core.verb:set package 'transitions_and_states' build argument 'cmake_clean_cache' from command line to 'False'
[0.246s] Level 5:colcon.colcon_core.verb:set package 'transitions_and_states' build argument 'cmake_clean_first' from command line to 'False'
[0.246s] Level 5:colcon.colcon_core.verb:set package 'transitions_and_states' build argument 'cmake_force_configure' from command line to 'False'
[0.246s] Level 5:colcon.colcon_core.verb:set package 'transitions_and_states' build argument 'ament_cmake_args' from command line to 'None'
[0.246s] Level 5:colcon.colcon_core.verb:set package 'transitions_and_states' build argument 'catkin_cmake_args' from command line to 'None'
[0.246s] Level 5:colcon.colcon_core.verb:set package 'transitions_and_states' build argument 'catkin_skip_building_tests' from command line to 'False'
[0.246s] DEBUG:colcon.colcon_core.verb:Building package 'transitions_and_states' with the following arguments: {'ament_cmake_args': None, 'build_base': '/home/paulo/edromufu/src/behaviour/build/transitions_and_states', 'catkin_cmake_args': None, 'catkin_skip_building_tests': False, 'cmake_args': None, 'cmake_clean_cache': False, 'cmake_clean_first': False, 'cmake_force_configure': False, 'cmake_target': None, 'cmake_target_skip_unavailable': False, 'install_base': '/home/paulo/edromufu/src/behaviour/install/transitions_and_states', 'merge_install': False, 'path': '/home/paulo/edromufu/src/behaviour/transitions_and_states', 'symlink_install': False, 'test_result_base': None}
[0.246s] INFO:colcon.colcon_core.executor:Executing jobs using 'parallel' executor
[0.248s] DEBUG:colcon.colcon_parallel_executor.executor.parallel:run_until_complete
[0.248s] INFO:colcon.colcon_ros.task.ament_python.build:Building ROS package in '/home/paulo/edromufu/src/behaviour/GameController' with build type 'ament_python'
[0.248s] Level 1:colcon.colcon_core.shell:create_environment_hook('GameController', 'ament_prefix_path')
[0.250s] INFO:colcon.colcon_core.plugin_system:Skipping extension 'colcon_core.shell.bat': Not used on non-Windows systems
[0.250s] INFO:colcon.colcon_core.shell:Creating environment hook '/home/paulo/edromufu/src/behaviour/install/GameController/share/GameController/hook/ament_prefix_path.ps1'
[0.251s] INFO:colcon.colcon_core.shell:Creating environment descriptor '/home/paulo/edromufu/src/behaviour/install/GameController/share/GameController/hook/ament_prefix_path.dsv'
[0.251s] INFO:colcon.colcon_core.shell:Creating environment hook '/home/paulo/edromufu/src/behaviour/install/GameController/share/GameController/hook/ament_prefix_path.sh'
[0.251s] INFO:colcon.colcon_core.shell:Skip shell extension 'powershell' for command environment: Not usable outside of PowerShell
[0.251s] DEBUG:colcon.colcon_core.shell:Skip shell extension 'dsv' for command environment
[0.255s] INFO:colcon.colcon_ros.task.ament_python.build:Building ROS package in '/home/paulo/edromufu/src/behaviour/bhv_independent_simulator' with build type 'ament_python'
[0.256s] Level 1:colcon.colcon_core.shell:create_environment_hook('bhv_independent_simulator', 'ament_prefix_path')
[0.256s] INFO:colcon.colcon_core.shell:Creating environment hook '/home/paulo/edromufu/src/behaviour/install/bhv_independent_simulator/share/bhv_independent_simulator/hook/ament_prefix_path.ps1'
[0.257s] INFO:colcon.colcon_core.shell:Creating environment descriptor '/home/paulo/edromufu/src/behaviour/install/bhv_independent_simulator/share/bhv_independent_simulator/hook/ament_prefix_path.dsv'
[0.257s] INFO:colcon.colcon_core.shell:Creating environment hook '/home/paulo/edromufu/src/behaviour/install/bhv_independent_simulator/share/bhv_independent_simulator/hook/ament_prefix_path.sh'
[0.258s] INFO:colcon.colcon_core.shell:Skip shell extension 'powershell' for command environment: Not usable outside of PowerShell
[0.258s] DEBUG:colcon.colcon_core.shell:Skip shell extension 'dsv' for command environment
[0.261s] INFO:colcon.colcon_ros.task.ament_python.build:Building ROS package in '/home/paulo/edromufu/src/behaviour/imu_ros_arduino' with build type 'ament_python'
[0.261s] Level 1:colcon.colcon_core.shell:create_environment_hook('imu_ros_arduino', 'ament_prefix_path')
[0.261s] INFO:colcon.colcon_core.shell:Creating environment hook '/home/paulo/edromufu/src/behaviour/install/imu_ros_arduino/share/imu_ros_arduino/hook/ament_prefix_path.ps1'
[0.262s] INFO:colcon.colcon_core.shell:Creating environment descriptor '/home/paulo/edromufu/src/behaviour/install/imu_ros_arduino/share/imu_ros_arduino/hook/ament_prefix_path.dsv'
[0.262s] INFO:colcon.colcon_core.shell:Creating environment hook '/home/paulo/edromufu/src/behaviour/install/imu_ros_arduino/share/imu_ros_arduino/hook/ament_prefix_path.sh'
[0.262s] INFO:colcon.colcon_core.shell:Skip shell extension 'powershell' for command environment: Not usable outside of PowerShell
[0.262s] DEBUG:colcon.colcon_core.shell:Skip shell extension 'dsv' for command environment
[0.265s] INFO:colcon.colcon_ros.task.ament_cmake.build:Building ROS package in '/home/paulo/edromufu/src/behaviour/imu_ros_arduino_cc' with build type 'ament_cmake'
[0.265s] INFO:colcon.colcon_cmake.task.cmake.build:Building CMake package in '/home/paulo/edromufu/src/behaviour/imu_ros_arduino_cc'
[0.265s] INFO:colcon.colcon_core.shell:Skip shell extension 'powershell' for command environment: Not usable outside of PowerShell
[0.265s] DEBUG:colcon.colcon_core.shell:Skip shell extension 'dsv' for command environment
[0.269s] INFO:colcon.colcon_ros.task.ament_cmake.build:Building ROS package in '/home/paulo/edromufu/src/behaviour/modularized_bhv_msgs' with build type 'ament_cmake'
[0.269s] INFO:colcon.colcon_cmake.task.cmake.build:Building CMake package in '/home/paulo/edromufu/src/behaviour/modularized_bhv_msgs'
[0.269s] INFO:colcon.colcon_core.shell:Skip shell extension 'powershell' for command environment: Not usable outside of PowerShell
[0.269s] DEBUG:colcon.colcon_core.shell:Skip shell extension 'dsv' for command environment
[0.272s] INFO:colcon.colcon_ros.task.ament_python.build:Building ROS package in '/home/paulo/edromufu/src/behaviour/sensor_observer' with build type 'ament_python'
[0.272s] Level 1:colcon.colcon_core.shell:create_environment_hook('sensor_observer', 'ament_prefix_path')
[0.272s] INFO:colcon.colcon_core.shell:Creating environment hook '/home/paulo/edromufu/src/behaviour/install/sensor_observer/share/sensor_observer/hook/ament_prefix_path.ps1'
[0.272s] INFO:colcon.colcon_core.shell:Creating environment descriptor '/home/paulo/edromufu/src/behaviour/install/sensor_observer/share/sensor_observer/hook/ament_prefix_path.dsv'
[0.273s] INFO:colcon.colcon_core.shell:Creating environment hook '/home/paulo/edromufu/src/behaviour/install/sensor_observer/share/sensor_observer/hook/ament_prefix_path.sh'
[0.273s] INFO:colcon.colcon_core.shell:Skip shell extension 'powershell' for command environment: Not usable outside of PowerShell
[0.273s] DEBUG:colcon.colcon_core.shell:Skip shell extension 'dsv' for command environment
[0.276s] INFO:colcon.colcon_ros.task.ament_python.build:Building ROS package in '/home/paulo/edromufu/src/behaviour/states_routine' with build type 'ament_python'
[0.276s] Level 1:colcon.colcon_core.shell:create_environment_hook('states_routine', 'ament_prefix_path')
[0.276s] INFO:colcon.colcon_core.shell:Creating environment hook '/home/paulo/edromufu/src/behaviour/install/states_routine/share/states_routine/hook/ament_prefix_path.ps1'
[0.276s] INFO:colcon.colcon_core.shell:Creating environment descriptor '/home/paulo/edromufu/src/behaviour/install/states_routine/share/states_routine/hook/ament_prefix_path.dsv'
[0.276s] INFO:colcon.colcon_core.shell:Creating environment hook '/home/paulo/edromufu/src/behaviour/install/states_routine/share/states_routine/hook/ament_prefix_path.sh'
[0.277s] INFO:colcon.colcon_core.shell:Skip shell extension 'powershell' for command environment: Not usable outside of PowerShell
[0.277s] DEBUG:colcon.colcon_core.shell:Skip shell extension 'dsv' for command environment
[0.279s] INFO:colcon.colcon_ros.task.ament_python.build:Building ROS package in '/home/paulo/edromufu/src/behaviour/transitions_and_states' with build type 'ament_python'
[0.280s] Level 1:colcon.colcon_core.shell:create_environment_hook('transitions_and_states', 'ament_prefix_path')
[0.280s] INFO:colcon.colcon_core.shell:Creating environment hook '/home/paulo/edromufu/src/behaviour/install/transitions_and_states/share/transitions_and_states/hook/ament_prefix_path.ps1'
[0.280s] INFO:colcon.colcon_core.shell:Creating environment descriptor '/home/paulo/edromufu/src/behaviour/install/transitions_and_states/share/transitions_and_states/hook/ament_prefix_path.dsv'
[0.280s] INFO:colcon.colcon_core.shell:Creating environment hook '/home/paulo/edromufu/src/behaviour/install/transitions_and_states/share/transitions_and_states/hook/ament_prefix_path.sh'
[0.281s] INFO:colcon.colcon_core.shell:Skip shell extension 'powershell' for command environment: Not usable outside of PowerShell
[0.281s] DEBUG:colcon.colcon_core.shell:Skip shell extension 'dsv' for command environment
[0.466s] INFO:colcon.colcon_core.task.python.build:Building Python package in '/home/paulo/edromufu/src/behaviour/GameController'
[0.466s] INFO:colcon.colcon_core.shell:Skip shell extension 'powershell' for command environment: Not usable outside of PowerShell
[0.466s] DEBUG:colcon.colcon_core.shell:Skip shell extension 'dsv' for command environment
[0.641s] INFO:colcon.colcon_core.task.python.build:Building Python package in '/home/paulo/edromufu/src/behaviour/bhv_independent_simulator'
[0.641s] INFO:colcon.colcon_core.shell:Skip shell extension 'powershell' for command environment: Not usable outside of PowerShell
[0.641s] DEBUG:colcon.colcon_core.shell:Skip shell extension 'dsv' for command environment
[0.819s] INFO:colcon.colcon_core.task.python.build:Building Python package in '/home/paulo/edromufu/src/behaviour/imu_ros_arduino'
[0.820s] INFO:colcon.colcon_core.shell:Skip shell extension 'powershell' for command environment: Not usable outside of PowerShell
[0.820s] DEBUG:colcon.colcon_core.shell:Skip shell extension 'dsv' for command environment
[0.825s] DEBUG:colcon.colcon_core.event_handler.log_command:Invoking command in '/home/paulo/edromufu/src/behaviour/build/imu_ros_arduino_cc': CMAKE_PREFIX_PATH=${CMAKE_PREFIX_PATH}:/home/paulo/edromufu/src/movement/Ros2_change/install/u2d2_comm:/home/paulo/edromufu/src/movement/Ros2_change/install/movement_core:/home/paulo/edromufu/src/movement/Ros2_change/install/movement_pages:/home/paulo/edromufu/src/movement/Ros2_change/install/movement_functions:/home/paulo/edromufu/src/movement/Ros2_change/install/micro_publisher:/home/paulo/edromufu/src/movement/Ros2_change/install/humanoid_definition:/home/paulo/edromufu/src/movement/Ros2_change/install/kinematic_functions:/home/paulo/micros/install/micro_publisher:/opt/ros/humble /usr/bin/cmake /home/paulo/edromufu/src/behaviour/imu_ros_arduino_cc -DCMAKE_INSTALL_PREFIX=/home/paulo/edromufu/src/behaviour/install/imu_ros_arduino_cc
[0.827s] DEBUG:colcon.colcon_core.event_handler.log_command:Invoking command in '/home/paulo/edromufu/src/behaviour/build/modularized_bhv_msgs': CMAKE_PREFIX_PATH=${CMAKE_PREFIX_PATH}:/home/paulo/edromufu/src/movement/Ros2_change/install/u2d2_comm:/home/paulo/edromufu/src/movement/Ros2_change/install/movement_core:/home/paulo/edromufu/src/movement/Ros2_change/install/movement_pages:/home/paulo/edromufu/src/movement/Ros2_change/install/movement_functions:/home/paulo/edromufu/src/movement/Ros2_change/install/micro_publisher:/home/paulo/edromufu/src/movement/Ros2_change/install/humanoid_definition:/home/paulo/edromufu/src/movement/Ros2_change/install/kinematic_functions:/home/paulo/micros/install/micro_publisher:/opt/ros/humble /usr/bin/cmake /home/paulo/edromufu/src/behaviour/modularized_bhv_msgs -DCMAKE_INSTALL_PREFIX=/home/paulo/edromufu/src/behaviour/install/modularized_bhv_msgs
[1.035s] INFO:colcon.colcon_core.task.python.build:Building Python package in '/home/paulo/edromufu/src/behaviour/sensor_observer'
[1.036s] INFO:colcon.colcon_core.shell:Skip shell extension 'powershell' for command environment: Not usable outside of PowerShell
[1.036s] DEBUG:colcon.colcon_core.shell:Skip shell extension 'dsv' for command environment
[1.262s] INFO:colcon.colcon_core.task.python.build:Building Python package in '/home/paulo/edromufu/src/behaviour/states_routine'
[1.263s] INFO:colcon.colcon_core.shell:Skip shell extension 'powershell' for command environment: Not usable outside of PowerShell
[1.263s] DEBUG:colcon.colcon_core.shell:Skip shell extension 'dsv' for command environment
[1.505s] INFO:colcon.colcon_core.task.python.build:Building Python package in '/home/paulo/edromufu/src/behaviour/transitions_and_states'
[1.505s] INFO:colcon.colcon_core.shell:Skip shell extension 'powershell' for command environment: Not usable outside of PowerShell
[1.505s] DEBUG:colcon.colcon_core.shell:Skip shell extension 'dsv' for command environment
[1.521s] DEBUG:colcon.colcon_core.event_handler.log_command:Invoked command in '/home/paulo/edromufu/src/behaviour/build/imu_ros_arduino_cc' returned '0': CMAKE_PREFIX_PATH=${CMAKE_PREFIX_PATH}:/home/paulo/edromufu/src/movement/Ros2_change/install/u2d2_comm:/home/paulo/edromufu/src/movement/Ros2_change/install/movement_core:/home/paulo/edromufu/src/movement/Ros2_change/install/movement_pages:/home/paulo/edromufu/src/movement/Ros2_change/install/movement_functions:/home/paulo/edromufu/src/movement/Ros2_change/install/micro_publisher:/home/paulo/edromufu/src/movement/Ros2_change/install/humanoid_definition:/home/paulo/edromufu/src/movement/Ros2_change/install/kinematic_functions:/home/paulo/micros/install/micro_publisher:/opt/ros/humble /usr/bin/cmake /home/paulo/edromufu/src/behaviour/imu_ros_arduino_cc -DCMAKE_INSTALL_PREFIX=/home/paulo/edromufu/src/behaviour/install/imu_ros_arduino_cc
[1.524s] DEBUG:colcon.colcon_core.event_handler.log_command:Invoking command in '/home/paulo/edromufu/src/behaviour/build/imu_ros_arduino_cc': CMAKE_PREFIX_PATH=${CMAKE_PREFIX_PATH}:/home/paulo/edromufu/src/movement/Ros2_change/install/u2d2_comm:/home/paulo/edromufu/src/movement/Ros2_change/install/movement_core:/home/paulo/edromufu/src/movement/Ros2_change/install/movement_pages:/home/paulo/edromufu/src/movement/Ros2_change/install/movement_functions:/home/paulo/edromufu/src/movement/Ros2_change/install/micro_publisher:/home/paulo/edromufu/src/movement/Ros2_change/install/humanoid_definition:/home/paulo/edromufu/src/movement/Ros2_change/install/kinematic_functions:/home/paulo/micros/install/micro_publisher:/opt/ros/humble /usr/bin/cmake --build /home/paulo/edromufu/src/behaviour/build/imu_ros_arduino_cc -- -j12 -l12
[1.577s] DEBUG:colcon.colcon_core.event_handler.log_command:Invoked command in '/home/paulo/edromufu/src/behaviour/build/imu_ros_arduino_cc' returned '0': CMAKE_PREFIX_PATH=${CMAKE_PREFIX_PATH}:/home/paulo/edromufu/src/movement/Ros2_change/install/u2d2_comm:/home/paulo/edromufu/src/movement/Ros2_change/install/movement_core:/home/paulo/edromufu/src/movement/Ros2_change/install/movement_pages:/home/paulo/edromufu/src/movement/Ros2_change/install/movement_functions:/home/paulo/edromufu/src/movement/Ros2_change/install/micro_publisher:/home/paulo/edromufu/src/movement/Ros2_change/install/humanoid_definition:/home/paulo/edromufu/src/movement/Ros2_change/install/kinematic_functions:/home/paulo/micros/install/micro_publisher:/opt/ros/humble /usr/bin/cmake --build /home/paulo/edromufu/src/behaviour/build/imu_ros_arduino_cc -- -j12 -l12
[1.622s] DEBUG:colcon.colcon_core.event_handler.log_command:Invoking command in '/home/paulo/edromufu/src/behaviour/build/imu_ros_arduino_cc': CMAKE_PREFIX_PATH=${CMAKE_PREFIX_PATH}:/home/paulo/edromufu/src/movement/Ros2_change/install/u2d2_comm:/home/paulo/edromufu/src/movement/Ros2_change/install/movement_core:/home/paulo/edromufu/src/movement/Ros2_change/install/movement_pages:/home/paulo/edromufu/src/movement/Ros2_change/install/movement_functions:/home/paulo/edromufu/src/movement/Ros2_change/install/micro_publisher:/home/paulo/edromufu/src/movement/Ros2_change/install/humanoid_definition:/home/paulo/edromufu/src/movement/Ros2_change/install/kinematic_functions:/home/paulo/micros/install/micro_publisher:/opt/ros/humble /usr/bin/cmake --install /home/paulo/edromufu/src/behaviour/build/imu_ros_arduino_cc
[1.642s] Level 1:colcon.colcon_core.environment:create_environment_scripts_only(imu_ros_arduino_cc)
[1.643s] DEBUG:colcon.colcon_core.event_handler.log_command:Invoked command in '/home/paulo/edromufu/src/behaviour/build/imu_ros_arduino_cc' returned '0': CMAKE_PREFIX_PATH=${CMAKE_PREFIX_PATH}:/home/paulo/edromufu/src/movement/Ros2_change/install/u2d2_comm:/home/paulo/edromufu/src/movement/Ros2_change/install/movement_core:/home/paulo/edromufu/src/movement/Ros2_change/install/movement_pages:/home/paulo/edromufu/src/movement/Ros2_change/install/movement_functions:/home/paulo/edromufu/src/movement/Ros2_change/install/micro_publisher:/home/paulo/edromufu/src/movement/Ros2_change/install/humanoid_definition:/home/paulo/edromufu/src/movement/Ros2_change/install/kinematic_functions:/home/paulo/micros/install/micro_publisher:/opt/ros/humble /usr/bin/cmake --install /home/paulo/edromufu/src/behaviour/build/imu_ros_arduino_cc
[1.646s] Level 1:colcon.colcon_core.environment:checking '/home/paulo/edromufu/src/behaviour/install/imu_ros_arduino_cc' for CMake module files
[1.647s] Level 1:colcon.colcon_core.environment:checking '/home/paulo/edromufu/src/behaviour/install/imu_ros_arduino_cc' for CMake config files
[1.647s] Level 1:colcon.colcon_core.shell:create_environment_hook('imu_ros_arduino_cc', 'cmake_prefix_path')
[1.648s] INFO:colcon.colcon_core.shell:Creating environment hook '/home/paulo/edromufu/src/behaviour/install/imu_ros_arduino_cc/share/imu_ros_arduino_cc/hook/cmake_prefix_path.ps1'
[1.648s] INFO:colcon.colcon_core.shell:Creating environment descriptor '/home/paulo/edromufu/src/behaviour/install/imu_ros_arduino_cc/share/imu_ros_arduino_cc/hook/cmake_prefix_path.dsv'
[1.649s] INFO:colcon.colcon_core.shell:Creating environment hook '/home/paulo/edromufu/src/behaviour/install/imu_ros_arduino_cc/share/imu_ros_arduino_cc/hook/cmake_prefix_path.sh'
[1.650s] Level 1:colcon.colcon_core.environment:checking '/home/paulo/edromufu/src/behaviour/install/imu_ros_arduino_cc/bin'
[1.650s] Level 1:colcon.colcon_core.environment:checking '/home/paulo/edromufu/src/behaviour/install/imu_ros_arduino_cc/lib/pkgconfig/imu_ros_arduino_cc.pc'
[1.651s] Level 1:colcon.colcon_core.environment:checking '/home/paulo/edromufu/src/behaviour/install/imu_ros_arduino_cc/lib/python3.10/site-packages'
[1.651s] Level 1:colcon.colcon_core.environment:checking '/home/paulo/edromufu/src/behaviour/install/imu_ros_arduino_cc/bin'
[1.652s] INFO:colcon.colcon_core.shell:Creating package script '/home/paulo/edromufu/src/behaviour/install/imu_ros_arduino_cc/share/imu_ros_arduino_cc/package.ps1'
[1.653s] INFO:colcon.colcon_core.shell:Creating package descriptor '/home/paulo/edromufu/src/behaviour/install/imu_ros_arduino_cc/share/imu_ros_arduino_cc/package.dsv'
[1.654s] INFO:colcon.colcon_core.shell:Creating package script '/home/paulo/edromufu/src/behaviour/install/imu_ros_arduino_cc/share/imu_ros_arduino_cc/package.sh'
[1.655s] INFO:colcon.colcon_core.shell:Creating package script '/home/paulo/edromufu/src/behaviour/install/imu_ros_arduino_cc/share/imu_ros_arduino_cc/package.bash'
[1.656s] INFO:colcon.colcon_core.shell:Creating package script '/home/paulo/edromufu/src/behaviour/install/imu_ros_arduino_cc/share/imu_ros_arduino_cc/package.zsh'
[1.657s] Level 1:colcon.colcon_core.environment:create_file_with_runtime_dependencies(/home/paulo/edromufu/src/behaviour/install/imu_ros_arduino_cc/share/colcon-core/packages/imu_ros_arduino_cc)
[1.693s] Level 1:colcon.colcon_core.environment:create_environment_scripts_only(imu_ros_arduino_cc)
[1.693s] Level 1:colcon.colcon_core.environment:checking '/home/paulo/edromufu/src/behaviour/install/imu_ros_arduino_cc' for CMake module files
[1.694s] Level 1:colcon.colcon_core.environment:checking '/home/paulo/edromufu/src/behaviour/install/imu_ros_arduino_cc' for CMake config files
[1.694s] Level 1:colcon.colcon_core.shell:create_environment_hook('imu_ros_arduino_cc', 'cmake_prefix_path')
[1.695s] INFO:colcon.colcon_core.shell:Creating environment hook '/home/paulo/edromufu/src/behaviour/install/imu_ros_arduino_cc/share/imu_ros_arduino_cc/hook/cmake_prefix_path.ps1'
[1.696s] INFO:colcon.colcon_core.shell:Creating environment descriptor '/home/paulo/edromufu/src/behaviour/install/imu_ros_arduino_cc/share/imu_ros_arduino_cc/hook/cmake_prefix_path.dsv'
[1.696s] INFO:colcon.colcon_core.shell:Creating environment hook '/home/paulo/edromufu/src/behaviour/install/imu_ros_arduino_cc/share/imu_ros_arduino_cc/hook/cmake_prefix_path.sh'
[1.697s] Level 1:colcon.colcon_core.environment:checking '/home/paulo/edromufu/src/behaviour/install/imu_ros_arduino_cc/bin'
[1.697s] Level 1:colcon.colcon_core.environment:checking '/home/paulo/edromufu/src/behaviour/install/imu_ros_arduino_cc/lib/pkgconfig/imu_ros_arduino_cc.pc'
[1.698s] Level 1:colcon.colcon_core.environment:checking '/home/paulo/edromufu/src/behaviour/install/imu_ros_arduino_cc/lib/python3.10/site-packages'
[1.698s] Level 1:colcon.colcon_core.environment:checking '/home/paulo/edromufu/src/behaviour/install/imu_ros_arduino_cc/bin'
[1.698s] INFO:colcon.colcon_core.shell:Creating package script '/home/paulo/edromufu/src/behaviour/install/imu_ros_arduino_cc/share/imu_ros_arduino_cc/package.ps1'
[1.700s] INFO:colcon.colcon_core.shell:Creating package descriptor '/home/paulo/edromufu/src/behaviour/install/imu_ros_arduino_cc/share/imu_ros_arduino_cc/package.dsv'
[1.700s] INFO:colcon.colcon_core.shell:Creating package script '/home/paulo/edromufu/src/behaviour/install/imu_ros_arduino_cc/share/imu_ros_arduino_cc/package.sh'
[1.701s] INFO:colcon.colcon_core.shell:Creating package script '/home/paulo/edromufu/src/behaviour/install/imu_ros_arduino_cc/share/imu_ros_arduino_cc/package.bash'
[1.702s] INFO:colcon.colcon_core.shell:Creating package script '/home/paulo/edromufu/src/behaviour/install/imu_ros_arduino_cc/share/imu_ros_arduino_cc/package.zsh'
[1.703s] Level 1:colcon.colcon_core.environment:create_file_with_runtime_dependencies(/home/paulo/edromufu/src/behaviour/install/imu_ros_arduino_cc/share/colcon-core/packages/imu_ros_arduino_cc)
[1.912s] DEBUG:colcon.colcon_core.event_handler.log_command:Invoking command in '/home/paulo/edromufu/src/behaviour/GameController': PYTHONPATH=/home/paulo/edromufu/src/behaviour/build/GameController/prefix_override:/usr/lib/python3/dist-packages/colcon_core/task/python/colcon_distutils_commands:/home/paulo/edromufu/src/behaviour/install/GameController/lib/python3.10/site-packages:${PYTHONPATH} /usr/bin/python3 -W ignore:setup.py install is deprecated setup.py egg_info --egg-base ../build/GameController build --build-base /home/paulo/edromufu/src/behaviour/build/GameController/build install --record /home/paulo/edromufu/src/behaviour/build/GameController/install.log --single-version-externally-managed install_data
[1.931s] DEBUG:colcon.colcon_core.event_handler.log_command:Invoking command in '/home/paulo/edromufu/src/behaviour/transitions_and_states': PYTHONPATH=/home/paulo/edromufu/src/behaviour/build/transitions_and_states/prefix_override:/usr/lib/python3/dist-packages/colcon_core/task/python/colcon_distutils_commands:/home/paulo/edromufu/src/behaviour/install/transitions_and_states/lib/python3.10/site-packages:${PYTHONPATH} /usr/bin/python3 -W ignore:setup.py install is deprecated setup.py egg_info --egg-base ../build/transitions_and_states build --build-base /home/paulo/edromufu/src/behaviour/build/transitions_and_states/build install --record /home/paulo/edromufu/src/behaviour/build/transitions_and_states/install.log --single-version-externally-managed install_data
[1.940s] DEBUG:colcon.colcon_core.event_handler.log_command:Invoking command in '/home/paulo/edromufu/src/behaviour/states_routine': PYTHONPATH=/home/paulo/edromufu/src/behaviour/build/states_routine/prefix_override:/usr/lib/python3/dist-packages/colcon_core/task/python/colcon_distutils_commands:/home/paulo/edromufu/src/behaviour/install/states_routine/lib/python3.10/site-packages:${PYTHONPATH} /usr/bin/python3 -W ignore:setup.py install is deprecated setup.py egg_info --egg-base ../build/states_routine build --build-base /home/paulo/edromufu/src/behaviour/build/states_routine/build install --record /home/paulo/edromufu/src/behaviour/build/states_routine/install.log --single-version-externally-managed install_data
[1.949s] DEBUG:colcon.colcon_core.event_handler.log_command:Invoking command in '/home/paulo/edromufu/src/behaviour/bhv_independent_simulator': PYTHONPATH=/home/paulo/edromufu/src/behaviour/build/bhv_independent_simulator/prefix_override:/usr/lib/python3/dist-packages/colcon_core/task/python/colcon_distutils_commands:/home/paulo/edromufu/src/behaviour/install/bhv_independent_simulator/lib/python3.10/site-packages:${PYTHONPATH} /usr/bin/python3 -W ignore:setup.py install is deprecated setup.py egg_info --egg-base ../build/bhv_independent_simulator build --build-base /home/paulo/edromufu/src/behaviour/build/bhv_independent_simulator/build install --record /home/paulo/edromufu/src/behaviour/build/bhv_independent_simulator/install.log --single-version-externally-managed install_data
[2.147s] DEBUG:colcon.colcon_core.event_handler.log_command:Invoking command in '/home/paulo/edromufu/src/behaviour/sensor_observer': PYTHONPATH=/home/paulo/edromufu/src/behaviour/build/sensor_observer/prefix_override:/usr/lib/python3/dist-packages/colcon_core/task/python/colcon_distutils_commands:/home/paulo/edromufu/src/behaviour/install/sensor_observer/lib/python3.10/site-packages:${PYTHONPATH} /usr/bin/python3 -W ignore:setup.py install is deprecated setup.py egg_info --egg-base ../build/sensor_observer build --build-base /home/paulo/edromufu/src/behaviour/build/sensor_observer/build install --record /home/paulo/edromufu/src/behaviour/build/sensor_observer/install.log --single-version-externally-managed install_data
[2.224s] DEBUG:colcon.colcon_core.event_handler.log_command:Invoking command in '/home/paulo/edromufu/src/behaviour/imu_ros_arduino': PYTHONPATH=/home/paulo/edromufu/src/behaviour/build/imu_ros_arduino/prefix_override:/usr/lib/python3/dist-packages/colcon_core/task/python/colcon_distutils_commands:/home/paulo/edromufu/src/behaviour/install/imu_ros_arduino/lib/python3.10/site-packages:${PYTHONPATH} /usr/bin/python3 -W ignore:setup.py install is deprecated setup.py egg_info --egg-base ../build/imu_ros_arduino build --build-base /home/paulo/edromufu/src/behaviour/build/imu_ros_arduino/build install --record /home/paulo/edromufu/src/behaviour/build/imu_ros_arduino/install.log --single-version-externally-managed install_data
[2.242s] Level 1:colcon.colcon_core.environment:checking '/home/paulo/edromufu/src/behaviour/install/GameController' for CMake module files
[2.243s] DEBUG:colcon.colcon_core.event_handler.log_command:Invoked command in '/home/paulo/edromufu/src/behaviour/GameController' returned '0': PYTHONPATH=/home/paulo/edromufu/src/behaviour/build/GameController/prefix_override:/usr/lib/python3/dist-packages/colcon_core/task/python/colcon_distutils_commands:/home/paulo/edromufu/src/behaviour/install/GameController/lib/python3.10/site-packages:${PYTHONPATH} /usr/bin/python3 -W ignore:setup.py install is deprecated setup.py egg_info --egg-base ../build/GameController build --build-base /home/paulo/edromufu/src/behaviour/build/GameController/build install --record /home/paulo/edromufu/src/behaviour/build/GameController/install.log --single-version-externally-managed install_data
[2.243s] Level 1:colcon.colcon_core.environment:checking '/home/paulo/edromufu/src/behaviour/install/GameController' for CMake config files
[2.244s] Level 1:colcon.colcon_core.environment:checking '/home/paulo/edromufu/src/behaviour/install/GameController/lib'
[2.245s] Level 1:colcon.colcon_core.environment:checking '/home/paulo/edromufu/src/behaviour/install/GameController/bin'
[2.245s] Level 1:colcon.colcon_core.environment:checking '/home/paulo/edromufu/src/behaviour/install/GameController/lib/pkgconfig/GameController.pc'
[2.245s] Level 1:colcon.colcon_core.environment:checking '/home/paulo/edromufu/src/behaviour/install/GameController/lib/python3.10/site-packages'
[2.245s] Level 1:colcon.colcon_core.shell:create_environment_hook('GameController', 'pythonpath')
[2.246s] INFO:colcon.colcon_core.shell:Creating environment hook '/home/paulo/edromufu/src/behaviour/install/GameController/share/GameController/hook/pythonpath.ps1'
[2.246s] INFO:colcon.colcon_core.shell:Creating environment descriptor '/home/paulo/edromufu/src/behaviour/install/GameController/share/GameController/hook/pythonpath.dsv'
[2.247s] INFO:colcon.colcon_core.shell:Creating environment hook '/home/paulo/edromufu/src/behaviour/install/GameController/share/GameController/hook/pythonpath.sh'
[2.248s] Level 1:colcon.colcon_core.environment:checking '/home/paulo/edromufu/src/behaviour/install/GameController/bin'
[2.248s] Level 1:colcon.colcon_core.environment:create_environment_scripts_only(GameController)
[2.249s] INFO:colcon.colcon_core.shell:Creating package script '/home/paulo/edromufu/src/behaviour/install/GameController/share/GameController/package.ps1'
[2.249s] INFO:colcon.colcon_core.shell:Creating package descriptor '/home/paulo/edromufu/src/behaviour/install/GameController/share/GameController/package.dsv'
[2.250s] INFO:colcon.colcon_core.shell:Creating package script '/home/paulo/edromufu/src/behaviour/install/GameController/share/GameController/package.sh'
[2.251s] INFO:colcon.colcon_core.shell:Creating package script '/home/paulo/edromufu/src/behaviour/install/GameController/share/GameController/package.bash'
[2.252s] INFO:colcon.colcon_core.shell:Creating package script '/home/paulo/edromufu/src/behaviour/install/GameController/share/GameController/package.zsh'
[2.252s] Level 1:colcon.colcon_core.environment:create_file_with_runtime_dependencies(/home/paulo/edromufu/src/behaviour/install/GameController/share/colcon-core/packages/GameController)
[2.271s] Level 1:colcon.colcon_core.environment:checking '/home/paulo/edromufu/src/behaviour/install/states_routine' for CMake module files
[2.271s] DEBUG:colcon.colcon_core.event_handler.log_command:Invoked command in '/home/paulo/edromufu/src/behaviour/states_routine' returned '0': PYTHONPATH=/home/paulo/edromufu/src/behaviour/build/states_routine/prefix_override:/usr/lib/python3/dist-packages/colcon_core/task/python/colcon_distutils_commands:/home/paulo/edromufu/src/behaviour/install/states_routine/lib/python3.10/site-packages:${PYTHONPATH} /usr/bin/python3 -W ignore:setup.py install is deprecated setup.py egg_info --egg-base ../build/states_routine build --build-base /home/paulo/edromufu/src/behaviour/build/states_routine/build install --record /home/paulo/edromufu/src/behaviour/build/states_routine/install.log --single-version-externally-managed install_data
[2.272s] Level 1:colcon.colcon_core.environment:checking '/home/paulo/edromufu/src/behaviour/install/states_routine' for CMake config files
[2.272s] Level 1:colcon.colcon_core.environment:checking '/home/paulo/edromufu/src/behaviour/install/states_routine/lib'
[2.272s] Level 1:colcon.colcon_core.environment:checking '/home/paulo/edromufu/src/behaviour/install/states_routine/bin'
[2.272s] Level 1:colcon.colcon_core.environment:checking '/home/paulo/edromufu/src/behaviour/install/states_routine/lib/pkgconfig/states_routine.pc'
[2.272s] Level 1:colcon.colcon_core.environment:checking '/home/paulo/edromufu/src/behaviour/install/states_routine/lib/python3.10/site-packages'
[2.273s] Level 1:colcon.colcon_core.shell:create_environment_hook('states_routine', 'pythonpath')
[2.273s] INFO:colcon.colcon_core.shell:Creating environment hook '/home/paulo/edromufu/src/behaviour/install/states_routine/share/states_routine/hook/pythonpath.ps1'
[2.273s] INFO:colcon.colcon_core.shell:Creating environment descriptor '/home/paulo/edromufu/src/behaviour/install/states_routine/share/states_routine/hook/pythonpath.dsv'
[2.274s] INFO:colcon.colcon_core.shell:Creating environment hook '/home/paulo/edromufu/src/behaviour/install/states_routine/share/states_routine/hook/pythonpath.sh'
[2.274s] Level 1:colcon.colcon_core.environment:checking '/home/paulo/edromufu/src/behaviour/install/states_routine/bin'
[2.274s] Level 1:colcon.colcon_core.environment:create_environment_scripts_only(states_routine)
[2.275s] INFO:colcon.colcon_core.shell:Creating package script '/home/paulo/edromufu/src/behaviour/install/states_routine/share/states_routine/package.ps1'
[2.275s] INFO:colcon.colcon_core.shell:Creating package descriptor '/home/paulo/edromufu/src/behaviour/install/states_routine/share/states_routine/package.dsv'
[2.275s] INFO:colcon.colcon_core.shell:Creating package script '/home/paulo/edromufu/src/behaviour/install/states_routine/share/states_routine/package.sh'
[2.276s] INFO:colcon.colcon_core.shell:Creating package script '/home/paulo/edromufu/src/behaviour/install/states_routine/share/states_routine/package.bash'
[2.276s] INFO:colcon.colcon_core.shell:Creating package script '/home/paulo/edromufu/src/behaviour/install/states_routine/share/states_routine/package.zsh'
[2.276s] Level 1:colcon.colcon_core.environment:create_file_with_runtime_dependencies(/home/paulo/edromufu/src/behaviour/install/states_routine/share/colcon-core/packages/states_routine)
[2.286s] Level 1:colcon.colcon_core.environment:checking '/home/paulo/edromufu/src/behaviour/install/transitions_and_states' for CMake module files
[2.287s] DEBUG:colcon.colcon_core.event_handler.log_command:Invoked command in '/home/paulo/edromufu/src/behaviour/transitions_and_states' returned '0': PYTHONPATH=/home/paulo/edromufu/src/behaviour/build/transitions_and_states/prefix_override:/usr/lib/python3/dist-packages/colcon_core/task/python/colcon_distutils_commands:/home/paulo/edromufu/src/behaviour/install/transitions_and_states/lib/python3.10/site-packages:${PYTHONPATH} /usr/bin/python3 -W ignore:setup.py install is deprecated setup.py egg_info --egg-base ../build/transitions_and_states build --build-base /home/paulo/edromufu/src/behaviour/build/transitions_and_states/build install --record /home/paulo/edromufu/src/behaviour/build/transitions_and_states/install.log --single-version-externally-managed install_data
[2.288s] Level 1:colcon.colcon_core.environment:checking '/home/paulo/edromufu/src/behaviour/install/transitions_and_states' for CMake config files
[2.288s] Level 1:colcon.colcon_core.environment:checking '/home/paulo/edromufu/src/behaviour/install/transitions_and_states/lib'
[2.288s] Level 1:colcon.colcon_core.environment:checking '/home/paulo/edromufu/src/behaviour/install/transitions_and_states/bin'
[2.288s] Level 1:colcon.colcon_core.environment:checking '/home/paulo/edromufu/src/behaviour/install/transitions_and_states/lib/pkgconfig/transitions_and_states.pc'
[2.288s] Level 1:colcon.colcon_core.environment:checking '/home/paulo/edromufu/src/behaviour/install/transitions_and_states/lib/python3.10/site-packages'
[2.288s] Level 1:colcon.colcon_core.shell:create_environment_hook('transitions_and_states', 'pythonpath')
[2.289s] INFO:colcon.colcon_core.shell:Creating environment hook '/home/paulo/edromufu/src/behaviour/install/transitions_and_states/share/transitions_and_states/hook/pythonpath.ps1'
[2.289s] INFO:colcon.colcon_core.shell:Creating environment descriptor '/home/paulo/edromufu/src/behaviour/install/transitions_and_states/share/transitions_and_states/hook/pythonpath.dsv'
[2.289s] INFO:colcon.colcon_core.shell:Creating environment hook '/home/paulo/edromufu/src/behaviour/install/transitions_and_states/share/transitions_and_states/hook/pythonpath.sh'
[2.290s] Level 1:colcon.colcon_core.environment:checking '/home/paulo/edromufu/src/behaviour/install/transitions_and_states/bin'
[2.290s] Level 1:colcon.colcon_core.environment:create_environment_scripts_only(transitions_and_states)
[2.290s] INFO:colcon.colcon_core.shell:Creating package script '/home/paulo/edromufu/src/behaviour/install/transitions_and_states/share/transitions_and_states/package.ps1'
[2.291s] INFO:colcon.colcon_core.shell:Creating package descriptor '/home/paulo/edromufu/src/behaviour/install/transitions_and_states/share/transitions_and_states/package.dsv'
[2.291s] INFO:colcon.colcon_core.shell:Creating package script '/home/paulo/edromufu/src/behaviour/install/transitions_and_states/share/transitions_and_states/package.sh'
[2.291s] INFO:colcon.colcon_core.shell:Creating package script '/home/paulo/edromufu/src/behaviour/install/transitions_and_states/share/transitions_and_states/package.bash'
[2.291s] INFO:colcon.colcon_core.shell:Creating package script '/home/paulo/edromufu/src/behaviour/install/transitions_and_states/share/transitions_and_states/package.zsh'
[2.292s] Level 1:colcon.colcon_core.environment:create_file_with_runtime_dependencies(/home/paulo/edromufu/src/behaviour/install/transitions_and_states/share/colcon-core/packages/transitions_and_states)
[2.360s] Level 1:colcon.colcon_core.environment:checking '/home/paulo/edromufu/src/behaviour/install/bhv_independent_simulator' for CMake module files
[2.361s] DEBUG:colcon.colcon_core.event_handler.log_command:Invoked command in '/home/paulo/edromufu/src/behaviour/bhv_independent_simulator' returned '0': PYTHONPATH=/home/paulo/edromufu/src/behaviour/build/bhv_independent_simulator/prefix_override:/usr/lib/python3/dist-packages/colcon_core/task/python/colcon_distutils_commands:/home/paulo/edromufu/src/behaviour/install/bhv_independent_simulator/lib/python3.10/site-packages:${PYTHONPATH} /usr/bin/python3 -W ignore:setup.py install is deprecated setup.py egg_info --egg-base ../build/bhv_independent_simulator build --build-base /home/paulo/edromufu/src/behaviour/build/bhv_independent_simulator/build install --record /home/paulo/edromufu/src/behaviour/build/bhv_independent_simulator/install.log --single-version-externally-managed install_data
[2.362s] Level 1:colcon.colcon_core.environment:checking '/home/paulo/edromufu/src/behaviour/install/bhv_independent_simulator' for CMake config files
[2.362s] Level 1:colcon.colcon_core.environment:checking '/home/paulo/edromufu/src/behaviour/install/bhv_independent_simulator/lib'
[2.362s] Level 1:colcon.colcon_core.environment:checking '/home/paulo/edromufu/src/behaviour/install/bhv_independent_simulator/bin'
[2.363s] Level 1:colcon.colcon_core.environment:checking '/home/paulo/edromufu/src/behaviour/install/bhv_independent_simulator/lib/pkgconfig/bhv_independent_simulator.pc'
[2.363s] Level 1:colcon.colcon_core.environment:checking '/home/paulo/edromufu/src/behaviour/install/bhv_independent_simulator/lib/python3.10/site-packages'
[2.363s] Level 1:colcon.colcon_core.shell:create_environment_hook('bhv_independent_simulator', 'pythonpath')
[2.363s] INFO:colcon.colcon_core.shell:Creating environment hook '/home/paulo/edromufu/src/behaviour/install/bhv_independent_simulator/share/bhv_independent_simulator/hook/pythonpath.ps1'
[2.364s] INFO:colcon.colcon_core.shell:Creating environment descriptor '/home/paulo/edromufu/src/behaviour/install/bhv_independent_simulator/share/bhv_independent_simulator/hook/pythonpath.dsv'
[2.364s] INFO:colcon.colcon_core.shell:Creating environment hook '/home/paulo/edromufu/src/behaviour/install/bhv_independent_simulator/share/bhv_independent_simulator/hook/pythonpath.sh'
[2.365s] Level 1:colcon.colcon_core.environment:checking '/home/paulo/edromufu/src/behaviour/install/bhv_independent_simulator/bin'
[2.365s] Level 1:colcon.colcon_core.environment:create_environment_scripts_only(bhv_independent_simulator)
[2.366s] INFO:colcon.colcon_core.shell:Creating package script '/home/paulo/edromufu/src/behaviour/install/bhv_independent_simulator/share/bhv_independent_simulator/package.ps1'
[2.366s] INFO:colcon.colcon_core.shell:Creating package descriptor '/home/paulo/edromufu/src/behaviour/install/bhv_independent_simulator/share/bhv_independent_simulator/package.dsv'
[2.367s] INFO:colcon.colcon_core.shell:Creating package script '/home/paulo/edromufu/src/behaviour/install/bhv_independent_simulator/share/bhv_independent_simulator/package.sh'
[2.368s] INFO:colcon.colcon_core.shell:Creating package script '/home/paulo/edromufu/src/behaviour/install/bhv_independent_simulator/share/bhv_independent_simulator/package.bash'
[2.368s] INFO:colcon.colcon_core.shell:Creating package script '/home/paulo/edromufu/src/behaviour/install/bhv_independent_simulator/share/bhv_independent_simulator/package.zsh'
[2.369s] Level 1:colcon.colcon_core.environment:create_file_with_runtime_dependencies(/home/paulo/edromufu/src/behaviour/install/bhv_independent_simulator/share/colcon-core/packages/bhv_independent_simulator)
[2.467s] Level 1:colcon.colcon_core.environment:checking '/home/paulo/edromufu/src/behaviour/install/sensor_observer' for CMake module files
[2.468s] DEBUG:colcon.colcon_core.event_handler.log_command:Invoked command in '/home/paulo/edromufu/src/behaviour/sensor_observer' returned '0': PYTHONPATH=/home/paulo/edromufu/src/behaviour/build/sensor_observer/prefix_override:/usr/lib/python3/dist-packages/colcon_core/task/python/colcon_distutils_commands:/home/paulo/edromufu/src/behaviour/install/sensor_observer/lib/python3.10/site-packages:${PYTHONPATH} /usr/bin/python3 -W ignore:setup.py install is deprecated setup.py egg_info --egg-base ../build/sensor_observer build --build-base /home/paulo/edromufu/src/behaviour/build/sensor_observer/build install --record /home/paulo/edromufu/src/behaviour/build/sensor_observer/install.log --single-version-externally-managed install_data
[2.468s] Level 1:colcon.colcon_core.environment:checking '/home/paulo/edromufu/src/behaviour/install/sensor_observer' for CMake config files
[2.469s] Level 1:colcon.colcon_core.environment:checking '/home/paulo/edromufu/src/behaviour/install/sensor_observer/lib'
[2.469s] Level 1:colcon.colcon_core.environment:checking '/home/paulo/edromufu/src/behaviour/install/sensor_observer/bin'
[2.469s] Level 1:colcon.colcon_core.environment:checking '/home/paulo/edromufu/src/behaviour/install/sensor_observer/lib/pkgconfig/sensor_observer.pc'
[2.469s] Level 1:colcon.colcon_core.environment:checking '/home/paulo/edromufu/src/behaviour/install/sensor_observer/lib/python3.10/site-packages'
[2.469s] Level 1:colcon.colcon_core.shell:create_environment_hook('sensor_observer', 'pythonpath')
[2.470s] INFO:colcon.colcon_core.shell:Creating environment hook '/home/paulo/edromufu/src/behaviour/install/sensor_observer/share/sensor_observer/hook/pythonpath.ps1'
[2.470s] INFO:colcon.colcon_core.shell:Creating environment descriptor '/home/paulo/edromufu/src/behaviour/install/sensor_observer/share/sensor_observer/hook/pythonpath.dsv'
[2.470s] INFO:colcon.colcon_core.shell:Creating environment hook '/home/paulo/edromufu/src/behaviour/install/sensor_observer/share/sensor_observer/hook/pythonpath.sh'
[2.471s] Level 1:colcon.colcon_core.environment:checking '/home/paulo/edromufu/src/behaviour/install/sensor_observer/bin'
[2.471s] Level 1:colcon.colcon_core.environment:create_environment_scripts_only(sensor_observer)
[2.471s] INFO:colcon.colcon_core.shell:Creating package script '/home/paulo/edromufu/src/behaviour/install/sensor_observer/share/sensor_observer/package.ps1'
[2.472s] INFO:colcon.colcon_core.shell:Creating package descriptor '/home/paulo/edromufu/src/behaviour/install/sensor_observer/share/sensor_observer/package.dsv'
[2.472s] INFO:colcon.colcon_core.shell:Creating package script '/home/paulo/edromufu/src/behaviour/install/sensor_observer/share/sensor_observer/package.sh'
[2.472s] INFO:colcon.colcon_core.shell:Creating package script '/home/paulo/edromufu/src/behaviour/install/sensor_observer/share/sensor_observer/package.bash'
[2.473s] INFO:colcon.colcon_core.shell:Creating package script '/home/paulo/edromufu/src/behaviour/install/sensor_observer/share/sensor_observer/package.zsh'
[2.473s] Level 1:colcon.colcon_core.environment:create_file_with_runtime_dependencies(/home/paulo/edromufu/src/behaviour/install/sensor_observer/share/colcon-core/packages/sensor_observer)
[2.546s] Level 1:colcon.colcon_core.environment:checking '/home/paulo/edromufu/src/behaviour/install/imu_ros_arduino' for CMake module files
[2.546s] DEBUG:colcon.colcon_core.event_handler.log_command:Invoked command in '/home/paulo/edromufu/src/behaviour/imu_ros_arduino' returned '0': PYTHONPATH=/home/paulo/edromufu/src/behaviour/build/imu_ros_arduino/prefix_override:/usr/lib/python3/dist-packages/colcon_core/task/python/colcon_distutils_commands:/home/paulo/edromufu/src/behaviour/install/imu_ros_arduino/lib/python3.10/site-packages:${PYTHONPATH} /usr/bin/python3 -W ignore:setup.py install is deprecated setup.py egg_info --egg-base ../build/imu_ros_arduino build --build-base /home/paulo/edromufu/src/behaviour/build/imu_ros_arduino/build install --record /home/paulo/edromufu/src/behaviour/build/imu_ros_arduino/install.log --single-version-externally-managed install_data
[2.547s] Level 1:colcon.colcon_core.environment:checking '/home/paulo/edromufu/src/behaviour/install/imu_ros_arduino' for CMake config files
[2.547s] Level 1:colcon.colcon_core.environment:checking '/home/paulo/edromufu/src/behaviour/install/imu_ros_arduino/lib'
[2.547s] Level 1:colcon.colcon_core.environment:checking '/home/paulo/edromufu/src/behaviour/install/imu_ros_arduino/bin'
[2.547s] Level 1:colcon.colcon_core.environment:checking '/home/paulo/edromufu/src/behaviour/install/imu_ros_arduino/lib/pkgconfig/imu_ros_arduino.pc'
[2.547s] Level 1:colcon.colcon_core.environment:checking '/home/paulo/edromufu/src/behaviour/install/imu_ros_arduino/lib/python3.10/site-packages'
[2.547s] Level 1:colcon.colcon_core.shell:create_environment_hook('imu_ros_arduino', 'pythonpath')
[2.548s] INFO:colcon.colcon_core.shell:Creating environment hook '/home/paulo/edromufu/src/behaviour/install/imu_ros_arduino/share/imu_ros_arduino/hook/pythonpath.ps1'
[2.548s] INFO:colcon.colcon_core.shell:Creating environment descriptor '/home/paulo/edromufu/src/behaviour/install/imu_ros_arduino/share/imu_ros_arduino/hook/pythonpath.dsv'
[2.548s] INFO:colcon.colcon_core.shell:Creating environment hook '/home/paulo/edromufu/src/behaviour/install/imu_ros_arduino/share/imu_ros_arduino/hook/pythonpath.sh'
[2.548s] Level 1:colcon.colcon_core.environment:checking '/home/paulo/edromufu/src/behaviour/install/imu_ros_arduino/bin'
[2.548s] Level 1:colcon.colcon_core.environment:create_environment_scripts_only(imu_ros_arduino)
[2.549s] INFO:colcon.colcon_core.shell:Creating package script '/home/paulo/edromufu/src/behaviour/install/imu_ros_arduino/share/imu_ros_arduino/package.ps1'
[2.549s] INFO:colcon.colcon_core.shell:Creating package descriptor '/home/paulo/edromufu/src/behaviour/install/imu_ros_arduino/share/imu_ros_arduino/package.dsv'
[2.549s] INFO:colcon.colcon_core.shell:Creating package script '/home/paulo/edromufu/src/behaviour/install/imu_ros_arduino/share/imu_ros_arduino/package.sh'
[2.549s] INFO:colcon.colcon_core.shell:Creating package script '/home/paulo/edromufu/src/behaviour/install/imu_ros_arduino/share/imu_ros_arduino/package.bash'
[2.550s] INFO:colcon.colcon_core.shell:Creating package script '/home/paulo/edromufu/src/behaviour/install/imu_ros_arduino/share/imu_ros_arduino/package.zsh'
[2.550s] Level 1:colcon.colcon_core.environment:create_file_with_runtime_dependencies(/home/paulo/edromufu/src/behaviour/install/imu_ros_arduino/share/colcon-core/packages/imu_ros_arduino)
[2.744s] DEBUG:colcon.colcon_core.event_handler.log_command:Invoked command in '/home/paulo/edromufu/src/behaviour/build/modularized_bhv_msgs' returned '0': CMAKE_PREFIX_PATH=${CMAKE_PREFIX_PATH}:/home/paulo/edromufu/src/movement/Ros2_change/install/u2d2_comm:/home/paulo/edromufu/src/movement/Ros2_change/install/movement_core:/home/paulo/edromufu/src/movement/Ros2_change/install/movement_pages:/home/paulo/edromufu/src/movement/Ros2_change/install/movement_functions:/home/paulo/edromufu/src/movement/Ros2_change/install/micro_publisher:/home/paulo/edromufu/src/movement/Ros2_change/install/humanoid_definition:/home/paulo/edromufu/src/movement/Ros2_change/install/kinematic_functions:/home/paulo/micros/install/micro_publisher:/opt/ros/humble /usr/bin/cmake /home/paulo/edromufu/src/behaviour/modularized_bhv_msgs -DCMAKE_INSTALL_PREFIX=/home/paulo/edromufu/src/behaviour/install/modularized_bhv_msgs
[2.746s] DEBUG:colcon.colcon_core.event_handler.log_command:Invoking command in '/home/paulo/edromufu/src/behaviour/build/modularized_bhv_msgs': CMAKE_PREFIX_PATH=${CMAKE_PREFIX_PATH}:/home/paulo/edromufu/src/movement/Ros2_change/install/u2d2_comm:/home/paulo/edromufu/src/movement/Ros2_change/install/movement_core:/home/paulo/edromufu/src/movement/Ros2_change/install/movement_pages:/home/paulo/edromufu/src/movement/Ros2_change/install/movement_functions:/home/paulo/edromufu/src/movement/Ros2_change/install/micro_publisher:/home/paulo/edromufu/src/movement/Ros2_change/install/humanoid_definition:/home/paulo/edromufu/src/movement/Ros2_change/install/kinematic_functions:/home/paulo/micros/install/micro_publisher:/opt/ros/humble /usr/bin/cmake --build /home/paulo/edromufu/src/behaviour/build/modularized_bhv_msgs -- -j12 -l12
[6.007s] DEBUG:colcon.colcon_core.event_handler.log_command:Invoked command in '/home/paulo/edromufu/src/behaviour/build/modularized_bhv_msgs' returned '0': CMAKE_PREFIX_PATH=${CMAKE_PREFIX_PATH}:/home/paulo/edromufu/src/movement/Ros2_change/install/u2d2_comm:/home/paulo/edromufu/src/movement/Ros2_change/install/movement_core:/home/paulo/edromufu/src/movement/Ros2_change/install/movement_pages:/home/paulo/edromufu/src/movement/Ros2_change/install/movement_functions:/home/paulo/edromufu/src/movement/Ros2_change/install/micro_publisher:/home/paulo/edromufu/src/movement/Ros2_change/install/humanoid_definition:/home/paulo/edromufu/src/movement/Ros2_change/install/kinematic_functions:/home/paulo/micros/install/micro_publisher:/opt/ros/humble /usr/bin/cmake --build /home/paulo/edromufu/src/behaviour/build/modularized_bhv_msgs -- -j12 -l12
[6.115s] DEBUG:colcon.colcon_core.event_handler.log_command:Invoking command in '/home/paulo/edromufu/src/behaviour/build/modularized_bhv_msgs': CMAKE_PREFIX_PATH=${CMAKE_PREFIX_PATH}:/home/paulo/edromufu/src/movement/Ros2_change/install/u2d2_comm:/home/paulo/edromufu/src/movement/Ros2_change/install/movement_core:/home/paulo/edromufu/src/movement/Ros2_change/install/movement_pages:/home/paulo/edromufu/src/movement/Ros2_change/install/movement_functions:/home/paulo/edromufu/src/movement/Ros2_change/install/micro_publisher:/home/paulo/edromufu/src/movement/Ros2_change/install/humanoid_definition:/home/paulo/edromufu/src/movement/Ros2_change/install/kinematic_functions:/home/paulo/micros/install/micro_publisher:/opt/ros/humble /usr/bin/cmake --install /home/paulo/edromufu/src/behaviour/build/modularized_bhv_msgs
[6.168s] Level 1:colcon.colcon_core.environment:create_environment_scripts_only(modularized_bhv_msgs)
[6.169s] Level 1:colcon.colcon_core.environment:checking '/home/paulo/edromufu/src/behaviour/install/modularized_bhv_msgs' for CMake module files
[6.169s] DEBUG:colcon.colcon_core.event_handler.log_command:Invoked command in '/home/paulo/edromufu/src/behaviour/build/modularized_bhv_msgs' returned '0': CMAKE_PREFIX_PATH=${CMAKE_PREFIX_PATH}:/home/paulo/edromufu/src/movement/Ros2_change/install/u2d2_comm:/home/paulo/edromufu/src/movement/Ros2_change/install/movement_core:/home/paulo/edromufu/src/movement/Ros2_change/install/movement_pages:/home/paulo/edromufu/src/movement/Ros2_change/install/movement_functions:/home/paulo/edromufu/src/movement/Ros2_change/install/micro_publisher:/home/paulo/edromufu/src/movement/Ros2_change/install/humanoid_definition:/home/paulo/edromufu/src/movement/Ros2_change/install/kinematic_functions:/home/paulo/micros/install/micro_publisher:/opt/ros/humble /usr/bin/cmake --install /home/paulo/edromufu/src/behaviour/build/modularized_bhv_msgs
[6.169s] Level 1:colcon.colcon_core.environment:checking '/home/paulo/edromufu/src/behaviour/install/modularized_bhv_msgs' for CMake config files
[6.169s] Level 1:colcon.colcon_core.shell:create_environment_hook('modularized_bhv_msgs', 'cmake_prefix_path')
[6.169s] INFO:colcon.colcon_core.shell:Creating environment hook '/home/paulo/edromufu/src/behaviour/install/modularized_bhv_msgs/share/modularized_bhv_msgs/hook/cmake_prefix_path.ps1'
[6.170s] INFO:colcon.colcon_core.shell:Creating environment descriptor '/home/paulo/edromufu/src/behaviour/install/modularized_bhv_msgs/share/modularized_bhv_msgs/hook/cmake_prefix_path.dsv'
[6.170s] INFO:colcon.colcon_core.shell:Creating environment hook '/home/paulo/edromufu/src/behaviour/install/modularized_bhv_msgs/share/modularized_bhv_msgs/hook/cmake_prefix_path.sh'
[6.170s] Level 1:colcon.colcon_core.environment:checking '/home/paulo/edromufu/src/behaviour/install/modularized_bhv_msgs/lib'
[6.170s] Level 1:colcon.colcon_core.shell:create_environment_hook('modularized_bhv_msgs', 'ld_library_path_lib')
[6.170s] INFO:colcon.colcon_core.shell:Creating environment hook '/home/paulo/edromufu/src/behaviour/install/modularized_bhv_msgs/share/modularized_bhv_msgs/hook/ld_library_path_lib.ps1'
[6.171s] INFO:colcon.colcon_core.shell:Creating environment descriptor '/home/paulo/edromufu/src/behaviour/install/modularized_bhv_msgs/share/modularized_bhv_msgs/hook/ld_library_path_lib.dsv'
[6.171s] INFO:colcon.colcon_core.shell:Creating environment hook '/home/paulo/edromufu/src/behaviour/install/modularized_bhv_msgs/share/modularized_bhv_msgs/hook/ld_library_path_lib.sh'
[6.171s] Level 1:colcon.colcon_core.environment:checking '/home/paulo/edromufu/src/behaviour/install/modularized_bhv_msgs/bin'
[6.171s] Level 1:colcon.colcon_core.environment:checking '/home/paulo/edromufu/src/behaviour/install/modularized_bhv_msgs/lib/pkgconfig/modularized_bhv_msgs.pc'
[6.171s] Level 1:colcon.colcon_core.environment:checking '/home/paulo/edromufu/src/behaviour/install/modularized_bhv_msgs/lib/python3.10/site-packages'
[6.171s] Level 1:colcon.colcon_core.environment:checking '/home/paulo/edromufu/src/behaviour/install/modularized_bhv_msgs/bin'
[6.171s] INFO:colcon.colcon_core.shell:Creating package script '/home/paulo/edromufu/src/behaviour/install/modularized_bhv_msgs/share/modularized_bhv_msgs/package.ps1'
[6.172s] INFO:colcon.colcon_core.shell:Creating package descriptor '/home/paulo/edromufu/src/behaviour/install/modularized_bhv_msgs/share/modularized_bhv_msgs/package.dsv'
[6.172s] INFO:colcon.colcon_core.shell:Creating package script '/home/paulo/edromufu/src/behaviour/install/modularized_bhv_msgs/share/modularized_bhv_msgs/package.sh'
[6.172s] INFO:colcon.colcon_core.shell:Creating package script '/home/paulo/edromufu/src/behaviour/install/modularized_bhv_msgs/share/modularized_bhv_msgs/package.bash'
[6.172s] INFO:colcon.colcon_core.shell:Creating package script '/home/paulo/edromufu/src/behaviour/install/modularized_bhv_msgs/share/modularized_bhv_msgs/package.zsh'
[6.172s] Level 1:colcon.colcon_core.environment:create_file_with_runtime_dependencies(/home/paulo/edromufu/src/behaviour/install/modularized_bhv_msgs/share/colcon-core/packages/modularized_bhv_msgs)
[6.283s] Level 1:colcon.colcon_core.environment:create_environment_scripts_only(modularized_bhv_msgs)
[6.283s] Level 1:colcon.colcon_core.environment:checking '/home/paulo/edromufu/src/behaviour/install/modularized_bhv_msgs' for CMake module files
[6.284s] Level 1:colcon.colcon_core.environment:checking '/home/paulo/edromufu/src/behaviour/install/modularized_bhv_msgs' for CMake config files
[6.284s] Level 1:colcon.colcon_core.shell:create_environment_hook('modularized_bhv_msgs', 'cmake_prefix_path')
[6.285s] INFO:colcon.colcon_core.shell:Creating environment hook '/home/paulo/edromufu/src/behaviour/install/modularized_bhv_msgs/share/modularized_bhv_msgs/hook/cmake_prefix_path.ps1'
[6.285s] INFO:colcon.colcon_core.shell:Creating environment descriptor '/home/paulo/edromufu/src/behaviour/install/modularized_bhv_msgs/share/modularized_bhv_msgs/hook/cmake_prefix_path.dsv'
[6.286s] INFO:colcon.colcon_core.shell:Creating environment hook '/home/paulo/edromufu/src/behaviour/install/modularized_bhv_msgs/share/modularized_bhv_msgs/hook/cmake_prefix_path.sh'
[6.286s] Level 1:colcon.colcon_core.environment:checking '/home/paulo/edromufu/src/behaviour/install/modularized_bhv_msgs/lib'
[6.286s] Level 1:colcon.colcon_core.shell:create_environment_hook('modularized_bhv_msgs', 'ld_library_path_lib')
[6.286s] INFO:colcon.colcon_core.shell:Creating environment hook '/home/paulo/edromufu/src/behaviour/install/modularized_bhv_msgs/share/modularized_bhv_msgs/hook/ld_library_path_lib.ps1'
[6.286s] INFO:colcon.colcon_core.shell:Creating environment descriptor '/home/paulo/edromufu/src/behaviour/install/modularized_bhv_msgs/share/modularized_bhv_msgs/hook/ld_library_path_lib.dsv'
[6.287s] INFO:colcon.colcon_core.shell:Creating environment hook '/home/paulo/edromufu/src/behaviour/install/modularized_bhv_msgs/share/modularized_bhv_msgs/hook/ld_library_path_lib.sh'
[6.287s] Level 1:colcon.colcon_core.environment:checking '/home/paulo/edromufu/src/behaviour/install/modularized_bhv_msgs/bin'
[6.287s] Level 1:colcon.colcon_core.environment:checking '/home/paulo/edromufu/src/behaviour/install/modularized_bhv_msgs/lib/pkgconfig/modularized_bhv_msgs.pc'
[6.287s] Level 1:colcon.colcon_core.environment:checking '/home/paulo/edromufu/src/behaviour/install/modularized_bhv_msgs/lib/python3.10/site-packages'
[6.287s] Level 1:colcon.colcon_core.environment:checking '/home/paulo/edromufu/src/behaviour/install/modularized_bhv_msgs/bin'
[6.287s] INFO:colcon.colcon_core.shell:Creating package script '/home/paulo/edromufu/src/behaviour/install/modularized_bhv_msgs/share/modularized_bhv_msgs/package.ps1'
[6.288s] INFO:colcon.colcon_core.shell:Creating package descriptor '/home/paulo/edromufu/src/behaviour/install/modularized_bhv_msgs/share/modularized_bhv_msgs/package.dsv'
[6.288s] INFO:colcon.colcon_core.shell:Creating package script '/home/paulo/edromufu/src/behaviour/install/modularized_bhv_msgs/share/modularized_bhv_msgs/package.sh'
[6.288s] INFO:colcon.colcon_core.shell:Creating package script '/home/paulo/edromufu/src/behaviour/install/modularized_bhv_msgs/share/modularized_bhv_msgs/package.bash'
[6.289s] INFO:colcon.colcon_core.shell:Creating package script '/home/paulo/edromufu/src/behaviour/install/modularized_bhv_msgs/share/modularized_bhv_msgs/package.zsh'
[6.289s] Level 1:colcon.colcon_core.environment:create_file_with_runtime_dependencies(/home/paulo/edromufu/src/behaviour/install/modularized_bhv_msgs/share/colcon-core/packages/modularized_bhv_msgs)
[6.289s] DEBUG:colcon.colcon_parallel_executor.executor.parallel:closing loop
[6.290s] DEBUG:colcon.colcon_parallel_executor.executor.parallel:loop closed
[6.290s] DEBUG:colcon.colcon_parallel_executor.executor.parallel:run_until_complete finished with '0'
[6.290s] DEBUG:colcon.colcon_core.event_reactor:joining thread
[6.294s] INFO:colcon.colcon_core.plugin_system:Skipping extension 'colcon_notification.desktop_notification.terminal_notifier': Not used on non-Darwin systems
[6.294s] INFO:colcon.colcon_core.plugin_system:Skipping extension 'colcon_notification.desktop_notification.win32': Not used on non-Windows systems
[6.294s] INFO:colcon.colcon_notification.desktop_notification:Sending desktop notification using 'notify2'
[6.303s] DEBUG:colcon.colcon_core.event_reactor:joined thread
[6.303s] INFO:colcon.colcon_core.shell:Creating prefix script '/home/paulo/edromufu/src/behaviour/install/local_setup.ps1'
[6.304s] INFO:colcon.colcon_core.shell:Creating prefix util module '/home/paulo/edromufu/src/behaviour/install/_local_setup_util_ps1.py'
[6.305s] INFO:colcon.colcon_core.shell:Creating prefix chain script '/home/paulo/edromufu/src/behaviour/install/setup.ps1'
[6.306s] INFO:colcon.colcon_core.shell:Creating prefix script '/home/paulo/edromufu/src/behaviour/install/local_setup.sh'
[6.306s] INFO:colcon.colcon_core.shell:Creating prefix util module '/home/paulo/edromufu/src/behaviour/install/_local_setup_util_sh.py'
[6.307s] INFO:colcon.colcon_core.shell:Creating prefix chain script '/home/paulo/edromufu/src/behaviour/install/setup.sh'
[6.308s] INFO:colcon.colcon_core.shell:Creating prefix script '/home/paulo/edromufu/src/behaviour/install/local_setup.bash'
[6.308s] INFO:colcon.colcon_core.shell:Creating prefix chain script '/home/paulo/edromufu/src/behaviour/install/setup.bash'
[6.309s] INFO:colcon.colcon_core.shell:Creating prefix script '/home/paulo/edromufu/src/behaviour/install/local_setup.zsh'
[6.309s] INFO:colcon.colcon_core.shell:Creating prefix chain script '/home/paulo/edromufu/src/behaviour/install/setup.zsh'
