[0.645s] Invoking command in '/home/vtr_caixeta/edromufu/src/behaviour/build/bhv_independent_simulator': PYTHONPATH=/home/vtr_caixeta/edromufu/src/behaviour/build/bhv_independent_simulator/prefix_override:/usr/lib/python3/dist-packages/colcon_core/task/python/colcon_distutils_commands:/home/vtr_caixeta/edromufu/src/behaviour/install/bhv_independent_simulator/lib/python3.10/site-packages:${PYTHONPATH} /usr/bin/python3 -W ignore:setup.py install is deprecated -W ignore:easy_install command is deprecated setup.py develop --uninstall --editable --build-directory /home/vtr_caixeta/edromufu/src/behaviour/build/bhv_independent_simulator/build
[0.988s] running develop
[1.169s] Removing /home/vtr_caixeta/edromufu/src/behaviour/install/bhv_independent_simulator/lib/python3.10/site-packages/bhv-independent-simulator.egg-link (link to .)
[1.169s] Note: you must uninstall or replace scripts manually!
[1.196s] Invoked command in '/home/vtr_caixeta/edromufu/src/behaviour/build/bhv_independent_simulator' returned '0': PYTHONPATH=/home/vtr_caixeta/edromufu/src/behaviour/build/bhv_independent_simulator/prefix_override:/usr/lib/python3/dist-packages/colcon_core/task/python/colcon_distutils_commands:/home/vtr_caixeta/edromufu/src/behaviour/install/bhv_independent_simulator/lib/python3.10/site-packages:${PYTHONPATH} /usr/bin/python3 -W ignore:setup.py install is deprecated -W ignore:easy_install command is deprecated setup.py develop --uninstall --editable --build-directory /home/vtr_caixeta/edromufu/src/behaviour/build/bhv_independent_simulator/build
[1.198s] Invoking command in '/home/vtr_caixeta/edromufu/src/behaviour/bhv_independent_simulator': PYTHONPATH=/home/vtr_caixeta/edromufu/src/behaviour/build/bhv_independent_simulator/prefix_override:/usr/lib/python3/dist-packages/colcon_core/task/python/colcon_distutils_commands:/home/vtr_caixeta/edromufu/src/behaviour/install/bhv_independent_simulator/lib/python3.10/site-packages:${PYTHONPATH} /usr/bin/python3 -W ignore:setup.py install is deprecated -W ignore:easy_install command is deprecated setup.py egg_info --egg-base ../build/bhv_independent_simulator build --build-base /home/vtr_caixeta/edromufu/src/behaviour/build/bhv_independent_simulator/build install --record /home/vtr_caixeta/edromufu/src/behaviour/build/bhv_independent_simulator/install.log --single-version-externally-managed install_data --force
[1.433s] running egg_info
[1.434s] writing ../build/bhv_independent_simulator/bhv_independent_simulator.egg-info/PKG-INFO
[1.434s] writing dependency_links to ../build/bhv_independent_simulator/bhv_independent_simulator.egg-info/dependency_links.txt
[1.435s] writing entry points to ../build/bhv_independent_simulator/bhv_independent_simulator.egg-info/entry_points.txt
[1.435s] writing requirements to ../build/bhv_independent_simulator/bhv_independent_simulator.egg-info/requires.txt
[1.435s] writing top-level names to ../build/bhv_independent_simulator/bhv_independent_simulator.egg-info/top_level.txt
[1.439s] reading manifest file '../build/bhv_independent_simulator/bhv_independent_simulator.egg-info/SOURCES.txt'
[1.444s] writing manifest file '../build/bhv_independent_simulator/bhv_independent_simulator.egg-info/SOURCES.txt'
[1.444s] running build
[1.444s] running build_py
[1.444s] creating /home/vtr_caixeta/edromufu/src/behaviour/build/bhv_independent_simulator/build
[1.444s] creating /home/vtr_caixeta/edromufu/src/behaviour/build/bhv_independent_simulator/build/lib
[1.444s] creating /home/vtr_caixeta/edromufu/src/behaviour/build/bhv_independent_simulator/build/lib/bhv_independent_simulator
[1.444s] copying bhv_independent_simulator/__init__.py -> /home/vtr_caixeta/edromufu/src/behaviour/build/bhv_independent_simulator/build/lib/bhv_independent_simulator
[1.444s] copying bhv_independent_simulator/sensors_update.py -> /home/vtr_caixeta/edromufu/src/behaviour/build/bhv_independent_simulator/build/lib/bhv_independent_simulator
[1.444s] copying bhv_independent_simulator/color_based_vision_for_sim.py -> /home/vtr_caixeta/edromufu/src/behaviour/build/bhv_independent_simulator/build/lib/bhv_independent_simulator
[1.445s] copying bhv_independent_simulator/hsv.py -> /home/vtr_caixeta/edromufu/src/behaviour/build/bhv_independent_simulator/build/lib/bhv_independent_simulator
[1.445s] copying bhv_independent_simulator/move_head.py -> /home/vtr_caixeta/edromufu/src/behaviour/build/bhv_independent_simulator/build/lib/bhv_independent_simulator
[1.445s] copying bhv_independent_simulator/robot_3D_moves.py -> /home/vtr_caixeta/edromufu/src/behaviour/build/bhv_independent_simulator/build/lib/bhv_independent_simulator
[1.445s] copying bhv_independent_simulator/setup.py -> /home/vtr_caixeta/edromufu/src/behaviour/build/bhv_independent_simulator/build/lib/bhv_independent_simulator
[1.445s] copying bhv_independent_simulator/sim_page_exec.py -> /home/vtr_caixeta/edromufu/src/behaviour/build/bhv_independent_simulator/build/lib/bhv_independent_simulator
[1.445s] copying bhv_independent_simulator/bhv_sim.py -> /home/vtr_caixeta/edromufu/src/behaviour/build/bhv_independent_simulator/build/lib/bhv_independent_simulator
[1.445s] running build_scripts
[1.445s] creating /home/vtr_caixeta/edromufu/src/behaviour/build/bhv_independent_simulator/build/scripts-3.10
[1.445s] copying and adjusting scripts/bhv_sim -> /home/vtr_caixeta/edromufu/src/behaviour/build/bhv_independent_simulator/build/scripts-3.10
[1.446s] changing mode of /home/vtr_caixeta/edromufu/src/behaviour/build/bhv_independent_simulator/build/scripts-3.10/bhv_sim from 664 to 775
[1.446s] running install
[1.446s] running install_lib
[1.447s] creating /home/vtr_caixeta/edromufu/src/behaviour/install/bhv_independent_simulator/lib/python3.10/site-packages/bhv_independent_simulator
[1.447s] copying /home/vtr_caixeta/edromufu/src/behaviour/build/bhv_independent_simulator/build/lib/bhv_independent_simulator/__init__.py -> /home/vtr_caixeta/edromufu/src/behaviour/install/bhv_independent_simulator/lib/python3.10/site-packages/bhv_independent_simulator
[1.447s] copying /home/vtr_caixeta/edromufu/src/behaviour/build/bhv_independent_simulator/build/lib/bhv_independent_simulator/sensors_update.py -> /home/vtr_caixeta/edromufu/src/behaviour/install/bhv_independent_simulator/lib/python3.10/site-packages/bhv_independent_simulator
[1.447s] copying /home/vtr_caixeta/edromufu/src/behaviour/build/bhv_independent_simulator/build/lib/bhv_independent_simulator/color_based_vision_for_sim.py -> /home/vtr_caixeta/edromufu/src/behaviour/install/bhv_independent_simulator/lib/python3.10/site-packages/bhv_independent_simulator
[1.447s] copying /home/vtr_caixeta/edromufu/src/behaviour/build/bhv_independent_simulator/build/lib/bhv_independent_simulator/hsv.py -> /home/vtr_caixeta/edromufu/src/behaviour/install/bhv_independent_simulator/lib/python3.10/site-packages/bhv_independent_simulator
[1.447s] copying /home/vtr_caixeta/edromufu/src/behaviour/build/bhv_independent_simulator/build/lib/bhv_independent_simulator/move_head.py -> /home/vtr_caixeta/edromufu/src/behaviour/install/bhv_independent_simulator/lib/python3.10/site-packages/bhv_independent_simulator
[1.447s] copying /home/vtr_caixeta/edromufu/src/behaviour/build/bhv_independent_simulator/build/lib/bhv_independent_simulator/robot_3D_moves.py -> /home/vtr_caixeta/edromufu/src/behaviour/install/bhv_independent_simulator/lib/python3.10/site-packages/bhv_independent_simulator
[1.448s] copying /home/vtr_caixeta/edromufu/src/behaviour/build/bhv_independent_simulator/build/lib/bhv_independent_simulator/setup.py -> /home/vtr_caixeta/edromufu/src/behaviour/install/bhv_independent_simulator/lib/python3.10/site-packages/bhv_independent_simulator
[1.448s] copying /home/vtr_caixeta/edromufu/src/behaviour/build/bhv_independent_simulator/build/lib/bhv_independent_simulator/sim_page_exec.py -> /home/vtr_caixeta/edromufu/src/behaviour/install/bhv_independent_simulator/lib/python3.10/site-packages/bhv_independent_simulator
[1.448s] copying /home/vtr_caixeta/edromufu/src/behaviour/build/bhv_independent_simulator/build/lib/bhv_independent_simulator/bhv_sim.py -> /home/vtr_caixeta/edromufu/src/behaviour/install/bhv_independent_simulator/lib/python3.10/site-packages/bhv_independent_simulator
[1.448s] byte-compiling /home/vtr_caixeta/edromufu/src/behaviour/install/bhv_independent_simulator/lib/python3.10/site-packages/bhv_independent_simulator/__init__.py to __init__.cpython-310.pyc
[1.448s] byte-compiling /home/vtr_caixeta/edromufu/src/behaviour/install/bhv_independent_simulator/lib/python3.10/site-packages/bhv_independent_simulator/sensors_update.py to sensors_update.cpython-310.pyc
[1.449s] byte-compiling /home/vtr_caixeta/edromufu/src/behaviour/install/bhv_independent_simulator/lib/python3.10/site-packages/bhv_independent_simulator/color_based_vision_for_sim.py to color_based_vision_for_sim.cpython-310.pyc
[1.450s] byte-compiling /home/vtr_caixeta/edromufu/src/behaviour/install/bhv_independent_simulator/lib/python3.10/site-packages/bhv_independent_simulator/hsv.py to hsv.cpython-310.pyc
[1.451s] byte-compiling /home/vtr_caixeta/edromufu/src/behaviour/install/bhv_independent_simulator/lib/python3.10/site-packages/bhv_independent_simulator/move_head.py to move_head.cpython-310.pyc
[1.452s] byte-compiling /home/vtr_caixeta/edromufu/src/behaviour/install/bhv_independent_simulator/lib/python3.10/site-packages/bhv_independent_simulator/robot_3D_moves.py to robot_3D_moves.cpython-310.pyc
[1.452s] byte-compiling /home/vtr_caixeta/edromufu/src/behaviour/install/bhv_independent_simulator/lib/python3.10/site-packages/bhv_independent_simulator/setup.py to setup.cpython-310.pyc
[1.453s] byte-compiling /home/vtr_caixeta/edromufu/src/behaviour/install/bhv_independent_simulator/lib/python3.10/site-packages/bhv_independent_simulator/sim_page_exec.py to sim_page_exec.cpython-310.pyc
[1.453s] byte-compiling /home/vtr_caixeta/edromufu/src/behaviour/install/bhv_independent_simulator/lib/python3.10/site-packages/bhv_independent_simulator/bhv_sim.py to bhv_sim.cpython-310.pyc
[1.454s] running install_data
[1.454s] copying resource/bhv_independent_simulator -> /home/vtr_caixeta/edromufu/src/behaviour/install/bhv_independent_simulator/share/ament_index/resource_index/packages
[1.454s] copying package.xml -> /home/vtr_caixeta/edromufu/src/behaviour/install/bhv_independent_simulator/share/bhv_independent_simulator
[1.455s] copying launch/behaviour_simulator.launch.py -> /home/vtr_caixeta/edromufu/src/behaviour/install/bhv_independent_simulator/share/bhv_independent_simulator/launch
[1.455s] copying launch/start_sim_world.launch.py -> /home/vtr_caixeta/edromufu/src/behaviour/install/bhv_independent_simulator/share/bhv_independent_simulator/launch
[1.456s] copying launch/test.launch.py -> /home/vtr_caixeta/edromufu/src/behaviour/install/bhv_independent_simulator/share/bhv_independent_simulator/launch
[1.456s] copying launch/webots.launch.py -> /home/vtr_caixeta/edromufu/src/behaviour/install/bhv_independent_simulator/share/bhv_independent_simulator/launch
[1.456s] copying launch/start_sim_supervisor.launch.py -> /home/vtr_caixeta/edromufu/src/behaviour/install/bhv_independent_simulator/share/bhv_independent_simulator/launch
[1.456s] running install_egg_info
[1.458s] Copying ../build/bhv_independent_simulator/bhv_independent_simulator.egg-info to /home/vtr_caixeta/edromufu/src/behaviour/install/bhv_independent_simulator/lib/python3.10/site-packages/bhv_independent_simulator-0.0.0-py3.10.egg-info
[1.459s] running install_scripts
[1.478s] copying /home/vtr_caixeta/edromufu/src/behaviour/build/bhv_independent_simulator/build/scripts-3.10/bhv_sim -> /home/vtr_caixeta/edromufu/src/behaviour/install/bhv_independent_simulator/bin
[1.478s] changing mode of /home/vtr_caixeta/edromufu/src/behaviour/install/bhv_independent_simulator/bin/bhv_sim to 775
[1.479s] Installing bhv_sim script to /home/vtr_caixeta/edromufu/src/behaviour/install/bhv_independent_simulator/bin
[1.480s] writing list of installed files to '/home/vtr_caixeta/edromufu/src/behaviour/build/bhv_independent_simulator/install.log'
[1.504s] Invoked command in '/home/vtr_caixeta/edromufu/src/behaviour/bhv_independent_simulator' returned '0': PYTHONPATH=/home/vtr_caixeta/edromufu/src/behaviour/build/bhv_independent_simulator/prefix_override:/usr/lib/python3/dist-packages/colcon_core/task/python/colcon_distutils_commands:/home/vtr_caixeta/edromufu/src/behaviour/install/bhv_independent_simulator/lib/python3.10/site-packages:${PYTHONPATH} /usr/bin/python3 -W ignore:setup.py install is deprecated -W ignore:easy_install command is deprecated setup.py egg_info --egg-base ../build/bhv_independent_simulator build --build-base /home/vtr_caixeta/edromufu/src/behaviour/build/bhv_independent_simulator/build install --record /home/vtr_caixeta/edromufu/src/behaviour/build/bhv_independent_simulator/install.log --single-version-externally-managed install_data --force
