[1.331s] Invoking command in '/home/paulo/edromufu/src/movement/Ros2_change/src/kinematic_functions': PYTHONPATH=/home/paulo/edromufu/src/movement/Ros2_change/build/kinematic_functions/prefix_override:/usr/lib/python3/dist-packages/colcon_core/task/python/colcon_distutils_commands:/home/paulo/edromufu/src/movement/Ros2_change/install/kinematic_functions/lib/python3.10/site-packages:${PYTHONPATH} /usr/bin/python3 -W ignore:setup.py install is deprecated setup.py egg_info --egg-base ../../build/kinematic_functions build --build-base /home/paulo/edromufu/src/movement/Ros2_change/build/kinematic_functions/build install --record /home/paulo/edromufu/src/movement/Ros2_change/build/kinematic_functions/install.log --single-version-externally-managed install_data
[1.592s] running egg_info
[1.594s] writing ../../build/kinematic_functions/kinematic_functions.egg-info/PKG-INFO
[1.594s] writing dependency_links to ../../build/kinematic_functions/kinematic_functions.egg-info/dependency_links.txt
[1.594s] writing entry points to ../../build/kinematic_functions/kinematic_functions.egg-info/entry_points.txt
[1.594s] writing requirements to ../../build/kinematic_functions/kinematic_functions.egg-info/requires.txt
[1.594s] writing top-level names to ../../build/kinematic_functions/kinematic_functions.egg-info/top_level.txt
[1.596s] reading manifest file '../../build/kinematic_functions/kinematic_functions.egg-info/SOURCES.txt'
[1.596s] writing manifest file '../../build/kinematic_functions/kinematic_functions.egg-info/SOURCES.txt'
[1.596s] running build
[1.597s] running build_py
[1.597s] running install
[1.597s] running install_lib
[1.598s] running install_data
[1.598s] running install_egg_info
[1.600s] removing '/home/paulo/edromufu/src/movement/Ros2_change/install/kinematic_functions/lib/python3.10/site-packages/kinematic_functions-0.0.0-py3.10.egg-info' (and everything under it)
[1.600s] Copying ../../build/kinematic_functions/kinematic_functions.egg-info to /home/paulo/edromufu/src/movement/Ros2_change/install/kinematic_functions/lib/python3.10/site-packages/kinematic_functions-0.0.0-py3.10.egg-info
[1.601s] running install_scripts
[1.621s] writing list of installed files to '/home/paulo/edromufu/src/movement/Ros2_change/build/kinematic_functions/install.log'
[2.058s] Invoked command in '/home/paulo/edromufu/src/movement/Ros2_change/src/kinematic_functions' returned '0': PYTHONPATH=/home/paulo/edromufu/src/movement/Ros2_change/build/kinematic_functions/prefix_override:/usr/lib/python3/dist-packages/colcon_core/task/python/colcon_distutils_commands:/home/paulo/edromufu/src/movement/Ros2_change/install/kinematic_functions/lib/python3.10/site-packages:${PYTHONPATH} /usr/bin/python3 -W ignore:setup.py install is deprecated setup.py egg_info --egg-base ../../build/kinematic_functions build --build-base /home/paulo/edromufu/src/movement/Ros2_change/build/kinematic_functions/build install --record /home/paulo/edromufu/src/movement/Ros2_change/build/kinematic_functions/install.log --single-version-externally-managed install_data
