running egg_info
creating ../../build/u2d2_comm/u2d2_comm.egg-info
writing ../../build/u2d2_comm/u2d2_comm.egg-info/PKG-INFO
writing dependency_links to ../../build/u2d2_comm/u2d2_comm.egg-info/dependency_links.txt
writing entry points to ../../build/u2d2_comm/u2d2_comm.egg-info/entry_points.txt
writing requirements to ../../build/u2d2_comm/u2d2_comm.egg-info/requires.txt
writing top-level names to ../../build/u2d2_comm/u2d2_comm.egg-info/top_level.txt
writing manifest file '../../build/u2d2_comm/u2d2_comm.egg-info/SOURCES.txt'
reading manifest file '../../build/u2d2_comm/u2d2_comm.egg-info/SOURCES.txt'
adding license file 'LICENSE'
writing manifest file '../../build/u2d2_comm/u2d2_comm.egg-info/SOURCES.txt'
running build
running build_py
creating /home/edrom-mini/edromufu/src/movement/Ros2_change/build/u2d2_comm/build
creating /home/edrom-mini/edromufu/src/movement/Ros2_change/build/u2d2_comm/build/lib
creating /home/edrom-mini/edromufu/src/movement/Ros2_change/build/u2d2_comm/build/lib/u2d2_comm
copying u2d2_comm/__init__.py -> /home/edrom-mini/edromufu/src/movement/Ros2_change/build/u2d2_comm/build/lib/u2d2_comm
copying u2d2_comm/dynamixel_sdk_test.py -> /home/edrom-mini/edromufu/src/movement/Ros2_change/build/u2d2_comm/build/lib/u2d2_comm
copying u2d2_comm/dynamixel_sdk_comm.py -> /home/edrom-mini/edromufu/src/movement/Ros2_change/build/u2d2_comm/build/lib/u2d2_comm
running install
running install_lib
copying /home/edrom-mini/edromufu/src/movement/Ros2_change/build/u2d2_comm/build/lib/u2d2_comm/__init__.py -> /home/edrom-mini/edromufu/src/movement/Ros2_change/install/u2d2_comm/lib/python3.10/site-packages/u2d2_comm
copying /home/edrom-mini/edromufu/src/movement/Ros2_change/build/u2d2_comm/build/lib/u2d2_comm/dynamixel_sdk_test.py -> /home/edrom-mini/edromufu/src/movement/Ros2_change/install/u2d2_comm/lib/python3.10/site-packages/u2d2_comm
copying /home/edrom-mini/edromufu/src/movement/Ros2_change/build/u2d2_comm/build/lib/u2d2_comm/dynamixel_sdk_comm.py -> /home/edrom-mini/edromufu/src/movement/Ros2_change/install/u2d2_comm/lib/python3.10/site-packages/u2d2_comm
byte-compiling /home/edrom-mini/edromufu/src/movement/Ros2_change/install/u2d2_comm/lib/python3.10/site-packages/u2d2_comm/__init__.py to __init__.cpython-310.pyc
byte-compiling /home/edrom-mini/edromufu/src/movement/Ros2_change/install/u2d2_comm/lib/python3.10/site-packages/u2d2_comm/dynamixel_sdk_test.py to dynamixel_sdk_test.cpython-310.pyc
byte-compiling /home/edrom-mini/edromufu/src/movement/Ros2_change/install/u2d2_comm/lib/python3.10/site-packages/u2d2_comm/dynamixel_sdk_comm.py to dynamixel_sdk_comm.cpython-310.pyc
running install_data
copying resource/u2d2_comm -> /home/edrom-mini/edromufu/src/movement/Ros2_change/install/u2d2_comm/share/ament_index/resource_index/packages
copying package.xml -> /home/edrom-mini/edromufu/src/movement/Ros2_change/install/u2d2_comm/share/u2d2_comm
running install_egg_info
removing '/home/edrom-mini/edromufu/src/movement/Ros2_change/install/u2d2_comm/lib/python3.10/site-packages/u2d2_comm-0.0.0-py3.10.egg-info' (and everything under it)
Copying ../../build/u2d2_comm/u2d2_comm.egg-info to /home/edrom-mini/edromufu/src/movement/Ros2_change/install/u2d2_comm/lib/python3.10/site-packages/u2d2_comm-0.0.0-py3.10.egg-info
running install_scripts
Installing dynamixel_sdk_comm script to /home/edrom-mini/edromufu/src/movement/Ros2_change/install/u2d2_comm/lib/u2d2_comm
Installing dynamixel_sdk_test script to /home/edrom-mini/edromufu/src/movement/Ros2_change/install/u2d2_comm/lib/u2d2_comm
writing list of installed files to '/home/edrom-mini/edromufu/src/movement/Ros2_change/build/u2d2_comm/install.log'
