[1.595s] Invoking command in '/home/pedrohperes/edromufu/src/movement/Ros2_change/src/u2d2_comm': AMENT_PREFIX_PATH=/home/pedrohperes/edromufu/src/movement/Ros2_change/src/install/movement_utils:${AMENT_PREFIX_PATH} CMAKE_PREFIX_PATH=/home/pedrohperes/edromufu/src/movement/Ros2_change/src/install/movement_utils:${CMAKE_PREFIX_PATH} LD_LIBRARY_PATH=/home/pedrohperes/edromufu/src/movement/Ros2_change/src/install/movement_utils/lib:${LD_LIBRARY_PATH} PYTHONPATH=/home/pedrohperes/edromufu/src/movement/Ros2_change/src/build/u2d2_comm/prefix_override:/home/pedrohperes/edromufu/src/movement/Ros2_change/src/install/u2d2_comm/lib/python3.10/site-packages:/home/pedrohperes/edromufu/src/movement/Ros2_change/src/install/movement_utils/local/lib/python3.10/dist-packages:${PYTHONPATH} /usr/bin/python3 -W ignore:setup.py install is deprecated setup.py egg_info --egg-base ../build/u2d2_comm build --build-base /home/pedrohperes/edromufu/src/movement/Ros2_change/src/build/u2d2_comm/build install --record /home/pedrohperes/edromufu/src/movement/Ros2_change/src/build/u2d2_comm/install.log --single-version-externally-managed install_data
[1.872s] running egg_info
[1.873s] writing ../build/u2d2_comm/u2d2_comm.egg-info/PKG-INFO
[1.873s] writing dependency_links to ../build/u2d2_comm/u2d2_comm.egg-info/dependency_links.txt
[1.874s] writing entry points to ../build/u2d2_comm/u2d2_comm.egg-info/entry_points.txt
[1.874s] writing requirements to ../build/u2d2_comm/u2d2_comm.egg-info/requires.txt
[1.874s] writing top-level names to ../build/u2d2_comm/u2d2_comm.egg-info/top_level.txt
[1.876s] reading manifest file '../build/u2d2_comm/u2d2_comm.egg-info/SOURCES.txt'
[1.877s] adding license file 'LICENSE'
[1.878s] writing manifest file '../build/u2d2_comm/u2d2_comm.egg-info/SOURCES.txt'
[1.878s] running build
[1.878s] running build_py
[1.878s] running install
[1.879s] running install_lib
[1.881s] running install_data
[1.881s] running install_egg_info
[1.883s] removing '/home/pedrohperes/edromufu/src/movement/Ros2_change/src/install/u2d2_comm/lib/python3.10/site-packages/u2d2_comm-0.0.0-py3.10.egg-info' (and everything under it)
[1.883s] Copying ../build/u2d2_comm/u2d2_comm.egg-info to /home/pedrohperes/edromufu/src/movement/Ros2_change/src/install/u2d2_comm/lib/python3.10/site-packages/u2d2_comm-0.0.0-py3.10.egg-info
[1.884s] running install_scripts
[1.904s] Installing dynamixel_sdk_comm script to /home/pedrohperes/edromufu/src/movement/Ros2_change/src/install/u2d2_comm/lib/u2d2_comm
[1.904s] Installing dynamixel_sdk_test script to /home/pedrohperes/edromufu/src/movement/Ros2_change/src/install/u2d2_comm/lib/u2d2_comm
[1.905s] writing list of installed files to '/home/pedrohperes/edromufu/src/movement/Ros2_change/src/build/u2d2_comm/install.log'
[1.939s] Invoked command in '/home/pedrohperes/edromufu/src/movement/Ros2_change/src/u2d2_comm' returned '0': AMENT_PREFIX_PATH=/home/pedrohperes/edromufu/src/movement/Ros2_change/src/install/movement_utils:${AMENT_PREFIX_PATH} CMAKE_PREFIX_PATH=/home/pedrohperes/edromufu/src/movement/Ros2_change/src/install/movement_utils:${CMAKE_PREFIX_PATH} LD_LIBRARY_PATH=/home/pedrohperes/edromufu/src/movement/Ros2_change/src/install/movement_utils/lib:${LD_LIBRARY_PATH} PYTHONPATH=/home/pedrohperes/edromufu/src/movement/Ros2_change/src/build/u2d2_comm/prefix_override:/home/pedrohperes/edromufu/src/movement/Ros2_change/src/install/u2d2_comm/lib/python3.10/site-packages:/home/pedrohperes/edromufu/src/movement/Ros2_change/src/install/movement_utils/local/lib/python3.10/dist-packages:${PYTHONPATH} /usr/bin/python3 -W ignore:setup.py install is deprecated setup.py egg_info --egg-base ../build/u2d2_comm build --build-base /home/pedrohperes/edromufu/src/movement/Ros2_change/src/build/u2d2_comm/build install --record /home/pedrohperes/edromufu/src/movement/Ros2_change/src/build/u2d2_comm/install.log --single-version-externally-managed install_data
