[1.798s] Invoking command in '/home/pedrohperes/edromufu/src/movement/Ros2_change/src/kinematic_functions': PYTHONPATH=/home/pedrohperes/edromufu/src/movement/Ros2_change/build/kinematic_functions/prefix_override:/home/pedrohperes/edromufu/src/movement/Ros2_change/install/kinematic_functions/lib/python3.10/site-packages:${PYTHONPATH} /usr/bin/python3 -W ignore:setup.py install is deprecated setup.py egg_info --egg-base ../../build/kinematic_functions build --build-base /home/pedrohperes/edromufu/src/movement/Ros2_change/build/kinematic_functions/build install --record /home/pedrohperes/edromufu/src/movement/Ros2_change/build/kinematic_functions/install.log --single-version-externally-managed install_data
[2.053s] running egg_info
[2.054s] writing ../../build/kinematic_functions/kinematic_functions.egg-info/PKG-INFO
[2.055s] writing dependency_links to ../../build/kinematic_functions/kinematic_functions.egg-info/dependency_links.txt
[2.055s] writing entry points to ../../build/kinematic_functions/kinematic_functions.egg-info/entry_points.txt
[2.055s] writing requirements to ../../build/kinematic_functions/kinematic_functions.egg-info/requires.txt
[2.055s] writing top-level names to ../../build/kinematic_functions/kinematic_functions.egg-info/top_level.txt
[2.056s] reading manifest file '../../build/kinematic_functions/kinematic_functions.egg-info/SOURCES.txt'
[2.058s] writing manifest file '../../build/kinematic_functions/kinematic_functions.egg-info/SOURCES.txt'
[2.058s] running build
[2.058s] running build_py
[2.059s] running install
[2.059s] running install_lib
[2.060s] running install_data
[2.061s] running install_egg_info
[2.062s] removing '/home/pedrohperes/edromufu/src/movement/Ros2_change/install/kinematic_functions/lib/python3.10/site-packages/kinematic_functions-0.0.0-py3.10.egg-info' (and everything under it)
[2.062s] Copying ../../build/kinematic_functions/kinematic_functions.egg-info to /home/pedrohperes/edromufu/src/movement/Ros2_change/install/kinematic_functions/lib/python3.10/site-packages/kinematic_functions-0.0.0-py3.10.egg-info
[2.063s] running install_scripts
[2.083s] writing list of installed files to '/home/pedrohperes/edromufu/src/movement/Ros2_change/build/kinematic_functions/install.log'
[2.115s] Invoked command in '/home/pedrohperes/edromufu/src/movement/Ros2_change/src/kinematic_functions' returned '0': PYTHONPATH=/home/pedrohperes/edromufu/src/movement/Ros2_change/build/kinematic_functions/prefix_override:/home/pedrohperes/edromufu/src/movement/Ros2_change/install/kinematic_functions/lib/python3.10/site-packages:${PYTHONPATH} /usr/bin/python3 -W ignore:setup.py install is deprecated setup.py egg_info --egg-base ../../build/kinematic_functions build --build-base /home/pedrohperes/edromufu/src/movement/Ros2_change/build/kinematic_functions/build install --record /home/pedrohperes/edromufu/src/movement/Ros2_change/build/kinematic_functions/install.log --single-version-externally-managed install_data
