running egg_info
creating ../build/bhv_independent_simulator/bhv_independent_simulator.egg-info
writing ../build/bhv_independent_simulator/bhv_independent_simulator.egg-info/PKG-INFO
writing dependency_links to ../build/bhv_independent_simulator/bhv_independent_simulator.egg-info/dependency_links.txt
writing entry points to ../build/bhv_independent_simulator/bhv_independent_simulator.egg-info/entry_points.txt
writing requirements to ../build/bhv_independent_simulator/bhv_independent_simulator.egg-info/requires.txt
writing top-level names to ../build/bhv_independent_simulator/bhv_independent_simulator.egg-info/top_level.txt
writing manifest file '../build/bhv_independent_simulator/bhv_independent_simulator.egg-info/SOURCES.txt'
reading manifest file '../build/bhv_independent_simulator/bhv_independent_simulator.egg-info/SOURCES.txt'
adding license file 'LICENSE'
writing manifest file '../build/bhv_independent_simulator/bhv_independent_simulator.egg-info/SOURCES.txt'
running build
running build_py
creating /home/paulo/edromufu/src/behaviour/build/bhv_independent_simulator/build
creating /home/paulo/edromufu/src/behaviour/build/bhv_independent_simulator/build/lib
creating /home/paulo/edromufu/src/behaviour/build/bhv_independent_simulator/build/lib/bhv_independent_simulator
copying bhv_independent_simulator/__init__.py -> /home/paulo/edromufu/src/behaviour/build/bhv_independent_simulator/build/lib/bhv_independent_simulator
copying bhv_independent_simulator/move_head.py -> /home/paulo/edromufu/src/behaviour/build/bhv_independent_simulator/build/lib/bhv_independent_simulator
copying bhv_independent_simulator/color_based_vision_for_sim.py -> /home/paulo/edromufu/src/behaviour/build/bhv_independent_simulator/build/lib/bhv_independent_simulator
copying bhv_independent_simulator/hsv.py -> /home/paulo/edromufu/src/behaviour/build/bhv_independent_simulator/build/lib/bhv_independent_simulator
copying bhv_independent_simulator/sensors_update.py -> /home/paulo/edromufu/src/behaviour/build/bhv_independent_simulator/build/lib/bhv_independent_simulator
copying bhv_independent_simulator/robot_3D_moves.py -> /home/paulo/edromufu/src/behaviour/build/bhv_independent_simulator/build/lib/bhv_independent_simulator
copying bhv_independent_simulator/sim_page_exec.py -> /home/paulo/edromufu/src/behaviour/build/bhv_independent_simulator/build/lib/bhv_independent_simulator
copying bhv_independent_simulator/bhv_sim.py -> /home/paulo/edromufu/src/behaviour/build/bhv_independent_simulator/build/lib/bhv_independent_simulator
running install
running install_lib
creating /home/paulo/edromufu/src/behaviour/install/bhv_independent_simulator/lib/python3.10/site-packages/bhv_independent_simulator
copying /home/paulo/edromufu/src/behaviour/build/bhv_independent_simulator/build/lib/bhv_independent_simulator/__init__.py -> /home/paulo/edromufu/src/behaviour/install/bhv_independent_simulator/lib/python3.10/site-packages/bhv_independent_simulator
copying /home/paulo/edromufu/src/behaviour/build/bhv_independent_simulator/build/lib/bhv_independent_simulator/move_head.py -> /home/paulo/edromufu/src/behaviour/install/bhv_independent_simulator/lib/python3.10/site-packages/bhv_independent_simulator
copying /home/paulo/edromufu/src/behaviour/build/bhv_independent_simulator/build/lib/bhv_independent_simulator/color_based_vision_for_sim.py -> /home/paulo/edromufu/src/behaviour/install/bhv_independent_simulator/lib/python3.10/site-packages/bhv_independent_simulator
copying /home/paulo/edromufu/src/behaviour/build/bhv_independent_simulator/build/lib/bhv_independent_simulator/hsv.py -> /home/paulo/edromufu/src/behaviour/install/bhv_independent_simulator/lib/python3.10/site-packages/bhv_independent_simulator
copying /home/paulo/edromufu/src/behaviour/build/bhv_independent_simulator/build/lib/bhv_independent_simulator/sensors_update.py -> /home/paulo/edromufu/src/behaviour/install/bhv_independent_simulator/lib/python3.10/site-packages/bhv_independent_simulator
copying /home/paulo/edromufu/src/behaviour/build/bhv_independent_simulator/build/lib/bhv_independent_simulator/robot_3D_moves.py -> /home/paulo/edromufu/src/behaviour/install/bhv_independent_simulator/lib/python3.10/site-packages/bhv_independent_simulator
copying /home/paulo/edromufu/src/behaviour/build/bhv_independent_simulator/build/lib/bhv_independent_simulator/sim_page_exec.py -> /home/paulo/edromufu/src/behaviour/install/bhv_independent_simulator/lib/python3.10/site-packages/bhv_independent_simulator
copying /home/paulo/edromufu/src/behaviour/build/bhv_independent_simulator/build/lib/bhv_independent_simulator/bhv_sim.py -> /home/paulo/edromufu/src/behaviour/install/bhv_independent_simulator/lib/python3.10/site-packages/bhv_independent_simulator
byte-compiling /home/paulo/edromufu/src/behaviour/install/bhv_independent_simulator/lib/python3.10/site-packages/bhv_independent_simulator/__init__.py to __init__.cpython-310.pyc
byte-compiling /home/paulo/edromufu/src/behaviour/install/bhv_independent_simulator/lib/python3.10/site-packages/bhv_independent_simulator/move_head.py to move_head.cpython-310.pyc
byte-compiling /home/paulo/edromufu/src/behaviour/install/bhv_independent_simulator/lib/python3.10/site-packages/bhv_independent_simulator/color_based_vision_for_sim.py to color_based_vision_for_sim.cpython-310.pyc
byte-compiling /home/paulo/edromufu/src/behaviour/install/bhv_independent_simulator/lib/python3.10/site-packages/bhv_independent_simulator/hsv.py to hsv.cpython-310.pyc
byte-compiling /home/paulo/edromufu/src/behaviour/install/bhv_independent_simulator/lib/python3.10/site-packages/bhv_independent_simulator/sensors_update.py to sensors_update.cpython-310.pyc
byte-compiling /home/paulo/edromufu/src/behaviour/install/bhv_independent_simulator/lib/python3.10/site-packages/bhv_independent_simulator/robot_3D_moves.py to robot_3D_moves.cpython-310.pyc
byte-compiling /home/paulo/edromufu/src/behaviour/install/bhv_independent_simulator/lib/python3.10/site-packages/bhv_independent_simulator/sim_page_exec.py to sim_page_exec.cpython-310.pyc
byte-compiling /home/paulo/edromufu/src/behaviour/install/bhv_independent_simulator/lib/python3.10/site-packages/bhv_independent_simulator/bhv_sim.py to bhv_sim.cpython-310.pyc
running install_data
creating /home/paulo/edromufu/src/behaviour/install/bhv_independent_simulator/share/ament_index
creating /home/paulo/edromufu/src/behaviour/install/bhv_independent_simulator/share/ament_index/resource_index
creating /home/paulo/edromufu/src/behaviour/install/bhv_independent_simulator/share/ament_index/resource_index/packages
copying resource/bhv_independent_simulator -> /home/paulo/edromufu/src/behaviour/install/bhv_independent_simulator/share/ament_index/resource_index/packages
copying package.xml -> /home/paulo/edromufu/src/behaviour/install/bhv_independent_simulator/share/bhv_independent_simulator
running install_egg_info
Copying ../build/bhv_independent_simulator/bhv_independent_simulator.egg-info to /home/paulo/edromufu/src/behaviour/install/bhv_independent_simulator/lib/python3.10/site-packages/bhv_independent_simulator-0.0.0-py3.10.egg-info
running install_scripts
writing list of installed files to '/home/paulo/edromufu/src/behaviour/build/bhv_independent_simulator/install.log'
