[1.998s] Invoking command in '/home/pedrohperes/edromufu/src/movement/Ros2_change/src/erro_package': PYTHONPATH=/home/pedrohperes/edromufu/src/movement/Ros2_change/src/build/erro_package/prefix_override:/home/pedrohperes/edromufu/src/movement/Ros2_change/src/install/erro_package/lib/python3.10/site-packages:${PYTHONPATH} /usr/bin/python3 -W ignore:setup.py install is deprecated setup.py egg_info --egg-base ../build/erro_package build --build-base /home/pedrohperes/edromufu/src/movement/Ros2_change/src/build/erro_package/build install --record /home/pedrohperes/edromufu/src/movement/Ros2_change/src/build/erro_package/install.log --single-version-externally-managed install_data
[2.307s] running egg_info
[2.308s] writing ../build/erro_package/erro_package.egg-info/PKG-INFO
[2.308s] writing dependency_links to ../build/erro_package/erro_package.egg-info/dependency_links.txt
[2.308s] writing entry points to ../build/erro_package/erro_package.egg-info/entry_points.txt
[2.308s] writing requirements to ../build/erro_package/erro_package.egg-info/requires.txt
[2.308s] writing top-level names to ../build/erro_package/erro_package.egg-info/top_level.txt
[2.311s] reading manifest file '../build/erro_package/erro_package.egg-info/SOURCES.txt'
[2.312s] writing manifest file '../build/erro_package/erro_package.egg-info/SOURCES.txt'
[2.312s] running build
[2.312s] running build_py
[2.312s] copying erro_package/erro_publisher.py -> /home/pedrohperes/edromufu/src/movement/Ros2_change/src/build/erro_package/build/lib/erro_package
[2.312s] running install
[2.313s] running install_lib
[2.314s] copying /home/pedrohperes/edromufu/src/movement/Ros2_change/src/build/erro_package/build/lib/erro_package/erro_publisher.py -> /home/pedrohperes/edromufu/src/movement/Ros2_change/src/install/erro_package/lib/python3.10/site-packages/erro_package
[2.314s] byte-compiling /home/pedrohperes/edromufu/src/movement/Ros2_change/src/install/erro_package/lib/python3.10/site-packages/erro_package/erro_publisher.py to erro_publisher.cpython-310.pyc
[2.315s] running install_data
[2.315s] running install_egg_info
[2.317s] removing '/home/pedrohperes/edromufu/src/movement/Ros2_change/src/install/erro_package/lib/python3.10/site-packages/erro_package-0.0.0-py3.10.egg-info' (and everything under it)
[2.318s] Copying ../build/erro_package/erro_package.egg-info to /home/pedrohperes/edromufu/src/movement/Ros2_change/src/install/erro_package/lib/python3.10/site-packages/erro_package-0.0.0-py3.10.egg-info
[2.318s] running install_scripts
[2.344s] Installing erro_publisher script to /home/pedrohperes/edromufu/src/movement/Ros2_change/src/install/erro_package/lib/erro_package
[2.344s] writing list of installed files to '/home/pedrohperes/edromufu/src/movement/Ros2_change/src/build/erro_package/install.log'
[2.975s] Invoked command in '/home/pedrohperes/edromufu/src/movement/Ros2_change/src/erro_package' returned '0': PYTHONPATH=/home/pedrohperes/edromufu/src/movement/Ros2_change/src/build/erro_package/prefix_override:/home/pedrohperes/edromufu/src/movement/Ros2_change/src/install/erro_package/lib/python3.10/site-packages:${PYTHONPATH} /usr/bin/python3 -W ignore:setup.py install is deprecated setup.py egg_info --egg-base ../build/erro_package build --build-base /home/pedrohperes/edromufu/src/movement/Ros2_change/src/build/erro_package/build install --record /home/pedrohperes/edromufu/src/movement/Ros2_change/src/build/erro_package/install.log --single-version-externally-managed install_data
