[0.757s] Invoking command in '/home/paulo/edromufu/src/movement/Ros2_change/src/movement_pages': AMENT_PREFIX_PATH=/home/paulo/edromufu/src/movement/Ros2_change/install/movement_utils:${AMENT_PREFIX_PATH} CMAKE_PREFIX_PATH=/home/paulo/edromufu/src/movement/Ros2_change/install/movement_utils:${CMAKE_PREFIX_PATH} LD_LIBRARY_PATH=/home/paulo/edromufu/src/movement/Ros2_change/install/movement_utils/lib:${LD_LIBRARY_PATH} PYTHONPATH=/home/paulo/edromufu/src/movement/Ros2_change/build/movement_pages/prefix_override:/usr/lib/python3/dist-packages/colcon_core/task/python/colcon_distutils_commands:/home/paulo/edromufu/src/movement/Ros2_change/install/movement_pages/lib/python3.10/site-packages:/home/paulo/edromufu/src/movement/Ros2_change/install/movement_utils/local/lib/python3.10/dist-packages:${PYTHONPATH} /usr/bin/python3 -W ignore:setup.py install is deprecated setup.py egg_info --egg-base ../../build/movement_pages build --build-base /home/paulo/edromufu/src/movement/Ros2_change/build/movement_pages/build install --record /home/paulo/edromufu/src/movement/Ros2_change/build/movement_pages/install.log --single-version-externally-managed install_data
[0.953s] running egg_info
[0.954s] writing ../../build/movement_pages/movement_pages.egg-info/PKG-INFO
[0.954s] writing dependency_links to ../../build/movement_pages/movement_pages.egg-info/dependency_links.txt
[0.954s] writing entry points to ../../build/movement_pages/movement_pages.egg-info/entry_points.txt
[0.954s] writing requirements to ../../build/movement_pages/movement_pages.egg-info/requires.txt
[0.954s] writing top-level names to ../../build/movement_pages/movement_pages.egg-info/top_level.txt
[0.956s] reading manifest file '../../build/movement_pages/movement_pages.egg-info/SOURCES.txt'
[0.957s] writing manifest file '../../build/movement_pages/movement_pages.egg-info/SOURCES.txt'
[0.957s] running build
[0.957s] running build_py
[0.957s] copying movement_pages/__init__.py -> /home/paulo/edromufu/src/movement/Ros2_change/build/movement_pages/build/lib/movement_pages
[0.957s] copying movement_pages/ui.py -> /home/paulo/edromufu/src/movement/Ros2_change/build/movement_pages/build/lib/movement_pages
[0.957s] copying movement_pages/page_runner.py -> /home/paulo/edromufu/src/movement/Ros2_change/build/movement_pages/build/lib/movement_pages
[0.957s] copying movement_pages/edrom_logo_rc.py -> /home/paulo/edromufu/src/movement/Ros2_change/build/movement_pages/build/lib/movement_pages
[0.966s] copying movement_pages/page_interface.py -> /home/paulo/edromufu/src/movement/Ros2_change/build/movement_pages/build/lib/movement_pages
[0.967s] copying movement_pages/new_pose.py -> /home/paulo/edromufu/src/movement/Ros2_change/build/movement_pages/build/lib/movement_pages
[0.967s] running install
[0.967s] running install_lib
[0.968s] creating /home/paulo/edromufu/src/movement/Ros2_change/install/movement_pages/lib/python3.10/site-packages/movement_pages
[0.968s] copying /home/paulo/edromufu/src/movement/Ros2_change/build/movement_pages/build/lib/movement_pages/__init__.py -> /home/paulo/edromufu/src/movement/Ros2_change/install/movement_pages/lib/python3.10/site-packages/movement_pages
[0.968s] copying /home/paulo/edromufu/src/movement/Ros2_change/build/movement_pages/build/lib/movement_pages/ui.py -> /home/paulo/edromufu/src/movement/Ros2_change/install/movement_pages/lib/python3.10/site-packages/movement_pages
[0.968s] copying /home/paulo/edromufu/src/movement/Ros2_change/build/movement_pages/build/lib/movement_pages/page_runner.py -> /home/paulo/edromufu/src/movement/Ros2_change/install/movement_pages/lib/python3.10/site-packages/movement_pages
[0.968s] copying /home/paulo/edromufu/src/movement/Ros2_change/build/movement_pages/build/lib/movement_pages/edrom_logo_rc.py -> /home/paulo/edromufu/src/movement/Ros2_change/install/movement_pages/lib/python3.10/site-packages/movement_pages
[0.969s] copying /home/paulo/edromufu/src/movement/Ros2_change/build/movement_pages/build/lib/movement_pages/page_interface.py -> /home/paulo/edromufu/src/movement/Ros2_change/install/movement_pages/lib/python3.10/site-packages/movement_pages
[0.969s] copying /home/paulo/edromufu/src/movement/Ros2_change/build/movement_pages/build/lib/movement_pages/new_pose.py -> /home/paulo/edromufu/src/movement/Ros2_change/install/movement_pages/lib/python3.10/site-packages/movement_pages
[0.970s] byte-compiling /home/paulo/edromufu/src/movement/Ros2_change/install/movement_pages/lib/python3.10/site-packages/movement_pages/__init__.py to __init__.cpython-310.pyc
[0.970s] byte-compiling /home/paulo/edromufu/src/movement/Ros2_change/install/movement_pages/lib/python3.10/site-packages/movement_pages/ui.py to ui.cpython-310.pyc
[0.974s] byte-compiling /home/paulo/edromufu/src/movement/Ros2_change/install/movement_pages/lib/python3.10/site-packages/movement_pages/page_runner.py to page_runner.cpython-310.pyc
[0.975s] byte-compiling /home/paulo/edromufu/src/movement/Ros2_change/install/movement_pages/lib/python3.10/site-packages/movement_pages/edrom_logo_rc.py to edrom_logo_rc.cpython-310.pyc
[0.987s] byte-compiling /home/paulo/edromufu/src/movement/Ros2_change/install/movement_pages/lib/python3.10/site-packages/movement_pages/page_interface.py to page_interface.cpython-310.pyc
[0.988s] byte-compiling /home/paulo/edromufu/src/movement/Ros2_change/install/movement_pages/lib/python3.10/site-packages/movement_pages/new_pose.py to new_pose.cpython-310.pyc
[0.989s] running install_data
[0.989s] creating /home/paulo/edromufu/src/movement/Ros2_change/install/movement_pages/share/ament_index
[0.989s] creating /home/paulo/edromufu/src/movement/Ros2_change/install/movement_pages/share/ament_index/resource_index
[0.989s] creating /home/paulo/edromufu/src/movement/Ros2_change/install/movement_pages/share/ament_index/resource_index/packages
[0.989s] copying resource/movement_pages -> /home/paulo/edromufu/src/movement/Ros2_change/install/movement_pages/share/ament_index/resource_index/packages
[0.989s] copying package.xml -> /home/paulo/edromufu/src/movement/Ros2_change/install/movement_pages/share/movement_pages
[0.989s] running install_egg_info
[0.991s] Copying ../../build/movement_pages/movement_pages.egg-info to /home/paulo/edromufu/src/movement/Ros2_change/install/movement_pages/lib/python3.10/site-packages/movement_pages-0.0.0-py3.10.egg-info
[0.991s] running install_scripts
[1.008s] writing list of installed files to '/home/paulo/edromufu/src/movement/Ros2_change/build/movement_pages/install.log'
[1.033s] Invoked command in '/home/paulo/edromufu/src/movement/Ros2_change/src/movement_pages' returned '0': AMENT_PREFIX_PATH=/home/paulo/edromufu/src/movement/Ros2_change/install/movement_utils:${AMENT_PREFIX_PATH} CMAKE_PREFIX_PATH=/home/paulo/edromufu/src/movement/Ros2_change/install/movement_utils:${CMAKE_PREFIX_PATH} LD_LIBRARY_PATH=/home/paulo/edromufu/src/movement/Ros2_change/install/movement_utils/lib:${LD_LIBRARY_PATH} PYTHONPATH=/home/paulo/edromufu/src/movement/Ros2_change/build/movement_pages/prefix_override:/usr/lib/python3/dist-packages/colcon_core/task/python/colcon_distutils_commands:/home/paulo/edromufu/src/movement/Ros2_change/install/movement_pages/lib/python3.10/site-packages:/home/paulo/edromufu/src/movement/Ros2_change/install/movement_utils/local/lib/python3.10/dist-packages:${PYTHONPATH} /usr/bin/python3 -W ignore:setup.py install is deprecated setup.py egg_info --egg-base ../../build/movement_pages build --build-base /home/paulo/edromufu/src/movement/Ros2_change/build/movement_pages/build install --record /home/paulo/edromufu/src/movement/Ros2_change/build/movement_pages/install.log --single-version-externally-managed install_data
