[0.638s] Invoking command in '/home/paulo/edromufu/src/movement/Ros2_change/src/movement_functions': AMENT_PREFIX_PATH=/home/paulo/edromufu/src/movement/Ros2_change/install/kinematic_functions:${AMENT_PREFIX_PATH} PYTHONPATH=/home/paulo/edromufu/src/movement/Ros2_change/build/movement_functions/prefix_override:/usr/lib/python3/dist-packages/colcon_core/task/python/colcon_distutils_commands:/home/paulo/edromufu/src/movement/Ros2_change/install/movement_functions/lib/python3.10/site-packages:/home/paulo/edromufu/src/movement/Ros2_change/install/kinematic_functions/lib/python3.10/site-packages:${PYTHONPATH} /usr/bin/python3 -W ignore:setup.py install is deprecated setup.py egg_info --egg-base ../../build/movement_functions build --build-base /home/paulo/edromufu/src/movement/Ros2_change/build/movement_functions/build install --record /home/paulo/edromufu/src/movement/Ros2_change/build/movement_functions/install.log --single-version-externally-managed install_data
[0.793s] running egg_info
[0.793s] writing ../../build/movement_functions/movement_functions.egg-info/PKG-INFO
[0.793s] writing dependency_links to ../../build/movement_functions/movement_functions.egg-info/dependency_links.txt
[0.793s] writing entry points to ../../build/movement_functions/movement_functions.egg-info/entry_points.txt
[0.793s] writing requirements to ../../build/movement_functions/movement_functions.egg-info/requires.txt
[0.793s] writing top-level names to ../../build/movement_functions/movement_functions.egg-info/top_level.txt
[0.794s] reading manifest file '../../build/movement_functions/movement_functions.egg-info/SOURCES.txt'
[0.795s] writing manifest file '../../build/movement_functions/movement_functions.egg-info/SOURCES.txt'
[0.795s] running build
[0.795s] running build_py
[0.795s] running install
[0.795s] running install_lib
[0.796s] running install_data
[0.796s] running install_egg_info
[0.797s] removing '/home/paulo/edromufu/src/movement/Ros2_change/install/movement_functions/lib/python3.10/site-packages/movement_functions-0.0.0-py3.10.egg-info' (and everything under it)
[0.797s] Copying ../../build/movement_functions/movement_functions.egg-info to /home/paulo/edromufu/src/movement/Ros2_change/install/movement_functions/lib/python3.10/site-packages/movement_functions-0.0.0-py3.10.egg-info
[0.797s] running install_scripts
[0.810s] writing list of installed files to '/home/paulo/edromufu/src/movement/Ros2_change/build/movement_functions/install.log'
[0.832s] Invoked command in '/home/paulo/edromufu/src/movement/Ros2_change/src/movement_functions' returned '0': AMENT_PREFIX_PATH=/home/paulo/edromufu/src/movement/Ros2_change/install/kinematic_functions:${AMENT_PREFIX_PATH} PYTHONPATH=/home/paulo/edromufu/src/movement/Ros2_change/build/movement_functions/prefix_override:/usr/lib/python3/dist-packages/colcon_core/task/python/colcon_distutils_commands:/home/paulo/edromufu/src/movement/Ros2_change/install/movement_functions/lib/python3.10/site-packages:/home/paulo/edromufu/src/movement/Ros2_change/install/kinematic_functions/lib/python3.10/site-packages:${PYTHONPATH} /usr/bin/python3 -W ignore:setup.py install is deprecated setup.py egg_info --egg-base ../../build/movement_functions build --build-base /home/paulo/edromufu/src/movement/Ros2_change/build/movement_functions/build install --record /home/paulo/edromufu/src/movement/Ros2_change/build/movement_functions/install.log --single-version-externally-managed install_data
