[0.615s] Invoking command in '/home/pedrohperes/edromufu/src/movement/Ros2_change/build/humanoid_visualization': CMAKE_PREFIX_PATH=/opt/ros/humble /usr/bin/cmake /home/pedrohperes/edromufu/src/movement/Ros2_change/src/humanoid_visualization -DCMAKE_INSTALL_PREFIX=/home/pedrohperes/edromufu/src/movement/Ros2_change/install/humanoid_visualization
[0.967s] -- The C compiler identification is GNU 11.4.0
[0.967s] -- The CXX compiler identification is GNU 11.4.0
[0.967s] -- Detecting C compiler ABI info
[0.967s] -- Detecting C compiler ABI info - done
[0.967s] -- Check for working C compiler: /usr/bin/cc - skipped
[0.967s] -- Detecting C compile features
[0.967s] -- Detecting C compile features - done
[0.967s] -- Detecting CXX compiler ABI info
[0.968s] -- Detecting CXX compiler ABI info - done
[0.968s] -- Check for working CXX compiler: /usr/bin/c++ - skipped
[0.968s] -- Detecting CXX compile features
[0.968s] -- Detecting CXX compile features - done
[0.968s] -- Found ament_cmake: 1.3.8 (/opt/ros/humble/share/ament_cmake/cmake)
[1.083s] -- Found Python3: /usr/bin/python3 (found version "3.10.12") found components: Interpreter 
[1.196s] -- Found ament_lint_auto: 0.12.10 (/opt/ros/humble/share/ament_lint_auto/cmake)
[1.297s] -- Added test 'flake8' to check Python code syntax and style conventions
[1.298s] -- Added test 'lint_cmake' to check CMake code style
[1.299s] -- Added test 'pep257' to check Python code against some of the docstring style conventions in PEP 257
[1.300s] -- Added test 'xmllint' to check XML markup files
[1.302s] -- Configuring done
[1.305s] -- Generating done
[1.306s] -- Build files have been written to: /home/pedrohperes/edromufu/src/movement/Ros2_change/build/humanoid_visualization
[1.311s] Invoked command in '/home/pedrohperes/edromufu/src/movement/Ros2_change/build/humanoid_visualization' returned '0': CMAKE_PREFIX_PATH=/opt/ros/humble /usr/bin/cmake /home/pedrohperes/edromufu/src/movement/Ros2_change/src/humanoid_visualization -DCMAKE_INSTALL_PREFIX=/home/pedrohperes/edromufu/src/movement/Ros2_change/install/humanoid_visualization
[1.314s] Invoking command in '/home/pedrohperes/edromufu/src/movement/Ros2_change/build/humanoid_visualization': CMAKE_PREFIX_PATH=/opt/ros/humble /usr/bin/cmake --build /home/pedrohperes/edromufu/src/movement/Ros2_change/build/humanoid_visualization -- -j12 -l12
[1.362s] Invoked command in '/home/pedrohperes/edromufu/src/movement/Ros2_change/build/humanoid_visualization' returned '0': CMAKE_PREFIX_PATH=/opt/ros/humble /usr/bin/cmake --build /home/pedrohperes/edromufu/src/movement/Ros2_change/build/humanoid_visualization -- -j12 -l12
[1.398s] Invoking command in '/home/pedrohperes/edromufu/src/movement/Ros2_change/build/humanoid_visualization': CMAKE_PREFIX_PATH=/opt/ros/humble /usr/bin/cmake --install /home/pedrohperes/edromufu/src/movement/Ros2_change/build/humanoid_visualization
[1.406s] -- Install configuration: ""
[1.406s] -- Up-to-date: /home/pedrohperes/edromufu/src/movement/Ros2_change/install/humanoid_visualization/share/humanoid_visualization//launch
[1.407s] -- Installing: /home/pedrohperes/edromufu/src/movement/Ros2_change/install/humanoid_visualization/share/humanoid_visualization//launch/display.launch.py
[1.407s] -- Installing: /home/pedrohperes/edromufu/src/movement/Ros2_change/install/humanoid_visualization/share/ament_index/resource_index/package_run_dependencies/humanoid_visualization
[1.407s] -- Installing: /home/pedrohperes/edromufu/src/movement/Ros2_change/install/humanoid_visualization/share/ament_index/resource_index/parent_prefix_path/humanoid_visualization
[1.407s] -- Installing: /home/pedrohperes/edromufu/src/movement/Ros2_change/install/humanoid_visualization/share/humanoid_visualization/environment/ament_prefix_path.sh
[1.407s] -- Installing: /home/pedrohperes/edromufu/src/movement/Ros2_change/install/humanoid_visualization/share/humanoid_visualization/environment/ament_prefix_path.dsv
[1.408s] -- Installing: /home/pedrohperes/edromufu/src/movement/Ros2_change/install/humanoid_visualization/share/humanoid_visualization/environment/path.sh
[1.408s] -- Installing: /home/pedrohperes/edromufu/src/movement/Ros2_change/install/humanoid_visualization/share/humanoid_visualization/environment/path.dsv
[1.408s] -- Installing: /home/pedrohperes/edromufu/src/movement/Ros2_change/install/humanoid_visualization/share/humanoid_visualization/local_setup.bash
[1.408s] -- Installing: /home/pedrohperes/edromufu/src/movement/Ros2_change/install/humanoid_visualization/share/humanoid_visualization/local_setup.sh
[1.408s] -- Installing: /home/pedrohperes/edromufu/src/movement/Ros2_change/install/humanoid_visualization/share/humanoid_visualization/local_setup.zsh
[1.409s] -- Installing: /home/pedrohperes/edromufu/src/movement/Ros2_change/install/humanoid_visualization/share/humanoid_visualization/local_setup.dsv
[1.409s] -- Installing: /home/pedrohperes/edromufu/src/movement/Ros2_change/install/humanoid_visualization/share/humanoid_visualization/package.dsv
[1.409s] -- Installing: /home/pedrohperes/edromufu/src/movement/Ros2_change/install/humanoid_visualization/share/ament_index/resource_index/packages/humanoid_visualization
[1.409s] -- Installing: /home/pedrohperes/edromufu/src/movement/Ros2_change/install/humanoid_visualization/share/humanoid_visualization/cmake/humanoid_visualizationConfig.cmake
[1.409s] -- Installing: /home/pedrohperes/edromufu/src/movement/Ros2_change/install/humanoid_visualization/share/humanoid_visualization/cmake/humanoid_visualizationConfig-version.cmake
[1.409s] -- Installing: /home/pedrohperes/edromufu/src/movement/Ros2_change/install/humanoid_visualization/share/humanoid_visualization/package.xml
[1.412s] Invoked command in '/home/pedrohperes/edromufu/src/movement/Ros2_change/build/humanoid_visualization' returned '0': CMAKE_PREFIX_PATH=/opt/ros/humble /usr/bin/cmake --install /home/pedrohperes/edromufu/src/movement/Ros2_change/build/humanoid_visualization
