[1.562s] Invoking command in '/home/paulo/edromufu/src/behaviour/states_routine': PYTHONPATH=/home/paulo/edromufu/src/behaviour/build/states_routine/prefix_override:/usr/lib/python3/dist-packages/colcon_core/task/python/colcon_distutils_commands:/home/paulo/edromufu/src/behaviour/install/states_routine/lib/python3.10/site-packages:${PYTHONPATH} /usr/bin/python3 -W ignore:setup.py install is deprecated setup.py egg_info --egg-base ../build/states_routine build --build-base /home/paulo/edromufu/src/behaviour/build/states_routine/build install --record /home/paulo/edromufu/src/behaviour/build/states_routine/install.log --single-version-externally-managed install_data
[1.785s] running egg_info
[1.785s] writing ../build/states_routine/states_routine.egg-info/PKG-INFO
[1.785s] writing dependency_links to ../build/states_routine/states_routine.egg-info/dependency_links.txt
[1.786s] writing entry points to ../build/states_routine/states_routine.egg-info/entry_points.txt
[1.786s] writing requirements to ../build/states_routine/states_routine.egg-info/requires.txt
[1.786s] writing top-level names to ../build/states_routine/states_routine.egg-info/top_level.txt
[1.787s] reading manifest file '../build/states_routine/states_routine.egg-info/SOURCES.txt'
[1.788s] adding license file 'LICENSE'
[1.788s] writing manifest file '../build/states_routine/states_routine.egg-info/SOURCES.txt'
[1.788s] running build
[1.788s] running build_py
[1.788s] running install
[1.789s] running install_lib
[1.790s] running install_data
[1.790s] running install_egg_info
[1.792s] removing '/home/paulo/edromufu/src/behaviour/install/states_routine/lib/python3.10/site-packages/states_routine-0.0.0-py3.10.egg-info' (and everything under it)
[1.792s] Copying ../build/states_routine/states_routine.egg-info to /home/paulo/edromufu/src/behaviour/install/states_routine/lib/python3.10/site-packages/states_routine-0.0.0-py3.10.egg-info
[1.793s] running install_scripts
[1.813s] Installing getting_up_routine script to /home/paulo/edromufu/src/behaviour/install/states_routine/lib/states_routine
[1.813s] Installing kick_routine script to /home/paulo/edromufu/src/behaviour/install/states_routine/lib/states_routine
[1.813s] Installing stand_still_routine script to /home/paulo/edromufu/src/behaviour/install/states_routine/lib/states_routine
[1.813s] Installing walking_routine script to /home/paulo/edromufu/src/behaviour/install/states_routine/lib/states_routine
[1.813s] writing list of installed files to '/home/paulo/edromufu/src/behaviour/build/states_routine/install.log'
[1.841s] Invoked command in '/home/paulo/edromufu/src/behaviour/states_routine' returned '0': PYTHONPATH=/home/paulo/edromufu/src/behaviour/build/states_routine/prefix_override:/usr/lib/python3/dist-packages/colcon_core/task/python/colcon_distutils_commands:/home/paulo/edromufu/src/behaviour/install/states_routine/lib/python3.10/site-packages:${PYTHONPATH} /usr/bin/python3 -W ignore:setup.py install is deprecated setup.py egg_info --egg-base ../build/states_routine build --build-base /home/paulo/edromufu/src/behaviour/build/states_routine/build install --record /home/paulo/edromufu/src/behaviour/build/states_routine/install.log --single-version-externally-managed install_data
