[0.895s] Invoking command in '/home/vtr_caixeta/edromufu/src/behaviour/bhv_independent_simulator': PYTHONPATH=/home/vtr_caixeta/edromufu/src/behaviour/bhv_independent_simulator/build/bhv_independent_simulator/prefix_override:/usr/lib/python3/dist-packages/colcon_core/task/python/colcon_distutils_commands:/home/vtr_caixeta/edromufu/src/behaviour/bhv_independent_simulator/install/bhv_independent_simulator/lib/python3.10/site-packages:${PYTHONPATH} /usr/bin/python3 -W ignore:setup.py install is deprecated -W ignore:easy_install command is deprecated setup.py egg_info --egg-base build/bhv_independent_simulator build --build-base /home/vtr_caixeta/edromufu/src/behaviour/bhv_independent_simulator/build/bhv_independent_simulator/build install --record /home/vtr_caixeta/edromufu/src/behaviour/bhv_independent_simulator/build/bhv_independent_simulator/install.log --single-version-externally-managed install_data
[1.271s] running egg_info
[1.273s] writing build/bhv_independent_simulator/bhv_independent_simulator.egg-info/PKG-INFO
[1.273s] writing dependency_links to build/bhv_independent_simulator/bhv_independent_simulator.egg-info/dependency_links.txt
[1.273s] writing entry points to build/bhv_independent_simulator/bhv_independent_simulator.egg-info/entry_points.txt
[1.273s] writing requirements to build/bhv_independent_simulator/bhv_independent_simulator.egg-info/requires.txt
[1.273s] writing top-level names to build/bhv_independent_simulator/bhv_independent_simulator.egg-info/top_level.txt
[1.278s] reading manifest file 'build/bhv_independent_simulator/bhv_independent_simulator.egg-info/SOURCES.txt'
[1.280s] writing manifest file 'build/bhv_independent_simulator/bhv_independent_simulator.egg-info/SOURCES.txt'
[1.280s] running build
[1.280s] running build_py
[1.281s] running build_scripts
[1.281s] running install
[1.281s] running install_lib
[1.284s] running install_data
[1.284s] running install_egg_info
[1.287s] removing '/home/vtr_caixeta/edromufu/src/behaviour/bhv_independent_simulator/install/bhv_independent_simulator/lib/python3.10/site-packages/bhv_independent_simulator-0.0.0-py3.10.egg-info' (and everything under it)
[1.287s] Copying build/bhv_independent_simulator/bhv_independent_simulator.egg-info to /home/vtr_caixeta/edromufu/src/behaviour/bhv_independent_simulator/install/bhv_independent_simulator/lib/python3.10/site-packages/bhv_independent_simulator-0.0.0-py3.10.egg-info
[1.289s] running install_scripts
[1.312s] changing mode of /home/vtr_caixeta/edromufu/src/behaviour/bhv_independent_simulator/install/bhv_independent_simulator/bin/bhv_sim to 775
[1.313s] Installing bhv_sim script to /home/vtr_caixeta/edromufu/src/behaviour/bhv_independent_simulator/install/bhv_independent_simulator/bin
[1.313s] writing list of installed files to '/home/vtr_caixeta/edromufu/src/behaviour/bhv_independent_simulator/build/bhv_independent_simulator/install.log'
[1.340s] Invoked command in '/home/vtr_caixeta/edromufu/src/behaviour/bhv_independent_simulator' returned '0': PYTHONPATH=/home/vtr_caixeta/edromufu/src/behaviour/bhv_independent_simulator/build/bhv_independent_simulator/prefix_override:/usr/lib/python3/dist-packages/colcon_core/task/python/colcon_distutils_commands:/home/vtr_caixeta/edromufu/src/behaviour/bhv_independent_simulator/install/bhv_independent_simulator/lib/python3.10/site-packages:${PYTHONPATH} /usr/bin/python3 -W ignore:setup.py install is deprecated -W ignore:easy_install command is deprecated setup.py egg_info --egg-base build/bhv_independent_simulator build --build-base /home/vtr_caixeta/edromufu/src/behaviour/bhv_independent_simulator/build/bhv_independent_simulator/build install --record /home/vtr_caixeta/edromufu/src/behaviour/bhv_independent_simulator/build/bhv_independent_simulator/install.log --single-version-externally-managed install_data
