[1.595s] Invoking command in '/home/pedrohperes/edromufu/src/movement/Ros2_change/src/movement_pages': AMENT_PREFIX_PATH=/home/pedrohperes/edromufu/src/movement/Ros2_change/src/install/movement_utils:${AMENT_PREFIX_PATH} CMAKE_PREFIX_PATH=/home/pedrohperes/edromufu/src/movement/Ros2_change/src/install/movement_utils:${CMAKE_PREFIX_PATH} LD_LIBRARY_PATH=/home/pedrohperes/edromufu/src/movement/Ros2_change/src/install/movement_utils/lib:${LD_LIBRARY_PATH} PYTHONPATH=/home/pedrohperes/edromufu/src/movement/Ros2_change/src/build/movement_pages/prefix_override:/home/pedrohperes/edromufu/src/movement/Ros2_change/src/install/movement_pages/lib/python3.10/site-packages:/home/pedrohperes/edromufu/src/movement/Ros2_change/src/install/movement_utils/local/lib/python3.10/dist-packages:${PYTHONPATH} /usr/bin/python3 -W ignore:setup.py install is deprecated setup.py egg_info --egg-base ../build/movement_pages build --build-base /home/pedrohperes/edromufu/src/movement/Ros2_change/src/build/movement_pages/build install --record /home/pedrohperes/edromufu/src/movement/Ros2_change/src/build/movement_pages/install.log --single-version-externally-managed install_data
[1.868s] running egg_info
[1.869s] writing ../build/movement_pages/movement_pages.egg-info/PKG-INFO
[1.869s] writing dependency_links to ../build/movement_pages/movement_pages.egg-info/dependency_links.txt
[1.869s] writing entry points to ../build/movement_pages/movement_pages.egg-info/entry_points.txt
[1.869s] writing requirements to ../build/movement_pages/movement_pages.egg-info/requires.txt
[1.869s] writing top-level names to ../build/movement_pages/movement_pages.egg-info/top_level.txt
[1.871s] reading manifest file '../build/movement_pages/movement_pages.egg-info/SOURCES.txt'
[1.872s] writing manifest file '../build/movement_pages/movement_pages.egg-info/SOURCES.txt'
[1.872s] running build
[1.872s] running build_py
[1.873s] running install
[1.873s] running install_lib
[1.874s] running install_data
[1.874s] running install_egg_info
[1.876s] removing '/home/pedrohperes/edromufu/src/movement/Ros2_change/src/install/movement_pages/lib/python3.10/site-packages/movement_pages-0.0.0-py3.10.egg-info' (and everything under it)
[1.876s] Copying ../build/movement_pages/movement_pages.egg-info to /home/pedrohperes/edromufu/src/movement/Ros2_change/src/install/movement_pages/lib/python3.10/site-packages/movement_pages-0.0.0-py3.10.egg-info
[1.877s] running install_scripts
[1.899s] writing list of installed files to '/home/pedrohperes/edromufu/src/movement/Ros2_change/src/build/movement_pages/install.log'
[1.925s] Invoked command in '/home/pedrohperes/edromufu/src/movement/Ros2_change/src/movement_pages' returned '0': AMENT_PREFIX_PATH=/home/pedrohperes/edromufu/src/movement/Ros2_change/src/install/movement_utils:${AMENT_PREFIX_PATH} CMAKE_PREFIX_PATH=/home/pedrohperes/edromufu/src/movement/Ros2_change/src/install/movement_utils:${CMAKE_PREFIX_PATH} LD_LIBRARY_PATH=/home/pedrohperes/edromufu/src/movement/Ros2_change/src/install/movement_utils/lib:${LD_LIBRARY_PATH} PYTHONPATH=/home/pedrohperes/edromufu/src/movement/Ros2_change/src/build/movement_pages/prefix_override:/home/pedrohperes/edromufu/src/movement/Ros2_change/src/install/movement_pages/lib/python3.10/site-packages:/home/pedrohperes/edromufu/src/movement/Ros2_change/src/install/movement_utils/local/lib/python3.10/dist-packages:${PYTHONPATH} /usr/bin/python3 -W ignore:setup.py install is deprecated setup.py egg_info --egg-base ../build/movement_pages build --build-base /home/pedrohperes/edromufu/src/movement/Ros2_change/src/build/movement_pages/build install --record /home/pedrohperes/edromufu/src/movement/Ros2_change/src/build/movement_pages/install.log --single-version-externally-managed install_data
