[0.949s] Invoking command in '/home/pedrohperes/edromufu/src/movement/Ros2_change/build/urdf_robox': CMAKE_PREFIX_PATH=/opt/ros/humble /usr/bin/cmake /home/pedrohperes/edromufu/src/movement/Ros2_change/src/urdf_robox -DCMAKE_INSTALL_PREFIX=/home/pedrohperes/edromufu/src/movement/Ros2_change/install/urdf_robox
[1.007s] -- The C compiler identification is GNU 11.4.0
[1.069s] -- The CXX compiler identification is GNU 11.4.0
[1.078s] -- Detecting C compiler ABI info
[1.149s] -- Detecting C compiler ABI info - done
[1.162s] -- Check for working C compiler: /usr/bin/cc - skipped
[1.162s] -- Detecting C compile features
[1.162s] -- Detecting C compile features - done
[1.166s] -- Detecting CXX compiler ABI info
[1.252s] -- Detecting CXX compiler ABI info - done
[1.262s] -- Check for working CXX compiler: /usr/bin/c++ - skipped
[1.262s] -- Detecting CXX compile features
[1.263s] -- Detecting CXX compile features - done
[1.265s] -- Found ament_cmake: 1.3.8 (/opt/ros/humble/share/ament_cmake/cmake)
[1.466s] -- Found Python3: /usr/bin/python3 (found version "3.10.12") found components: Interpreter 
[1.570s] -- Found ament_lint_auto: 0.12.10 (/opt/ros/humble/share/ament_lint_auto/cmake)
[1.667s] -- Added test 'copyright' to check source files copyright and LICENSE
[1.672s] -- Added test 'flake8' to check Python code syntax and style conventions
[1.673s] -- Added test 'lint_cmake' to check CMake code style
[1.674s] -- Added test 'pep257' to check Python code against some of the docstring style conventions in PEP 257
[1.676s] -- Added test 'xmllint' to check XML markup files
[1.678s] -- Configuring done
[1.682s] -- Generating done
[1.684s] -- Build files have been written to: /home/pedrohperes/edromufu/src/movement/Ros2_change/build/urdf_robox
[1.690s] Invoked command in '/home/pedrohperes/edromufu/src/movement/Ros2_change/build/urdf_robox' returned '0': CMAKE_PREFIX_PATH=/opt/ros/humble /usr/bin/cmake /home/pedrohperes/edromufu/src/movement/Ros2_change/src/urdf_robox -DCMAKE_INSTALL_PREFIX=/home/pedrohperes/edromufu/src/movement/Ros2_change/install/urdf_robox
[1.692s] Invoking command in '/home/pedrohperes/edromufu/src/movement/Ros2_change/build/urdf_robox': CMAKE_PREFIX_PATH=/opt/ros/humble /usr/bin/cmake --build /home/pedrohperes/edromufu/src/movement/Ros2_change/build/urdf_robox -- -j12 -l12
[1.734s] Invoked command in '/home/pedrohperes/edromufu/src/movement/Ros2_change/build/urdf_robox' returned '0': CMAKE_PREFIX_PATH=/opt/ros/humble /usr/bin/cmake --build /home/pedrohperes/edromufu/src/movement/Ros2_change/build/urdf_robox -- -j12 -l12
[1.756s] Invoking command in '/home/pedrohperes/edromufu/src/movement/Ros2_change/build/urdf_robox': CMAKE_PREFIX_PATH=/opt/ros/humble /usr/bin/cmake --install /home/pedrohperes/edromufu/src/movement/Ros2_change/build/urdf_robox
[1.764s] -- Install configuration: ""
[1.764s] -- Up-to-date: /home/pedrohperes/edromufu/src/movement/Ros2_change/install/urdf_robox/share/urdf_robox/urdf
[1.765s] -- Installing: /home/pedrohperes/edromufu/src/movement/Ros2_change/install/urdf_robox/share/urdf_robox/urdf/urdf_robox.urdf
[1.765s] -- Installing: /home/pedrohperes/edromufu/src/movement/Ros2_change/install/urdf_robox/share/urdf_robox/urdf/urdf_robox.csv
[1.765s] -- Up-to-date: /home/pedrohperes/edromufu/src/movement/Ros2_change/install/urdf_robox/share/urdf_robox/launch
[1.765s] -- Installing: /home/pedrohperes/edromufu/src/movement/Ros2_change/install/urdf_robox/share/urdf_robox/launch/rsp_sim.launch.py
[1.766s] -- Installing: /home/pedrohperes/edromufu/src/movement/Ros2_change/install/urdf_robox/share/urdf_robox/launch/gazebo.launch
[1.766s] -- Installing: /home/pedrohperes/edromufu/src/movement/Ros2_change/install/urdf_robox/share/urdf_robox/launch/rsp.launch.py
[1.766s] -- Installing: /home/pedrohperes/edromufu/src/movement/Ros2_change/install/urdf_robox/share/urdf_robox/launch/display.launch
[1.766s] -- Up-to-date: /home/pedrohperes/edromufu/src/movement/Ros2_change/install/urdf_robox/share/urdf_robox/meshes
[1.766s] -- Installing: /home/pedrohperes/edromufu/src/movement/Ros2_change/install/urdf_robox/share/urdf_robox/meshes/RL_Link_4.1.STL
[1.766s] -- Installing: /home/pedrohperes/edromufu/src/movement/Ros2_change/install/urdf_robox/share/urdf_robox/meshes/RL_Link_2.3.STL
[1.767s] -- Installing: /home/pedrohperes/edromufu/src/movement/Ros2_change/install/urdf_robox/share/urdf_robox/meshes/RL_Link_1.STL
[1.767s] -- Installing: /home/pedrohperes/edromufu/src/movement/Ros2_change/install/urdf_robox/share/urdf_robox/meshes/LL_Link_2.3.STL
[1.767s] -- Installing: /home/pedrohperes/edromufu/src/movement/Ros2_change/install/urdf_robox/share/urdf_robox/meshes/RA_Link.STL
[1.769s] -- Installing: /home/pedrohperes/edromufu/src/movement/Ros2_change/install/urdf_robox/share/urdf_robox/meshes/RL_Link_2.2.STL
[1.769s] -- Installing: /home/pedrohperes/edromufu/src/movement/Ros2_change/install/urdf_robox/share/urdf_robox/meshes/Link_0.STL
[1.791s] -- Installing: /home/pedrohperes/edromufu/src/movement/Ros2_change/install/urdf_robox/share/urdf_robox/meshes/LL_Link_3.2.STL
[1.791s] -- Installing: /home/pedrohperes/edromufu/src/movement/Ros2_change/install/urdf_robox/share/urdf_robox/meshes/LL_Link_3.1.STL
[1.791s] -- Installing: /home/pedrohperes/edromufu/src/movement/Ros2_change/install/urdf_robox/share/urdf_robox/meshes/RL_Link_4.3.STL
[1.791s] -- Installing: /home/pedrohperes/edromufu/src/movement/Ros2_change/install/urdf_robox/share/urdf_robox/meshes/LL_Link_1.STL
[1.792s] -- Installing: /home/pedrohperes/edromufu/src/movement/Ros2_change/install/urdf_robox/share/urdf_robox/meshes/LL_Link_5.3.STL
[1.792s] -- Installing: /home/pedrohperes/edromufu/src/movement/Ros2_change/install/urdf_robox/share/urdf_robox/meshes/LL_Link_6.STL
[1.792s] -- Installing: /home/pedrohperes/edromufu/src/movement/Ros2_change/install/urdf_robox/share/urdf_robox/meshes/RL_Link_6.STL
[1.792s] -- Installing: /home/pedrohperes/edromufu/src/movement/Ros2_change/install/urdf_robox/share/urdf_robox/meshes/LA_Link.STL
[1.793s] -- Installing: /home/pedrohperes/edromufu/src/movement/Ros2_change/install/urdf_robox/share/urdf_robox/meshes/LL_Link_5.1.STL
[1.793s] -- Installing: /home/pedrohperes/edromufu/src/movement/Ros2_change/install/urdf_robox/share/urdf_robox/meshes/LL_Link_3.3.STL
[1.794s] -- Installing: /home/pedrohperes/edromufu/src/movement/Ros2_change/install/urdf_robox/share/urdf_robox/meshes/RL_Link_2.1.STL
[1.794s] -- Installing: /home/pedrohperes/edromufu/src/movement/Ros2_change/install/urdf_robox/share/urdf_robox/meshes/RL_Link_3.1.STL
[1.794s] -- Installing: /home/pedrohperes/edromufu/src/movement/Ros2_change/install/urdf_robox/share/urdf_robox/meshes/LL_Link_2.1.STL
[1.795s] -- Installing: /home/pedrohperes/edromufu/src/movement/Ros2_change/install/urdf_robox/share/urdf_robox/meshes/RL_Link_3.3.STL
[1.796s] -- Installing: /home/pedrohperes/edromufu/src/movement/Ros2_change/install/urdf_robox/share/urdf_robox/meshes/RL_Link_3.2.STL
[1.796s] -- Installing: /home/pedrohperes/edromufu/src/movement/Ros2_change/install/urdf_robox/share/urdf_robox/meshes/LL_Link_5.2.STL
[1.796s] -- Installing: /home/pedrohperes/edromufu/src/movement/Ros2_change/install/urdf_robox/share/urdf_robox/meshes/LL_Link_4.2.STL
[1.796s] -- Installing: /home/pedrohperes/edromufu/src/movement/Ros2_change/install/urdf_robox/share/urdf_robox/meshes/RL_Link_4.2.STL
[1.797s] -- Installing: /home/pedrohperes/edromufu/src/movement/Ros2_change/install/urdf_robox/share/urdf_robox/meshes/LL_Link_2.2.STL
[1.797s] -- Installing: /home/pedrohperes/edromufu/src/movement/Ros2_change/install/urdf_robox/share/urdf_robox/meshes/LL_Link_4.3.STL
[1.797s] -- Installing: /home/pedrohperes/edromufu/src/movement/Ros2_change/install/urdf_robox/share/urdf_robox/meshes/RL_Link_5.2.STL
[1.797s] -- Installing: /home/pedrohperes/edromufu/src/movement/Ros2_change/install/urdf_robox/share/urdf_robox/meshes/RL_Link_5.1.STL
[1.798s] -- Installing: /home/pedrohperes/edromufu/src/movement/Ros2_change/install/urdf_robox/share/urdf_robox/meshes/RL_Link_5.3.STL
[1.798s] -- Installing: /home/pedrohperes/edromufu/src/movement/Ros2_change/install/urdf_robox/share/urdf_robox/meshes/LL_Link_4.1.STL
[1.798s] -- Up-to-date: /home/pedrohperes/edromufu/src/movement/Ros2_change/install/urdf_robox/share/urdf_robox/config
[1.798s] -- Installing: /home/pedrohperes/edromufu/src/movement/Ros2_change/install/urdf_robox/share/urdf_robox/config/joint_names_urdf_robox.yaml
[1.799s] -- Up-to-date: /home/pedrohperes/edromufu/src/movement/Ros2_change/install/urdf_robox/share/urdf_robox/worlds
[1.799s] -- Installing: /home/pedrohperes/edromufu/src/movement/Ros2_change/install/urdf_robox/share/urdf_robox/worlds/test_world.world
[1.799s] -- Installing: /home/pedrohperes/edromufu/src/movement/Ros2_change/install/urdf_robox/share/ament_index/resource_index/package_run_dependencies/urdf_robox
[1.800s] -- Installing: /home/pedrohperes/edromufu/src/movement/Ros2_change/install/urdf_robox/share/ament_index/resource_index/parent_prefix_path/urdf_robox
[1.800s] -- Installing: /home/pedrohperes/edromufu/src/movement/Ros2_change/install/urdf_robox/share/urdf_robox/environment/ament_prefix_path.sh
[1.801s] -- Installing: /home/pedrohperes/edromufu/src/movement/Ros2_change/install/urdf_robox/share/urdf_robox/environment/ament_prefix_path.dsv
[1.802s] -- Installing: /home/pedrohperes/edromufu/src/movement/Ros2_change/install/urdf_robox/share/urdf_robox/environment/path.sh
[1.805s] -- Installing: /home/pedrohperes/edromufu/src/movement/Ros2_change/install/urdf_robox/share/urdf_robox/environment/path.dsv
[1.805s] -- Installing: /home/pedrohperes/edromufu/src/movement/Ros2_change/install/urdf_robox/share/urdf_robox/local_setup.bash
[1.805s] -- Installing: /home/pedrohperes/edromufu/src/movement/Ros2_change/install/urdf_robox/share/urdf_robox/local_setup.sh
[1.805s] -- Installing: /home/pedrohperes/edromufu/src/movement/Ros2_change/install/urdf_robox/share/urdf_robox/local_setup.zsh
[1.805s] -- Installing: /home/pedrohperes/edromufu/src/movement/Ros2_change/install/urdf_robox/share/urdf_robox/local_setup.dsv
[1.805s] -- Installing: /home/pedrohperes/edromufu/src/movement/Ros2_change/install/urdf_robox/share/urdf_robox/package.dsv
[1.805s] -- Installing: /home/pedrohperes/edromufu/src/movement/Ros2_change/install/urdf_robox/share/ament_index/resource_index/packages/urdf_robox
[1.806s] -- Installing: /home/pedrohperes/edromufu/src/movement/Ros2_change/install/urdf_robox/share/urdf_robox/cmake/urdf_roboxConfig.cmake
[1.806s] -- Installing: /home/pedrohperes/edromufu/src/movement/Ros2_change/install/urdf_robox/share/urdf_robox/cmake/urdf_roboxConfig-version.cmake
[1.806s] -- Installing: /home/pedrohperes/edromufu/src/movement/Ros2_change/install/urdf_robox/share/urdf_robox/package.xml
[1.812s] Invoked command in '/home/pedrohperes/edromufu/src/movement/Ros2_change/build/urdf_robox' returned '0': CMAKE_PREFIX_PATH=/opt/ros/humble /usr/bin/cmake --install /home/pedrohperes/edromufu/src/movement/Ros2_change/build/urdf_robox
