[0.710s] Invoking command in '/home/vtr_caixeta/edromufu/src/behaviour/bhv_independent_simulator': PYTHONPATH=/home/vtr_caixeta/edromufu/src/behaviour/bhv_independent_simulator/build/bhv_independent_simulator/prefix_override:/usr/lib/python3/dist-packages/colcon_core/task/python/colcon_distutils_commands:/home/vtr_caixeta/edromufu/src/behaviour/bhv_independent_simulator/install/bhv_independent_simulator/lib/python3.10/site-packages:${PYTHONPATH} /usr/bin/python3 -W ignore:setup.py install is deprecated -W ignore:easy_install command is deprecated setup.py egg_info --egg-base build/bhv_independent_simulator build --build-base /home/vtr_caixeta/edromufu/src/behaviour/bhv_independent_simulator/build/bhv_independent_simulator/build install --record /home/vtr_caixeta/edromufu/src/behaviour/bhv_independent_simulator/build/bhv_independent_simulator/install.log --single-version-externally-managed install_data
[0.947s] running egg_info
[0.948s] writing build/bhv_independent_simulator/bhv_independent_simulator.egg-info/PKG-INFO
[0.948s] writing dependency_links to build/bhv_independent_simulator/bhv_independent_simulator.egg-info/dependency_links.txt
[0.949s] writing entry points to build/bhv_independent_simulator/bhv_independent_simulator.egg-info/entry_points.txt
[0.949s] writing requirements to build/bhv_independent_simulator/bhv_independent_simulator.egg-info/requires.txt
[0.949s] writing top-level names to build/bhv_independent_simulator/bhv_independent_simulator.egg-info/top_level.txt
[0.952s] reading manifest file 'build/bhv_independent_simulator/bhv_independent_simulator.egg-info/SOURCES.txt'
[0.953s] writing manifest file 'build/bhv_independent_simulator/bhv_independent_simulator.egg-info/SOURCES.txt'
[0.953s] running build
[0.953s] running build_py
[0.953s] copying bhv_independent_simulator/__init__.py -> /home/vtr_caixeta/edromufu/src/behaviour/bhv_independent_simulator/build/bhv_independent_simulator/build/lib/bhv_independent_simulator
[0.954s] copying bhv_independent_simulator/sensors_update.py -> /home/vtr_caixeta/edromufu/src/behaviour/bhv_independent_simulator/build/bhv_independent_simulator/build/lib/bhv_independent_simulator
[0.954s] copying bhv_independent_simulator/color_based_vision_for_sim.py -> /home/vtr_caixeta/edromufu/src/behaviour/bhv_independent_simulator/build/bhv_independent_simulator/build/lib/bhv_independent_simulator
[0.954s] copying bhv_independent_simulator/hsv.py -> /home/vtr_caixeta/edromufu/src/behaviour/bhv_independent_simulator/build/bhv_independent_simulator/build/lib/bhv_independent_simulator
[0.954s] copying bhv_independent_simulator/move_head.py -> /home/vtr_caixeta/edromufu/src/behaviour/bhv_independent_simulator/build/bhv_independent_simulator/build/lib/bhv_independent_simulator
[0.954s] copying bhv_independent_simulator/robot_3D_moves.py -> /home/vtr_caixeta/edromufu/src/behaviour/bhv_independent_simulator/build/bhv_independent_simulator/build/lib/bhv_independent_simulator
[0.955s] copying bhv_independent_simulator/sim_page_exec.py -> /home/vtr_caixeta/edromufu/src/behaviour/bhv_independent_simulator/build/bhv_independent_simulator/build/lib/bhv_independent_simulator
[0.955s] copying bhv_independent_simulator/bhv_sim.py -> /home/vtr_caixeta/edromufu/src/behaviour/bhv_independent_simulator/build/bhv_independent_simulator/build/lib/bhv_independent_simulator
[0.955s] running build_scripts
[0.955s] copying and adjusting scripts/bhv_sim -> /home/vtr_caixeta/edromufu/src/behaviour/bhv_independent_simulator/build/bhv_independent_simulator/build/scripts-3.10
[0.955s] running install
[0.956s] running install_lib
[0.957s] byte-compiling /home/vtr_caixeta/edromufu/src/behaviour/bhv_independent_simulator/install/bhv_independent_simulator/lib/python3.10/site-packages/bhv_independent_simulator/__init__.py to __init__.cpython-310.pyc
[0.958s] byte-compiling /home/vtr_caixeta/edromufu/src/behaviour/bhv_independent_simulator/install/bhv_independent_simulator/lib/python3.10/site-packages/bhv_independent_simulator/sensors_update.py to sensors_update.cpython-310.pyc
[0.959s] byte-compiling /home/vtr_caixeta/edromufu/src/behaviour/bhv_independent_simulator/install/bhv_independent_simulator/lib/python3.10/site-packages/bhv_independent_simulator/color_based_vision_for_sim.py to color_based_vision_for_sim.cpython-310.pyc
[0.959s] byte-compiling /home/vtr_caixeta/edromufu/src/behaviour/bhv_independent_simulator/install/bhv_independent_simulator/lib/python3.10/site-packages/bhv_independent_simulator/hsv.py to hsv.cpython-310.pyc
[0.960s] byte-compiling /home/vtr_caixeta/edromufu/src/behaviour/bhv_independent_simulator/install/bhv_independent_simulator/lib/python3.10/site-packages/bhv_independent_simulator/move_head.py to move_head.cpython-310.pyc
[0.961s] byte-compiling /home/vtr_caixeta/edromufu/src/behaviour/bhv_independent_simulator/install/bhv_independent_simulator/lib/python3.10/site-packages/bhv_independent_simulator/robot_3D_moves.py to robot_3D_moves.cpython-310.pyc
[0.962s] byte-compiling /home/vtr_caixeta/edromufu/src/behaviour/bhv_independent_simulator/install/bhv_independent_simulator/lib/python3.10/site-packages/bhv_independent_simulator/sim_page_exec.py to sim_page_exec.cpython-310.pyc
[0.963s] byte-compiling /home/vtr_caixeta/edromufu/src/behaviour/bhv_independent_simulator/install/bhv_independent_simulator/lib/python3.10/site-packages/bhv_independent_simulator/bhv_sim.py to bhv_sim.cpython-310.pyc
[0.963s] running install_data
[0.964s] copying launch/behaviour_simulator.launch.py -> /home/vtr_caixeta/edromufu/src/behaviour/bhv_independent_simulator/install/bhv_independent_simulator/share/bhv_independent_simulator/launch
[0.964s] copying launch/test.launch.py -> /home/vtr_caixeta/edromufu/src/behaviour/bhv_independent_simulator/install/bhv_independent_simulator/share/bhv_independent_simulator/launch
[0.964s] running install_egg_info
[0.966s] removing '/home/vtr_caixeta/edromufu/src/behaviour/bhv_independent_simulator/install/bhv_independent_simulator/lib/python3.10/site-packages/bhv_independent_simulator-0.0.0-py3.10.egg-info' (and everything under it)
[0.967s] Copying build/bhv_independent_simulator/bhv_independent_simulator.egg-info to /home/vtr_caixeta/edromufu/src/behaviour/bhv_independent_simulator/install/bhv_independent_simulator/lib/python3.10/site-packages/bhv_independent_simulator-0.0.0-py3.10.egg-info
[0.967s] running install_scripts
[0.987s] copying /home/vtr_caixeta/edromufu/src/behaviour/bhv_independent_simulator/build/bhv_independent_simulator/build/scripts-3.10/bhv_sim -> /home/vtr_caixeta/edromufu/src/behaviour/bhv_independent_simulator/install/bhv_independent_simulator/bin
[0.988s] changing mode of /home/vtr_caixeta/edromufu/src/behaviour/bhv_independent_simulator/install/bhv_independent_simulator/bin/bhv_sim to 775
[0.989s] Installing bhv_sim script to /home/vtr_caixeta/edromufu/src/behaviour/bhv_independent_simulator/install/bhv_independent_simulator/bin
[0.989s] writing list of installed files to '/home/vtr_caixeta/edromufu/src/behaviour/bhv_independent_simulator/build/bhv_independent_simulator/install.log'
[1.017s] Invoked command in '/home/vtr_caixeta/edromufu/src/behaviour/bhv_independent_simulator' returned '0': PYTHONPATH=/home/vtr_caixeta/edromufu/src/behaviour/bhv_independent_simulator/build/bhv_independent_simulator/prefix_override:/usr/lib/python3/dist-packages/colcon_core/task/python/colcon_distutils_commands:/home/vtr_caixeta/edromufu/src/behaviour/bhv_independent_simulator/install/bhv_independent_simulator/lib/python3.10/site-packages:${PYTHONPATH} /usr/bin/python3 -W ignore:setup.py install is deprecated -W ignore:easy_install command is deprecated setup.py egg_info --egg-base build/bhv_independent_simulator build --build-base /home/vtr_caixeta/edromufu/src/behaviour/bhv_independent_simulator/build/bhv_independent_simulator/build install --record /home/vtr_caixeta/edromufu/src/behaviour/bhv_independent_simulator/build/bhv_independent_simulator/install.log --single-version-externally-managed install_data
