-- The C compiler identification is GNU 11.4.0
-- The CXX compiler identification is GNU 11.4.0
-- Detecting C compiler ABI info
-- Detecting C compiler ABI info - done
-- Check for working C compiler: /usr/bin/cc - skipped
-- Detecting C compile features
-- Detecting C compile features - done
-- Detecting CXX compiler ABI info
-- Detecting CXX compiler ABI info - done
-- Check for working CXX compiler: /usr/bin/c++ - skipped
-- Detecting CXX compile features
-- Detecting CXX compile features - done
-- Found ament_cmake: 1.3.8 (/opt/ros/humble/share/ament_cmake/cmake)
-- Found Python3: /usr/bin/python3 (found version "3.10.12") found components: Interpreter
-- Found rosidl_default_generators: 1.2.0 (/opt/ros/humble/share/rosidl_default_generators/cmake)
-- Using all available rosidl_typesupport_c: rosidl_typesupport_fastrtps_c;rosidl_typesupport_introspection_c
-- Found rosidl_adapter: 3.1.5 (/opt/ros/humble/share/rosidl_adapter/cmake)
-- Using all available rosidl_typesupport_cpp: rosidl_typesupport_fastrtps_cpp;rosidl_typesupport_introspection_cpp
-- Found ament_lint_auto: 0.12.10 (/opt/ros/humble/share/ament_lint_auto/cmake)
-- Found ament_cmake_ros: 0.10.0 (/opt/ros/humble/share/ament_cmake_ros/cmake)
-- Using all available rosidl_typesupport_c: rosidl_typesupport_fastrtps_c;rosidl_typesupport_introspection_c
-- Using all available rosidl_typesupport_cpp: rosidl_typesupport_fastrtps_cpp;rosidl_typesupport_introspection_cpp
[33mCMake Warning (dev) at /opt/ros/humble/share/rosidl_generator_py/cmake/rosidl_generator_py_generate_interfaces.cmake:20 (find_package):
  Policy CMP0148 is not set: The FindPythonInterp and FindPythonLibs modules
  are removed.  Run "cmake --help-policy CMP0148" for policy details.  Use
  the cmake_policy command to set the policy and suppress this warning.

Call Stack (most recent call first):
  /opt/ros/humble/share/ament_cmake_core/cmake/core/ament_execute_extensions.cmake:48 (include)
  /opt/ros/humble/share/rosidl_cmake/cmake/rosidl_generate_interfaces.cmake:286 (ament_execute_extensions)
  CMakeLists.txt:27 (rosidl_generate_interfaces)
This warning is for project developers.  Use -Wno-dev to suppress it.
[0m
-- Found PythonInterp: /usr/bin/python3 (found suitable version "3.10.12", minimum required is "3.6")
-- Found python_cmake_module: 0.10.0 (/opt/ros/humble/share/python_cmake_module/cmake)
[33mCMake Warning (dev) at /opt/ros/humble/share/python_cmake_module/cmake/Modules/FindPythonExtra.cmake:52 (find_package):
  Policy CMP0148 is not set: The FindPythonInterp and FindPythonLibs modules
  are removed.  Run "cmake --help-policy CMP0148" for policy details.  Use
  the cmake_policy command to set the policy and suppress this warning.

Call Stack (most recent call first):
  /opt/ros/humble/share/rosidl_generator_py/cmake/rosidl_generator_py_generate_interfaces.cmake:23 (find_package)
  /opt/ros/humble/share/ament_cmake_core/cmake/core/ament_execute_extensions.cmake:48 (include)
  /opt/ros/humble/share/rosidl_cmake/cmake/rosidl_generate_interfaces.cmake:286 (ament_execute_extensions)
  CMakeLists.txt:27 (rosidl_generate_interfaces)
This warning is for project developers.  Use -Wno-dev to suppress it.
[0m
[33mCMake Warning (dev) at /opt/ros/humble/share/python_cmake_module/cmake/Modules/FindPythonExtra.cmake:140 (find_package):
  Policy CMP0148 is not set: The FindPythonInterp and FindPythonLibs modules
  are removed.  Run "cmake --help-policy CMP0148" for policy details.  Use
  the cmake_policy command to set the policy and suppress this warning.

Call Stack (most recent call first):
  /opt/ros/humble/share/rosidl_generator_py/cmake/rosidl_generator_py_generate_interfaces.cmake:23 (find_package)
  /opt/ros/humble/share/ament_cmake_core/cmake/core/ament_execute_extensions.cmake:48 (include)
  /opt/ros/humble/share/rosidl_cmake/cmake/rosidl_generate_interfaces.cmake:286 (ament_execute_extensions)
  CMakeLists.txt:27 (rosidl_generate_interfaces)
This warning is for project developers.  Use -Wno-dev to suppress it.
[0m
-- Found PythonLibs: /usr/lib/x86_64-linux-gnu/libpython3.10.so (found suitable version "3.10.12", minimum required is "3.5")
-- Using PYTHON_EXECUTABLE: /usr/bin/python3
-- Using PYTHON_INCLUDE_DIRS: /usr/include/python3.10
-- Using PYTHON_LIBRARIES: /usr/lib/x86_64-linux-gnu/libpython3.10.so
-- Found PythonExtra: .so
-- Added test 'copyright' to check source files copyright and LICENSE
-- Added test 'lint_cmake' to check CMake code style
-- Added test 'xmllint' to check XML markup files
-- Configuring done (2.1s)
-- Generating done (0.0s)
-- Build files have been written to: /home/edrom-mini/edromufu/src/movement/Ros2_change/build/micro_ros_msgs
[  2%] [34m[1mGenerating C code for ROS interfaces[0m
[  4%] [34m[1mGenerating C++ code for ROS interfaces[0m
[  4%] Built target ament_cmake_python_copy_micro_ros_msgs
running egg_info
creating micro_ros_msgs.egg-info
writing micro_ros_msgs.egg-info/PKG-INFO
writing dependency_links to micro_ros_msgs.egg-info/dependency_links.txt
writing top-level names to micro_ros_msgs.egg-info/top_level.txt
writing manifest file 'micro_ros_msgs.egg-info/SOURCES.txt'
reading manifest file 'micro_ros_msgs.egg-info/SOURCES.txt'
writing manifest file 'micro_ros_msgs.egg-info/SOURCES.txt'
[  4%] Built target ament_cmake_python_build_micro_ros_msgs_egg
[  4%] Built target micro_ros_msgs__cpp
[  6%] [34m[1mGenerating C++ type support dispatch for ROS interfaces[0m
[  8%] [34m[1mGenerating C++ type support for eProsima Fast-RTPS[0m
[ 10%] [34m[1mGenerating C++ introspection for ROS interfaces[0m
[ 12%] [32mBuilding C object CMakeFiles/micro_ros_msgs__rosidl_generator_c.dir/rosidl_generator_c/micro_ros_msgs/msg/detail/graph__functions.c.o[0m
[ 14%] [32mBuilding C object CMakeFiles/micro_ros_msgs__rosidl_generator_c.dir/rosidl_generator_c/micro_ros_msgs/msg/detail/node__functions.c.o[0m
[ 17%] [32mBuilding C object CMakeFiles/micro_ros_msgs__rosidl_generator_c.dir/rosidl_generator_c/micro_ros_msgs/msg/detail/entity__functions.c.o[0m
[ 19%] [32m[1mLinking C shared library libmicro_ros_msgs__rosidl_generator_c.so[0m
[ 19%] Built target micro_ros_msgs__rosidl_generator_c
[ 21%] [34m[1mGenerating C type support for eProsima Fast-RTPS[0m
[ 23%] [32mBuilding CXX object CMakeFiles/micro_ros_msgs__rosidl_typesupport_cpp.dir/rosidl_typesupport_cpp/micro_ros_msgs/msg/graph__type_support.cpp.o[0m
[ 25%] [32mBuilding CXX object CMakeFiles/micro_ros_msgs__rosidl_typesupport_introspection_cpp.dir/rosidl_typesupport_introspection_cpp/micro_ros_msgs/msg/detail/graph__type_support.cpp.o[0m
[ 27%] [32mBuilding CXX object CMakeFiles/micro_ros_msgs__rosidl_typesupport_fastrtps_cpp.dir/rosidl_typesupport_fastrtps_cpp/micro_ros_msgs/msg/detail/dds_fastrtps/graph__type_support.cpp.o[0m
[ 29%] [32mBuilding CXX object CMakeFiles/micro_ros_msgs__rosidl_typesupport_fastrtps_c.dir/rosidl_typesupport_fastrtps_c/micro_ros_msgs/msg/detail/graph__type_support_c.cpp.o[0m
[ 31%] [32mBuilding CXX object CMakeFiles/micro_ros_msgs__rosidl_typesupport_cpp.dir/rosidl_typesupport_cpp/micro_ros_msgs/msg/node__type_support.cpp.o[0m
[ 34%] [32mBuilding CXX object CMakeFiles/micro_ros_msgs__rosidl_typesupport_fastrtps_cpp.dir/rosidl_typesupport_fastrtps_cpp/micro_ros_msgs/msg/detail/dds_fastrtps/node__type_support.cpp.o[0m
[ 36%] [32mBuilding CXX object CMakeFiles/micro_ros_msgs__rosidl_typesupport_fastrtps_c.dir/rosidl_typesupport_fastrtps_c/micro_ros_msgs/msg/detail/node__type_support_c.cpp.o[0m
[ 38%] [32mBuilding CXX object CMakeFiles/micro_ros_msgs__rosidl_typesupport_cpp.dir/rosidl_typesupport_cpp/micro_ros_msgs/msg/entity__type_support.cpp.o[0m
[ 40%] [32mBuilding CXX object CMakeFiles/micro_ros_msgs__rosidl_typesupport_introspection_cpp.dir/rosidl_typesupport_introspection_cpp/micro_ros_msgs/msg/detail/node__type_support.cpp.o[0m
[ 42%] [32m[1mLinking CXX shared library libmicro_ros_msgs__rosidl_typesupport_cpp.so[0m
[ 42%] Built target micro_ros_msgs__rosidl_typesupport_cpp
[ 44%] [34m[1mGenerating C introspection for ROS interfaces[0m
[ 46%] [32mBuilding CXX object CMakeFiles/micro_ros_msgs__rosidl_typesupport_fastrtps_c.dir/rosidl_typesupport_fastrtps_c/micro_ros_msgs/msg/detail/entity__type_support_c.cpp.o[0m
[ 48%] [32mBuilding CXX object CMakeFiles/micro_ros_msgs__rosidl_typesupport_fastrtps_cpp.dir/rosidl_typesupport_fastrtps_cpp/micro_ros_msgs/msg/detail/dds_fastrtps/entity__type_support.cpp.o[0m
[ 51%] [32mBuilding CXX object CMakeFiles/micro_ros_msgs__rosidl_typesupport_introspection_cpp.dir/rosidl_typesupport_introspection_cpp/micro_ros_msgs/msg/detail/entity__type_support.cpp.o[0m
[ 53%] [32mBuilding C object CMakeFiles/micro_ros_msgs__rosidl_typesupport_introspection_c.dir/rosidl_typesupport_introspection_c/micro_ros_msgs/msg/detail/graph__type_support.c.o[0m
[ 55%] [32m[1mLinking CXX shared library libmicro_ros_msgs__rosidl_typesupport_fastrtps_c.so[0m
[ 57%] [32mBuilding C object CMakeFiles/micro_ros_msgs__rosidl_typesupport_introspection_c.dir/rosidl_typesupport_introspection_c/micro_ros_msgs/msg/detail/node__type_support.c.o[0m
[ 59%] [32mBuilding C object CMakeFiles/micro_ros_msgs__rosidl_typesupport_introspection_c.dir/rosidl_typesupport_introspection_c/micro_ros_msgs/msg/detail/entity__type_support.c.o[0m
[ 59%] Built target micro_ros_msgs__rosidl_typesupport_fastrtps_c
[ 61%] [34m[1mGenerating C type support dispatch for ROS interfaces[0m
[ 63%] [32m[1mLinking C shared library libmicro_ros_msgs__rosidl_typesupport_introspection_c.so[0m
[ 63%] Built target micro_ros_msgs__rosidl_typesupport_introspection_c
[ 65%] [32m[1mLinking CXX shared library libmicro_ros_msgs__rosidl_typesupport_introspection_cpp.so[0m
[ 68%] [32m[1mLinking CXX shared library libmicro_ros_msgs__rosidl_typesupport_fastrtps_cpp.so[0m
[ 68%] Built target micro_ros_msgs__rosidl_typesupport_introspection_cpp
[ 68%] Built target micro_ros_msgs__rosidl_typesupport_fastrtps_cpp
[ 72%] [32mBuilding CXX object CMakeFiles/micro_ros_msgs__rosidl_typesupport_c.dir/rosidl_typesupport_c/micro_ros_msgs/msg/graph__type_support.cpp.o[0m
[ 72%] [32mBuilding CXX object CMakeFiles/micro_ros_msgs__rosidl_typesupport_c.dir/rosidl_typesupport_c/micro_ros_msgs/msg/node__type_support.cpp.o[0m
[ 74%] [32mBuilding CXX object CMakeFiles/micro_ros_msgs__rosidl_typesupport_c.dir/rosidl_typesupport_c/micro_ros_msgs/msg/entity__type_support.cpp.o[0m
[ 76%] [32m[1mLinking CXX shared library libmicro_ros_msgs__rosidl_typesupport_c.so[0m
[ 76%] Built target micro_ros_msgs__rosidl_typesupport_c
[ 76%] Built target micro_ros_msgs
[ 78%] [34m[1mGenerating Python code for ROS interfaces[0m
[ 78%] Built target micro_ros_msgs__py
[ 82%] [32mBuilding C object CMakeFiles/micro_ros_msgs__rosidl_generator_py.dir/rosidl_generator_py/micro_ros_msgs/msg/_graph_s.c.o[0m
[ 82%] [32mBuilding C object CMakeFiles/micro_ros_msgs__rosidl_generator_py.dir/rosidl_generator_py/micro_ros_msgs/msg/_node_s.c.o[0m
[ 85%] [32mBuilding C object CMakeFiles/micro_ros_msgs__rosidl_generator_py.dir/rosidl_generator_py/micro_ros_msgs/msg/_entity_s.c.o[0m
[ 87%] [32m[1mLinking C shared library rosidl_generator_py/micro_ros_msgs/libmicro_ros_msgs__rosidl_generator_py.so[0m
[ 87%] Built target micro_ros_msgs__rosidl_generator_py
[ 93%] [32mBuilding C object CMakeFiles/micro_ros_msgs__rosidl_typesupport_introspection_c__pyext.dir/rosidl_generator_py/micro_ros_msgs/_micro_ros_msgs_s.ep.rosidl_typesupport_introspection_c.c.o[0m
[ 93%] [32mBuilding C object CMakeFiles/micro_ros_msgs__rosidl_typesupport_fastrtps_c__pyext.dir/rosidl_generator_py/micro_ros_msgs/_micro_ros_msgs_s.ep.rosidl_typesupport_fastrtps_c.c.o[0m
[ 93%] [32mBuilding C object CMakeFiles/micro_ros_msgs__rosidl_typesupport_c__pyext.dir/rosidl_generator_py/micro_ros_msgs/_micro_ros_msgs_s.ep.rosidl_typesupport_c.c.o[0m
[ 95%] [32m[1mLinking C shared library rosidl_generator_py/micro_ros_msgs/micro_ros_msgs_s__rosidl_typesupport_introspection_c.cpython-310-x86_64-linux-gnu.so[0m
[100%] [32m[1mLinking C shared library rosidl_generator_py/micro_ros_msgs/micro_ros_msgs_s__rosidl_typesupport_c.cpython-310-x86_64-linux-gnu.so[0m
[100%] [32m[1mLinking C shared library rosidl_generator_py/micro_ros_msgs/micro_ros_msgs_s__rosidl_typesupport_fastrtps_c.cpython-310-x86_64-linux-gnu.so[0m
[100%] Built target micro_ros_msgs__rosidl_typesupport_introspection_c__pyext
[100%] Built target micro_ros_msgs__rosidl_typesupport_c__pyext
[100%] Built target micro_ros_msgs__rosidl_typesupport_fastrtps_c__pyext
-- Install configuration: ""
-- Installing: /home/edrom-mini/edromufu/src/movement/Ros2_change/install/micro_ros_msgs/share/ament_index/resource_index/rosidl_interfaces/micro_ros_msgs
-- Installing: /home/edrom-mini/edromufu/src/movement/Ros2_change/install/micro_ros_msgs/include/micro_ros_msgs/micro_ros_msgs
-- Installing: /home/edrom-mini/edromufu/src/movement/Ros2_change/install/micro_ros_msgs/include/micro_ros_msgs/micro_ros_msgs/msg
-- Installing: /home/edrom-mini/edromufu/src/movement/Ros2_change/install/micro_ros_msgs/include/micro_ros_msgs/micro_ros_msgs/msg/entity.h
-- Installing: /home/edrom-mini/edromufu/src/movement/Ros2_change/install/micro_ros_msgs/include/micro_ros_msgs/micro_ros_msgs/msg/rosidl_generator_c__visibility_control.h
-- Installing: /home/edrom-mini/edromufu/src/movement/Ros2_change/install/micro_ros_msgs/include/micro_ros_msgs/micro_ros_msgs/msg/detail
-- Installing: /home/edrom-mini/edromufu/src/movement/Ros2_change/install/micro_ros_msgs/include/micro_ros_msgs/micro_ros_msgs/msg/detail/node__functions.h
-- Installing: /home/edrom-mini/edromufu/src/movement/Ros2_change/install/micro_ros_msgs/include/micro_ros_msgs/micro_ros_msgs/msg/detail/entity__functions.h
-- Installing: /home/edrom-mini/edromufu/src/movement/Ros2_change/install/micro_ros_msgs/include/micro_ros_msgs/micro_ros_msgs/msg/detail/node__struct.h
-- Installing: /home/edrom-mini/edromufu/src/movement/Ros2_change/install/micro_ros_msgs/include/micro_ros_msgs/micro_ros_msgs/msg/detail/entity__type_support.h
-- Installing: /home/edrom-mini/edromufu/src/movement/Ros2_change/install/micro_ros_msgs/include/micro_ros_msgs/micro_ros_msgs/msg/detail/entity__struct.h
-- Installing: /home/edrom-mini/edromufu/src/movement/Ros2_change/install/micro_ros_msgs/include/micro_ros_msgs/micro_ros_msgs/msg/detail/node__functions.c
-- Installing: /home/edrom-mini/edromufu/src/movement/Ros2_change/install/micro_ros_msgs/include/micro_ros_msgs/micro_ros_msgs/msg/detail/graph__struct.h
-- Installing: /home/edrom-mini/edromufu/src/movement/Ros2_change/install/micro_ros_msgs/include/micro_ros_msgs/micro_ros_msgs/msg/detail/graph__type_support.h
-- Installing: /home/edrom-mini/edromufu/src/movement/Ros2_change/install/micro_ros_msgs/include/micro_ros_msgs/micro_ros_msgs/msg/detail/graph__functions.c
-- Installing: /home/edrom-mini/edromufu/src/movement/Ros2_change/install/micro_ros_msgs/include/micro_ros_msgs/micro_ros_msgs/msg/detail/node__type_support.h
-- Installing: /home/edrom-mini/edromufu/src/movement/Ros2_change/install/micro_ros_msgs/include/micro_ros_msgs/micro_ros_msgs/msg/detail/graph__functions.h
-- Installing: /home/edrom-mini/edromufu/src/movement/Ros2_change/install/micro_ros_msgs/include/micro_ros_msgs/micro_ros_msgs/msg/detail/entity__functions.c
-- Installing: /home/edrom-mini/edromufu/src/movement/Ros2_change/install/micro_ros_msgs/include/micro_ros_msgs/micro_ros_msgs/msg/node.h
-- Installing: /home/edrom-mini/edromufu/src/movement/Ros2_change/install/micro_ros_msgs/include/micro_ros_msgs/micro_ros_msgs/msg/graph.h
-- Installing: /home/edrom-mini/edromufu/src/movement/Ros2_change/install/micro_ros_msgs/share/micro_ros_msgs/environment/library_path.sh
-- Installing: /home/edrom-mini/edromufu/src/movement/Ros2_change/install/micro_ros_msgs/share/micro_ros_msgs/environment/library_path.dsv
-- Installing: /home/edrom-mini/edromufu/src/movement/Ros2_change/install/micro_ros_msgs/lib/libmicro_ros_msgs__rosidl_generator_c.so
-- Set non-toolchain portion of runtime path of "/home/edrom-mini/edromufu/src/movement/Ros2_change/install/micro_ros_msgs/lib/libmicro_ros_msgs__rosidl_generator_c.so" to ""
-- Up-to-date: /home/edrom-mini/edromufu/src/movement/Ros2_change/install/micro_ros_msgs/include/micro_ros_msgs/micro_ros_msgs
-- Up-to-date: /home/edrom-mini/edromufu/src/movement/Ros2_change/install/micro_ros_msgs/include/micro_ros_msgs/micro_ros_msgs/msg
-- Up-to-date: /home/edrom-mini/edromufu/src/movement/Ros2_change/install/micro_ros_msgs/include/micro_ros_msgs/micro_ros_msgs/msg/detail
-- Installing: /home/edrom-mini/edromufu/src/movement/Ros2_change/install/micro_ros_msgs/include/micro_ros_msgs/micro_ros_msgs/msg/detail/entity__rosidl_typesupport_fastrtps_c.h
-- Installing: /home/edrom-mini/edromufu/src/movement/Ros2_change/install/micro_ros_msgs/include/micro_ros_msgs/micro_ros_msgs/msg/detail/node__rosidl_typesupport_fastrtps_c.h
-- Installing: /home/edrom-mini/edromufu/src/movement/Ros2_change/install/micro_ros_msgs/include/micro_ros_msgs/micro_ros_msgs/msg/detail/graph__rosidl_typesupport_fastrtps_c.h
-- Installing: /home/edrom-mini/edromufu/src/movement/Ros2_change/install/micro_ros_msgs/include/micro_ros_msgs/micro_ros_msgs/msg/rosidl_typesupport_fastrtps_c__visibility_control.h
-- Installing: /home/edrom-mini/edromufu/src/movement/Ros2_change/install/micro_ros_msgs/lib/libmicro_ros_msgs__rosidl_typesupport_fastrtps_c.so
-- Set non-toolchain portion of runtime path of "/home/edrom-mini/edromufu/src/movement/Ros2_change/install/micro_ros_msgs/lib/libmicro_ros_msgs__rosidl_typesupport_fastrtps_c.so" to ""
-- Up-to-date: /home/edrom-mini/edromufu/src/movement/Ros2_change/install/micro_ros_msgs/include/micro_ros_msgs/micro_ros_msgs
-- Up-to-date: /home/edrom-mini/edromufu/src/movement/Ros2_change/install/micro_ros_msgs/include/micro_ros_msgs/micro_ros_msgs/msg
-- Installing: /home/edrom-mini/edromufu/src/movement/Ros2_change/install/micro_ros_msgs/include/micro_ros_msgs/micro_ros_msgs/msg/rosidl_typesupport_introspection_c__visibility_control.h
-- Up-to-date: /home/edrom-mini/edromufu/src/movement/Ros2_change/install/micro_ros_msgs/include/micro_ros_msgs/micro_ros_msgs/msg/detail
-- Installing: /home/edrom-mini/edromufu/src/movement/Ros2_change/install/micro_ros_msgs/include/micro_ros_msgs/micro_ros_msgs/msg/detail/entity__type_support.c
-- Installing: /home/edrom-mini/edromufu/src/movement/Ros2_change/install/micro_ros_msgs/include/micro_ros_msgs/micro_ros_msgs/msg/detail/node__type_support.c
-- Installing: /home/edrom-mini/edromufu/src/movement/Ros2_change/install/micro_ros_msgs/include/micro_ros_msgs/micro_ros_msgs/msg/detail/entity__rosidl_typesupport_introspection_c.h
-- Installing: /home/edrom-mini/edromufu/src/movement/Ros2_change/install/micro_ros_msgs/include/micro_ros_msgs/micro_ros_msgs/msg/detail/node__rosidl_typesupport_introspection_c.h
-- Installing: /home/edrom-mini/edromufu/src/movement/Ros2_change/install/micro_ros_msgs/include/micro_ros_msgs/micro_ros_msgs/msg/detail/graph__type_support.c
-- Installing: /home/edrom-mini/edromufu/src/movement/Ros2_change/install/micro_ros_msgs/include/micro_ros_msgs/micro_ros_msgs/msg/detail/graph__rosidl_typesupport_introspection_c.h
-- Installing: /home/edrom-mini/edromufu/src/movement/Ros2_change/install/micro_ros_msgs/lib/libmicro_ros_msgs__rosidl_typesupport_introspection_c.so
-- Set non-toolchain portion of runtime path of "/home/edrom-mini/edromufu/src/movement/Ros2_change/install/micro_ros_msgs/lib/libmicro_ros_msgs__rosidl_typesupport_introspection_c.so" to ""
-- Installing: /home/edrom-mini/edromufu/src/movement/Ros2_change/install/micro_ros_msgs/lib/libmicro_ros_msgs__rosidl_typesupport_c.so
-- Set non-toolchain portion of runtime path of "/home/edrom-mini/edromufu/src/movement/Ros2_change/install/micro_ros_msgs/lib/libmicro_ros_msgs__rosidl_typesupport_c.so" to ""
-- Up-to-date: /home/edrom-mini/edromufu/src/movement/Ros2_change/install/micro_ros_msgs/include/micro_ros_msgs/micro_ros_msgs
-- Up-to-date: /home/edrom-mini/edromufu/src/movement/Ros2_change/install/micro_ros_msgs/include/micro_ros_msgs/micro_ros_msgs/msg
-- Installing: /home/edrom-mini/edromufu/src/movement/Ros2_change/install/micro_ros_msgs/include/micro_ros_msgs/micro_ros_msgs/msg/entity.hpp
-- Up-to-date: /home/edrom-mini/edromufu/src/movement/Ros2_change/install/micro_ros_msgs/include/micro_ros_msgs/micro_ros_msgs/msg/detail
-- Installing: /home/edrom-mini/edromufu/src/movement/Ros2_change/install/micro_ros_msgs/include/micro_ros_msgs/micro_ros_msgs/msg/detail/graph__struct.hpp
-- Installing: /home/edrom-mini/edromufu/src/movement/Ros2_change/install/micro_ros_msgs/include/micro_ros_msgs/micro_ros_msgs/msg/detail/entity__traits.hpp
-- Installing: /home/edrom-mini/edromufu/src/movement/Ros2_change/install/micro_ros_msgs/include/micro_ros_msgs/micro_ros_msgs/msg/detail/graph__builder.hpp
-- Installing: /home/edrom-mini/edromufu/src/movement/Ros2_change/install/micro_ros_msgs/include/micro_ros_msgs/micro_ros_msgs/msg/detail/node__struct.hpp
-- Installing: /home/edrom-mini/edromufu/src/movement/Ros2_change/install/micro_ros_msgs/include/micro_ros_msgs/micro_ros_msgs/msg/detail/node__traits.hpp
-- Installing: /home/edrom-mini/edromufu/src/movement/Ros2_change/install/micro_ros_msgs/include/micro_ros_msgs/micro_ros_msgs/msg/detail/node__builder.hpp
-- Installing: /home/edrom-mini/edromufu/src/movement/Ros2_change/install/micro_ros_msgs/include/micro_ros_msgs/micro_ros_msgs/msg/detail/entity__builder.hpp
-- Installing: /home/edrom-mini/edromufu/src/movement/Ros2_change/install/micro_ros_msgs/include/micro_ros_msgs/micro_ros_msgs/msg/detail/entity__struct.hpp
-- Installing: /home/edrom-mini/edromufu/src/movement/Ros2_change/install/micro_ros_msgs/include/micro_ros_msgs/micro_ros_msgs/msg/detail/graph__traits.hpp
-- Installing: /home/edrom-mini/edromufu/src/movement/Ros2_change/install/micro_ros_msgs/include/micro_ros_msgs/micro_ros_msgs/msg/node.hpp
-- Installing: /home/edrom-mini/edromufu/src/movement/Ros2_change/install/micro_ros_msgs/include/micro_ros_msgs/micro_ros_msgs/msg/graph.hpp
-- Up-to-date: /home/edrom-mini/edromufu/src/movement/Ros2_change/install/micro_ros_msgs/include/micro_ros_msgs/micro_ros_msgs
-- Up-to-date: /home/edrom-mini/edromufu/src/movement/Ros2_change/install/micro_ros_msgs/include/micro_ros_msgs/micro_ros_msgs/msg
-- Up-to-date: /home/edrom-mini/edromufu/src/movement/Ros2_change/install/micro_ros_msgs/include/micro_ros_msgs/micro_ros_msgs/msg/detail
-- Installing: /home/edrom-mini/edromufu/src/movement/Ros2_change/install/micro_ros_msgs/include/micro_ros_msgs/micro_ros_msgs/msg/detail/entity__rosidl_typesupport_fastrtps_cpp.hpp
-- Installing: /home/edrom-mini/edromufu/src/movement/Ros2_change/install/micro_ros_msgs/include/micro_ros_msgs/micro_ros_msgs/msg/detail/graph__rosidl_typesupport_fastrtps_cpp.hpp
-- Installing: /home/edrom-mini/edromufu/src/movement/Ros2_change/install/micro_ros_msgs/include/micro_ros_msgs/micro_ros_msgs/msg/detail/dds_fastrtps
-- Installing: /home/edrom-mini/edromufu/src/movement/Ros2_change/install/micro_ros_msgs/include/micro_ros_msgs/micro_ros_msgs/msg/detail/node__rosidl_typesupport_fastrtps_cpp.hpp
-- Installing: /home/edrom-mini/edromufu/src/movement/Ros2_change/install/micro_ros_msgs/include/micro_ros_msgs/micro_ros_msgs/msg/rosidl_typesupport_fastrtps_cpp__visibility_control.h
-- Installing: /home/edrom-mini/edromufu/src/movement/Ros2_change/install/micro_ros_msgs/lib/libmicro_ros_msgs__rosidl_typesupport_fastrtps_cpp.so
-- Set non-toolchain portion of runtime path of "/home/edrom-mini/edromufu/src/movement/Ros2_change/install/micro_ros_msgs/lib/libmicro_ros_msgs__rosidl_typesupport_fastrtps_cpp.so" to ""
-- Up-to-date: /home/edrom-mini/edromufu/src/movement/Ros2_change/install/micro_ros_msgs/include/micro_ros_msgs/micro_ros_msgs
-- Up-to-date: /home/edrom-mini/edromufu/src/movement/Ros2_change/install/micro_ros_msgs/include/micro_ros_msgs/micro_ros_msgs/msg
-- Up-to-date: /home/edrom-mini/edromufu/src/movement/Ros2_change/install/micro_ros_msgs/include/micro_ros_msgs/micro_ros_msgs/msg/detail
-- Installing: /home/edrom-mini/edromufu/src/movement/Ros2_change/install/micro_ros_msgs/include/micro_ros_msgs/micro_ros_msgs/msg/detail/node__rosidl_typesupport_introspection_cpp.hpp
-- Installing: /home/edrom-mini/edromufu/src/movement/Ros2_change/install/micro_ros_msgs/include/micro_ros_msgs/micro_ros_msgs/msg/detail/graph__rosidl_typesupport_introspection_cpp.hpp
-- Installing: /home/edrom-mini/edromufu/src/movement/Ros2_change/install/micro_ros_msgs/include/micro_ros_msgs/micro_ros_msgs/msg/detail/graph__type_support.cpp
-- Installing: /home/edrom-mini/edromufu/src/movement/Ros2_change/install/micro_ros_msgs/include/micro_ros_msgs/micro_ros_msgs/msg/detail/entity__type_support.cpp
-- Installing: /home/edrom-mini/edromufu/src/movement/Ros2_change/install/micro_ros_msgs/include/micro_ros_msgs/micro_ros_msgs/msg/detail/node__type_support.cpp
-- Installing: /home/edrom-mini/edromufu/src/movement/Ros2_change/install/micro_ros_msgs/include/micro_ros_msgs/micro_ros_msgs/msg/detail/entity__rosidl_typesupport_introspection_cpp.hpp
-- Installing: /home/edrom-mini/edromufu/src/movement/Ros2_change/install/micro_ros_msgs/lib/libmicro_ros_msgs__rosidl_typesupport_introspection_cpp.so
-- Set non-toolchain portion of runtime path of "/home/edrom-mini/edromufu/src/movement/Ros2_change/install/micro_ros_msgs/lib/libmicro_ros_msgs__rosidl_typesupport_introspection_cpp.so" to ""
-- Installing: /home/edrom-mini/edromufu/src/movement/Ros2_change/install/micro_ros_msgs/lib/libmicro_ros_msgs__rosidl_typesupport_cpp.so
-- Set non-toolchain portion of runtime path of "/home/edrom-mini/edromufu/src/movement/Ros2_change/install/micro_ros_msgs/lib/libmicro_ros_msgs__rosidl_typesupport_cpp.so" to ""
-- Installing: /home/edrom-mini/edromufu/src/movement/Ros2_change/install/micro_ros_msgs/share/micro_ros_msgs/environment/pythonpath.sh
-- Installing: /home/edrom-mini/edromufu/src/movement/Ros2_change/install/micro_ros_msgs/share/micro_ros_msgs/environment/pythonpath.dsv
-- Installing: /home/edrom-mini/edromufu/src/movement/Ros2_change/install/micro_ros_msgs/local/lib/python3.10/dist-packages/micro_ros_msgs-5.0.2-py3.10.egg-info
-- Installing: /home/edrom-mini/edromufu/src/movement/Ros2_change/install/micro_ros_msgs/local/lib/python3.10/dist-packages/micro_ros_msgs-5.0.2-py3.10.egg-info/dependency_links.txt
-- Installing: /home/edrom-mini/edromufu/src/movement/Ros2_change/install/micro_ros_msgs/local/lib/python3.10/dist-packages/micro_ros_msgs-5.0.2-py3.10.egg-info/PKG-INFO
-- Installing: /home/edrom-mini/edromufu/src/movement/Ros2_change/install/micro_ros_msgs/local/lib/python3.10/dist-packages/micro_ros_msgs-5.0.2-py3.10.egg-info/top_level.txt
-- Installing: /home/edrom-mini/edromufu/src/movement/Ros2_change/install/micro_ros_msgs/local/lib/python3.10/dist-packages/micro_ros_msgs-5.0.2-py3.10.egg-info/SOURCES.txt
-- Installing: /home/edrom-mini/edromufu/src/movement/Ros2_change/install/micro_ros_msgs/local/lib/python3.10/dist-packages/micro_ros_msgs
-- Installing: /home/edrom-mini/edromufu/src/movement/Ros2_change/install/micro_ros_msgs/local/lib/python3.10/dist-packages/micro_ros_msgs/__init__.py
-- Installing: /home/edrom-mini/edromufu/src/movement/Ros2_change/install/micro_ros_msgs/local/lib/python3.10/dist-packages/micro_ros_msgs/micro_ros_msgs_s__rosidl_typesupport_introspection_c.cpython-310-x86_64-linux-gnu.so
-- Installing: /home/edrom-mini/edromufu/src/movement/Ros2_change/install/micro_ros_msgs/local/lib/python3.10/dist-packages/micro_ros_msgs/micro_ros_msgs_s__rosidl_typesupport_c.cpython-310-x86_64-linux-gnu.so
-- Installing: /home/edrom-mini/edromufu/src/movement/Ros2_change/install/micro_ros_msgs/local/lib/python3.10/dist-packages/micro_ros_msgs/micro_ros_msgs_s__rosidl_typesupport_fastrtps_c.cpython-310-x86_64-linux-gnu.so
-- Installing: /home/edrom-mini/edromufu/src/movement/Ros2_change/install/micro_ros_msgs/local/lib/python3.10/dist-packages/micro_ros_msgs/msg
-- Installing: /home/edrom-mini/edromufu/src/movement/Ros2_change/install/micro_ros_msgs/local/lib/python3.10/dist-packages/micro_ros_msgs/msg/_node_s.c
-- Installing: /home/edrom-mini/edromufu/src/movement/Ros2_change/install/micro_ros_msgs/local/lib/python3.10/dist-packages/micro_ros_msgs/msg/__init__.py
-- Installing: /home/edrom-mini/edromufu/src/movement/Ros2_change/install/micro_ros_msgs/local/lib/python3.10/dist-packages/micro_ros_msgs/msg/_node.py
-- Installing: /home/edrom-mini/edromufu/src/movement/Ros2_change/install/micro_ros_msgs/local/lib/python3.10/dist-packages/micro_ros_msgs/msg/_graph.py
-- Installing: /home/edrom-mini/edromufu/src/movement/Ros2_change/install/micro_ros_msgs/local/lib/python3.10/dist-packages/micro_ros_msgs/msg/_entity.py
-- Installing: /home/edrom-mini/edromufu/src/movement/Ros2_change/install/micro_ros_msgs/local/lib/python3.10/dist-packages/micro_ros_msgs/msg/_entity_s.c
-- Installing: /home/edrom-mini/edromufu/src/movement/Ros2_change/install/micro_ros_msgs/local/lib/python3.10/dist-packages/micro_ros_msgs/msg/_graph_s.c
-- Installing: /home/edrom-mini/edromufu/src/movement/Ros2_change/install/micro_ros_msgs/local/lib/python3.10/dist-packages/micro_ros_msgs/_micro_ros_msgs_s.ep.rosidl_typesupport_introspection_c.c
-- Installing: /home/edrom-mini/edromufu/src/movement/Ros2_change/install/micro_ros_msgs/local/lib/python3.10/dist-packages/micro_ros_msgs/libmicro_ros_msgs__rosidl_generator_py.so
-- Installing: /home/edrom-mini/edromufu/src/movement/Ros2_change/install/micro_ros_msgs/local/lib/python3.10/dist-packages/micro_ros_msgs/_micro_ros_msgs_s.ep.rosidl_typesupport_fastrtps_c.c
-- Installing: /home/edrom-mini/edromufu/src/movement/Ros2_change/install/micro_ros_msgs/local/lib/python3.10/dist-packages/micro_ros_msgs/_micro_ros_msgs_s.ep.rosidl_typesupport_c.c
Listing '/home/edrom-mini/edromufu/src/movement/Ros2_change/install/micro_ros_msgs/local/lib/python3.10/dist-packages/micro_ros_msgs'...
Compiling '/home/edrom-mini/edromufu/src/movement/Ros2_change/install/micro_ros_msgs/local/lib/python3.10/dist-packages/micro_ros_msgs/__init__.py'...
Listing '/home/edrom-mini/edromufu/src/movement/Ros2_change/install/micro_ros_msgs/local/lib/python3.10/dist-packages/micro_ros_msgs/msg'...
Compiling '/home/edrom-mini/edromufu/src/movement/Ros2_change/install/micro_ros_msgs/local/lib/python3.10/dist-packages/micro_ros_msgs/msg/__init__.py'...
Compiling '/home/edrom-mini/edromufu/src/movement/Ros2_change/install/micro_ros_msgs/local/lib/python3.10/dist-packages/micro_ros_msgs/msg/_entity.py'...
Compiling '/home/edrom-mini/edromufu/src/movement/Ros2_change/install/micro_ros_msgs/local/lib/python3.10/dist-packages/micro_ros_msgs/msg/_graph.py'...
Compiling '/home/edrom-mini/edromufu/src/movement/Ros2_change/install/micro_ros_msgs/local/lib/python3.10/dist-packages/micro_ros_msgs/msg/_node.py'...
-- Installing: /home/edrom-mini/edromufu/src/movement/Ros2_change/install/micro_ros_msgs/local/lib/python3.10/dist-packages/micro_ros_msgs/micro_ros_msgs_s__rosidl_typesupport_fastrtps_c.cpython-310-x86_64-linux-gnu.so
-- Set non-toolchain portion of runtime path of "/home/edrom-mini/edromufu/src/movement/Ros2_change/install/micro_ros_msgs/local/lib/python3.10/dist-packages/micro_ros_msgs/micro_ros_msgs_s__rosidl_typesupport_fastrtps_c.cpython-310-x86_64-linux-gnu.so" to ""
-- Installing: /home/edrom-mini/edromufu/src/movement/Ros2_change/install/micro_ros_msgs/local/lib/python3.10/dist-packages/micro_ros_msgs/micro_ros_msgs_s__rosidl_typesupport_introspection_c.cpython-310-x86_64-linux-gnu.so
-- Set non-toolchain portion of runtime path of "/home/edrom-mini/edromufu/src/movement/Ros2_change/install/micro_ros_msgs/local/lib/python3.10/dist-packages/micro_ros_msgs/micro_ros_msgs_s__rosidl_typesupport_introspection_c.cpython-310-x86_64-linux-gnu.so" to ""
-- Installing: /home/edrom-mini/edromufu/src/movement/Ros2_change/install/micro_ros_msgs/local/lib/python3.10/dist-packages/micro_ros_msgs/micro_ros_msgs_s__rosidl_typesupport_c.cpython-310-x86_64-linux-gnu.so
-- Set non-toolchain portion of runtime path of "/home/edrom-mini/edromufu/src/movement/Ros2_change/install/micro_ros_msgs/local/lib/python3.10/dist-packages/micro_ros_msgs/micro_ros_msgs_s__rosidl_typesupport_c.cpython-310-x86_64-linux-gnu.so" to ""
-- Installing: /home/edrom-mini/edromufu/src/movement/Ros2_change/install/micro_ros_msgs/lib/libmicro_ros_msgs__rosidl_generator_py.so
-- Set non-toolchain portion of runtime path of "/home/edrom-mini/edromufu/src/movement/Ros2_change/install/micro_ros_msgs/lib/libmicro_ros_msgs__rosidl_generator_py.so" to ""
-- Installing: /home/edrom-mini/edromufu/src/movement/Ros2_change/install/micro_ros_msgs/share/micro_ros_msgs/msg/Graph.idl
-- Installing: /home/edrom-mini/edromufu/src/movement/Ros2_change/install/micro_ros_msgs/share/micro_ros_msgs/msg/Node.idl
-- Installing: /home/edrom-mini/edromufu/src/movement/Ros2_change/install/micro_ros_msgs/share/micro_ros_msgs/msg/Entity.idl
-- Installing: /home/edrom-mini/edromufu/src/movement/Ros2_change/install/micro_ros_msgs/share/micro_ros_msgs/msg/Graph.msg
-- Installing: /home/edrom-mini/edromufu/src/movement/Ros2_change/install/micro_ros_msgs/share/micro_ros_msgs/msg/Node.msg
-- Installing: /home/edrom-mini/edromufu/src/movement/Ros2_change/install/micro_ros_msgs/share/micro_ros_msgs/msg/Entity.msg
-- Installing: /home/edrom-mini/edromufu/src/movement/Ros2_change/install/micro_ros_msgs/share/ament_index/resource_index/package_run_dependencies/micro_ros_msgs
-- Installing: /home/edrom-mini/edromufu/src/movement/Ros2_change/install/micro_ros_msgs/share/ament_index/resource_index/parent_prefix_path/micro_ros_msgs
-- Installing: /home/edrom-mini/edromufu/src/movement/Ros2_change/install/micro_ros_msgs/share/micro_ros_msgs/environment/ament_prefix_path.sh
-- Installing: /home/edrom-mini/edromufu/src/movement/Ros2_change/install/micro_ros_msgs/share/micro_ros_msgs/environment/ament_prefix_path.dsv
-- Installing: /home/edrom-mini/edromufu/src/movement/Ros2_change/install/micro_ros_msgs/share/micro_ros_msgs/environment/path.sh
-- Installing: /home/edrom-mini/edromufu/src/movement/Ros2_change/install/micro_ros_msgs/share/micro_ros_msgs/environment/path.dsv
-- Installing: /home/edrom-mini/edromufu/src/movement/Ros2_change/install/micro_ros_msgs/share/micro_ros_msgs/local_setup.bash
-- Installing: /home/edrom-mini/edromufu/src/movement/Ros2_change/install/micro_ros_msgs/share/micro_ros_msgs/local_setup.sh
-- Installing: /home/edrom-mini/edromufu/src/movement/Ros2_change/install/micro_ros_msgs/share/micro_ros_msgs/local_setup.zsh
-- Installing: /home/edrom-mini/edromufu/src/movement/Ros2_change/install/micro_ros_msgs/share/micro_ros_msgs/local_setup.dsv
-- Installing: /home/edrom-mini/edromufu/src/movement/Ros2_change/install/micro_ros_msgs/share/micro_ros_msgs/package.dsv
-- Installing: /home/edrom-mini/edromufu/src/movement/Ros2_change/install/micro_ros_msgs/share/ament_index/resource_index/packages/micro_ros_msgs
-- Installing: /home/edrom-mini/edromufu/src/movement/Ros2_change/install/micro_ros_msgs/share/micro_ros_msgs/cmake/export_micro_ros_msgs__rosidl_generator_cExport.cmake
-- Installing: /home/edrom-mini/edromufu/src/movement/Ros2_change/install/micro_ros_msgs/share/micro_ros_msgs/cmake/export_micro_ros_msgs__rosidl_generator_cExport-noconfig.cmake
-- Installing: /home/edrom-mini/edromufu/src/movement/Ros2_change/install/micro_ros_msgs/share/micro_ros_msgs/cmake/export_micro_ros_msgs__rosidl_typesupport_fastrtps_cExport.cmake
-- Installing: /home/edrom-mini/edromufu/src/movement/Ros2_change/install/micro_ros_msgs/share/micro_ros_msgs/cmake/export_micro_ros_msgs__rosidl_typesupport_fastrtps_cExport-noconfig.cmake
-- Installing: /home/edrom-mini/edromufu/src/movement/Ros2_change/install/micro_ros_msgs/share/micro_ros_msgs/cmake/micro_ros_msgs__rosidl_typesupport_introspection_cExport.cmake
-- Installing: /home/edrom-mini/edromufu/src/movement/Ros2_change/install/micro_ros_msgs/share/micro_ros_msgs/cmake/micro_ros_msgs__rosidl_typesupport_introspection_cExport-noconfig.cmake
-- Installing: /home/edrom-mini/edromufu/src/movement/Ros2_change/install/micro_ros_msgs/share/micro_ros_msgs/cmake/micro_ros_msgs__rosidl_typesupport_cExport.cmake
-- Installing: /home/edrom-mini/edromufu/src/movement/Ros2_change/install/micro_ros_msgs/share/micro_ros_msgs/cmake/micro_ros_msgs__rosidl_typesupport_cExport-noconfig.cmake
-- Installing: /home/edrom-mini/edromufu/src/movement/Ros2_change/install/micro_ros_msgs/share/micro_ros_msgs/cmake/export_micro_ros_msgs__rosidl_generator_cppExport.cmake
-- Installing: /home/edrom-mini/edromufu/src/movement/Ros2_change/install/micro_ros_msgs/share/micro_ros_msgs/cmake/export_micro_ros_msgs__rosidl_typesupport_fastrtps_cppExport.cmake
-- Installing: /home/edrom-mini/edromufu/src/movement/Ros2_change/install/micro_ros_msgs/share/micro_ros_msgs/cmake/export_micro_ros_msgs__rosidl_typesupport_fastrtps_cppExport-noconfig.cmake
-- Installing: /home/edrom-mini/edromufu/src/movement/Ros2_change/install/micro_ros_msgs/share/micro_ros_msgs/cmake/micro_ros_msgs__rosidl_typesupport_introspection_cppExport.cmake
-- Installing: /home/edrom-mini/edromufu/src/movement/Ros2_change/install/micro_ros_msgs/share/micro_ros_msgs/cmake/micro_ros_msgs__rosidl_typesupport_introspection_cppExport-noconfig.cmake
-- Installing: /home/edrom-mini/edromufu/src/movement/Ros2_change/install/micro_ros_msgs/share/micro_ros_msgs/cmake/micro_ros_msgs__rosidl_typesupport_cppExport.cmake
-- Installing: /home/edrom-mini/edromufu/src/movement/Ros2_change/install/micro_ros_msgs/share/micro_ros_msgs/cmake/micro_ros_msgs__rosidl_typesupport_cppExport-noconfig.cmake
-- Installing: /home/edrom-mini/edromufu/src/movement/Ros2_change/install/micro_ros_msgs/share/micro_ros_msgs/cmake/export_micro_ros_msgs__rosidl_generator_pyExport.cmake
-- Installing: /home/edrom-mini/edromufu/src/movement/Ros2_change/install/micro_ros_msgs/share/micro_ros_msgs/cmake/export_micro_ros_msgs__rosidl_generator_pyExport-noconfig.cmake
-- Installing: /home/edrom-mini/edromufu/src/movement/Ros2_change/install/micro_ros_msgs/share/micro_ros_msgs/cmake/rosidl_cmake-extras.cmake
-- Installing: /home/edrom-mini/edromufu/src/movement/Ros2_change/install/micro_ros_msgs/share/micro_ros_msgs/cmake/ament_cmake_export_include_directories-extras.cmake
-- Installing: /home/edrom-mini/edromufu/src/movement/Ros2_change/install/micro_ros_msgs/share/micro_ros_msgs/cmake/ament_cmake_export_libraries-extras.cmake
-- Installing: /home/edrom-mini/edromufu/src/movement/Ros2_change/install/micro_ros_msgs/share/micro_ros_msgs/cmake/ament_cmake_export_targets-extras.cmake
-- Installing: /home/edrom-mini/edromufu/src/movement/Ros2_change/install/micro_ros_msgs/share/micro_ros_msgs/cmake/rosidl_cmake_export_typesupport_targets-extras.cmake
-- Installing: /home/edrom-mini/edromufu/src/movement/Ros2_change/install/micro_ros_msgs/share/micro_ros_msgs/cmake/ament_cmake_export_dependencies-extras.cmake
-- Installing: /home/edrom-mini/edromufu/src/movement/Ros2_change/install/micro_ros_msgs/share/micro_ros_msgs/cmake/rosidl_cmake_export_typesupport_libraries-extras.cmake
-- Installing: /home/edrom-mini/edromufu/src/movement/Ros2_change/install/micro_ros_msgs/share/micro_ros_msgs/cmake/micro_ros_msgsConfig.cmake
-- Installing: /home/edrom-mini/edromufu/src/movement/Ros2_change/install/micro_ros_msgs/share/micro_ros_msgs/cmake/micro_ros_msgsConfig-version.cmake
-- Installing: /home/edrom-mini/edromufu/src/movement/Ros2_change/install/micro_ros_msgs/share/micro_ros_msgs/package.xml
