[0.011s] Invoking command in '/home/edrom-mini/edromufu/src/movement/Ros2_change/build/micro_ros_msgs': CMAKE_PREFIX_PATH=/opt/ros/humble /home/edrom-mini/.local/bin/cmake /home/edrom-mini/edromufu/src/movement/Ros2_change/src/micro_ros_msgs -DCMAKE_INSTALL_PREFIX=/home/edrom-mini/edromufu/src/movement/Ros2_change/install/micro_ros_msgs
[0.128s] -- The C compiler identification is GNU 11.4.0
[0.182s] -- The CXX compiler identification is GNU 11.4.0
[0.192s] -- Detecting C compiler ABI info
[0.250s] -- Detecting C compiler ABI info - done
[0.268s] -- Check for working C compiler: /usr/bin/cc - skipped
[0.269s] -- Detecting C compile features
[0.269s] -- Detecting C compile features - done
[0.273s] -- Detecting CXX compiler ABI info
[0.342s] -- Detecting CXX compiler ABI info - done
[0.361s] -- Check for working CXX compiler: /usr/bin/c++ - skipped
[0.361s] -- Detecting CXX compile features
[0.361s] -- Detecting CXX compile features - done
[0.363s] -- Found ament_cmake: 1.3.8 (/opt/ros/humble/share/ament_cmake/cmake)
[0.500s] -- Found Python3: /usr/bin/python3 (found version "3.10.12") found components: Interpreter
[0.586s] -- Found rosidl_default_generators: 1.2.0 (/opt/ros/humble/share/rosidl_default_generators/cmake)
[0.589s] -- Using all available rosidl_typesupport_c: rosidl_typesupport_fastrtps_c;rosidl_typesupport_introspection_c
[0.595s] -- Found rosidl_adapter: 3.1.5 (/opt/ros/humble/share/rosidl_adapter/cmake)
[0.644s] -- Using all available rosidl_typesupport_cpp: rosidl_typesupport_fastrtps_cpp;rosidl_typesupport_introspection_cpp
[0.688s] -- Found ament_lint_auto: 0.12.10 (/opt/ros/humble/share/ament_lint_auto/cmake)
[1.127s] -- Found ament_cmake_ros: 0.10.0 (/opt/ros/humble/share/ament_cmake_ros/cmake)
[1.570s] -- Using all available rosidl_typesupport_c: rosidl_typesupport_fastrtps_c;rosidl_typesupport_introspection_c
[2.059s] -- Using all available rosidl_typesupport_cpp: rosidl_typesupport_fastrtps_cpp;rosidl_typesupport_introspection_cpp
[2.061s] [33mCMake Warning (dev) at /opt/ros/humble/share/rosidl_generator_py/cmake/rosidl_generator_py_generate_interfaces.cmake:20 (find_package):
[2.061s]   Policy CMP0148 is not set: The FindPythonInterp and FindPythonLibs modules
[2.061s]   are removed.  Run "cmake --help-policy CMP0148" for policy details.  Use
[2.061s]   the cmake_policy command to set the policy and suppress this warning.
[2.061s] 
[2.062s] Call Stack (most recent call first):
[2.062s]   /opt/ros/humble/share/ament_cmake_core/cmake/core/ament_execute_extensions.cmake:48 (include)
[2.062s]   /opt/ros/humble/share/rosidl_cmake/cmake/rosidl_generate_interfaces.cmake:286 (ament_execute_extensions)
[2.062s]   CMakeLists.txt:27 (rosidl_generate_interfaces)
[2.062s] This warning is for project developers.  Use -Wno-dev to suppress it.
[2.062s] [0m
[2.080s] -- Found PythonInterp: /usr/bin/python3 (found suitable version "3.10.12", minimum required is "3.6")
[2.081s] -- Found python_cmake_module: 0.10.0 (/opt/ros/humble/share/python_cmake_module/cmake)
[2.082s] [33mCMake Warning (dev) at /opt/ros/humble/share/python_cmake_module/cmake/Modules/FindPythonExtra.cmake:52 (find_package):
[2.082s]   Policy CMP0148 is not set: The FindPythonInterp and FindPythonLibs modules
[2.082s]   are removed.  Run "cmake --help-policy CMP0148" for policy details.  Use
[2.082s]   the cmake_policy command to set the policy and suppress this warning.
[2.082s] 
[2.082s] Call Stack (most recent call first):
[2.082s]   /opt/ros/humble/share/rosidl_generator_py/cmake/rosidl_generator_py_generate_interfaces.cmake:23 (find_package)
[2.082s]   /opt/ros/humble/share/ament_cmake_core/cmake/core/ament_execute_extensions.cmake:48 (include)
[2.082s]   /opt/ros/humble/share/rosidl_cmake/cmake/rosidl_generate_interfaces.cmake:286 (ament_execute_extensions)
[2.082s]   CMakeLists.txt:27 (rosidl_generate_interfaces)
[2.082s] This warning is for project developers.  Use -Wno-dev to suppress it.
[2.082s] [0m
[2.100s] [33mCMake Warning (dev) at /opt/ros/humble/share/python_cmake_module/cmake/Modules/FindPythonExtra.cmake:140 (find_package):
[2.100s]   Policy CMP0148 is not set: The FindPythonInterp and FindPythonLibs modules
[2.100s]   are removed.  Run "cmake --help-policy CMP0148" for policy details.  Use
[2.100s]   the cmake_policy command to set the policy and suppress this warning.
[2.100s] 
[2.100s] Call Stack (most recent call first):
[2.100s]   /opt/ros/humble/share/rosidl_generator_py/cmake/rosidl_generator_py_generate_interfaces.cmake:23 (find_package)
[2.101s]   /opt/ros/humble/share/ament_cmake_core/cmake/core/ament_execute_extensions.cmake:48 (include)
[2.101s]   /opt/ros/humble/share/rosidl_cmake/cmake/rosidl_generate_interfaces.cmake:286 (ament_execute_extensions)
[2.101s]   CMakeLists.txt:27 (rosidl_generate_interfaces)
[2.101s] This warning is for project developers.  Use -Wno-dev to suppress it.
[2.101s] [0m
[2.106s] -- Found PythonLibs: /usr/lib/x86_64-linux-gnu/libpython3.10.so (found suitable version "3.10.12", minimum required is "3.5")
[2.107s] -- Using PYTHON_EXECUTABLE: /usr/bin/python3
[2.107s] -- Using PYTHON_INCLUDE_DIRS: /usr/include/python3.10
[2.107s] -- Using PYTHON_LIBRARIES: /usr/lib/x86_64-linux-gnu/libpython3.10.so
[2.127s] -- Found PythonExtra: .so
[2.159s] -- Added test 'copyright' to check source files copyright and LICENSE
[2.160s] -- Added test 'lint_cmake' to check CMake code style
[2.161s] -- Added test 'xmllint' to check XML markup files
[2.166s] -- Configuring done (2.1s)
[2.195s] -- Generating done (0.0s)
[2.198s] -- Build files have been written to: /home/edrom-mini/edromufu/src/movement/Ros2_change/build/micro_ros_msgs
[2.220s] Invoked command in '/home/edrom-mini/edromufu/src/movement/Ros2_change/build/micro_ros_msgs' returned '0': CMAKE_PREFIX_PATH=/opt/ros/humble /home/edrom-mini/.local/bin/cmake /home/edrom-mini/edromufu/src/movement/Ros2_change/src/micro_ros_msgs -DCMAKE_INSTALL_PREFIX=/home/edrom-mini/edromufu/src/movement/Ros2_change/install/micro_ros_msgs
[2.221s] Invoking command in '/home/edrom-mini/edromufu/src/movement/Ros2_change/build/micro_ros_msgs': CMAKE_PREFIX_PATH=/opt/ros/humble /home/edrom-mini/.local/bin/cmake --build /home/edrom-mini/edromufu/src/movement/Ros2_change/build/micro_ros_msgs -- -j4 -l4
[2.303s] [  2%] [34m[1mGenerating C code for ROS interfaces[0m
[2.312s] [  4%] [34m[1mGenerating C++ code for ROS interfaces[0m
[2.316s] [  4%] Built target ament_cmake_python_copy_micro_ros_msgs
[2.606s] running egg_info
[2.607s] creating micro_ros_msgs.egg-info
[2.607s] writing micro_ros_msgs.egg-info/PKG-INFO
[2.607s] writing dependency_links to micro_ros_msgs.egg-info/dependency_links.txt
[2.607s] writing top-level names to micro_ros_msgs.egg-info/top_level.txt
[2.607s] writing manifest file 'micro_ros_msgs.egg-info/SOURCES.txt'
[2.610s] reading manifest file 'micro_ros_msgs.egg-info/SOURCES.txt'
[2.610s] writing manifest file 'micro_ros_msgs.egg-info/SOURCES.txt'
[2.638s] [  4%] Built target ament_cmake_python_build_micro_ros_msgs_egg
[2.731s] [  4%] Built target micro_ros_msgs__cpp
[2.736s] [  6%] [34m[1mGenerating C++ type support dispatch for ROS interfaces[0m
[2.741s] [  8%] [34m[1mGenerating C++ type support for eProsima Fast-RTPS[0m
[2.745s] [ 10%] [34m[1mGenerating C++ introspection for ROS interfaces[0m
[2.750s] [ 12%] [32mBuilding C object CMakeFiles/micro_ros_msgs__rosidl_generator_c.dir/rosidl_generator_c/micro_ros_msgs/msg/detail/graph__functions.c.o[0m
[2.803s] [ 14%] [32mBuilding C object CMakeFiles/micro_ros_msgs__rosidl_generator_c.dir/rosidl_generator_c/micro_ros_msgs/msg/detail/node__functions.c.o[0m
[2.858s] [ 17%] [32mBuilding C object CMakeFiles/micro_ros_msgs__rosidl_generator_c.dir/rosidl_generator_c/micro_ros_msgs/msg/detail/entity__functions.c.o[0m
[2.911s] [ 19%] [32m[1mLinking C shared library libmicro_ros_msgs__rosidl_generator_c.so[0m
[2.946s] [ 19%] Built target micro_ros_msgs__rosidl_generator_c
[2.951s] [ 21%] [34m[1mGenerating C type support for eProsima Fast-RTPS[0m
[3.127s] [ 23%] [32mBuilding CXX object CMakeFiles/micro_ros_msgs__rosidl_typesupport_cpp.dir/rosidl_typesupport_cpp/micro_ros_msgs/msg/graph__type_support.cpp.o[0m
[3.202s] [ 25%] [32mBuilding CXX object CMakeFiles/micro_ros_msgs__rosidl_typesupport_introspection_cpp.dir/rosidl_typesupport_introspection_cpp/micro_ros_msgs/msg/detail/graph__type_support.cpp.o[0m
[3.225s] [ 27%] [32mBuilding CXX object CMakeFiles/micro_ros_msgs__rosidl_typesupport_fastrtps_cpp.dir/rosidl_typesupport_fastrtps_cpp/micro_ros_msgs/msg/detail/dds_fastrtps/graph__type_support.cpp.o[0m
[3.442s] [ 29%] [32mBuilding CXX object CMakeFiles/micro_ros_msgs__rosidl_typesupport_fastrtps_c.dir/rosidl_typesupport_fastrtps_c/micro_ros_msgs/msg/detail/graph__type_support_c.cpp.o[0m
[3.508s] [ 31%] [32mBuilding CXX object CMakeFiles/micro_ros_msgs__rosidl_typesupport_cpp.dir/rosidl_typesupport_cpp/micro_ros_msgs/msg/node__type_support.cpp.o[0m
[3.921s] [ 34%] [32mBuilding CXX object CMakeFiles/micro_ros_msgs__rosidl_typesupport_fastrtps_cpp.dir/rosidl_typesupport_fastrtps_cpp/micro_ros_msgs/msg/detail/dds_fastrtps/node__type_support.cpp.o[0m
[3.926s] [ 36%] [32mBuilding CXX object CMakeFiles/micro_ros_msgs__rosidl_typesupport_fastrtps_c.dir/rosidl_typesupport_fastrtps_c/micro_ros_msgs/msg/detail/node__type_support_c.cpp.o[0m
[3.950s] [ 38%] [32mBuilding CXX object CMakeFiles/micro_ros_msgs__rosidl_typesupport_cpp.dir/rosidl_typesupport_cpp/micro_ros_msgs/msg/entity__type_support.cpp.o[0m
[3.965s] [ 40%] [32mBuilding CXX object CMakeFiles/micro_ros_msgs__rosidl_typesupport_introspection_cpp.dir/rosidl_typesupport_introspection_cpp/micro_ros_msgs/msg/detail/node__type_support.cpp.o[0m
[4.333s] [ 42%] [32m[1mLinking CXX shared library libmicro_ros_msgs__rosidl_typesupport_cpp.so[0m
[4.376s] [ 42%] Built target micro_ros_msgs__rosidl_typesupport_cpp
[4.382s] [ 44%] [34m[1mGenerating C introspection for ROS interfaces[0m
[4.417s] [ 46%] [32mBuilding CXX object CMakeFiles/micro_ros_msgs__rosidl_typesupport_fastrtps_c.dir/rosidl_typesupport_fastrtps_c/micro_ros_msgs/msg/detail/entity__type_support_c.cpp.o[0m
[4.607s] [ 48%] [32mBuilding CXX object CMakeFiles/micro_ros_msgs__rosidl_typesupport_fastrtps_cpp.dir/rosidl_typesupport_fastrtps_cpp/micro_ros_msgs/msg/detail/dds_fastrtps/entity__type_support.cpp.o[0m
[4.645s] [ 51%] [32mBuilding CXX object CMakeFiles/micro_ros_msgs__rosidl_typesupport_introspection_cpp.dir/rosidl_typesupport_introspection_cpp/micro_ros_msgs/msg/detail/entity__type_support.cpp.o[0m
[4.879s] [ 53%] [32mBuilding C object CMakeFiles/micro_ros_msgs__rosidl_typesupport_introspection_c.dir/rosidl_typesupport_introspection_c/micro_ros_msgs/msg/detail/graph__type_support.c.o[0m
[4.905s] [ 55%] [32m[1mLinking CXX shared library libmicro_ros_msgs__rosidl_typesupport_fastrtps_c.so[0m
[4.923s] [ 57%] [32mBuilding C object CMakeFiles/micro_ros_msgs__rosidl_typesupport_introspection_c.dir/rosidl_typesupport_introspection_c/micro_ros_msgs/msg/detail/node__type_support.c.o[0m
[4.971s] [ 59%] [32mBuilding C object CMakeFiles/micro_ros_msgs__rosidl_typesupport_introspection_c.dir/rosidl_typesupport_introspection_c/micro_ros_msgs/msg/detail/entity__type_support.c.o[0m
[5.010s] [ 59%] Built target micro_ros_msgs__rosidl_typesupport_fastrtps_c
[5.016s] [ 61%] [34m[1mGenerating C type support dispatch for ROS interfaces[0m
[5.018s] [ 63%] [32m[1mLinking C shared library libmicro_ros_msgs__rosidl_typesupport_introspection_c.so[0m
[5.046s] [ 63%] Built target micro_ros_msgs__rosidl_typesupport_introspection_c
[5.232s] [ 65%] [32m[1mLinking CXX shared library libmicro_ros_msgs__rosidl_typesupport_introspection_cpp.so[0m
[5.262s] [ 68%] [32m[1mLinking CXX shared library libmicro_ros_msgs__rosidl_typesupport_fastrtps_cpp.so[0m
[5.336s] [ 68%] Built target micro_ros_msgs__rosidl_typesupport_introspection_cpp
[5.362s] [ 68%] Built target micro_ros_msgs__rosidl_typesupport_fastrtps_cpp
[5.390s] [ 72%] [32mBuilding CXX object CMakeFiles/micro_ros_msgs__rosidl_typesupport_c.dir/rosidl_typesupport_c/micro_ros_msgs/msg/graph__type_support.cpp.o[0m
[5.391s] [ 72%] [32mBuilding CXX object CMakeFiles/micro_ros_msgs__rosidl_typesupport_c.dir/rosidl_typesupport_c/micro_ros_msgs/msg/node__type_support.cpp.o[0m
[5.391s] [ 74%] [32mBuilding CXX object CMakeFiles/micro_ros_msgs__rosidl_typesupport_c.dir/rosidl_typesupport_c/micro_ros_msgs/msg/entity__type_support.cpp.o[0m
[5.429s] [ 76%] [32m[1mLinking CXX shared library libmicro_ros_msgs__rosidl_typesupport_c.so[0m
[5.455s] [ 76%] Built target micro_ros_msgs__rosidl_typesupport_c
[5.463s] [ 76%] Built target micro_ros_msgs
[5.470s] [ 78%] [34m[1mGenerating Python code for ROS interfaces[0m
[5.927s] [ 78%] Built target micro_ros_msgs__py
[5.935s] [ 82%] [32mBuilding C object CMakeFiles/micro_ros_msgs__rosidl_generator_py.dir/rosidl_generator_py/micro_ros_msgs/msg/_graph_s.c.o[0m
[5.935s] [ 82%] [32mBuilding C object CMakeFiles/micro_ros_msgs__rosidl_generator_py.dir/rosidl_generator_py/micro_ros_msgs/msg/_node_s.c.o[0m
[5.935s] [ 85%] [32mBuilding C object CMakeFiles/micro_ros_msgs__rosidl_generator_py.dir/rosidl_generator_py/micro_ros_msgs/msg/_entity_s.c.o[0m
[6.061s] [ 87%] [32m[1mLinking C shared library rosidl_generator_py/micro_ros_msgs/libmicro_ros_msgs__rosidl_generator_py.so[0m
[6.086s] [ 87%] Built target micro_ros_msgs__rosidl_generator_py
[6.098s] [ 93%] [32mBuilding C object CMakeFiles/micro_ros_msgs__rosidl_typesupport_introspection_c__pyext.dir/rosidl_generator_py/micro_ros_msgs/_micro_ros_msgs_s.ep.rosidl_typesupport_introspection_c.c.o[0m
[6.098s] [ 93%] [32mBuilding C object CMakeFiles/micro_ros_msgs__rosidl_typesupport_fastrtps_c__pyext.dir/rosidl_generator_py/micro_ros_msgs/_micro_ros_msgs_s.ep.rosidl_typesupport_fastrtps_c.c.o[0m
[6.098s] [ 93%] [32mBuilding C object CMakeFiles/micro_ros_msgs__rosidl_typesupport_c__pyext.dir/rosidl_generator_py/micro_ros_msgs/_micro_ros_msgs_s.ep.rosidl_typesupport_c.c.o[0m
[6.215s] [ 95%] [32m[1mLinking C shared library rosidl_generator_py/micro_ros_msgs/micro_ros_msgs_s__rosidl_typesupport_introspection_c.cpython-310-x86_64-linux-gnu.so[0m
[6.217s] [100%] [32m[1mLinking C shared library rosidl_generator_py/micro_ros_msgs/micro_ros_msgs_s__rosidl_typesupport_c.cpython-310-x86_64-linux-gnu.so[0m
[6.217s] [100%] [32m[1mLinking C shared library rosidl_generator_py/micro_ros_msgs/micro_ros_msgs_s__rosidl_typesupport_fastrtps_c.cpython-310-x86_64-linux-gnu.so[0m
[6.238s] [100%] Built target micro_ros_msgs__rosidl_typesupport_introspection_c__pyext
[6.239s] [100%] Built target micro_ros_msgs__rosidl_typesupport_c__pyext
[6.241s] [100%] Built target micro_ros_msgs__rosidl_typesupport_fastrtps_c__pyext
[6.259s] Invoked command in '/home/edrom-mini/edromufu/src/movement/Ros2_change/build/micro_ros_msgs' returned '0': CMAKE_PREFIX_PATH=/opt/ros/humble /home/edrom-mini/.local/bin/cmake --build /home/edrom-mini/edromufu/src/movement/Ros2_change/build/micro_ros_msgs -- -j4 -l4
[6.425s] Invoking command in '/home/edrom-mini/edromufu/src/movement/Ros2_change/build/micro_ros_msgs': CMAKE_PREFIX_PATH=/opt/ros/humble /home/edrom-mini/.local/bin/cmake --install /home/edrom-mini/edromufu/src/movement/Ros2_change/build/micro_ros_msgs
[6.495s] -- Install configuration: ""
[6.495s] -- Installing: /home/edrom-mini/edromufu/src/movement/Ros2_change/install/micro_ros_msgs/share/ament_index/resource_index/rosidl_interfaces/micro_ros_msgs
[6.495s] -- Installing: /home/edrom-mini/edromufu/src/movement/Ros2_change/install/micro_ros_msgs/include/micro_ros_msgs/micro_ros_msgs
[6.495s] -- Installing: /home/edrom-mini/edromufu/src/movement/Ros2_change/install/micro_ros_msgs/include/micro_ros_msgs/micro_ros_msgs/msg
[6.495s] -- Installing: /home/edrom-mini/edromufu/src/movement/Ros2_change/install/micro_ros_msgs/include/micro_ros_msgs/micro_ros_msgs/msg/entity.h
[6.496s] -- Installing: /home/edrom-mini/edromufu/src/movement/Ros2_change/install/micro_ros_msgs/include/micro_ros_msgs/micro_ros_msgs/msg/rosidl_generator_c__visibility_control.h
[6.496s] -- Installing: /home/edrom-mini/edromufu/src/movement/Ros2_change/install/micro_ros_msgs/include/micro_ros_msgs/micro_ros_msgs/msg/detail
[6.496s] -- Installing: /home/edrom-mini/edromufu/src/movement/Ros2_change/install/micro_ros_msgs/include/micro_ros_msgs/micro_ros_msgs/msg/detail/node__functions.h
[6.496s] -- Installing: /home/edrom-mini/edromufu/src/movement/Ros2_change/install/micro_ros_msgs/include/micro_ros_msgs/micro_ros_msgs/msg/detail/entity__functions.h
[6.496s] -- Installing: /home/edrom-mini/edromufu/src/movement/Ros2_change/install/micro_ros_msgs/include/micro_ros_msgs/micro_ros_msgs/msg/detail/node__struct.h
[6.496s] -- Installing: /home/edrom-mini/edromufu/src/movement/Ros2_change/install/micro_ros_msgs/include/micro_ros_msgs/micro_ros_msgs/msg/detail/entity__type_support.h
[6.496s] -- Installing: /home/edrom-mini/edromufu/src/movement/Ros2_change/install/micro_ros_msgs/include/micro_ros_msgs/micro_ros_msgs/msg/detail/entity__struct.h
[6.496s] -- Installing: /home/edrom-mini/edromufu/src/movement/Ros2_change/install/micro_ros_msgs/include/micro_ros_msgs/micro_ros_msgs/msg/detail/node__functions.c
[6.497s] -- Installing: /home/edrom-mini/edromufu/src/movement/Ros2_change/install/micro_ros_msgs/include/micro_ros_msgs/micro_ros_msgs/msg/detail/graph__struct.h
[6.497s] -- Installing: /home/edrom-mini/edromufu/src/movement/Ros2_change/install/micro_ros_msgs/include/micro_ros_msgs/micro_ros_msgs/msg/detail/graph__type_support.h
[6.497s] -- Installing: /home/edrom-mini/edromufu/src/movement/Ros2_change/install/micro_ros_msgs/include/micro_ros_msgs/micro_ros_msgs/msg/detail/graph__functions.c
[6.497s] -- Installing: /home/edrom-mini/edromufu/src/movement/Ros2_change/install/micro_ros_msgs/include/micro_ros_msgs/micro_ros_msgs/msg/detail/node__type_support.h
[6.497s] -- Installing: /home/edrom-mini/edromufu/src/movement/Ros2_change/install/micro_ros_msgs/include/micro_ros_msgs/micro_ros_msgs/msg/detail/graph__functions.h
[6.497s] -- Installing: /home/edrom-mini/edromufu/src/movement/Ros2_change/install/micro_ros_msgs/include/micro_ros_msgs/micro_ros_msgs/msg/detail/entity__functions.c
[6.497s] -- Installing: /home/edrom-mini/edromufu/src/movement/Ros2_change/install/micro_ros_msgs/include/micro_ros_msgs/micro_ros_msgs/msg/node.h
[6.497s] -- Installing: /home/edrom-mini/edromufu/src/movement/Ros2_change/install/micro_ros_msgs/include/micro_ros_msgs/micro_ros_msgs/msg/graph.h
[6.497s] -- Installing: /home/edrom-mini/edromufu/src/movement/Ros2_change/install/micro_ros_msgs/share/micro_ros_msgs/environment/library_path.sh
[6.497s] -- Installing: /home/edrom-mini/edromufu/src/movement/Ros2_change/install/micro_ros_msgs/share/micro_ros_msgs/environment/library_path.dsv
[6.497s] -- Installing: /home/edrom-mini/edromufu/src/movement/Ros2_change/install/micro_ros_msgs/lib/libmicro_ros_msgs__rosidl_generator_c.so
[6.498s] -- Set non-toolchain portion of runtime path of "/home/edrom-mini/edromufu/src/movement/Ros2_change/install/micro_ros_msgs/lib/libmicro_ros_msgs__rosidl_generator_c.so" to ""
[6.498s] -- Up-to-date: /home/edrom-mini/edromufu/src/movement/Ros2_change/install/micro_ros_msgs/include/micro_ros_msgs/micro_ros_msgs
[6.498s] -- Up-to-date: /home/edrom-mini/edromufu/src/movement/Ros2_change/install/micro_ros_msgs/include/micro_ros_msgs/micro_ros_msgs/msg
[6.498s] -- Up-to-date: /home/edrom-mini/edromufu/src/movement/Ros2_change/install/micro_ros_msgs/include/micro_ros_msgs/micro_ros_msgs/msg/detail
[6.498s] -- Installing: /home/edrom-mini/edromufu/src/movement/Ros2_change/install/micro_ros_msgs/include/micro_ros_msgs/micro_ros_msgs/msg/detail/entity__rosidl_typesupport_fastrtps_c.h
[6.498s] -- Installing: /home/edrom-mini/edromufu/src/movement/Ros2_change/install/micro_ros_msgs/include/micro_ros_msgs/micro_ros_msgs/msg/detail/node__rosidl_typesupport_fastrtps_c.h
[6.498s] -- Installing: /home/edrom-mini/edromufu/src/movement/Ros2_change/install/micro_ros_msgs/include/micro_ros_msgs/micro_ros_msgs/msg/detail/graph__rosidl_typesupport_fastrtps_c.h
[6.498s] -- Installing: /home/edrom-mini/edromufu/src/movement/Ros2_change/install/micro_ros_msgs/include/micro_ros_msgs/micro_ros_msgs/msg/rosidl_typesupport_fastrtps_c__visibility_control.h
[6.498s] -- Installing: /home/edrom-mini/edromufu/src/movement/Ros2_change/install/micro_ros_msgs/lib/libmicro_ros_msgs__rosidl_typesupport_fastrtps_c.so
[6.499s] -- Set non-toolchain portion of runtime path of "/home/edrom-mini/edromufu/src/movement/Ros2_change/install/micro_ros_msgs/lib/libmicro_ros_msgs__rosidl_typesupport_fastrtps_c.so" to ""
[6.499s] -- Up-to-date: /home/edrom-mini/edromufu/src/movement/Ros2_change/install/micro_ros_msgs/include/micro_ros_msgs/micro_ros_msgs
[6.499s] -- Up-to-date: /home/edrom-mini/edromufu/src/movement/Ros2_change/install/micro_ros_msgs/include/micro_ros_msgs/micro_ros_msgs/msg
[6.499s] -- Installing: /home/edrom-mini/edromufu/src/movement/Ros2_change/install/micro_ros_msgs/include/micro_ros_msgs/micro_ros_msgs/msg/rosidl_typesupport_introspection_c__visibility_control.h
[6.499s] -- Up-to-date: /home/edrom-mini/edromufu/src/movement/Ros2_change/install/micro_ros_msgs/include/micro_ros_msgs/micro_ros_msgs/msg/detail
[6.499s] -- Installing: /home/edrom-mini/edromufu/src/movement/Ros2_change/install/micro_ros_msgs/include/micro_ros_msgs/micro_ros_msgs/msg/detail/entity__type_support.c
[6.499s] -- Installing: /home/edrom-mini/edromufu/src/movement/Ros2_change/install/micro_ros_msgs/include/micro_ros_msgs/micro_ros_msgs/msg/detail/node__type_support.c
[6.499s] -- Installing: /home/edrom-mini/edromufu/src/movement/Ros2_change/install/micro_ros_msgs/include/micro_ros_msgs/micro_ros_msgs/msg/detail/entity__rosidl_typesupport_introspection_c.h
[6.499s] -- Installing: /home/edrom-mini/edromufu/src/movement/Ros2_change/install/micro_ros_msgs/include/micro_ros_msgs/micro_ros_msgs/msg/detail/node__rosidl_typesupport_introspection_c.h
[6.499s] -- Installing: /home/edrom-mini/edromufu/src/movement/Ros2_change/install/micro_ros_msgs/include/micro_ros_msgs/micro_ros_msgs/msg/detail/graph__type_support.c
[6.499s] -- Installing: /home/edrom-mini/edromufu/src/movement/Ros2_change/install/micro_ros_msgs/include/micro_ros_msgs/micro_ros_msgs/msg/detail/graph__rosidl_typesupport_introspection_c.h
[6.499s] -- Installing: /home/edrom-mini/edromufu/src/movement/Ros2_change/install/micro_ros_msgs/lib/libmicro_ros_msgs__rosidl_typesupport_introspection_c.so
[6.500s] -- Set non-toolchain portion of runtime path of "/home/edrom-mini/edromufu/src/movement/Ros2_change/install/micro_ros_msgs/lib/libmicro_ros_msgs__rosidl_typesupport_introspection_c.so" to ""
[6.500s] -- Installing: /home/edrom-mini/edromufu/src/movement/Ros2_change/install/micro_ros_msgs/lib/libmicro_ros_msgs__rosidl_typesupport_c.so
[6.500s] -- Set non-toolchain portion of runtime path of "/home/edrom-mini/edromufu/src/movement/Ros2_change/install/micro_ros_msgs/lib/libmicro_ros_msgs__rosidl_typesupport_c.so" to ""
[6.500s] -- Up-to-date: /home/edrom-mini/edromufu/src/movement/Ros2_change/install/micro_ros_msgs/include/micro_ros_msgs/micro_ros_msgs
[6.500s] -- Up-to-date: /home/edrom-mini/edromufu/src/movement/Ros2_change/install/micro_ros_msgs/include/micro_ros_msgs/micro_ros_msgs/msg
[6.500s] -- Installing: /home/edrom-mini/edromufu/src/movement/Ros2_change/install/micro_ros_msgs/include/micro_ros_msgs/micro_ros_msgs/msg/entity.hpp
[6.500s] -- Up-to-date: /home/edrom-mini/edromufu/src/movement/Ros2_change/install/micro_ros_msgs/include/micro_ros_msgs/micro_ros_msgs/msg/detail
[6.500s] -- Installing: /home/edrom-mini/edromufu/src/movement/Ros2_change/install/micro_ros_msgs/include/micro_ros_msgs/micro_ros_msgs/msg/detail/graph__struct.hpp
[6.501s] -- Installing: /home/edrom-mini/edromufu/src/movement/Ros2_change/install/micro_ros_msgs/include/micro_ros_msgs/micro_ros_msgs/msg/detail/entity__traits.hpp
[6.501s] -- Installing: /home/edrom-mini/edromufu/src/movement/Ros2_change/install/micro_ros_msgs/include/micro_ros_msgs/micro_ros_msgs/msg/detail/graph__builder.hpp
[6.501s] -- Installing: /home/edrom-mini/edromufu/src/movement/Ros2_change/install/micro_ros_msgs/include/micro_ros_msgs/micro_ros_msgs/msg/detail/node__struct.hpp
[6.501s] -- Installing: /home/edrom-mini/edromufu/src/movement/Ros2_change/install/micro_ros_msgs/include/micro_ros_msgs/micro_ros_msgs/msg/detail/node__traits.hpp
[6.501s] -- Installing: /home/edrom-mini/edromufu/src/movement/Ros2_change/install/micro_ros_msgs/include/micro_ros_msgs/micro_ros_msgs/msg/detail/node__builder.hpp
[6.501s] -- Installing: /home/edrom-mini/edromufu/src/movement/Ros2_change/install/micro_ros_msgs/include/micro_ros_msgs/micro_ros_msgs/msg/detail/entity__builder.hpp
[6.501s] -- Installing: /home/edrom-mini/edromufu/src/movement/Ros2_change/install/micro_ros_msgs/include/micro_ros_msgs/micro_ros_msgs/msg/detail/entity__struct.hpp
[6.501s] -- Installing: /home/edrom-mini/edromufu/src/movement/Ros2_change/install/micro_ros_msgs/include/micro_ros_msgs/micro_ros_msgs/msg/detail/graph__traits.hpp
[6.501s] -- Installing: /home/edrom-mini/edromufu/src/movement/Ros2_change/install/micro_ros_msgs/include/micro_ros_msgs/micro_ros_msgs/msg/node.hpp
[6.501s] -- Installing: /home/edrom-mini/edromufu/src/movement/Ros2_change/install/micro_ros_msgs/include/micro_ros_msgs/micro_ros_msgs/msg/graph.hpp
[6.501s] -- Up-to-date: /home/edrom-mini/edromufu/src/movement/Ros2_change/install/micro_ros_msgs/include/micro_ros_msgs/micro_ros_msgs
[6.501s] -- Up-to-date: /home/edrom-mini/edromufu/src/movement/Ros2_change/install/micro_ros_msgs/include/micro_ros_msgs/micro_ros_msgs/msg
[6.502s] -- Up-to-date: /home/edrom-mini/edromufu/src/movement/Ros2_change/install/micro_ros_msgs/include/micro_ros_msgs/micro_ros_msgs/msg/detail
[6.502s] -- Installing: /home/edrom-mini/edromufu/src/movement/Ros2_change/install/micro_ros_msgs/include/micro_ros_msgs/micro_ros_msgs/msg/detail/entity__rosidl_typesupport_fastrtps_cpp.hpp
[6.502s] -- Installing: /home/edrom-mini/edromufu/src/movement/Ros2_change/install/micro_ros_msgs/include/micro_ros_msgs/micro_ros_msgs/msg/detail/graph__rosidl_typesupport_fastrtps_cpp.hpp
[6.502s] -- Installing: /home/edrom-mini/edromufu/src/movement/Ros2_change/install/micro_ros_msgs/include/micro_ros_msgs/micro_ros_msgs/msg/detail/dds_fastrtps
[6.502s] -- Installing: /home/edrom-mini/edromufu/src/movement/Ros2_change/install/micro_ros_msgs/include/micro_ros_msgs/micro_ros_msgs/msg/detail/node__rosidl_typesupport_fastrtps_cpp.hpp
[6.502s] -- Installing: /home/edrom-mini/edromufu/src/movement/Ros2_change/install/micro_ros_msgs/include/micro_ros_msgs/micro_ros_msgs/msg/rosidl_typesupport_fastrtps_cpp__visibility_control.h
[6.502s] -- Installing: /home/edrom-mini/edromufu/src/movement/Ros2_change/install/micro_ros_msgs/lib/libmicro_ros_msgs__rosidl_typesupport_fastrtps_cpp.so
[6.502s] -- Set non-toolchain portion of runtime path of "/home/edrom-mini/edromufu/src/movement/Ros2_change/install/micro_ros_msgs/lib/libmicro_ros_msgs__rosidl_typesupport_fastrtps_cpp.so" to ""
[6.502s] -- Up-to-date: /home/edrom-mini/edromufu/src/movement/Ros2_change/install/micro_ros_msgs/include/micro_ros_msgs/micro_ros_msgs
[6.503s] -- Up-to-date: /home/edrom-mini/edromufu/src/movement/Ros2_change/install/micro_ros_msgs/include/micro_ros_msgs/micro_ros_msgs/msg
[6.503s] -- Up-to-date: /home/edrom-mini/edromufu/src/movement/Ros2_change/install/micro_ros_msgs/include/micro_ros_msgs/micro_ros_msgs/msg/detail
[6.503s] -- Installing: /home/edrom-mini/edromufu/src/movement/Ros2_change/install/micro_ros_msgs/include/micro_ros_msgs/micro_ros_msgs/msg/detail/node__rosidl_typesupport_introspection_cpp.hpp
[6.503s] -- Installing: /home/edrom-mini/edromufu/src/movement/Ros2_change/install/micro_ros_msgs/include/micro_ros_msgs/micro_ros_msgs/msg/detail/graph__rosidl_typesupport_introspection_cpp.hpp
[6.503s] -- Installing: /home/edrom-mini/edromufu/src/movement/Ros2_change/install/micro_ros_msgs/include/micro_ros_msgs/micro_ros_msgs/msg/detail/graph__type_support.cpp
[6.503s] -- Installing: /home/edrom-mini/edromufu/src/movement/Ros2_change/install/micro_ros_msgs/include/micro_ros_msgs/micro_ros_msgs/msg/detail/entity__type_support.cpp
[6.503s] -- Installing: /home/edrom-mini/edromufu/src/movement/Ros2_change/install/micro_ros_msgs/include/micro_ros_msgs/micro_ros_msgs/msg/detail/node__type_support.cpp
[6.503s] -- Installing: /home/edrom-mini/edromufu/src/movement/Ros2_change/install/micro_ros_msgs/include/micro_ros_msgs/micro_ros_msgs/msg/detail/entity__rosidl_typesupport_introspection_cpp.hpp
[6.503s] -- Installing: /home/edrom-mini/edromufu/src/movement/Ros2_change/install/micro_ros_msgs/lib/libmicro_ros_msgs__rosidl_typesupport_introspection_cpp.so
[6.503s] -- Set non-toolchain portion of runtime path of "/home/edrom-mini/edromufu/src/movement/Ros2_change/install/micro_ros_msgs/lib/libmicro_ros_msgs__rosidl_typesupport_introspection_cpp.so" to ""
[6.504s] -- Installing: /home/edrom-mini/edromufu/src/movement/Ros2_change/install/micro_ros_msgs/lib/libmicro_ros_msgs__rosidl_typesupport_cpp.so
[6.504s] -- Set non-toolchain portion of runtime path of "/home/edrom-mini/edromufu/src/movement/Ros2_change/install/micro_ros_msgs/lib/libmicro_ros_msgs__rosidl_typesupport_cpp.so" to ""
[6.504s] -- Installing: /home/edrom-mini/edromufu/src/movement/Ros2_change/install/micro_ros_msgs/share/micro_ros_msgs/environment/pythonpath.sh
[6.504s] -- Installing: /home/edrom-mini/edromufu/src/movement/Ros2_change/install/micro_ros_msgs/share/micro_ros_msgs/environment/pythonpath.dsv
[6.504s] -- Installing: /home/edrom-mini/edromufu/src/movement/Ros2_change/install/micro_ros_msgs/local/lib/python3.10/dist-packages/micro_ros_msgs-5.0.2-py3.10.egg-info
[6.504s] -- Installing: /home/edrom-mini/edromufu/src/movement/Ros2_change/install/micro_ros_msgs/local/lib/python3.10/dist-packages/micro_ros_msgs-5.0.2-py3.10.egg-info/dependency_links.txt
[6.504s] -- Installing: /home/edrom-mini/edromufu/src/movement/Ros2_change/install/micro_ros_msgs/local/lib/python3.10/dist-packages/micro_ros_msgs-5.0.2-py3.10.egg-info/PKG-INFO
[6.504s] -- Installing: /home/edrom-mini/edromufu/src/movement/Ros2_change/install/micro_ros_msgs/local/lib/python3.10/dist-packages/micro_ros_msgs-5.0.2-py3.10.egg-info/top_level.txt
[6.504s] -- Installing: /home/edrom-mini/edromufu/src/movement/Ros2_change/install/micro_ros_msgs/local/lib/python3.10/dist-packages/micro_ros_msgs-5.0.2-py3.10.egg-info/SOURCES.txt
[6.505s] -- Installing: /home/edrom-mini/edromufu/src/movement/Ros2_change/install/micro_ros_msgs/local/lib/python3.10/dist-packages/micro_ros_msgs
[6.505s] -- Installing: /home/edrom-mini/edromufu/src/movement/Ros2_change/install/micro_ros_msgs/local/lib/python3.10/dist-packages/micro_ros_msgs/__init__.py
[6.505s] -- Installing: /home/edrom-mini/edromufu/src/movement/Ros2_change/install/micro_ros_msgs/local/lib/python3.10/dist-packages/micro_ros_msgs/micro_ros_msgs_s__rosidl_typesupport_introspection_c.cpython-310-x86_64-linux-gnu.so
[6.505s] -- Installing: /home/edrom-mini/edromufu/src/movement/Ros2_change/install/micro_ros_msgs/local/lib/python3.10/dist-packages/micro_ros_msgs/micro_ros_msgs_s__rosidl_typesupport_c.cpython-310-x86_64-linux-gnu.so
[6.505s] -- Installing: /home/edrom-mini/edromufu/src/movement/Ros2_change/install/micro_ros_msgs/local/lib/python3.10/dist-packages/micro_ros_msgs/micro_ros_msgs_s__rosidl_typesupport_fastrtps_c.cpython-310-x86_64-linux-gnu.so
[6.505s] -- Installing: /home/edrom-mini/edromufu/src/movement/Ros2_change/install/micro_ros_msgs/local/lib/python3.10/dist-packages/micro_ros_msgs/msg
[6.505s] -- Installing: /home/edrom-mini/edromufu/src/movement/Ros2_change/install/micro_ros_msgs/local/lib/python3.10/dist-packages/micro_ros_msgs/msg/_node_s.c
[6.505s] -- Installing: /home/edrom-mini/edromufu/src/movement/Ros2_change/install/micro_ros_msgs/local/lib/python3.10/dist-packages/micro_ros_msgs/msg/__init__.py
[6.505s] -- Installing: /home/edrom-mini/edromufu/src/movement/Ros2_change/install/micro_ros_msgs/local/lib/python3.10/dist-packages/micro_ros_msgs/msg/_node.py
[6.505s] -- Installing: /home/edrom-mini/edromufu/src/movement/Ros2_change/install/micro_ros_msgs/local/lib/python3.10/dist-packages/micro_ros_msgs/msg/_graph.py
[6.505s] -- Installing: /home/edrom-mini/edromufu/src/movement/Ros2_change/install/micro_ros_msgs/local/lib/python3.10/dist-packages/micro_ros_msgs/msg/_entity.py
[6.506s] -- Installing: /home/edrom-mini/edromufu/src/movement/Ros2_change/install/micro_ros_msgs/local/lib/python3.10/dist-packages/micro_ros_msgs/msg/_entity_s.c
[6.506s] -- Installing: /home/edrom-mini/edromufu/src/movement/Ros2_change/install/micro_ros_msgs/local/lib/python3.10/dist-packages/micro_ros_msgs/msg/_graph_s.c
[6.506s] -- Installing: /home/edrom-mini/edromufu/src/movement/Ros2_change/install/micro_ros_msgs/local/lib/python3.10/dist-packages/micro_ros_msgs/_micro_ros_msgs_s.ep.rosidl_typesupport_introspection_c.c
[6.506s] -- Installing: /home/edrom-mini/edromufu/src/movement/Ros2_change/install/micro_ros_msgs/local/lib/python3.10/dist-packages/micro_ros_msgs/libmicro_ros_msgs__rosidl_generator_py.so
[6.506s] -- Installing: /home/edrom-mini/edromufu/src/movement/Ros2_change/install/micro_ros_msgs/local/lib/python3.10/dist-packages/micro_ros_msgs/_micro_ros_msgs_s.ep.rosidl_typesupport_fastrtps_c.c
[6.506s] -- Installing: /home/edrom-mini/edromufu/src/movement/Ros2_change/install/micro_ros_msgs/local/lib/python3.10/dist-packages/micro_ros_msgs/_micro_ros_msgs_s.ep.rosidl_typesupport_c.c
[6.539s] Listing '/home/edrom-mini/edromufu/src/movement/Ros2_change/install/micro_ros_msgs/local/lib/python3.10/dist-packages/micro_ros_msgs'...
[6.539s] Compiling '/home/edrom-mini/edromufu/src/movement/Ros2_change/install/micro_ros_msgs/local/lib/python3.10/dist-packages/micro_ros_msgs/__init__.py'...
[6.539s] Listing '/home/edrom-mini/edromufu/src/movement/Ros2_change/install/micro_ros_msgs/local/lib/python3.10/dist-packages/micro_ros_msgs/msg'...
[6.539s] Compiling '/home/edrom-mini/edromufu/src/movement/Ros2_change/install/micro_ros_msgs/local/lib/python3.10/dist-packages/micro_ros_msgs/msg/__init__.py'...
[6.539s] Compiling '/home/edrom-mini/edromufu/src/movement/Ros2_change/install/micro_ros_msgs/local/lib/python3.10/dist-packages/micro_ros_msgs/msg/_entity.py'...
[6.539s] Compiling '/home/edrom-mini/edromufu/src/movement/Ros2_change/install/micro_ros_msgs/local/lib/python3.10/dist-packages/micro_ros_msgs/msg/_graph.py'...
[6.540s] Compiling '/home/edrom-mini/edromufu/src/movement/Ros2_change/install/micro_ros_msgs/local/lib/python3.10/dist-packages/micro_ros_msgs/msg/_node.py'...
[6.544s] -- Installing: /home/edrom-mini/edromufu/src/movement/Ros2_change/install/micro_ros_msgs/local/lib/python3.10/dist-packages/micro_ros_msgs/micro_ros_msgs_s__rosidl_typesupport_fastrtps_c.cpython-310-x86_64-linux-gnu.so
[6.544s] -- Set non-toolchain portion of runtime path of "/home/edrom-mini/edromufu/src/movement/Ros2_change/install/micro_ros_msgs/local/lib/python3.10/dist-packages/micro_ros_msgs/micro_ros_msgs_s__rosidl_typesupport_fastrtps_c.cpython-310-x86_64-linux-gnu.so" to ""
[6.545s] -- Installing: /home/edrom-mini/edromufu/src/movement/Ros2_change/install/micro_ros_msgs/local/lib/python3.10/dist-packages/micro_ros_msgs/micro_ros_msgs_s__rosidl_typesupport_introspection_c.cpython-310-x86_64-linux-gnu.so
[6.545s] -- Set non-toolchain portion of runtime path of "/home/edrom-mini/edromufu/src/movement/Ros2_change/install/micro_ros_msgs/local/lib/python3.10/dist-packages/micro_ros_msgs/micro_ros_msgs_s__rosidl_typesupport_introspection_c.cpython-310-x86_64-linux-gnu.so" to ""
[6.545s] -- Installing: /home/edrom-mini/edromufu/src/movement/Ros2_change/install/micro_ros_msgs/local/lib/python3.10/dist-packages/micro_ros_msgs/micro_ros_msgs_s__rosidl_typesupport_c.cpython-310-x86_64-linux-gnu.so
[6.545s] -- Set non-toolchain portion of runtime path of "/home/edrom-mini/edromufu/src/movement/Ros2_change/install/micro_ros_msgs/local/lib/python3.10/dist-packages/micro_ros_msgs/micro_ros_msgs_s__rosidl_typesupport_c.cpython-310-x86_64-linux-gnu.so" to ""
[6.545s] -- Installing: /home/edrom-mini/edromufu/src/movement/Ros2_change/install/micro_ros_msgs/lib/libmicro_ros_msgs__rosidl_generator_py.so
[6.546s] -- Set non-toolchain portion of runtime path of "/home/edrom-mini/edromufu/src/movement/Ros2_change/install/micro_ros_msgs/lib/libmicro_ros_msgs__rosidl_generator_py.so" to ""
[6.546s] -- Installing: /home/edrom-mini/edromufu/src/movement/Ros2_change/install/micro_ros_msgs/share/micro_ros_msgs/msg/Graph.idl
[6.546s] -- Installing: /home/edrom-mini/edromufu/src/movement/Ros2_change/install/micro_ros_msgs/share/micro_ros_msgs/msg/Node.idl
[6.546s] -- Installing: /home/edrom-mini/edromufu/src/movement/Ros2_change/install/micro_ros_msgs/share/micro_ros_msgs/msg/Entity.idl
[6.546s] -- Installing: /home/edrom-mini/edromufu/src/movement/Ros2_change/install/micro_ros_msgs/share/micro_ros_msgs/msg/Graph.msg
[6.546s] -- Installing: /home/edrom-mini/edromufu/src/movement/Ros2_change/install/micro_ros_msgs/share/micro_ros_msgs/msg/Node.msg
[6.546s] -- Installing: /home/edrom-mini/edromufu/src/movement/Ros2_change/install/micro_ros_msgs/share/micro_ros_msgs/msg/Entity.msg
[6.546s] -- Installing: /home/edrom-mini/edromufu/src/movement/Ros2_change/install/micro_ros_msgs/share/ament_index/resource_index/package_run_dependencies/micro_ros_msgs
[6.547s] -- Installing: /home/edrom-mini/edromufu/src/movement/Ros2_change/install/micro_ros_msgs/share/ament_index/resource_index/parent_prefix_path/micro_ros_msgs
[6.547s] -- Installing: /home/edrom-mini/edromufu/src/movement/Ros2_change/install/micro_ros_msgs/share/micro_ros_msgs/environment/ament_prefix_path.sh
[6.547s] -- Installing: /home/edrom-mini/edromufu/src/movement/Ros2_change/install/micro_ros_msgs/share/micro_ros_msgs/environment/ament_prefix_path.dsv
[6.547s] -- Installing: /home/edrom-mini/edromufu/src/movement/Ros2_change/install/micro_ros_msgs/share/micro_ros_msgs/environment/path.sh
[6.547s] -- Installing: /home/edrom-mini/edromufu/src/movement/Ros2_change/install/micro_ros_msgs/share/micro_ros_msgs/environment/path.dsv
[6.547s] -- Installing: /home/edrom-mini/edromufu/src/movement/Ros2_change/install/micro_ros_msgs/share/micro_ros_msgs/local_setup.bash
[6.547s] -- Installing: /home/edrom-mini/edromufu/src/movement/Ros2_change/install/micro_ros_msgs/share/micro_ros_msgs/local_setup.sh
[6.547s] -- Installing: /home/edrom-mini/edromufu/src/movement/Ros2_change/install/micro_ros_msgs/share/micro_ros_msgs/local_setup.zsh
[6.548s] -- Installing: /home/edrom-mini/edromufu/src/movement/Ros2_change/install/micro_ros_msgs/share/micro_ros_msgs/local_setup.dsv
[6.548s] -- Installing: /home/edrom-mini/edromufu/src/movement/Ros2_change/install/micro_ros_msgs/share/micro_ros_msgs/package.dsv
[6.548s] -- Installing: /home/edrom-mini/edromufu/src/movement/Ros2_change/install/micro_ros_msgs/share/ament_index/resource_index/packages/micro_ros_msgs
[6.548s] -- Installing: /home/edrom-mini/edromufu/src/movement/Ros2_change/install/micro_ros_msgs/share/micro_ros_msgs/cmake/export_micro_ros_msgs__rosidl_generator_cExport.cmake
[6.548s] -- Installing: /home/edrom-mini/edromufu/src/movement/Ros2_change/install/micro_ros_msgs/share/micro_ros_msgs/cmake/export_micro_ros_msgs__rosidl_generator_cExport-noconfig.cmake
[6.548s] -- Installing: /home/edrom-mini/edromufu/src/movement/Ros2_change/install/micro_ros_msgs/share/micro_ros_msgs/cmake/export_micro_ros_msgs__rosidl_typesupport_fastrtps_cExport.cmake
[6.548s] -- Installing: /home/edrom-mini/edromufu/src/movement/Ros2_change/install/micro_ros_msgs/share/micro_ros_msgs/cmake/export_micro_ros_msgs__rosidl_typesupport_fastrtps_cExport-noconfig.cmake
[6.549s] -- Installing: /home/edrom-mini/edromufu/src/movement/Ros2_change/install/micro_ros_msgs/share/micro_ros_msgs/cmake/micro_ros_msgs__rosidl_typesupport_introspection_cExport.cmake
[6.549s] -- Installing: /home/edrom-mini/edromufu/src/movement/Ros2_change/install/micro_ros_msgs/share/micro_ros_msgs/cmake/micro_ros_msgs__rosidl_typesupport_introspection_cExport-noconfig.cmake
[6.549s] -- Installing: /home/edrom-mini/edromufu/src/movement/Ros2_change/install/micro_ros_msgs/share/micro_ros_msgs/cmake/micro_ros_msgs__rosidl_typesupport_cExport.cmake
[6.549s] -- Installing: /home/edrom-mini/edromufu/src/movement/Ros2_change/install/micro_ros_msgs/share/micro_ros_msgs/cmake/micro_ros_msgs__rosidl_typesupport_cExport-noconfig.cmake
[6.549s] -- Installing: /home/edrom-mini/edromufu/src/movement/Ros2_change/install/micro_ros_msgs/share/micro_ros_msgs/cmake/export_micro_ros_msgs__rosidl_generator_cppExport.cmake
[6.549s] -- Installing: /home/edrom-mini/edromufu/src/movement/Ros2_change/install/micro_ros_msgs/share/micro_ros_msgs/cmake/export_micro_ros_msgs__rosidl_typesupport_fastrtps_cppExport.cmake
[6.549s] -- Installing: /home/edrom-mini/edromufu/src/movement/Ros2_change/install/micro_ros_msgs/share/micro_ros_msgs/cmake/export_micro_ros_msgs__rosidl_typesupport_fastrtps_cppExport-noconfig.cmake
[6.549s] -- Installing: /home/edrom-mini/edromufu/src/movement/Ros2_change/install/micro_ros_msgs/share/micro_ros_msgs/cmake/micro_ros_msgs__rosidl_typesupport_introspection_cppExport.cmake
[6.550s] -- Installing: /home/edrom-mini/edromufu/src/movement/Ros2_change/install/micro_ros_msgs/share/micro_ros_msgs/cmake/micro_ros_msgs__rosidl_typesupport_introspection_cppExport-noconfig.cmake
[6.550s] -- Installing: /home/edrom-mini/edromufu/src/movement/Ros2_change/install/micro_ros_msgs/share/micro_ros_msgs/cmake/micro_ros_msgs__rosidl_typesupport_cppExport.cmake
[6.550s] -- Installing: /home/edrom-mini/edromufu/src/movement/Ros2_change/install/micro_ros_msgs/share/micro_ros_msgs/cmake/micro_ros_msgs__rosidl_typesupport_cppExport-noconfig.cmake
[6.550s] -- Installing: /home/edrom-mini/edromufu/src/movement/Ros2_change/install/micro_ros_msgs/share/micro_ros_msgs/cmake/export_micro_ros_msgs__rosidl_generator_pyExport.cmake
[6.550s] -- Installing: /home/edrom-mini/edromufu/src/movement/Ros2_change/install/micro_ros_msgs/share/micro_ros_msgs/cmake/export_micro_ros_msgs__rosidl_generator_pyExport-noconfig.cmake
[6.550s] -- Installing: /home/edrom-mini/edromufu/src/movement/Ros2_change/install/micro_ros_msgs/share/micro_ros_msgs/cmake/rosidl_cmake-extras.cmake
[6.550s] -- Installing: /home/edrom-mini/edromufu/src/movement/Ros2_change/install/micro_ros_msgs/share/micro_ros_msgs/cmake/ament_cmake_export_include_directories-extras.cmake
[6.550s] -- Installing: /home/edrom-mini/edromufu/src/movement/Ros2_change/install/micro_ros_msgs/share/micro_ros_msgs/cmake/ament_cmake_export_libraries-extras.cmake
[6.551s] -- Installing: /home/edrom-mini/edromufu/src/movement/Ros2_change/install/micro_ros_msgs/share/micro_ros_msgs/cmake/ament_cmake_export_targets-extras.cmake
[6.551s] -- Installing: /home/edrom-mini/edromufu/src/movement/Ros2_change/install/micro_ros_msgs/share/micro_ros_msgs/cmake/rosidl_cmake_export_typesupport_targets-extras.cmake
[6.551s] -- Installing: /home/edrom-mini/edromufu/src/movement/Ros2_change/install/micro_ros_msgs/share/micro_ros_msgs/cmake/ament_cmake_export_dependencies-extras.cmake
[6.551s] -- Installing: /home/edrom-mini/edromufu/src/movement/Ros2_change/install/micro_ros_msgs/share/micro_ros_msgs/cmake/rosidl_cmake_export_typesupport_libraries-extras.cmake
[6.551s] -- Installing: /home/edrom-mini/edromufu/src/movement/Ros2_change/install/micro_ros_msgs/share/micro_ros_msgs/cmake/micro_ros_msgsConfig.cmake
[6.551s] -- Installing: /home/edrom-mini/edromufu/src/movement/Ros2_change/install/micro_ros_msgs/share/micro_ros_msgs/cmake/micro_ros_msgsConfig-version.cmake
[6.551s] -- Installing: /home/edrom-mini/edromufu/src/movement/Ros2_change/install/micro_ros_msgs/share/micro_ros_msgs/package.xml
[6.568s] Invoked command in '/home/edrom-mini/edromufu/src/movement/Ros2_change/build/micro_ros_msgs' returned '0': CMAKE_PREFIX_PATH=/opt/ros/humble /home/edrom-mini/.local/bin/cmake --install /home/edrom-mini/edromufu/src/movement/Ros2_change/build/micro_ros_msgs
