[1.593s] Invoking command in '/home/pedrohperes/edromufu/src/movement/Ros2_change/src/u2d2_comm': AMENT_PREFIX_PATH=/home/pedrohperes/edromufu/src/movement/Ros2_change/src/install/movement_utils:${AMENT_PREFIX_PATH} CMAKE_PREFIX_PATH=/home/pedrohperes/edromufu/src/movement/Ros2_change/src/install/movement_utils:${CMAKE_PREFIX_PATH} LD_LIBRARY_PATH=/home/pedrohperes/edromufu/src/movement/Ros2_change/src/install/movement_utils/lib:${LD_LIBRARY_PATH} PYTHONPATH=/home/pedrohperes/edromufu/src/movement/Ros2_change/src/build/u2d2_comm/prefix_override:/home/pedrohperes/edromufu/src/movement/Ros2_change/src/install/u2d2_comm/lib/python3.10/site-packages:/home/pedrohperes/edromufu/src/movement/Ros2_change/src/install/movement_utils/local/lib/python3.10/dist-packages:${PYTHONPATH} /usr/bin/python3 -W ignore:setup.py install is deprecated setup.py egg_info --egg-base ../build/u2d2_comm build --build-base /home/pedrohperes/edromufu/src/movement/Ros2_change/src/build/u2d2_comm/build install --record /home/pedrohperes/edromufu/src/movement/Ros2_change/src/build/u2d2_comm/install.log --single-version-externally-managed install_data
[1.859s] running egg_info
[1.860s] writing ../build/u2d2_comm/u2d2_comm.egg-info/PKG-INFO
[1.860s] writing dependency_links to ../build/u2d2_comm/u2d2_comm.egg-info/dependency_links.txt
[1.860s] writing entry points to ../build/u2d2_comm/u2d2_comm.egg-info/entry_points.txt
[1.860s] writing requirements to ../build/u2d2_comm/u2d2_comm.egg-info/requires.txt
[1.860s] writing top-level names to ../build/u2d2_comm/u2d2_comm.egg-info/top_level.txt
[1.862s] reading manifest file '../build/u2d2_comm/u2d2_comm.egg-info/SOURCES.txt'
[1.862s] adding license file 'LICENSE'
[1.863s] writing manifest file '../build/u2d2_comm/u2d2_comm.egg-info/SOURCES.txt'
[1.863s] running build
[1.863s] running build_py
[1.863s] running install
[1.863s] running install_lib
[1.864s] running install_data
[1.865s] running install_egg_info
[1.866s] removing '/home/pedrohperes/edromufu/src/movement/Ros2_change/src/install/u2d2_comm/lib/python3.10/site-packages/u2d2_comm-0.0.0-py3.10.egg-info' (and everything under it)
[1.867s] Copying ../build/u2d2_comm/u2d2_comm.egg-info to /home/pedrohperes/edromufu/src/movement/Ros2_change/src/install/u2d2_comm/lib/python3.10/site-packages/u2d2_comm-0.0.0-py3.10.egg-info
[1.867s] running install_scripts
[1.888s] Installing dynamixel_sdk_comm script to /home/pedrohperes/edromufu/src/movement/Ros2_change/src/install/u2d2_comm/lib/u2d2_comm
[1.888s] Installing dynamixel_sdk_test script to /home/pedrohperes/edromufu/src/movement/Ros2_change/src/install/u2d2_comm/lib/u2d2_comm
[1.888s] writing list of installed files to '/home/pedrohperes/edromufu/src/movement/Ros2_change/src/build/u2d2_comm/install.log'
[1.915s] Invoked command in '/home/pedrohperes/edromufu/src/movement/Ros2_change/src/u2d2_comm' returned '0': AMENT_PREFIX_PATH=/home/pedrohperes/edromufu/src/movement/Ros2_change/src/install/movement_utils:${AMENT_PREFIX_PATH} CMAKE_PREFIX_PATH=/home/pedrohperes/edromufu/src/movement/Ros2_change/src/install/movement_utils:${CMAKE_PREFIX_PATH} LD_LIBRARY_PATH=/home/pedrohperes/edromufu/src/movement/Ros2_change/src/install/movement_utils/lib:${LD_LIBRARY_PATH} PYTHONPATH=/home/pedrohperes/edromufu/src/movement/Ros2_change/src/build/u2d2_comm/prefix_override:/home/pedrohperes/edromufu/src/movement/Ros2_change/src/install/u2d2_comm/lib/python3.10/site-packages:/home/pedrohperes/edromufu/src/movement/Ros2_change/src/install/movement_utils/local/lib/python3.10/dist-packages:${PYTHONPATH} /usr/bin/python3 -W ignore:setup.py install is deprecated setup.py egg_info --egg-base ../build/u2d2_comm build --build-base /home/pedrohperes/edromufu/src/movement/Ros2_change/src/build/u2d2_comm/build install --record /home/pedrohperes/edromufu/src/movement/Ros2_change/src/build/u2d2_comm/install.log --single-version-externally-managed install_data
