[0.165s] DEBUG:colcon:Command line arguments: ['/usr/bin/colcon', 'build', '--packages-select', 'bhv_independent_simulator', 'modularized_bhv_msgs']
[0.166s] DEBUG:colcon:Parsed command line arguments: Namespace(log_base=None, log_level=None, verb_name='build', build_base='build', install_base='install', merge_install=False, symlink_install=False, test_result_base=None, continue_on_error=False, executor='parallel', parallel_workers=4, event_handlers=None, ignore_user_meta=False, metas=['./colcon.meta'], base_paths=['.'], packages_ignore=None, packages_ignore_regex=None, paths=None, packages_up_to=None, packages_up_to_regex=None, packages_above=None, packages_above_and_dependencies=None, packages_above_depth=None, packages_select_by_dep=None, packages_skip_by_dep=None, packages_skip_up_to=None, packages_select_build_failed=False, packages_skip_build_finished=False, packages_select_test_failures=False, packages_skip_test_passed=False, packages_select=['bhv_independent_simulator', 'modularized_bhv_msgs'], packages_skip=None, packages_select_regex=None, packages_skip_regex=None, packages_start=None, packages_end=None, allow_overriding=[], cmake_args=None, cmake_target=None, cmake_target_skip_unavailable=False, cmake_clean_cache=False, cmake_clean_first=False, cmake_force_configure=False, ament_cmake_args=None, catkin_cmake_args=None, catkin_skip_building_tests=False, verb_parser=<colcon_defaults.argument_parser.defaults.DefaultArgumentsDecorator object at 0x79f9f4e3d960>, verb_extension=<colcon_core.verb.build.BuildVerb object at 0x79f9f4e3d450>, main=<bound method BuildVerb.main of <colcon_core.verb.build.BuildVerb object at 0x79f9f4e3d450>>)
[0.363s] Level 1:colcon.colcon_core.package_discovery:discover_packages(colcon_meta) check parameters
[0.363s] Level 1:colcon.colcon_core.package_discovery:discover_packages(recursive) check parameters
[0.363s] Level 1:colcon.colcon_core.package_discovery:discover_packages(ignore) check parameters
[0.363s] Level 1:colcon.colcon_core.package_discovery:discover_packages(path) check parameters
[0.363s] Level 1:colcon.colcon_core.package_discovery:discover_packages(colcon_meta) discover
[0.364s] Level 1:colcon.colcon_core.package_discovery:discover_packages(recursive) discover
[0.364s] INFO:colcon.colcon_core.package_discovery:Crawling recursively for packages in '/home/vtr_caixeta/edromufu/src/behaviour'
[0.364s] Level 1:colcon.colcon_core.package_identification:_identify(.) by extensions ['ignore', 'ignore_ament_install']
[0.364s] Level 1:colcon.colcon_core.package_identification:_identify(.) by extension 'ignore'
[0.364s] Level 1:colcon.colcon_core.package_identification:_identify(.) by extension 'ignore_ament_install'
[0.364s] Level 1:colcon.colcon_core.package_identification:_identify(.) by extensions ['colcon_pkg']
[0.364s] Level 1:colcon.colcon_core.package_identification:_identify(.) by extension 'colcon_pkg'
[0.364s] Level 1:colcon.colcon_core.package_identification:_identify(.) by extensions ['colcon_meta']
[0.364s] Level 1:colcon.colcon_core.package_identification:_identify(.) by extension 'colcon_meta'
[0.364s] Level 1:colcon.colcon_core.package_identification:_identify(.) by extensions ['ros']
[0.364s] Level 1:colcon.colcon_core.package_identification:_identify(.) by extension 'ros'
[0.376s] Level 1:colcon.colcon_core.package_identification:_identify(.) by extensions ['cmake', 'python']
[0.377s] Level 1:colcon.colcon_core.package_identification:_identify(.) by extension 'cmake'
[0.377s] Level 1:colcon.colcon_core.package_identification:_identify(.) by extension 'python'
[0.377s] Level 1:colcon.colcon_core.package_identification:_identify(.) by extensions ['python_setup_py']
[0.377s] Level 1:colcon.colcon_core.package_identification:_identify(.) by extension 'python_setup_py'
[0.377s] Level 1:colcon.colcon_core.package_identification:_identify(bhv_independent_simulator) by extensions ['ignore', 'ignore_ament_install']
[0.377s] Level 1:colcon.colcon_core.package_identification:_identify(bhv_independent_simulator) by extension 'ignore'
[0.377s] Level 1:colcon.colcon_core.package_identification:_identify(bhv_independent_simulator) by extension 'ignore_ament_install'
[0.377s] Level 1:colcon.colcon_core.package_identification:_identify(bhv_independent_simulator) by extensions ['colcon_pkg']
[0.377s] Level 1:colcon.colcon_core.package_identification:_identify(bhv_independent_simulator) by extension 'colcon_pkg'
[0.377s] Level 1:colcon.colcon_core.package_identification:_identify(bhv_independent_simulator) by extensions ['colcon_meta']
[0.377s] Level 1:colcon.colcon_core.package_identification:_identify(bhv_independent_simulator) by extension 'colcon_meta'
[0.377s] Level 1:colcon.colcon_core.package_identification:_identify(bhv_independent_simulator) by extensions ['ros']
[0.377s] Level 1:colcon.colcon_core.package_identification:_identify(bhv_independent_simulator) by extension 'ros'
[0.381s] DEBUG:colcon.colcon_core.package_identification:Package 'bhv_independent_simulator' with type 'ros.ament_python' and name 'bhv_independent_simulator'
[0.381s] Level 1:colcon.colcon_core.package_identification:_identify(build) by extensions ['ignore', 'ignore_ament_install']
[0.381s] Level 1:colcon.colcon_core.package_identification:_identify(build) by extension 'ignore'
[0.381s] Level 1:colcon.colcon_core.package_identification:_identify(build) ignored
[0.381s] Level 1:colcon.colcon_core.package_identification:_identify(imu_ros_arduino) by extensions ['ignore', 'ignore_ament_install']
[0.381s] Level 1:colcon.colcon_core.package_identification:_identify(imu_ros_arduino) by extension 'ignore'
[0.381s] Level 1:colcon.colcon_core.package_identification:_identify(imu_ros_arduino) by extension 'ignore_ament_install'
[0.381s] Level 1:colcon.colcon_core.package_identification:_identify(imu_ros_arduino) by extensions ['colcon_pkg']
[0.381s] Level 1:colcon.colcon_core.package_identification:_identify(imu_ros_arduino) by extension 'colcon_pkg'
[0.382s] Level 1:colcon.colcon_core.package_identification:_identify(imu_ros_arduino) by extensions ['colcon_meta']
[0.382s] Level 1:colcon.colcon_core.package_identification:_identify(imu_ros_arduino) by extension 'colcon_meta'
[0.382s] Level 1:colcon.colcon_core.package_identification:_identify(imu_ros_arduino) by extensions ['ros']
[0.382s] Level 1:colcon.colcon_core.package_identification:_identify(imu_ros_arduino) by extension 'ros'
[0.383s] DEBUG:colcon.colcon_core.package_identification:Package 'imu_ros_arduino' with type 'ros.catkin' and name 'imu_ros_arduino'
[0.383s] Level 1:colcon.colcon_core.package_identification:_identify(install) by extensions ['ignore', 'ignore_ament_install']
[0.383s] Level 1:colcon.colcon_core.package_identification:_identify(install) by extension 'ignore'
[0.383s] Level 1:colcon.colcon_core.package_identification:_identify(install) ignored
[0.383s] Level 1:colcon.colcon_core.package_identification:_identify(log) by extensions ['ignore', 'ignore_ament_install']
[0.383s] Level 1:colcon.colcon_core.package_identification:_identify(log) by extension 'ignore'
[0.383s] Level 1:colcon.colcon_core.package_identification:_identify(log) ignored
[0.383s] Level 1:colcon.colcon_core.package_identification:_identify(modularized_bhv_msgs) by extensions ['ignore', 'ignore_ament_install']
[0.383s] Level 1:colcon.colcon_core.package_identification:_identify(modularized_bhv_msgs) by extension 'ignore'
[0.383s] Level 1:colcon.colcon_core.package_identification:_identify(modularized_bhv_msgs) by extension 'ignore_ament_install'
[0.383s] Level 1:colcon.colcon_core.package_identification:_identify(modularized_bhv_msgs) by extensions ['colcon_pkg']
[0.383s] Level 1:colcon.colcon_core.package_identification:_identify(modularized_bhv_msgs) by extension 'colcon_pkg'
[0.383s] Level 1:colcon.colcon_core.package_identification:_identify(modularized_bhv_msgs) by extensions ['colcon_meta']
[0.383s] Level 1:colcon.colcon_core.package_identification:_identify(modularized_bhv_msgs) by extension 'colcon_meta'
[0.383s] Level 1:colcon.colcon_core.package_identification:_identify(modularized_bhv_msgs) by extensions ['ros']
[0.383s] Level 1:colcon.colcon_core.package_identification:_identify(modularized_bhv_msgs) by extension 'ros'
[0.384s] DEBUG:colcon.colcon_core.package_identification:Package 'modularized_bhv_msgs' with type 'ros.ament_cmake' and name 'modularized_bhv_msgs'
[0.384s] Level 1:colcon.colcon_core.package_identification:_identify(sensor_observer) by extensions ['ignore', 'ignore_ament_install']
[0.384s] Level 1:colcon.colcon_core.package_identification:_identify(sensor_observer) by extension 'ignore'
[0.385s] Level 1:colcon.colcon_core.package_identification:_identify(sensor_observer) by extension 'ignore_ament_install'
[0.385s] Level 1:colcon.colcon_core.package_identification:_identify(sensor_observer) by extensions ['colcon_pkg']
[0.385s] Level 1:colcon.colcon_core.package_identification:_identify(sensor_observer) by extension 'colcon_pkg'
[0.385s] Level 1:colcon.colcon_core.package_identification:_identify(sensor_observer) by extensions ['colcon_meta']
[0.385s] Level 1:colcon.colcon_core.package_identification:_identify(sensor_observer) by extension 'colcon_meta'
[0.385s] Level 1:colcon.colcon_core.package_identification:_identify(sensor_observer) by extensions ['ros']
[0.385s] Level 1:colcon.colcon_core.package_identification:_identify(sensor_observer) by extension 'ros'
[0.385s] DEBUG:colcon.colcon_core.package_identification:Package 'sensor_observer' with type 'ros.catkin' and name 'sensor_observer'
[0.386s] Level 1:colcon.colcon_core.package_identification:_identify(states_routine) by extensions ['ignore', 'ignore_ament_install']
[0.386s] Level 1:colcon.colcon_core.package_identification:_identify(states_routine) by extension 'ignore'
[0.386s] Level 1:colcon.colcon_core.package_identification:_identify(states_routine) by extension 'ignore_ament_install'
[0.386s] Level 1:colcon.colcon_core.package_identification:_identify(states_routine) by extensions ['colcon_pkg']
[0.386s] Level 1:colcon.colcon_core.package_identification:_identify(states_routine) by extension 'colcon_pkg'
[0.386s] Level 1:colcon.colcon_core.package_identification:_identify(states_routine) by extensions ['colcon_meta']
[0.386s] Level 1:colcon.colcon_core.package_identification:_identify(states_routine) by extension 'colcon_meta'
[0.386s] Level 1:colcon.colcon_core.package_identification:_identify(states_routine) by extensions ['ros']
[0.386s] Level 1:colcon.colcon_core.package_identification:_identify(states_routine) by extension 'ros'
[0.387s] DEBUG:colcon.colcon_core.package_identification:Package 'states_routine' with type 'ros.catkin' and name 'states_routine'
[0.387s] Level 1:colcon.colcon_core.package_identification:_identify(transitions_and_states) by extensions ['ignore', 'ignore_ament_install']
[0.387s] Level 1:colcon.colcon_core.package_identification:_identify(transitions_and_states) by extension 'ignore'
[0.387s] Level 1:colcon.colcon_core.package_identification:_identify(transitions_and_states) by extension 'ignore_ament_install'
[0.387s] Level 1:colcon.colcon_core.package_identification:_identify(transitions_and_states) by extensions ['colcon_pkg']
[0.387s] Level 1:colcon.colcon_core.package_identification:_identify(transitions_and_states) by extension 'colcon_pkg'
[0.387s] Level 1:colcon.colcon_core.package_identification:_identify(transitions_and_states) by extensions ['colcon_meta']
[0.387s] Level 1:colcon.colcon_core.package_identification:_identify(transitions_and_states) by extension 'colcon_meta'
[0.387s] Level 1:colcon.colcon_core.package_identification:_identify(transitions_and_states) by extensions ['ros']
[0.387s] Level 1:colcon.colcon_core.package_identification:_identify(transitions_and_states) by extension 'ros'
[0.388s] DEBUG:colcon.colcon_core.package_identification:Package 'transitions_and_states' with type 'ros.catkin' and name 'transitions_and_states'
[0.388s] Level 1:colcon.colcon_core.package_discovery:discover_packages(recursive) using defaults
[0.388s] Level 1:colcon.colcon_core.package_discovery:discover_packages(ignore) discover
[0.388s] Level 1:colcon.colcon_core.package_discovery:discover_packages(ignore) using defaults
[0.388s] Level 1:colcon.colcon_core.package_discovery:discover_packages(path) discover
[0.388s] Level 1:colcon.colcon_core.package_discovery:discover_packages(path) using defaults
[0.407s] INFO:colcon.colcon_core.package_selection:Skipping not selected package 'imu_ros_arduino' in 'imu_ros_arduino'
[0.407s] INFO:colcon.colcon_core.package_selection:Skipping not selected package 'sensor_observer' in 'sensor_observer'
[0.407s] INFO:colcon.colcon_core.package_selection:Skipping not selected package 'states_routine' in 'states_routine'
[0.407s] INFO:colcon.colcon_core.package_selection:Skipping not selected package 'transitions_and_states' in 'transitions_and_states'
[0.407s] Level 1:colcon.colcon_core.package_discovery:discover_packages(prefix_path) check parameters
[0.407s] Level 1:colcon.colcon_core.package_discovery:discover_packages(prefix_path) discover
[0.409s] DEBUG:colcon.colcon_installed_package_information.package_discovery:Found 3 installed packages in /home/vtr_caixeta/edromufu/src/behaviour/install
[0.411s] DEBUG:colcon.colcon_installed_package_information.package_discovery:Found 369 installed packages in /opt/ros/iron
[0.413s] Level 1:colcon.colcon_core.package_discovery:discover_packages(prefix_path) using defaults
[0.459s] Level 5:colcon.colcon_core.verb:set package 'bhv_independent_simulator' build argument 'cmake_args' from command line to 'None'
[0.460s] Level 5:colcon.colcon_core.verb:set package 'bhv_independent_simulator' build argument 'cmake_target' from command line to 'None'
[0.460s] Level 5:colcon.colcon_core.verb:set package 'bhv_independent_simulator' build argument 'cmake_target_skip_unavailable' from command line to 'False'
[0.460s] Level 5:colcon.colcon_core.verb:set package 'bhv_independent_simulator' build argument 'cmake_clean_cache' from command line to 'False'
[0.460s] Level 5:colcon.colcon_core.verb:set package 'bhv_independent_simulator' build argument 'cmake_clean_first' from command line to 'False'
[0.460s] Level 5:colcon.colcon_core.verb:set package 'bhv_independent_simulator' build argument 'cmake_force_configure' from command line to 'False'
[0.460s] Level 5:colcon.colcon_core.verb:set package 'bhv_independent_simulator' build argument 'ament_cmake_args' from command line to 'None'
[0.460s] Level 5:colcon.colcon_core.verb:set package 'bhv_independent_simulator' build argument 'catkin_cmake_args' from command line to 'None'
[0.460s] Level 5:colcon.colcon_core.verb:set package 'bhv_independent_simulator' build argument 'catkin_skip_building_tests' from command line to 'False'
[0.460s] DEBUG:colcon.colcon_core.verb:Building package 'bhv_independent_simulator' with the following arguments: {'ament_cmake_args': None, 'build_base': '/home/vtr_caixeta/edromufu/src/behaviour/build/bhv_independent_simulator', 'catkin_cmake_args': None, 'catkin_skip_building_tests': False, 'cmake_args': None, 'cmake_clean_cache': False, 'cmake_clean_first': False, 'cmake_force_configure': False, 'cmake_target': None, 'cmake_target_skip_unavailable': False, 'install_base': '/home/vtr_caixeta/edromufu/src/behaviour/install/bhv_independent_simulator', 'merge_install': False, 'path': '/home/vtr_caixeta/edromufu/src/behaviour/bhv_independent_simulator', 'symlink_install': False, 'test_result_base': None}
[0.460s] Level 5:colcon.colcon_core.verb:set package 'modularized_bhv_msgs' build argument 'cmake_args' from command line to 'None'
[0.461s] Level 5:colcon.colcon_core.verb:set package 'modularized_bhv_msgs' build argument 'cmake_target' from command line to 'None'
[0.461s] Level 5:colcon.colcon_core.verb:set package 'modularized_bhv_msgs' build argument 'cmake_target_skip_unavailable' from command line to 'False'
[0.461s] Level 5:colcon.colcon_core.verb:set package 'modularized_bhv_msgs' build argument 'cmake_clean_cache' from command line to 'False'
[0.461s] Level 5:colcon.colcon_core.verb:set package 'modularized_bhv_msgs' build argument 'cmake_clean_first' from command line to 'False'
[0.461s] Level 5:colcon.colcon_core.verb:set package 'modularized_bhv_msgs' build argument 'cmake_force_configure' from command line to 'False'
[0.461s] Level 5:colcon.colcon_core.verb:set package 'modularized_bhv_msgs' build argument 'ament_cmake_args' from command line to 'None'
[0.461s] Level 5:colcon.colcon_core.verb:set package 'modularized_bhv_msgs' build argument 'catkin_cmake_args' from command line to 'None'
[0.461s] Level 5:colcon.colcon_core.verb:set package 'modularized_bhv_msgs' build argument 'catkin_skip_building_tests' from command line to 'False'
[0.461s] DEBUG:colcon.colcon_core.verb:Building package 'modularized_bhv_msgs' with the following arguments: {'ament_cmake_args': None, 'build_base': '/home/vtr_caixeta/edromufu/src/behaviour/build/modularized_bhv_msgs', 'catkin_cmake_args': None, 'catkin_skip_building_tests': False, 'cmake_args': None, 'cmake_clean_cache': False, 'cmake_clean_first': False, 'cmake_force_configure': False, 'cmake_target': None, 'cmake_target_skip_unavailable': False, 'install_base': '/home/vtr_caixeta/edromufu/src/behaviour/install/modularized_bhv_msgs', 'merge_install': False, 'path': '/home/vtr_caixeta/edromufu/src/behaviour/modularized_bhv_msgs', 'symlink_install': False, 'test_result_base': None}
[0.461s] INFO:colcon.colcon_core.executor:Executing jobs using 'parallel' executor
[0.462s] DEBUG:colcon.colcon_parallel_executor.executor.parallel:run_until_complete
[0.463s] INFO:colcon.colcon_ros.task.ament_python.build:Building ROS package in '/home/vtr_caixeta/edromufu/src/behaviour/bhv_independent_simulator' with build type 'ament_python'
[0.463s] Level 1:colcon.colcon_core.shell:create_environment_hook('bhv_independent_simulator', 'ament_prefix_path')
[0.465s] INFO:colcon.colcon_core.plugin_system:Skipping extension 'colcon_core.shell.bat': Not used on non-Windows systems
[0.465s] INFO:colcon.colcon_core.shell:Creating environment hook '/home/vtr_caixeta/edromufu/src/behaviour/install/bhv_independent_simulator/share/bhv_independent_simulator/hook/ament_prefix_path.ps1'
[0.466s] INFO:colcon.colcon_core.shell:Creating environment descriptor '/home/vtr_caixeta/edromufu/src/behaviour/install/bhv_independent_simulator/share/bhv_independent_simulator/hook/ament_prefix_path.dsv'
[0.466s] INFO:colcon.colcon_core.shell:Creating environment hook '/home/vtr_caixeta/edromufu/src/behaviour/install/bhv_independent_simulator/share/bhv_independent_simulator/hook/ament_prefix_path.sh'
[0.467s] INFO:colcon.colcon_core.shell:Skip shell extension 'powershell' for command environment: Not usable outside of PowerShell
[0.467s] DEBUG:colcon.colcon_core.shell:Skip shell extension 'dsv' for command environment
[0.471s] INFO:colcon.colcon_ros.task.ament_cmake.build:Building ROS package in '/home/vtr_caixeta/edromufu/src/behaviour/modularized_bhv_msgs' with build type 'ament_cmake'
[0.471s] INFO:colcon.colcon_cmake.task.cmake.build:Building CMake package in '/home/vtr_caixeta/edromufu/src/behaviour/modularized_bhv_msgs'
[0.471s] INFO:colcon.colcon_core.shell:Skip shell extension 'powershell' for command environment: Not usable outside of PowerShell
[0.472s] DEBUG:colcon.colcon_core.shell:Skip shell extension 'dsv' for command environment
[0.769s] INFO:colcon.colcon_core.task.python.build:Building Python package in '/home/vtr_caixeta/edromufu/src/behaviour/bhv_independent_simulator'
[0.770s] INFO:colcon.colcon_core.shell:Skip shell extension 'powershell' for command environment: Not usable outside of PowerShell
[0.770s] DEBUG:colcon.colcon_core.shell:Skip shell extension 'dsv' for command environment
[0.779s] DEBUG:colcon.colcon_core.event_handler.log_command:Invoking command in '/home/vtr_caixeta/edromufu/src/behaviour/build/modularized_bhv_msgs': CMAKE_PREFIX_PATH=/home/vtr_caixeta/edromufu/src/behaviour/install/bhv_independent_simulator:/opt/ros/iron /usr/bin/cmake /home/vtr_caixeta/edromufu/src/behaviour/modularized_bhv_msgs -DCMAKE_INSTALL_PREFIX=/home/vtr_caixeta/edromufu/src/behaviour/install/modularized_bhv_msgs
[1.170s] DEBUG:colcon.colcon_core.event_handler.log_command:Invoked command in '/home/vtr_caixeta/edromufu/src/behaviour/build/modularized_bhv_msgs' returned '1': CMAKE_PREFIX_PATH=/home/vtr_caixeta/edromufu/src/behaviour/install/bhv_independent_simulator:/opt/ros/iron /usr/bin/cmake /home/vtr_caixeta/edromufu/src/behaviour/modularized_bhv_msgs -DCMAKE_INSTALL_PREFIX=/home/vtr_caixeta/edromufu/src/behaviour/install/modularized_bhv_msgs
[1.183s] Level 1:colcon.colcon_core.environment:create_environment_scripts_only(modularized_bhv_msgs)
[1.186s] Level 1:colcon.colcon_core.environment:checking '/home/vtr_caixeta/edromufu/src/behaviour/install/modularized_bhv_msgs' for CMake module files
[1.186s] Level 1:colcon.colcon_core.environment:checking '/home/vtr_caixeta/edromufu/src/behaviour/install/modularized_bhv_msgs' for CMake config files
[1.187s] Level 1:colcon.colcon_core.environment:checking '/home/vtr_caixeta/edromufu/src/behaviour/install/modularized_bhv_msgs/bin'
[1.187s] Level 1:colcon.colcon_core.environment:checking '/home/vtr_caixeta/edromufu/src/behaviour/install/modularized_bhv_msgs/lib/pkgconfig/modularized_bhv_msgs.pc'
[1.187s] Level 1:colcon.colcon_core.environment:checking '/home/vtr_caixeta/edromufu/src/behaviour/install/modularized_bhv_msgs/lib/python3.10/site-packages'
[1.187s] Level 1:colcon.colcon_core.environment:checking '/home/vtr_caixeta/edromufu/src/behaviour/install/modularized_bhv_msgs/bin'
[1.188s] INFO:colcon.colcon_core.shell:Creating package script '/home/vtr_caixeta/edromufu/src/behaviour/install/modularized_bhv_msgs/share/modularized_bhv_msgs/package.ps1'
[1.189s] INFO:colcon.colcon_core.shell:Creating package descriptor '/home/vtr_caixeta/edromufu/src/behaviour/install/modularized_bhv_msgs/share/modularized_bhv_msgs/package.dsv'
[1.190s] INFO:colcon.colcon_core.shell:Creating package script '/home/vtr_caixeta/edromufu/src/behaviour/install/modularized_bhv_msgs/share/modularized_bhv_msgs/package.sh'
[1.192s] INFO:colcon.colcon_core.shell:Creating package script '/home/vtr_caixeta/edromufu/src/behaviour/install/modularized_bhv_msgs/share/modularized_bhv_msgs/package.bash'
[1.196s] INFO:colcon.colcon_core.shell:Creating package script '/home/vtr_caixeta/edromufu/src/behaviour/install/modularized_bhv_msgs/share/modularized_bhv_msgs/package.zsh'
[1.198s] Level 1:colcon.colcon_core.environment:create_file_with_runtime_dependencies(/home/vtr_caixeta/edromufu/src/behaviour/install/modularized_bhv_msgs/share/colcon-core/packages/modularized_bhv_msgs)
[1.245s] DEBUG:colcon.colcon_parallel_executor.executor.parallel:closing loop
[1.245s] DEBUG:colcon.colcon_parallel_executor.executor.parallel:loop closed
[1.245s] DEBUG:colcon.colcon_parallel_executor.executor.parallel:run_until_complete finished with '1'
[1.245s] DEBUG:colcon.colcon_core.event_reactor:joining thread
[1.250s] INFO:colcon.colcon_core.plugin_system:Skipping extension 'colcon_notification.desktop_notification.terminal_notifier': Not used on non-Darwin systems
[1.250s] INFO:colcon.colcon_core.plugin_system:Skipping extension 'colcon_notification.desktop_notification.win32': Not used on non-Windows systems
[1.250s] INFO:colcon.colcon_notification.desktop_notification:Sending desktop notification using 'notify2'
[1.262s] DEBUG:colcon.colcon_core.event_reactor:joined thread
[1.263s] INFO:colcon.colcon_core.shell:Creating prefix script '/home/vtr_caixeta/edromufu/src/behaviour/install/local_setup.ps1'
[1.265s] INFO:colcon.colcon_core.shell:Creating prefix util module '/home/vtr_caixeta/edromufu/src/behaviour/install/_local_setup_util_ps1.py'
[1.267s] INFO:colcon.colcon_core.shell:Creating prefix chain script '/home/vtr_caixeta/edromufu/src/behaviour/install/setup.ps1'
[1.269s] INFO:colcon.colcon_core.shell:Creating prefix script '/home/vtr_caixeta/edromufu/src/behaviour/install/local_setup.sh'
[1.269s] INFO:colcon.colcon_core.shell:Creating prefix util module '/home/vtr_caixeta/edromufu/src/behaviour/install/_local_setup_util_sh.py'
[1.270s] INFO:colcon.colcon_core.shell:Creating prefix chain script '/home/vtr_caixeta/edromufu/src/behaviour/install/setup.sh'
[1.271s] INFO:colcon.colcon_core.shell:Creating prefix script '/home/vtr_caixeta/edromufu/src/behaviour/install/local_setup.bash'
[1.272s] INFO:colcon.colcon_core.shell:Creating prefix chain script '/home/vtr_caixeta/edromufu/src/behaviour/install/setup.bash'
[1.273s] INFO:colcon.colcon_core.shell:Creating prefix script '/home/vtr_caixeta/edromufu/src/behaviour/install/local_setup.zsh'
[1.273s] INFO:colcon.colcon_core.shell:Creating prefix chain script '/home/vtr_caixeta/edromufu/src/behaviour/install/setup.zsh'
