running egg_info
creating ../../build/movement_core/movement_core.egg-info
writing ../../build/movement_core/movement_core.egg-info/PKG-INFO
writing dependency_links to ../../build/movement_core/movement_core.egg-info/dependency_links.txt
writing entry points to ../../build/movement_core/movement_core.egg-info/entry_points.txt
writing requirements to ../../build/movement_core/movement_core.egg-info/requires.txt
writing top-level names to ../../build/movement_core/movement_core.egg-info/top_level.txt
writing manifest file '../../build/movement_core/movement_core.egg-info/SOURCES.txt'
reading manifest file '../../build/movement_core/movement_core.egg-info/SOURCES.txt'
writing manifest file '../../build/movement_core/movement_core.egg-info/SOURCES.txt'
running build
running build_py
creating /home/edrom-mini/edromufu/src/movement/Ros2_change/build/movement_core/build
creating /home/edrom-mini/edromufu/src/movement/Ros2_change/build/movement_core/build/lib
creating /home/edrom-mini/edromufu/src/movement/Ros2_change/build/movement_core/build/lib/movement_core
copying movement_core/__init__.py -> /home/edrom-mini/edromufu/src/movement/Ros2_change/build/movement_core/build/lib/movement_core
copying movement_core/teste.py -> /home/edrom-mini/edromufu/src/movement/Ros2_change/build/movement_core/build/lib/movement_core
copying movement_core/core_head.py -> /home/edrom-mini/edromufu/src/movement/Ros2_change/build/movement_core/build/lib/movement_core
copying movement_core/core.py -> /home/edrom-mini/edromufu/src/movement/Ros2_change/build/movement_core/build/lib/movement_core
running install
running install_lib
copying /home/edrom-mini/edromufu/src/movement/Ros2_change/build/movement_core/build/lib/movement_core/__init__.py -> /home/edrom-mini/edromufu/src/movement/Ros2_change/install/movement_core/lib/python3.10/site-packages/movement_core
copying /home/edrom-mini/edromufu/src/movement/Ros2_change/build/movement_core/build/lib/movement_core/teste.py -> /home/edrom-mini/edromufu/src/movement/Ros2_change/install/movement_core/lib/python3.10/site-packages/movement_core
copying /home/edrom-mini/edromufu/src/movement/Ros2_change/build/movement_core/build/lib/movement_core/core_head.py -> /home/edrom-mini/edromufu/src/movement/Ros2_change/install/movement_core/lib/python3.10/site-packages/movement_core
copying /home/edrom-mini/edromufu/src/movement/Ros2_change/build/movement_core/build/lib/movement_core/core.py -> /home/edrom-mini/edromufu/src/movement/Ros2_change/install/movement_core/lib/python3.10/site-packages/movement_core
byte-compiling /home/edrom-mini/edromufu/src/movement/Ros2_change/install/movement_core/lib/python3.10/site-packages/movement_core/__init__.py to __init__.cpython-310.pyc
byte-compiling /home/edrom-mini/edromufu/src/movement/Ros2_change/install/movement_core/lib/python3.10/site-packages/movement_core/teste.py to teste.cpython-310.pyc
byte-compiling /home/edrom-mini/edromufu/src/movement/Ros2_change/install/movement_core/lib/python3.10/site-packages/movement_core/core_head.py to core_head.cpython-310.pyc
byte-compiling /home/edrom-mini/edromufu/src/movement/Ros2_change/install/movement_core/lib/python3.10/site-packages/movement_core/core.py to core.cpython-310.pyc
running install_data
copying resource/movement_core -> /home/edrom-mini/edromufu/src/movement/Ros2_change/install/movement_core/share/ament_index/resource_index/packages
copying package.xml -> /home/edrom-mini/edromufu/src/movement/Ros2_change/install/movement_core/share/movement_core
running install_egg_info
removing '/home/edrom-mini/edromufu/src/movement/Ros2_change/install/movement_core/lib/python3.10/site-packages/movement_core-0.0.0-py3.10.egg-info' (and everything under it)
Copying ../../build/movement_core/movement_core.egg-info to /home/edrom-mini/edromufu/src/movement/Ros2_change/install/movement_core/lib/python3.10/site-packages/movement_core-0.0.0-py3.10.egg-info
running install_scripts
Installing core script to /home/edrom-mini/edromufu/src/movement/Ros2_change/install/movement_core/lib/movement_core
Installing core_head script to /home/edrom-mini/edromufu/src/movement/Ros2_change/install/movement_core/lib/movement_core
Installing teste script to /home/edrom-mini/edromufu/src/movement/Ros2_change/install/movement_core/lib/movement_core
writing list of installed files to '/home/edrom-mini/edromufu/src/movement/Ros2_change/build/movement_core/install.log'
