[0.582s] Invoking command in '/home/edrom-mini/edromufu/src/movement/Ros2_change/src/movement_core': AMENT_PREFIX_PATH=/home/edrom-mini/edromufu/src/movement/Ros2_change/install/movement_pages:/home/edrom-mini/edromufu/src/movement/Ros2_change/install/movement_functions:/home/edrom-mini/edromufu/src/movement/Ros2_change/install/humanoid_definition:/home/edrom-mini/edromufu/src/movement/Ros2_change/install/movement_utils:/home/edrom-mini/edromufu/src/movement/Ros2_change/install/kinematic_functions:${AMENT_PREFIX_PATH} CMAKE_PREFIX_PATH=/home/edrom-mini/edromufu/src/movement/Ros2_change/install/movement_utils LD_LIBRARY_PATH=/home/edrom-mini/edromufu/src/movement/Ros2_change/install/movement_utils/lib:${LD_LIBRARY_PATH} PYTHONPATH=/home/edrom-mini/edromufu/src/movement/Ros2_change/build/movement_core/prefix_override:/home/edrom-mini/edromufu/src/movement/Ros2_change/install/movement_core/lib/python3.10/site-packages:/home/edrom-mini/edromufu/src/movement/Ros2_change/install/movement_pages/lib/python3.10/site-packages:/home/edrom-mini/edromufu/src/movement/Ros2_change/install/movement_functions/lib/python3.10/site-packages:/home/edrom-mini/edromufu/src/movement/Ros2_change/install/humanoid_definition/lib/python3.10/site-packages:/home/edrom-mini/edromufu/src/movement/Ros2_change/install/movement_utils/local/lib/python3.10/dist-packages:/home/edrom-mini/edromufu/src/movement/Ros2_change/install/kinematic_functions/lib/python3.10/site-packages:${PYTHONPATH} /usr/bin/python3 -W ignore:setup.py install is deprecated setup.py egg_info --egg-base ../../build/movement_core build --build-base /home/edrom-mini/edromufu/src/movement/Ros2_change/build/movement_core/build install --record /home/edrom-mini/edromufu/src/movement/Ros2_change/build/movement_core/install.log --single-version-externally-managed install_data
[0.811s] running egg_info
[0.812s] creating ../../build/movement_core/movement_core.egg-info
[0.812s] writing ../../build/movement_core/movement_core.egg-info/PKG-INFO
[0.812s] writing dependency_links to ../../build/movement_core/movement_core.egg-info/dependency_links.txt
[0.813s] writing entry points to ../../build/movement_core/movement_core.egg-info/entry_points.txt
[0.813s] writing requirements to ../../build/movement_core/movement_core.egg-info/requires.txt
[0.813s] writing top-level names to ../../build/movement_core/movement_core.egg-info/top_level.txt
[0.813s] writing manifest file '../../build/movement_core/movement_core.egg-info/SOURCES.txt'
[0.814s] reading manifest file '../../build/movement_core/movement_core.egg-info/SOURCES.txt'
[0.815s] writing manifest file '../../build/movement_core/movement_core.egg-info/SOURCES.txt'
[0.815s] running build
[0.816s] running build_py
[0.816s] creating /home/edrom-mini/edromufu/src/movement/Ros2_change/build/movement_core/build
[0.816s] creating /home/edrom-mini/edromufu/src/movement/Ros2_change/build/movement_core/build/lib
[0.816s] creating /home/edrom-mini/edromufu/src/movement/Ros2_change/build/movement_core/build/lib/movement_core
[0.816s] copying movement_core/__init__.py -> /home/edrom-mini/edromufu/src/movement/Ros2_change/build/movement_core/build/lib/movement_core
[0.816s] copying movement_core/teste.py -> /home/edrom-mini/edromufu/src/movement/Ros2_change/build/movement_core/build/lib/movement_core
[0.816s] copying movement_core/core_head.py -> /home/edrom-mini/edromufu/src/movement/Ros2_change/build/movement_core/build/lib/movement_core
[0.816s] copying movement_core/core.py -> /home/edrom-mini/edromufu/src/movement/Ros2_change/build/movement_core/build/lib/movement_core
[0.816s] running install
[0.817s] running install_lib
[0.817s] copying /home/edrom-mini/edromufu/src/movement/Ros2_change/build/movement_core/build/lib/movement_core/__init__.py -> /home/edrom-mini/edromufu/src/movement/Ros2_change/install/movement_core/lib/python3.10/site-packages/movement_core
[0.818s] copying /home/edrom-mini/edromufu/src/movement/Ros2_change/build/movement_core/build/lib/movement_core/teste.py -> /home/edrom-mini/edromufu/src/movement/Ros2_change/install/movement_core/lib/python3.10/site-packages/movement_core
[0.818s] copying /home/edrom-mini/edromufu/src/movement/Ros2_change/build/movement_core/build/lib/movement_core/core_head.py -> /home/edrom-mini/edromufu/src/movement/Ros2_change/install/movement_core/lib/python3.10/site-packages/movement_core
[0.818s] copying /home/edrom-mini/edromufu/src/movement/Ros2_change/build/movement_core/build/lib/movement_core/core.py -> /home/edrom-mini/edromufu/src/movement/Ros2_change/install/movement_core/lib/python3.10/site-packages/movement_core
[0.818s] byte-compiling /home/edrom-mini/edromufu/src/movement/Ros2_change/install/movement_core/lib/python3.10/site-packages/movement_core/__init__.py to __init__.cpython-310.pyc
[0.819s] byte-compiling /home/edrom-mini/edromufu/src/movement/Ros2_change/install/movement_core/lib/python3.10/site-packages/movement_core/teste.py to teste.cpython-310.pyc
[0.820s] byte-compiling /home/edrom-mini/edromufu/src/movement/Ros2_change/install/movement_core/lib/python3.10/site-packages/movement_core/core_head.py to core_head.cpython-310.pyc
[0.821s] byte-compiling /home/edrom-mini/edromufu/src/movement/Ros2_change/install/movement_core/lib/python3.10/site-packages/movement_core/core.py to core.cpython-310.pyc
[0.823s] running install_data
[0.823s] copying resource/movement_core -> /home/edrom-mini/edromufu/src/movement/Ros2_change/install/movement_core/share/ament_index/resource_index/packages
[0.823s] copying package.xml -> /home/edrom-mini/edromufu/src/movement/Ros2_change/install/movement_core/share/movement_core
[0.823s] running install_egg_info
[0.826s] removing '/home/edrom-mini/edromufu/src/movement/Ros2_change/install/movement_core/lib/python3.10/site-packages/movement_core-0.0.0-py3.10.egg-info' (and everything under it)
[0.826s] Copying ../../build/movement_core/movement_core.egg-info to /home/edrom-mini/edromufu/src/movement/Ros2_change/install/movement_core/lib/python3.10/site-packages/movement_core-0.0.0-py3.10.egg-info
[0.827s] running install_scripts
[0.846s] Installing core script to /home/edrom-mini/edromufu/src/movement/Ros2_change/install/movement_core/lib/movement_core
[0.846s] Installing core_head script to /home/edrom-mini/edromufu/src/movement/Ros2_change/install/movement_core/lib/movement_core
[0.847s] Installing teste script to /home/edrom-mini/edromufu/src/movement/Ros2_change/install/movement_core/lib/movement_core
[0.847s] writing list of installed files to '/home/edrom-mini/edromufu/src/movement/Ros2_change/build/movement_core/install.log'
[0.871s] Invoked command in '/home/edrom-mini/edromufu/src/movement/Ros2_change/src/movement_core' returned '0': AMENT_PREFIX_PATH=/home/edrom-mini/edromufu/src/movement/Ros2_change/install/movement_pages:/home/edrom-mini/edromufu/src/movement/Ros2_change/install/movement_functions:/home/edrom-mini/edromufu/src/movement/Ros2_change/install/humanoid_definition:/home/edrom-mini/edromufu/src/movement/Ros2_change/install/movement_utils:/home/edrom-mini/edromufu/src/movement/Ros2_change/install/kinematic_functions:${AMENT_PREFIX_PATH} CMAKE_PREFIX_PATH=/home/edrom-mini/edromufu/src/movement/Ros2_change/install/movement_utils LD_LIBRARY_PATH=/home/edrom-mini/edromufu/src/movement/Ros2_change/install/movement_utils/lib:${LD_LIBRARY_PATH} PYTHONPATH=/home/edrom-mini/edromufu/src/movement/Ros2_change/build/movement_core/prefix_override:/home/edrom-mini/edromufu/src/movement/Ros2_change/install/movement_core/lib/python3.10/site-packages:/home/edrom-mini/edromufu/src/movement/Ros2_change/install/movement_pages/lib/python3.10/site-packages:/home/edrom-mini/edromufu/src/movement/Ros2_change/install/movement_functions/lib/python3.10/site-packages:/home/edrom-mini/edromufu/src/movement/Ros2_change/install/humanoid_definition/lib/python3.10/site-packages:/home/edrom-mini/edromufu/src/movement/Ros2_change/install/movement_utils/local/lib/python3.10/dist-packages:/home/edrom-mini/edromufu/src/movement/Ros2_change/install/kinematic_functions/lib/python3.10/site-packages:${PYTHONPATH} /usr/bin/python3 -W ignore:setup.py install is deprecated setup.py egg_info --egg-base ../../build/movement_core build --build-base /home/edrom-mini/edromufu/src/movement/Ros2_change/build/movement_core/build install --record /home/edrom-mini/edromufu/src/movement/Ros2_change/build/movement_core/install.log --single-version-externally-managed install_data
