[1.974s] Invoking command in '/home/paulo/edromufu/src/behaviour/imu_ros_arduino': PYTHONPATH=/home/paulo/edromufu/src/behaviour/build/imu_ros_arduino/prefix_override:/usr/lib/python3/dist-packages/colcon_core/task/python/colcon_distutils_commands:/home/paulo/edromufu/src/behaviour/install/imu_ros_arduino/lib/python3.10/site-packages:${PYTHONPATH} /usr/bin/python3 -W ignore:setup.py install is deprecated setup.py egg_info --egg-base ../build/imu_ros_arduino build --build-base /home/paulo/edromufu/src/behaviour/build/imu_ros_arduino/build install --record /home/paulo/edromufu/src/behaviour/build/imu_ros_arduino/install.log --single-version-externally-managed install_data
[2.234s] running egg_info
[2.235s] writing ../build/imu_ros_arduino/imu_ros_arduino.egg-info/PKG-INFO
[2.236s] writing dependency_links to ../build/imu_ros_arduino/imu_ros_arduino.egg-info/dependency_links.txt
[2.236s] writing entry points to ../build/imu_ros_arduino/imu_ros_arduino.egg-info/entry_points.txt
[2.236s] writing requirements to ../build/imu_ros_arduino/imu_ros_arduino.egg-info/requires.txt
[2.236s] writing top-level names to ../build/imu_ros_arduino/imu_ros_arduino.egg-info/top_level.txt
[2.238s] reading manifest file '../build/imu_ros_arduino/imu_ros_arduino.egg-info/SOURCES.txt'
[2.238s] adding license file 'LICENSE'
[2.239s] writing manifest file '../build/imu_ros_arduino/imu_ros_arduino.egg-info/SOURCES.txt'
[2.239s] running build
[2.239s] running build_py
[2.239s] running install
[2.239s] running install_lib
[2.241s] running install_data
[2.241s] running install_egg_info
[2.243s] removing '/home/paulo/edromufu/src/behaviour/install/imu_ros_arduino/lib/python3.10/site-packages/imu_ros_arduino-0.0.0-py3.10.egg-info' (and everything under it)
[2.244s] Copying ../build/imu_ros_arduino/imu_ros_arduino.egg-info to /home/paulo/edromufu/src/behaviour/install/imu_ros_arduino/lib/python3.10/site-packages/imu_ros_arduino-0.0.0-py3.10.egg-info
[2.245s] running install_scripts
[2.270s] Installing IMU_node script to /home/paulo/edromufu/src/behaviour/install/imu_ros_arduino/lib/imu_ros_arduino
[2.270s] writing list of installed files to '/home/paulo/edromufu/src/behaviour/build/imu_ros_arduino/install.log'
[2.296s] Invoked command in '/home/paulo/edromufu/src/behaviour/imu_ros_arduino' returned '0': PYTHONPATH=/home/paulo/edromufu/src/behaviour/build/imu_ros_arduino/prefix_override:/usr/lib/python3/dist-packages/colcon_core/task/python/colcon_distutils_commands:/home/paulo/edromufu/src/behaviour/install/imu_ros_arduino/lib/python3.10/site-packages:${PYTHONPATH} /usr/bin/python3 -W ignore:setup.py install is deprecated setup.py egg_info --egg-base ../build/imu_ros_arduino build --build-base /home/paulo/edromufu/src/behaviour/build/imu_ros_arduino/build install --record /home/paulo/edromufu/src/behaviour/build/imu_ros_arduino/install.log --single-version-externally-managed install_data
