[0.014s] Invoking command in '/home/edrom-mini/edromufu/src/movement/build/kinematic_functions': /home/edrom-mini/.local/bin/cmake /home/edrom-mini/edromufu/src/movement/kinematic_functions -DCATKIN_INSTALL_INTO_PREFIX_ROOT=0 -DCMAKE_INSTALL_PREFIX=/home/edrom-mini/edromufu/src/movement/install/kinematic_functions
[0.113s] [0mCMake Deprecation Warning at CMakeLists.txt:1 (cmake_minimum_required):
[0.114s]   Compatibility with CMake < 3.5 will be removed from a future version of
[0.114s]   CMake.
[0.114s] 
[0.114s]   Update the VERSION argument <min> value or use a ...<max> suffix to tell
[0.114s]   CMake that the project does not need compatibility with older versions.
[0.114s] 
[0.114s] [0m
[0.266s] -- The C compiler identification is GNU 11.4.0
[0.465s] -- The CXX compiler identification is GNU 11.4.0
[0.479s] -- Detecting C compiler ABI info
[0.565s] -- Detecting C compiler ABI info - done
[0.587s] -- Check for working C compiler: /usr/bin/cc - skipped
[0.588s] -- Detecting C compile features
[0.593s] -- Detecting C compile features - done
[0.594s] -- Detecting CXX compiler ABI info
[0.683s] -- Detecting CXX compiler ABI info - done
[0.706s] -- Check for working CXX compiler: /usr/bin/c++ - skipped
[0.706s] -- Detecting CXX compile features
[0.707s] -- Detecting CXX compile features - done
[0.720s] [31mCMake Error at CMakeLists.txt:10 (find_package):
[0.720s]   By not providing "Findcatkin.cmake" in CMAKE_MODULE_PATH this project has
[0.720s]   asked CMake to find a package configuration file provided by "catkin", but
[0.720s]   CMake did not find one.
[0.720s] 
[0.720s]   Could not find a package configuration file provided by "catkin" with any
[0.721s]   of the following names:
[0.721s] 
[0.721s]     catkinConfig.cmake
[0.721s]     catkin-config.cmake
[0.721s] 
[0.721s]   Add the installation prefix of "catkin" to CMAKE_PREFIX_PATH or set
[0.721s]   "catkin_DIR" to a directory containing one of the above files.  If "catkin"
[0.721s]   provides a separate development package or SDK, be sure it has been
[0.721s]   installed.
[0.721s] 
[0.721s] [0m
[0.723s] -- Configuring incomplete, errors occurred!
[0.765s] Invoked command in '/home/edrom-mini/edromufu/src/movement/build/kinematic_functions' returned '1': /home/edrom-mini/.local/bin/cmake /home/edrom-mini/edromufu/src/movement/kinematic_functions -DCATKIN_INSTALL_INTO_PREFIX_ROOT=0 -DCMAKE_INSTALL_PREFIX=/home/edrom-mini/edromufu/src/movement/install/kinematic_functions
