[0.846s] Invoking command in '/home/paulo/edromufu/src/movement/Ros2_change/src/humanoid_definition': AMENT_PREFIX_PATH=/home/paulo/edromufu/src/movement/Ros2_change/install/kinematic_functions:${AMENT_PREFIX_PATH} PYTHONPATH=/home/paulo/edromufu/src/movement/Ros2_change/build/humanoid_definition/prefix_override:/usr/lib/python3/dist-packages/colcon_core/task/python/colcon_distutils_commands:/home/paulo/edromufu/src/movement/Ros2_change/install/humanoid_definition/lib/python3.10/site-packages:/home/paulo/edromufu/src/movement/Ros2_change/install/kinematic_functions/lib/python3.10/site-packages:${PYTHONPATH} /usr/bin/python3 -W ignore:setup.py install is deprecated setup.py egg_info --egg-base ../../build/humanoid_definition build --build-base /home/paulo/edromufu/src/movement/Ros2_change/build/humanoid_definition/build install --record /home/paulo/edromufu/src/movement/Ros2_change/build/humanoid_definition/install.log --single-version-externally-managed install_data
[1.035s] running egg_info
[1.036s] writing ../../build/humanoid_definition/humanoid_definition.egg-info/PKG-INFO
[1.037s] writing dependency_links to ../../build/humanoid_definition/humanoid_definition.egg-info/dependency_links.txt
[1.037s] writing entry points to ../../build/humanoid_definition/humanoid_definition.egg-info/entry_points.txt
[1.037s] writing requirements to ../../build/humanoid_definition/humanoid_definition.egg-info/requires.txt
[1.037s] writing top-level names to ../../build/humanoid_definition/humanoid_definition.egg-info/top_level.txt
[1.038s] reading manifest file '../../build/humanoid_definition/humanoid_definition.egg-info/SOURCES.txt'
[1.039s] writing manifest file '../../build/humanoid_definition/humanoid_definition.egg-info/SOURCES.txt'
[1.039s] running build
[1.039s] running build_py
[1.040s] copying humanoid_definition/__init__.py -> /home/paulo/edromufu/src/movement/Ros2_change/build/humanoid_definition/build/lib/humanoid_definition
[1.040s] copying humanoid_definition/joint.py -> /home/paulo/edromufu/src/movement/Ros2_change/build/humanoid_definition/build/lib/humanoid_definition
[1.040s] copying humanoid_definition/setup_robot.py -> /home/paulo/edromufu/src/movement/Ros2_change/build/humanoid_definition/build/lib/humanoid_definition
[1.041s] running install
[1.041s] running install_lib
[1.042s] byte-compiling /home/paulo/edromufu/src/movement/Ros2_change/install/humanoid_definition/lib/python3.10/site-packages/humanoid_definition/__init__.py to __init__.cpython-310.pyc
[1.042s] byte-compiling /home/paulo/edromufu/src/movement/Ros2_change/install/humanoid_definition/lib/python3.10/site-packages/humanoid_definition/joint.py to joint.cpython-310.pyc
[1.043s] byte-compiling /home/paulo/edromufu/src/movement/Ros2_change/install/humanoid_definition/lib/python3.10/site-packages/humanoid_definition/setup_robot.py to setup_robot.cpython-310.pyc
[1.043s] running install_data
[1.043s] running install_egg_info
[1.045s] removing '/home/paulo/edromufu/src/movement/Ros2_change/install/humanoid_definition/lib/python3.10/site-packages/humanoid_definition-0.0.0-py3.10.egg-info' (and everything under it)
[1.045s] Copying ../../build/humanoid_definition/humanoid_definition.egg-info to /home/paulo/edromufu/src/movement/Ros2_change/install/humanoid_definition/lib/python3.10/site-packages/humanoid_definition-0.0.0-py3.10.egg-info
[1.046s] running install_scripts
[1.061s] writing list of installed files to '/home/paulo/edromufu/src/movement/Ros2_change/build/humanoid_definition/install.log'
[1.362s] Invoked command in '/home/paulo/edromufu/src/movement/Ros2_change/src/humanoid_definition' returned '0': AMENT_PREFIX_PATH=/home/paulo/edromufu/src/movement/Ros2_change/install/kinematic_functions:${AMENT_PREFIX_PATH} PYTHONPATH=/home/paulo/edromufu/src/movement/Ros2_change/build/humanoid_definition/prefix_override:/usr/lib/python3/dist-packages/colcon_core/task/python/colcon_distutils_commands:/home/paulo/edromufu/src/movement/Ros2_change/install/humanoid_definition/lib/python3.10/site-packages:/home/paulo/edromufu/src/movement/Ros2_change/install/kinematic_functions/lib/python3.10/site-packages:${PYTHONPATH} /usr/bin/python3 -W ignore:setup.py install is deprecated setup.py egg_info --egg-base ../../build/humanoid_definition build --build-base /home/paulo/edromufu/src/movement/Ros2_change/build/humanoid_definition/build install --record /home/paulo/edromufu/src/movement/Ros2_change/build/humanoid_definition/install.log --single-version-externally-managed install_data
