[1.971s] Invoking command in '/home/pedrohperes/edromufu/src/movement/Ros2_change/src/tahara_pages': PYTHONPATH=/home/pedrohperes/edromufu/src/movement/Ros2_change/build/tahara_pages/prefix_override:/home/pedrohperes/edromufu/src/movement/Ros2_change/install/tahara_pages/lib/python3.10/site-packages:${PYTHONPATH} /usr/bin/python3 -W ignore:setup.py install is deprecated setup.py egg_info --egg-base ../../build/tahara_pages build --build-base /home/pedrohperes/edromufu/src/movement/Ros2_change/build/tahara_pages/build install --record /home/pedrohperes/edromufu/src/movement/Ros2_change/build/tahara_pages/install.log --single-version-externally-managed install_data
[2.242s] running egg_info
[2.243s] writing ../../build/tahara_pages/tahara_pages.egg-info/PKG-INFO
[2.243s] writing dependency_links to ../../build/tahara_pages/tahara_pages.egg-info/dependency_links.txt
[2.243s] writing entry points to ../../build/tahara_pages/tahara_pages.egg-info/entry_points.txt
[2.244s] writing requirements to ../../build/tahara_pages/tahara_pages.egg-info/requires.txt
[2.244s] writing top-level names to ../../build/tahara_pages/tahara_pages.egg-info/top_level.txt
[2.246s] reading manifest file '../../build/tahara_pages/tahara_pages.egg-info/SOURCES.txt'
[2.247s] writing manifest file '../../build/tahara_pages/tahara_pages.egg-info/SOURCES.txt'
[2.247s] running build
[2.247s] running build_py
[2.248s] running install
[2.248s] running install_lib
[2.250s] running install_data
[2.250s] running install_egg_info
[2.252s] removing '/home/pedrohperes/edromufu/src/movement/Ros2_change/install/tahara_pages/lib/python3.10/site-packages/tahara_pages-0.0.0-py3.10.egg-info' (and everything under it)
[2.252s] Copying ../../build/tahara_pages/tahara_pages.egg-info to /home/pedrohperes/edromufu/src/movement/Ros2_change/install/tahara_pages/lib/python3.10/site-packages/tahara_pages-0.0.0-py3.10.egg-info
[2.253s] running install_scripts
[2.274s] Installing page_runner script to /home/pedrohperes/edromufu/src/movement/Ros2_change/install/tahara_pages/lib/tahara_pages
[2.274s] Installing software_pages script to /home/pedrohperes/edromufu/src/movement/Ros2_change/install/tahara_pages/lib/tahara_pages
[2.274s] writing list of installed files to '/home/pedrohperes/edromufu/src/movement/Ros2_change/build/tahara_pages/install.log'
[2.305s] Invoked command in '/home/pedrohperes/edromufu/src/movement/Ros2_change/src/tahara_pages' returned '0': PYTHONPATH=/home/pedrohperes/edromufu/src/movement/Ros2_change/build/tahara_pages/prefix_override:/home/pedrohperes/edromufu/src/movement/Ros2_change/install/tahara_pages/lib/python3.10/site-packages:${PYTHONPATH} /usr/bin/python3 -W ignore:setup.py install is deprecated setup.py egg_info --egg-base ../../build/tahara_pages build --build-base /home/pedrohperes/edromufu/src/movement/Ros2_change/build/tahara_pages/build install --record /home/pedrohperes/edromufu/src/movement/Ros2_change/build/tahara_pages/install.log --single-version-externally-managed install_data
