[1.984s] Invoking command in '/home/pedrohperes/edromufu/src/movement/Ros2_change/src/kinematic_functions': PYTHONPATH=/home/pedrohperes/edromufu/src/movement/Ros2_change/build/kinematic_functions/prefix_override:/home/pedrohperes/edromufu/src/movement/Ros2_change/install/kinematic_functions/lib/python3.10/site-packages:${PYTHONPATH} /usr/bin/python3 -W ignore:setup.py install is deprecated setup.py egg_info --egg-base ../../build/kinematic_functions build --build-base /home/pedrohperes/edromufu/src/movement/Ros2_change/build/kinematic_functions/build install --record /home/pedrohperes/edromufu/src/movement/Ros2_change/build/kinematic_functions/install.log --single-version-externally-managed install_data
[2.256s] running egg_info
[2.257s] writing ../../build/kinematic_functions/kinematic_functions.egg-info/PKG-INFO
[2.257s] writing dependency_links to ../../build/kinematic_functions/kinematic_functions.egg-info/dependency_links.txt
[2.257s] writing entry points to ../../build/kinematic_functions/kinematic_functions.egg-info/entry_points.txt
[2.257s] writing requirements to ../../build/kinematic_functions/kinematic_functions.egg-info/requires.txt
[2.258s] writing top-level names to ../../build/kinematic_functions/kinematic_functions.egg-info/top_level.txt
[2.259s] reading manifest file '../../build/kinematic_functions/kinematic_functions.egg-info/SOURCES.txt'
[2.260s] writing manifest file '../../build/kinematic_functions/kinematic_functions.egg-info/SOURCES.txt'
[2.260s] running build
[2.260s] running build_py
[2.261s] running install
[2.261s] running install_lib
[2.262s] running install_data
[2.263s] running install_egg_info
[2.264s] removing '/home/pedrohperes/edromufu/src/movement/Ros2_change/install/kinematic_functions/lib/python3.10/site-packages/kinematic_functions-0.0.0-py3.10.egg-info' (and everything under it)
[2.264s] Copying ../../build/kinematic_functions/kinematic_functions.egg-info to /home/pedrohperes/edromufu/src/movement/Ros2_change/install/kinematic_functions/lib/python3.10/site-packages/kinematic_functions-0.0.0-py3.10.egg-info
[2.265s] running install_scripts
[2.286s] writing list of installed files to '/home/pedrohperes/edromufu/src/movement/Ros2_change/build/kinematic_functions/install.log'
[2.315s] Invoked command in '/home/pedrohperes/edromufu/src/movement/Ros2_change/src/kinematic_functions' returned '0': PYTHONPATH=/home/pedrohperes/edromufu/src/movement/Ros2_change/build/kinematic_functions/prefix_override:/home/pedrohperes/edromufu/src/movement/Ros2_change/install/kinematic_functions/lib/python3.10/site-packages:${PYTHONPATH} /usr/bin/python3 -W ignore:setup.py install is deprecated setup.py egg_info --egg-base ../../build/kinematic_functions build --build-base /home/pedrohperes/edromufu/src/movement/Ros2_change/build/kinematic_functions/build install --record /home/pedrohperes/edromufu/src/movement/Ros2_change/build/kinematic_functions/install.log --single-version-externally-managed install_data
