running egg_info
writing ../../build/pot_package/pot_package.egg-info/PKG-INFO
writing dependency_links to ../../build/pot_package/pot_package.egg-info/dependency_links.txt
writing entry points to ../../build/pot_package/pot_package.egg-info/entry_points.txt
writing requirements to ../../build/pot_package/pot_package.egg-info/requires.txt
writing top-level names to ../../build/pot_package/pot_package.egg-info/top_level.txt
reading manifest file '../../build/pot_package/pot_package.egg-info/SOURCES.txt'
writing manifest file '../../build/pot_package/pot_package.egg-info/SOURCES.txt'
running build
running build_py
copying pot_package/pot_values_publisher.py -> /home/edrom-mini/edromufu/src/movement/PID_codes/build/pot_package/build/lib/pot_package
running install
running install_lib
copying /home/edrom-mini/edromufu/src/movement/PID_codes/build/pot_package/build/lib/pot_package/pot_values_publisher.py -> /home/edrom-mini/edromufu/src/movement/PID_codes/install/pot_package/lib/python3.10/site-packages/pot_package
byte-compiling /home/edrom-mini/edromufu/src/movement/PID_codes/install/pot_package/lib/python3.10/site-packages/pot_package/pot_values_publisher.py to pot_values_publisher.cpython-310.pyc
running install_data
running install_egg_info
removing '/home/edrom-mini/edromufu/src/movement/PID_codes/install/pot_package/lib/python3.10/site-packages/pot_package-0.0.0-py3.10.egg-info' (and everything under it)
Copying ../../build/pot_package/pot_package.egg-info to /home/edrom-mini/edromufu/src/movement/PID_codes/install/pot_package/lib/python3.10/site-packages/pot_package-0.0.0-py3.10.egg-info
running install_scripts
Installing pot_values_publisher script to /home/edrom-mini/edromufu/src/movement/PID_codes/install/pot_package/lib/pot_package
writing list of installed files to '/home/edrom-mini/edromufu/src/movement/PID_codes/build/pot_package/install.log'
