[0.750s] Invoking command in '/home/paulo/edromufu/src/movement/Ros2_change/src/u2d2_comm': AMENT_PREFIX_PATH=/home/paulo/edromufu/src/movement/Ros2_change/install/movement_utils:${AMENT_PREFIX_PATH} CMAKE_PREFIX_PATH=/home/paulo/edromufu/src/movement/Ros2_change/install/movement_utils:${CMAKE_PREFIX_PATH} LD_LIBRARY_PATH=/home/paulo/edromufu/src/movement/Ros2_change/install/movement_utils/lib:${LD_LIBRARY_PATH} PYTHONPATH=/home/paulo/edromufu/src/movement/Ros2_change/build/u2d2_comm/prefix_override:/usr/lib/python3/dist-packages/colcon_core/task/python/colcon_distutils_commands:/home/paulo/edromufu/src/movement/Ros2_change/install/u2d2_comm/lib/python3.10/site-packages:/home/paulo/edromufu/src/movement/Ros2_change/install/movement_utils/local/lib/python3.10/dist-packages:${PYTHONPATH} /usr/bin/python3 -W ignore:setup.py install is deprecated setup.py egg_info --egg-base ../../build/u2d2_comm build --build-base /home/paulo/edromufu/src/movement/Ros2_change/build/u2d2_comm/build install --record /home/paulo/edromufu/src/movement/Ros2_change/build/u2d2_comm/install.log --single-version-externally-managed install_data
[0.951s] running egg_info
[0.951s] writing ../../build/u2d2_comm/u2d2_comm.egg-info/PKG-INFO
[0.952s] writing dependency_links to ../../build/u2d2_comm/u2d2_comm.egg-info/dependency_links.txt
[0.952s] writing entry points to ../../build/u2d2_comm/u2d2_comm.egg-info/entry_points.txt
[0.952s] writing requirements to ../../build/u2d2_comm/u2d2_comm.egg-info/requires.txt
[0.952s] writing top-level names to ../../build/u2d2_comm/u2d2_comm.egg-info/top_level.txt
[0.953s] reading manifest file '../../build/u2d2_comm/u2d2_comm.egg-info/SOURCES.txt'
[0.953s] adding license file 'LICENSE'
[0.954s] writing manifest file '../../build/u2d2_comm/u2d2_comm.egg-info/SOURCES.txt'
[0.954s] running build
[0.954s] running build_py
[0.954s] copying u2d2_comm/__init__.py -> /home/paulo/edromufu/src/movement/Ros2_change/build/u2d2_comm/build/lib/u2d2_comm
[0.954s] copying u2d2_comm/dynamixel_sdk_test.py -> /home/paulo/edromufu/src/movement/Ros2_change/build/u2d2_comm/build/lib/u2d2_comm
[0.962s] copying u2d2_comm/dynamixel_sdk_comm.py -> /home/paulo/edromufu/src/movement/Ros2_change/build/u2d2_comm/build/lib/u2d2_comm
[0.963s] running install
[0.963s] running install_lib
[0.964s] creating /home/paulo/edromufu/src/movement/Ros2_change/install/u2d2_comm/lib/python3.10/site-packages/u2d2_comm
[0.965s] copying /home/paulo/edromufu/src/movement/Ros2_change/build/u2d2_comm/build/lib/u2d2_comm/__init__.py -> /home/paulo/edromufu/src/movement/Ros2_change/install/u2d2_comm/lib/python3.10/site-packages/u2d2_comm
[0.965s] copying /home/paulo/edromufu/src/movement/Ros2_change/build/u2d2_comm/build/lib/u2d2_comm/dynamixel_sdk_test.py -> /home/paulo/edromufu/src/movement/Ros2_change/install/u2d2_comm/lib/python3.10/site-packages/u2d2_comm
[0.965s] copying /home/paulo/edromufu/src/movement/Ros2_change/build/u2d2_comm/build/lib/u2d2_comm/dynamixel_sdk_comm.py -> /home/paulo/edromufu/src/movement/Ros2_change/install/u2d2_comm/lib/python3.10/site-packages/u2d2_comm
[0.965s] byte-compiling /home/paulo/edromufu/src/movement/Ros2_change/install/u2d2_comm/lib/python3.10/site-packages/u2d2_comm/__init__.py to __init__.cpython-310.pyc
[0.966s] byte-compiling /home/paulo/edromufu/src/movement/Ros2_change/install/u2d2_comm/lib/python3.10/site-packages/u2d2_comm/dynamixel_sdk_test.py to dynamixel_sdk_test.cpython-310.pyc
[0.967s] byte-compiling /home/paulo/edromufu/src/movement/Ros2_change/install/u2d2_comm/lib/python3.10/site-packages/u2d2_comm/dynamixel_sdk_comm.py to dynamixel_sdk_comm.cpython-310.pyc
[0.969s] running install_data
[0.970s] creating /home/paulo/edromufu/src/movement/Ros2_change/install/u2d2_comm/share/ament_index
[0.970s] creating /home/paulo/edromufu/src/movement/Ros2_change/install/u2d2_comm/share/ament_index/resource_index
[0.970s] creating /home/paulo/edromufu/src/movement/Ros2_change/install/u2d2_comm/share/ament_index/resource_index/packages
[0.970s] copying resource/u2d2_comm -> /home/paulo/edromufu/src/movement/Ros2_change/install/u2d2_comm/share/ament_index/resource_index/packages
[0.970s] copying package.xml -> /home/paulo/edromufu/src/movement/Ros2_change/install/u2d2_comm/share/u2d2_comm
[0.970s] running install_egg_info
[0.973s] Copying ../../build/u2d2_comm/u2d2_comm.egg-info to /home/paulo/edromufu/src/movement/Ros2_change/install/u2d2_comm/lib/python3.10/site-packages/u2d2_comm-0.0.0-py3.10.egg-info
[0.974s] running install_scripts
[0.995s] Installing dynamixel_sdk_comm script to /home/paulo/edromufu/src/movement/Ros2_change/install/u2d2_comm/lib/u2d2_comm
[0.995s] Installing dynamixel_sdk_test script to /home/paulo/edromufu/src/movement/Ros2_change/install/u2d2_comm/lib/u2d2_comm
[0.996s] writing list of installed files to '/home/paulo/edromufu/src/movement/Ros2_change/build/u2d2_comm/install.log'
[1.022s] Invoked command in '/home/paulo/edromufu/src/movement/Ros2_change/src/u2d2_comm' returned '0': AMENT_PREFIX_PATH=/home/paulo/edromufu/src/movement/Ros2_change/install/movement_utils:${AMENT_PREFIX_PATH} CMAKE_PREFIX_PATH=/home/paulo/edromufu/src/movement/Ros2_change/install/movement_utils:${CMAKE_PREFIX_PATH} LD_LIBRARY_PATH=/home/paulo/edromufu/src/movement/Ros2_change/install/movement_utils/lib:${LD_LIBRARY_PATH} PYTHONPATH=/home/paulo/edromufu/src/movement/Ros2_change/build/u2d2_comm/prefix_override:/usr/lib/python3/dist-packages/colcon_core/task/python/colcon_distutils_commands:/home/paulo/edromufu/src/movement/Ros2_change/install/u2d2_comm/lib/python3.10/site-packages:/home/paulo/edromufu/src/movement/Ros2_change/install/movement_utils/local/lib/python3.10/dist-packages:${PYTHONPATH} /usr/bin/python3 -W ignore:setup.py install is deprecated setup.py egg_info --egg-base ../../build/u2d2_comm build --build-base /home/paulo/edromufu/src/movement/Ros2_change/build/u2d2_comm/build install --record /home/paulo/edromufu/src/movement/Ros2_change/build/u2d2_comm/install.log --single-version-externally-managed install_data
