[0.185s] Invoking command in '/home/paulo/edromufu/src/movement/Ros2_change/build/movement_utils': CMAKE_PREFIX_PATH=${CMAKE_PREFIX_PATH}:/home/paulo/edromufu/src/movement/Ros2_change/install/u2d2_comm:/home/paulo/edromufu/src/movement/Ros2_change/install/tahara_pages:/home/paulo/edromufu/src/movement/Ros2_change/install/movement_core:/home/paulo/edromufu/src/movement/Ros2_change/install/movement_pages:/home/paulo/edromufu/src/movement/Ros2_change/install/movement_functions:/home/paulo/edromufu/src/movement/Ros2_change/install/humanoid_definition:/home/paulo/edromufu/src/movement/Ros2_change/install/kinematic_functions:/home/paulo/edromufu/src/movement/Ros2_change/install/pot_package:/opt/ros/humble /usr/bin/cmake /home/paulo/edromufu/src/movement/Ros2_change/src/movement_utils -DCMAKE_INSTALL_PREFIX=/home/paulo/edromufu/src/movement/Ros2_change/install/movement_utils
[0.596s] -- The C compiler identification is GNU 11.4.0
[0.597s] -- The CXX compiler identification is GNU 11.4.0
[0.597s] -- Detecting C compiler ABI info
[0.598s] -- Detecting C compiler ABI info - done
[0.598s] -- Check for working C compiler: /usr/bin/cc - skipped
[0.598s] -- Detecting C compile features
[0.598s] -- Detecting C compile features - done
[0.598s] -- Detecting CXX compiler ABI info
[0.598s] -- Detecting CXX compiler ABI info - done
[0.598s] -- Check for working CXX compiler: /usr/bin/c++ - skipped
[0.598s] -- Detecting CXX compile features
[0.598s] -- Detecting CXX compile features - done
[0.598s] -- Found ament_cmake: 1.3.10 (/opt/ros/humble/share/ament_cmake/cmake)
[0.598s] -- Found Python3: /usr/bin/python3 (found version "3.10.12") found components: Interpreter 
[0.683s] -- Found rosidl_default_generators: 1.2.0 (/opt/ros/humble/share/rosidl_default_generators/cmake)
[0.687s] -- Using all available rosidl_typesupport_c: rosidl_typesupport_fastrtps_c;rosidl_typesupport_introspection_c
[0.694s] -- Found rosidl_adapter: 3.1.5 (/opt/ros/humble/share/rosidl_adapter/cmake)
[0.738s] -- Using all available rosidl_typesupport_cpp: rosidl_typesupport_fastrtps_cpp;rosidl_typesupport_introspection_cpp
[0.768s] -- Found std_msgs: 4.2.4 (/opt/ros/humble/share/std_msgs/cmake)
[0.797s] -- Found ament_lint_auto: 0.12.11 (/opt/ros/humble/share/ament_lint_auto/cmake)
[1.286s] -- Found ament_cmake_ros: 0.10.0 (/opt/ros/humble/share/ament_cmake_ros/cmake)
[1.553s] -- Using all available rosidl_typesupport_c: rosidl_typesupport_fastrtps_c;rosidl_typesupport_introspection_c
[1.825s] -- Using all available rosidl_typesupport_cpp: rosidl_typesupport_fastrtps_cpp;rosidl_typesupport_introspection_cpp
[1.843s] -- Found PythonInterp: /usr/bin/python3 (found suitable version "3.10.12", minimum required is "3.6") 
[1.844s] -- Found python_cmake_module: 0.10.0 (/opt/ros/humble/share/python_cmake_module/cmake)
[1.864s] -- Found PythonLibs: /usr/lib/x86_64-linux-gnu/libpython3.10.so (found suitable version "3.10.12", minimum required is "3.5") 
[1.864s] -- Using PYTHON_EXECUTABLE: /usr/bin/python3
[1.864s] -- Using PYTHON_INCLUDE_DIRS: /usr/include/python3.10
[1.864s] -- Using PYTHON_LIBRARIES: /usr/lib/x86_64-linux-gnu/libpython3.10.so
[1.881s] -- Found PythonExtra: .so  
[1.934s] -- Added test 'flake8' to check Python code syntax and style conventions
[1.935s] -- Added test 'lint_cmake' to check CMake code style
[1.936s] -- Added test 'pep257' to check Python code against some of the docstring style conventions in PEP 257
[1.937s] -- Added test 'xmllint' to check XML markup files
[1.944s] -- Configuring done
[1.984s] -- Generating done
[1.986s] -- Build files have been written to: /home/paulo/edromufu/src/movement/Ros2_change/build/movement_utils
[1.992s] Invoked command in '/home/paulo/edromufu/src/movement/Ros2_change/build/movement_utils' returned '0': CMAKE_PREFIX_PATH=${CMAKE_PREFIX_PATH}:/home/paulo/edromufu/src/movement/Ros2_change/install/u2d2_comm:/home/paulo/edromufu/src/movement/Ros2_change/install/tahara_pages:/home/paulo/edromufu/src/movement/Ros2_change/install/movement_core:/home/paulo/edromufu/src/movement/Ros2_change/install/movement_pages:/home/paulo/edromufu/src/movement/Ros2_change/install/movement_functions:/home/paulo/edromufu/src/movement/Ros2_change/install/humanoid_definition:/home/paulo/edromufu/src/movement/Ros2_change/install/kinematic_functions:/home/paulo/edromufu/src/movement/Ros2_change/install/pot_package:/opt/ros/humble /usr/bin/cmake /home/paulo/edromufu/src/movement/Ros2_change/src/movement_utils -DCMAKE_INSTALL_PREFIX=/home/paulo/edromufu/src/movement/Ros2_change/install/movement_utils
[1.993s] Invoking command in '/home/paulo/edromufu/src/movement/Ros2_change/build/movement_utils': CMAKE_PREFIX_PATH=${CMAKE_PREFIX_PATH}:/home/paulo/edromufu/src/movement/Ros2_change/install/u2d2_comm:/home/paulo/edromufu/src/movement/Ros2_change/install/tahara_pages:/home/paulo/edromufu/src/movement/Ros2_change/install/movement_core:/home/paulo/edromufu/src/movement/Ros2_change/install/movement_pages:/home/paulo/edromufu/src/movement/Ros2_change/install/movement_functions:/home/paulo/edromufu/src/movement/Ros2_change/install/humanoid_definition:/home/paulo/edromufu/src/movement/Ros2_change/install/kinematic_functions:/home/paulo/edromufu/src/movement/Ros2_change/install/pot_package:/opt/ros/humble /usr/bin/cmake --build /home/paulo/edromufu/src/movement/Ros2_change/build/movement_utils -- -j12 -l12
[2.031s] [  1%] [34m[1mGenerating C code for ROS interfaces[0m
[2.039s] [  2%] [34m[1mGenerating C++ code for ROS interfaces[0m
[2.047s] [  2%] Built target ament_cmake_python_copy_movement_utils
[2.278s] running egg_info
[2.278s] creating movement_utils.egg-info
[2.279s] writing movement_utils.egg-info/PKG-INFO
[2.279s] writing dependency_links to movement_utils.egg-info/dependency_links.txt
[2.279s] writing top-level names to movement_utils.egg-info/top_level.txt
[2.279s] writing manifest file 'movement_utils.egg-info/SOURCES.txt'
[2.282s] reading manifest file 'movement_utils.egg-info/SOURCES.txt'
[2.283s] writing manifest file 'movement_utils.egg-info/SOURCES.txt'
[2.318s] [  2%] Built target ament_cmake_python_build_movement_utils_egg
[3.115s] [  4%] [32mBuilding C object CMakeFiles/movement_utils__rosidl_generator_c.dir/rosidl_generator_c/movement_utils/srv/detail/gait__functions.c.o[0m
[3.116s] [  4%] [32mBuilding C object CMakeFiles/movement_utils__rosidl_generator_c.dir/rosidl_generator_c/movement_utils/msg/detail/body_motors_data__functions.c.o[0m
[3.126s] [  5%] [32mBuilding C object CMakeFiles/movement_utils__rosidl_generator_c.dir/rosidl_generator_c/movement_utils/srv/detail/body_feedback__functions.c.o[0m
[3.128s] [  6%] [32mBuilding C object CMakeFiles/movement_utils__rosidl_generator_c.dir/rosidl_generator_c/movement_utils/msg/detail/head_motors_data__functions.c.o[0m
[3.128s] [  7%] [32mBuilding C object CMakeFiles/movement_utils__rosidl_generator_c.dir/rosidl_generator_c/movement_utils/srv/detail/enable_torque__functions.c.o[0m
[3.128s] [  8%] [32mBuilding C object CMakeFiles/movement_utils__rosidl_generator_c.dir/rosidl_generator_c/movement_utils/srv/detail/page__functions.c.o[0m
[3.128s] [  9%] [32mBuilding C object CMakeFiles/movement_utils__rosidl_generator_c.dir/rosidl_generator_c/movement_utils/srv/detail/head_feedback__functions.c.o[0m
[3.177s] [ 10%] [32mBuilding C object CMakeFiles/movement_utils__rosidl_generator_c.dir/rosidl_generator_c/movement_utils/srv/detail/rotate__functions.c.o[0m
[3.188s] [ 11%] [32mBuilding C object CMakeFiles/movement_utils__rosidl_generator_c.dir/rosidl_generator_c/movement_utils/srv/detail/walk_forward__functions.c.o[0m
[3.280s] [ 11%] Built target movement_utils__cpp
[3.293s] [ 12%] [34m[1mGenerating C++ type support dispatch for ROS interfaces[0m
[3.300s] [ 13%] [34m[1mGenerating C++ type support for eProsima Fast-RTPS[0m
[3.310s] [ 14%] [34m[1mGenerating C++ introspection for ROS interfaces[0m
[3.336s] [ 15%] [32m[1mLinking C shared library libmovement_utils__rosidl_generator_c.so[0m
[3.425s] [ 15%] Built target movement_utils__rosidl_generator_c
[3.438s] [ 16%] [34m[1mGenerating C type support for eProsima Fast-RTPS[0m
[3.441s] [ 17%] [34m[1mGenerating C type support dispatch for ROS interfaces[0m
[3.451s] [ 18%] [34m[1mGenerating C introspection for ROS interfaces[0m
[3.869s] [ 20%] [32mBuilding CXX object CMakeFiles/movement_utils__rosidl_typesupport_cpp.dir/rosidl_typesupport_cpp/movement_utils/srv/body_feedback__type_support.cpp.o[0m
[3.869s] [ 21%] [32mBuilding CXX object CMakeFiles/movement_utils__rosidl_typesupport_cpp.dir/rosidl_typesupport_cpp/movement_utils/srv/gait__type_support.cpp.o[0m
[3.869s] [ 23%] [32mBuilding CXX object CMakeFiles/movement_utils__rosidl_typesupport_cpp.dir/rosidl_typesupport_cpp/movement_utils/srv/head_feedback__type_support.cpp.o[0m
[3.869s] [ 24%] [32mBuilding CXX object CMakeFiles/movement_utils__rosidl_typesupport_cpp.dir/rosidl_typesupport_cpp/movement_utils/srv/enable_torque__type_support.cpp.o[0m
[3.872s] [ 24%] [32mBuilding CXX object CMakeFiles/movement_utils__rosidl_typesupport_cpp.dir/rosidl_typesupport_cpp/movement_utils/msg/body_motors_data__type_support.cpp.o[0m
[3.872s] [ 26%] [32mBuilding CXX object CMakeFiles/movement_utils__rosidl_typesupport_cpp.dir/rosidl_typesupport_cpp/movement_utils/srv/page__type_support.cpp.o[0m
[3.872s] [ 25%] [32mBuilding CXX object CMakeFiles/movement_utils__rosidl_typesupport_cpp.dir/rosidl_typesupport_cpp/movement_utils/msg/head_motors_data__type_support.cpp.o[0m
[4.106s] [ 27%] [32mBuilding CXX object CMakeFiles/movement_utils__rosidl_typesupport_c.dir/rosidl_typesupport_c/movement_utils/msg/body_motors_data__type_support.cpp.o[0m
[4.160s] [ 28%] [32mBuilding CXX object CMakeFiles/movement_utils__rosidl_typesupport_c.dir/rosidl_typesupport_c/movement_utils/msg/head_motors_data__type_support.cpp.o[0m
[4.223s] [ 29%] [32mBuilding CXX object CMakeFiles/movement_utils__rosidl_typesupport_cpp.dir/rosidl_typesupport_cpp/movement_utils/srv/rotate__type_support.cpp.o[0m
[4.230s] [ 30%] [32mBuilding CXX object CMakeFiles/movement_utils__rosidl_typesupport_c.dir/rosidl_typesupport_c/movement_utils/srv/body_feedback__type_support.cpp.o[0m
[4.244s] [ 31%] [32mBuilding CXX object CMakeFiles/movement_utils__rosidl_typesupport_cpp.dir/rosidl_typesupport_cpp/movement_utils/srv/walk_forward__type_support.cpp.o[0m
[4.255s] [ 32%] [32mBuilding CXX object CMakeFiles/movement_utils__rosidl_typesupport_c.dir/rosidl_typesupport_c/movement_utils/srv/enable_torque__type_support.cpp.o[0m
[4.255s] [ 33%] [32mBuilding CXX object CMakeFiles/movement_utils__rosidl_typesupport_c.dir/rosidl_typesupport_c/movement_utils/srv/gait__type_support.cpp.o[0m
[4.298s] [ 34%] [32mBuilding CXX object CMakeFiles/movement_utils__rosidl_typesupport_c.dir/rosidl_typesupport_c/movement_utils/srv/head_feedback__type_support.cpp.o[0m
[4.302s] [ 35%] [32mBuilding CXX object CMakeFiles/movement_utils__rosidl_typesupport_c.dir/rosidl_typesupport_c/movement_utils/srv/page__type_support.cpp.o[0m
[4.322s] [ 36%] [32mBuilding CXX object CMakeFiles/movement_utils__rosidl_typesupport_c.dir/rosidl_typesupport_c/movement_utils/srv/rotate__type_support.cpp.o[0m
[4.328s] [ 37%] [32mBuilding CXX object CMakeFiles/movement_utils__rosidl_typesupport_c.dir/rosidl_typesupport_c/movement_utils/srv/walk_forward__type_support.cpp.o[0m
[4.343s] [ 38%] [32mBuilding CXX object CMakeFiles/movement_utils__rosidl_typesupport_introspection_cpp.dir/rosidl_typesupport_introspection_cpp/movement_utils/msg/detail/body_motors_data__type_support.cpp.o[0m
[4.356s] [ 40%] [32mBuilding CXX object CMakeFiles/movement_utils__rosidl_typesupport_introspection_cpp.dir/rosidl_typesupport_introspection_cpp/movement_utils/msg/detail/head_motors_data__type_support.cpp.o[0m
[4.364s] [ 41%] [32mBuilding CXX object CMakeFiles/movement_utils__rosidl_typesupport_introspection_cpp.dir/rosidl_typesupport_introspection_cpp/movement_utils/srv/detail/body_feedback__type_support.cpp.o[0m
[4.366s] [ 42%] [32mBuilding CXX object CMakeFiles/movement_utils__rosidl_typesupport_introspection_cpp.dir/rosidl_typesupport_introspection_cpp/movement_utils/srv/detail/enable_torque__type_support.cpp.o[0m
[4.371s] [ 43%] [32mBuilding CXX object CMakeFiles/movement_utils__rosidl_typesupport_introspection_cpp.dir/rosidl_typesupport_introspection_cpp/movement_utils/srv/detail/gait__type_support.cpp.o[0m
[4.375s] [ 44%] [32mBuilding CXX object CMakeFiles/movement_utils__rosidl_typesupport_introspection_cpp.dir/rosidl_typesupport_introspection_cpp/movement_utils/srv/detail/head_feedback__type_support.cpp.o[0m
[4.380s] [ 45%] [32m[1mLinking CXX shared library libmovement_utils__rosidl_typesupport_c.so[0m
[4.416s] [ 46%] [32mBuilding C object CMakeFiles/movement_utils__rosidl_typesupport_introspection_c.dir/rosidl_typesupport_introspection_c/movement_utils/msg/detail/body_motors_data__type_support.c.o[0m
[4.417s] [ 47%] [32mBuilding CXX object CMakeFiles/movement_utils__rosidl_typesupport_fastrtps_cpp.dir/rosidl_typesupport_fastrtps_cpp/movement_utils/msg/detail/dds_fastrtps/body_motors_data__type_support.cpp.o[0m
[4.467s] [ 47%] Built target movement_utils__rosidl_typesupport_c
[4.476s] [ 48%] [32mBuilding CXX object CMakeFiles/movement_utils__rosidl_typesupport_fastrtps_c.dir/rosidl_typesupport_fastrtps_c/movement_utils/msg/detail/body_motors_data__type_support_c.cpp.o[0m
[4.482s] [ 49%] [32mBuilding CXX object CMakeFiles/movement_utils__rosidl_typesupport_fastrtps_c.dir/rosidl_typesupport_fastrtps_c/movement_utils/msg/detail/head_motors_data__type_support_c.cpp.o[0m
[4.504s] [ 50%] [32mBuilding C object CMakeFiles/movement_utils__rosidl_typesupport_introspection_c.dir/rosidl_typesupport_introspection_c/movement_utils/msg/detail/head_motors_data__type_support.c.o[0m
[4.565s] [ 51%] [32mBuilding C object CMakeFiles/movement_utils__rosidl_typesupport_introspection_c.dir/rosidl_typesupport_introspection_c/movement_utils/srv/detail/body_feedback__type_support.c.o[0m
[4.614s] [ 52%] [32mBuilding CXX object CMakeFiles/movement_utils__rosidl_typesupport_fastrtps_c.dir/rosidl_typesupport_fastrtps_c/movement_utils/srv/detail/body_feedback__type_support_c.cpp.o[0m
[4.636s] [ 53%] [32mBuilding C object CMakeFiles/movement_utils__rosidl_typesupport_introspection_c.dir/rosidl_typesupport_introspection_c/movement_utils/srv/detail/enable_torque__type_support.c.o[0m
[4.640s] [ 54%] [32m[1mLinking CXX shared library libmovement_utils__rosidl_typesupport_cpp.so[0m
[4.717s] [ 55%] [32mBuilding C object CMakeFiles/movement_utils__rosidl_typesupport_introspection_c.dir/rosidl_typesupport_introspection_c/movement_utils/srv/detail/gait__type_support.c.o[0m
[4.778s] [ 55%] Built target movement_utils__rosidl_typesupport_cpp
[4.799s] [ 56%] [32mBuilding C object CMakeFiles/movement_utils__rosidl_typesupport_introspection_c.dir/rosidl_typesupport_introspection_c/movement_utils/srv/detail/head_feedback__type_support.c.o[0m
[4.806s] [ 57%] [32mBuilding CXX object CMakeFiles/movement_utils__rosidl_typesupport_fastrtps_cpp.dir/rosidl_typesupport_fastrtps_cpp/movement_utils/msg/detail/dds_fastrtps/head_motors_data__type_support.cpp.o[0m
[4.859s] [ 58%] [32mBuilding C object CMakeFiles/movement_utils__rosidl_typesupport_introspection_c.dir/rosidl_typesupport_introspection_c/movement_utils/srv/detail/page__type_support.c.o[0m
[4.861s] [ 60%] [32mBuilding CXX object CMakeFiles/movement_utils__rosidl_typesupport_fastrtps_cpp.dir/rosidl_typesupport_fastrtps_cpp/movement_utils/srv/detail/dds_fastrtps/body_feedback__type_support.cpp.o[0m
[4.912s] [ 61%] [32mBuilding C object CMakeFiles/movement_utils__rosidl_typesupport_introspection_c.dir/rosidl_typesupport_introspection_c/movement_utils/srv/detail/rotate__type_support.c.o[0m
[4.933s] [ 62%] [32mBuilding CXX object CMakeFiles/movement_utils__rosidl_typesupport_fastrtps_cpp.dir/rosidl_typesupport_fastrtps_cpp/movement_utils/srv/detail/dds_fastrtps/enable_torque__type_support.cpp.o[0m
[4.972s] [ 63%] [32mBuilding C object CMakeFiles/movement_utils__rosidl_typesupport_introspection_c.dir/rosidl_typesupport_introspection_c/movement_utils/srv/detail/walk_forward__type_support.c.o[0m
[5.006s] [ 64%] [32mBuilding CXX object CMakeFiles/movement_utils__rosidl_typesupport_fastrtps_cpp.dir/rosidl_typesupport_fastrtps_cpp/movement_utils/srv/detail/dds_fastrtps/gait__type_support.cpp.o[0m
[5.025s] [ 66%] [32mBuilding CXX object CMakeFiles/movement_utils__rosidl_typesupport_introspection_cpp.dir/rosidl_typesupport_introspection_cpp/movement_utils/srv/detail/page__type_support.cpp.o[0m
[5.028s] [ 66%] [32m[1mLinking C shared library libmovement_utils__rosidl_typesupport_introspection_c.so[0m
[5.030s] [ 67%] [32mBuilding CXX object CMakeFiles/movement_utils__rosidl_typesupport_fastrtps_cpp.dir/rosidl_typesupport_fastrtps_cpp/movement_utils/srv/detail/dds_fastrtps/head_feedback__type_support.cpp.o[0m
[5.061s] [ 68%] [32mBuilding CXX object CMakeFiles/movement_utils__rosidl_typesupport_fastrtps_c.dir/rosidl_typesupport_fastrtps_c/movement_utils/srv/detail/enable_torque__type_support_c.cpp.o[0m
[5.063s] [ 69%] [32mBuilding CXX object CMakeFiles/movement_utils__rosidl_typesupport_fastrtps_cpp.dir/rosidl_typesupport_fastrtps_cpp/movement_utils/srv/detail/dds_fastrtps/page__type_support.cpp.o[0m
[5.083s] [ 70%] [32mBuilding CXX object CMakeFiles/movement_utils__rosidl_typesupport_fastrtps_c.dir/rosidl_typesupport_fastrtps_c/movement_utils/srv/detail/gait__type_support_c.cpp.o[0m
[5.097s] [ 71%] [32mBuilding CXX object CMakeFiles/movement_utils__rosidl_typesupport_introspection_cpp.dir/rosidl_typesupport_introspection_cpp/movement_utils/srv/detail/rotate__type_support.cpp.o[0m
[5.101s] [ 71%] Built target movement_utils__rosidl_typesupport_introspection_c
[5.125s] [ 72%] [32mBuilding CXX object CMakeFiles/movement_utils__rosidl_typesupport_fastrtps_c.dir/rosidl_typesupport_fastrtps_c/movement_utils/srv/detail/head_feedback__type_support_c.cpp.o[0m
[5.187s] [ 73%] [32mBuilding CXX object CMakeFiles/movement_utils__rosidl_typesupport_introspection_cpp.dir/rosidl_typesupport_introspection_cpp/movement_utils/srv/detail/walk_forward__type_support.cpp.o[0m
[5.412s] [ 74%] [32mBuilding CXX object CMakeFiles/movement_utils__rosidl_typesupport_fastrtps_cpp.dir/rosidl_typesupport_fastrtps_cpp/movement_utils/srv/detail/dds_fastrtps/rotate__type_support.cpp.o[0m
[5.431s] [ 75%] [32mBuilding CXX object CMakeFiles/movement_utils__rosidl_typesupport_fastrtps_c.dir/rosidl_typesupport_fastrtps_c/movement_utils/srv/detail/page__type_support_c.cpp.o[0m
[5.635s] [ 76%] [32mBuilding CXX object CMakeFiles/movement_utils__rosidl_typesupport_fastrtps_c.dir/rosidl_typesupport_fastrtps_c/movement_utils/srv/detail/rotate__type_support_c.cpp.o[0m
[5.649s] [ 77%] [32mBuilding CXX object CMakeFiles/movement_utils__rosidl_typesupport_fastrtps_cpp.dir/rosidl_typesupport_fastrtps_cpp/movement_utils/srv/detail/dds_fastrtps/walk_forward__type_support.cpp.o[0m
[5.666s] [ 78%] [32mBuilding CXX object CMakeFiles/movement_utils__rosidl_typesupport_fastrtps_c.dir/rosidl_typesupport_fastrtps_c/movement_utils/srv/detail/walk_forward__type_support_c.cpp.o[0m
[5.900s] [ 80%] [32m[1mLinking CXX shared library libmovement_utils__rosidl_typesupport_introspection_cpp.so[0m
[6.001s] [ 80%] Built target movement_utils__rosidl_typesupport_introspection_cpp
[6.102s] [ 81%] [32m[1mLinking CXX shared library libmovement_utils__rosidl_typesupport_fastrtps_c.so[0m
[6.139s] [ 82%] [32m[1mLinking CXX shared library libmovement_utils__rosidl_typesupport_fastrtps_cpp.so[0m
[6.184s] [ 82%] Built target movement_utils__rosidl_typesupport_fastrtps_c
[6.219s] [ 82%] Built target movement_utils__rosidl_typesupport_fastrtps_cpp
[6.237s] [ 82%] Built target movement_utils
[6.256s] [ 83%] [34m[1mGenerating Python code for ROS interfaces[0m
[7.148s] [ 83%] Built target movement_utils__py
[7.165s] [ 84%] [32mBuilding C object CMakeFiles/movement_utils__rosidl_generator_py.dir/rosidl_generator_py/movement_utils/msg/_body_motors_data_s.c.o[0m
[7.165s] [ 86%] [32mBuilding C object CMakeFiles/movement_utils__rosidl_generator_py.dir/rosidl_generator_py/movement_utils/srv/_enable_torque_s.c.o[0m
[7.165s] [ 86%] [32mBuilding C object CMakeFiles/movement_utils__rosidl_generator_py.dir/rosidl_generator_py/movement_utils/srv/_rotate_s.c.o[0m
[7.167s] [ 88%] [32mBuilding C object CMakeFiles/movement_utils__rosidl_generator_py.dir/rosidl_generator_py/movement_utils/srv/_body_feedback_s.c.o[0m
[7.167s] [ 88%] [32mBuilding C object CMakeFiles/movement_utils__rosidl_generator_py.dir/rosidl_generator_py/movement_utils/srv/_head_feedback_s.c.o[0m
[7.167s] [ 89%] [32mBuilding C object CMakeFiles/movement_utils__rosidl_generator_py.dir/rosidl_generator_py/movement_utils/msg/_head_motors_data_s.c.o[0m
[7.167s] [ 90%] [32mBuilding C object CMakeFiles/movement_utils__rosidl_generator_py.dir/rosidl_generator_py/movement_utils/srv/_gait_s.c.o[0m
[7.168s] [ 91%] [32mBuilding C object CMakeFiles/movement_utils__rosidl_generator_py.dir/rosidl_generator_py/movement_utils/srv/_page_s.c.o[0m
[7.169s] [ 92%] [32mBuilding C object CMakeFiles/movement_utils__rosidl_generator_py.dir/rosidl_generator_py/movement_utils/srv/_walk_forward_s.c.o[0m
[7.289s] [ 93%] [32m[1mLinking C shared library rosidl_generator_py/movement_utils/libmovement_utils__rosidl_generator_py.so[0m
[7.324s] [ 93%] Built target movement_utils__rosidl_generator_py
[7.339s] [ 94%] [32mBuilding C object CMakeFiles/movement_utils__rosidl_typesupport_c__pyext.dir/rosidl_generator_py/movement_utils/_movement_utils_s.ep.rosidl_typesupport_c.c.o[0m
[7.342s] [ 95%] [32mBuilding C object CMakeFiles/movement_utils__rosidl_typesupport_introspection_c__pyext.dir/rosidl_generator_py/movement_utils/_movement_utils_s.ep.rosidl_typesupport_introspection_c.c.o[0m
[7.343s] [ 96%] [32mBuilding C object CMakeFiles/movement_utils__rosidl_typesupport_fastrtps_c__pyext.dir/rosidl_generator_py/movement_utils/_movement_utils_s.ep.rosidl_typesupport_fastrtps_c.c.o[0m
[7.434s] [ 97%] [32m[1mLinking C shared library rosidl_generator_py/movement_utils/movement_utils_s__rosidl_typesupport_c.cpython-310-x86_64-linux-gnu.so[0m
[7.439s] [ 98%] [32m[1mLinking C shared library rosidl_generator_py/movement_utils/movement_utils_s__rosidl_typesupport_introspection_c.cpython-310-x86_64-linux-gnu.so[0m
[7.441s] [100%] [32m[1mLinking C shared library rosidl_generator_py/movement_utils/movement_utils_s__rosidl_typesupport_fastrtps_c.cpython-310-x86_64-linux-gnu.so[0m
[7.461s] [100%] Built target movement_utils__rosidl_typesupport_c__pyext
[7.470s] [100%] Built target movement_utils__rosidl_typesupport_fastrtps_c__pyext
[7.473s] [100%] Built target movement_utils__rosidl_typesupport_introspection_c__pyext
[7.483s] Invoked command in '/home/paulo/edromufu/src/movement/Ros2_change/build/movement_utils' returned '0': CMAKE_PREFIX_PATH=${CMAKE_PREFIX_PATH}:/home/paulo/edromufu/src/movement/Ros2_change/install/u2d2_comm:/home/paulo/edromufu/src/movement/Ros2_change/install/tahara_pages:/home/paulo/edromufu/src/movement/Ros2_change/install/movement_core:/home/paulo/edromufu/src/movement/Ros2_change/install/movement_pages:/home/paulo/edromufu/src/movement/Ros2_change/install/movement_functions:/home/paulo/edromufu/src/movement/Ros2_change/install/humanoid_definition:/home/paulo/edromufu/src/movement/Ros2_change/install/kinematic_functions:/home/paulo/edromufu/src/movement/Ros2_change/install/pot_package:/opt/ros/humble /usr/bin/cmake --build /home/paulo/edromufu/src/movement/Ros2_change/build/movement_utils -- -j12 -l12
[7.650s] Invoking command in '/home/paulo/edromufu/src/movement/Ros2_change/build/movement_utils': CMAKE_PREFIX_PATH=${CMAKE_PREFIX_PATH}:/home/paulo/edromufu/src/movement/Ros2_change/install/u2d2_comm:/home/paulo/edromufu/src/movement/Ros2_change/install/tahara_pages:/home/paulo/edromufu/src/movement/Ros2_change/install/movement_core:/home/paulo/edromufu/src/movement/Ros2_change/install/movement_pages:/home/paulo/edromufu/src/movement/Ros2_change/install/movement_functions:/home/paulo/edromufu/src/movement/Ros2_change/install/humanoid_definition:/home/paulo/edromufu/src/movement/Ros2_change/install/kinematic_functions:/home/paulo/edromufu/src/movement/Ros2_change/install/pot_package:/opt/ros/humble /usr/bin/cmake --install /home/paulo/edromufu/src/movement/Ros2_change/build/movement_utils
[7.656s] -- Install configuration: ""
[7.656s] -- Installing: /home/paulo/edromufu/src/movement/Ros2_change/install/movement_utils/share/ament_index/resource_index/rosidl_interfaces/movement_utils
[7.656s] -- Installing: /home/paulo/edromufu/src/movement/Ros2_change/install/movement_utils/include/movement_utils/movement_utils
[7.656s] -- Installing: /home/paulo/edromufu/src/movement/Ros2_change/install/movement_utils/include/movement_utils/movement_utils/msg
[7.656s] -- Installing: /home/paulo/edromufu/src/movement/Ros2_change/install/movement_utils/include/movement_utils/movement_utils/msg/rosidl_generator_c__visibility_control.h
[7.656s] -- Installing: /home/paulo/edromufu/src/movement/Ros2_change/install/movement_utils/include/movement_utils/movement_utils/msg/head_motors_data.h
[7.656s] -- Installing: /home/paulo/edromufu/src/movement/Ros2_change/install/movement_utils/include/movement_utils/movement_utils/msg/detail
[7.657s] -- Installing: /home/paulo/edromufu/src/movement/Ros2_change/install/movement_utils/include/movement_utils/movement_utils/msg/detail/body_motors_data__functions.h
[7.657s] -- Installing: /home/paulo/edromufu/src/movement/Ros2_change/install/movement_utils/include/movement_utils/movement_utils/msg/detail/head_motors_data__type_support.h
[7.657s] -- Installing: /home/paulo/edromufu/src/movement/Ros2_change/install/movement_utils/include/movement_utils/movement_utils/msg/detail/body_motors_data__type_support.h
[7.657s] -- Installing: /home/paulo/edromufu/src/movement/Ros2_change/install/movement_utils/include/movement_utils/movement_utils/msg/detail/body_motors_data__functions.c
[7.657s] -- Installing: /home/paulo/edromufu/src/movement/Ros2_change/install/movement_utils/include/movement_utils/movement_utils/msg/detail/head_motors_data__functions.h
[7.657s] -- Installing: /home/paulo/edromufu/src/movement/Ros2_change/install/movement_utils/include/movement_utils/movement_utils/msg/detail/body_motors_data__struct.h
[7.657s] -- Installing: /home/paulo/edromufu/src/movement/Ros2_change/install/movement_utils/include/movement_utils/movement_utils/msg/detail/head_motors_data__functions.c
[7.657s] -- Installing: /home/paulo/edromufu/src/movement/Ros2_change/install/movement_utils/include/movement_utils/movement_utils/msg/detail/head_motors_data__struct.h
[7.657s] -- Installing: /home/paulo/edromufu/src/movement/Ros2_change/install/movement_utils/include/movement_utils/movement_utils/msg/body_motors_data.h
[7.657s] -- Installing: /home/paulo/edromufu/src/movement/Ros2_change/install/movement_utils/include/movement_utils/movement_utils/srv
[7.657s] -- Installing: /home/paulo/edromufu/src/movement/Ros2_change/install/movement_utils/include/movement_utils/movement_utils/srv/head_feedback.h
[7.657s] -- Installing: /home/paulo/edromufu/src/movement/Ros2_change/install/movement_utils/include/movement_utils/movement_utils/srv/enable_torque.h
[7.657s] -- Installing: /home/paulo/edromufu/src/movement/Ros2_change/install/movement_utils/include/movement_utils/movement_utils/srv/body_feedback.h
[7.657s] -- Installing: /home/paulo/edromufu/src/movement/Ros2_change/install/movement_utils/include/movement_utils/movement_utils/srv/gait.h
[7.657s] -- Installing: /home/paulo/edromufu/src/movement/Ros2_change/install/movement_utils/include/movement_utils/movement_utils/srv/walk_forward.h
[7.658s] -- Installing: /home/paulo/edromufu/src/movement/Ros2_change/install/movement_utils/include/movement_utils/movement_utils/srv/detail
[7.658s] -- Installing: /home/paulo/edromufu/src/movement/Ros2_change/install/movement_utils/include/movement_utils/movement_utils/srv/detail/rotate__type_support.h
[7.658s] -- Installing: /home/paulo/edromufu/src/movement/Ros2_change/install/movement_utils/include/movement_utils/movement_utils/srv/detail/walk_forward__functions.h
[7.658s] -- Installing: /home/paulo/edromufu/src/movement/Ros2_change/install/movement_utils/include/movement_utils/movement_utils/srv/detail/body_feedback__functions.h
[7.658s] -- Installing: /home/paulo/edromufu/src/movement/Ros2_change/install/movement_utils/include/movement_utils/movement_utils/srv/detail/page__type_support.h
[7.658s] -- Installing: /home/paulo/edromufu/src/movement/Ros2_change/install/movement_utils/include/movement_utils/movement_utils/srv/detail/body_feedback__struct.h
[7.658s] -- Installing: /home/paulo/edromufu/src/movement/Ros2_change/install/movement_utils/include/movement_utils/movement_utils/srv/detail/page__functions.c
[7.658s] -- Installing: /home/paulo/edromufu/src/movement/Ros2_change/install/movement_utils/include/movement_utils/movement_utils/srv/detail/head_feedback__functions.h
[7.658s] -- Installing: /home/paulo/edromufu/src/movement/Ros2_change/install/movement_utils/include/movement_utils/movement_utils/srv/detail/walk_forward__struct.h
[7.658s] -- Installing: /home/paulo/edromufu/src/movement/Ros2_change/install/movement_utils/include/movement_utils/movement_utils/srv/detail/enable_torque__functions.h
[7.659s] -- Installing: /home/paulo/edromufu/src/movement/Ros2_change/install/movement_utils/include/movement_utils/movement_utils/srv/detail/body_feedback__functions.c
[7.659s] -- Installing: /home/paulo/edromufu/src/movement/Ros2_change/install/movement_utils/include/movement_utils/movement_utils/srv/detail/gait__struct.h
[7.659s] -- Installing: /home/paulo/edromufu/src/movement/Ros2_change/install/movement_utils/include/movement_utils/movement_utils/srv/detail/head_feedback__type_support.h
[7.659s] -- Installing: /home/paulo/edromufu/src/movement/Ros2_change/install/movement_utils/include/movement_utils/movement_utils/srv/detail/rotate__functions.h
[7.659s] -- Installing: /home/paulo/edromufu/src/movement/Ros2_change/install/movement_utils/include/movement_utils/movement_utils/srv/detail/head_feedback__struct.h
[7.659s] -- Installing: /home/paulo/edromufu/src/movement/Ros2_change/install/movement_utils/include/movement_utils/movement_utils/srv/detail/rotate__functions.c
[7.659s] -- Installing: /home/paulo/edromufu/src/movement/Ros2_change/install/movement_utils/include/movement_utils/movement_utils/srv/detail/walk_forward__functions.c
[7.660s] -- Installing: /home/paulo/edromufu/src/movement/Ros2_change/install/movement_utils/include/movement_utils/movement_utils/srv/detail/body_feedback__type_support.h
[7.660s] -- Installing: /home/paulo/edromufu/src/movement/Ros2_change/install/movement_utils/include/movement_utils/movement_utils/srv/detail/gait__functions.c
[7.660s] -- Installing: /home/paulo/edromufu/src/movement/Ros2_change/install/movement_utils/include/movement_utils/movement_utils/srv/detail/page__functions.h
[7.660s] -- Installing: /home/paulo/edromufu/src/movement/Ros2_change/install/movement_utils/include/movement_utils/movement_utils/srv/detail/enable_torque__functions.c
[7.660s] -- Installing: /home/paulo/edromufu/src/movement/Ros2_change/install/movement_utils/include/movement_utils/movement_utils/srv/detail/head_feedback__functions.c
[7.660s] -- Installing: /home/paulo/edromufu/src/movement/Ros2_change/install/movement_utils/include/movement_utils/movement_utils/srv/detail/gait__type_support.h
[7.660s] -- Installing: /home/paulo/edromufu/src/movement/Ros2_change/install/movement_utils/include/movement_utils/movement_utils/srv/detail/enable_torque__type_support.h
[7.660s] -- Installing: /home/paulo/edromufu/src/movement/Ros2_change/install/movement_utils/include/movement_utils/movement_utils/srv/detail/page__struct.h
[7.660s] -- Installing: /home/paulo/edromufu/src/movement/Ros2_change/install/movement_utils/include/movement_utils/movement_utils/srv/detail/rotate__struct.h
[7.660s] -- Installing: /home/paulo/edromufu/src/movement/Ros2_change/install/movement_utils/include/movement_utils/movement_utils/srv/detail/walk_forward__type_support.h
[7.660s] -- Installing: /home/paulo/edromufu/src/movement/Ros2_change/install/movement_utils/include/movement_utils/movement_utils/srv/detail/gait__functions.h
[7.661s] -- Installing: /home/paulo/edromufu/src/movement/Ros2_change/install/movement_utils/include/movement_utils/movement_utils/srv/detail/enable_torque__struct.h
[7.661s] -- Installing: /home/paulo/edromufu/src/movement/Ros2_change/install/movement_utils/include/movement_utils/movement_utils/srv/rotate.h
[7.661s] -- Installing: /home/paulo/edromufu/src/movement/Ros2_change/install/movement_utils/include/movement_utils/movement_utils/srv/page.h
[7.661s] -- Installing: /home/paulo/edromufu/src/movement/Ros2_change/install/movement_utils/share/movement_utils/environment/library_path.sh
[7.661s] -- Installing: /home/paulo/edromufu/src/movement/Ros2_change/install/movement_utils/share/movement_utils/environment/library_path.dsv
[7.661s] -- Installing: /home/paulo/edromufu/src/movement/Ros2_change/install/movement_utils/lib/libmovement_utils__rosidl_generator_c.so
[7.661s] -- Set runtime path of "/home/paulo/edromufu/src/movement/Ros2_change/install/movement_utils/lib/libmovement_utils__rosidl_generator_c.so" to ""
[7.661s] -- Up-to-date: /home/paulo/edromufu/src/movement/Ros2_change/install/movement_utils/include/movement_utils/movement_utils
[7.661s] -- Up-to-date: /home/paulo/edromufu/src/movement/Ros2_change/install/movement_utils/include/movement_utils/movement_utils/msg
[7.661s] -- Installing: /home/paulo/edromufu/src/movement/Ros2_change/install/movement_utils/include/movement_utils/movement_utils/msg/rosidl_typesupport_fastrtps_c__visibility_control.h
[7.661s] -- Up-to-date: /home/paulo/edromufu/src/movement/Ros2_change/install/movement_utils/include/movement_utils/movement_utils/msg/detail
[7.661s] -- Installing: /home/paulo/edromufu/src/movement/Ros2_change/install/movement_utils/include/movement_utils/movement_utils/msg/detail/body_motors_data__rosidl_typesupport_fastrtps_c.h
[7.661s] -- Installing: /home/paulo/edromufu/src/movement/Ros2_change/install/movement_utils/include/movement_utils/movement_utils/msg/detail/head_motors_data__rosidl_typesupport_fastrtps_c.h
[7.662s] -- Up-to-date: /home/paulo/edromufu/src/movement/Ros2_change/install/movement_utils/include/movement_utils/movement_utils/srv
[7.662s] -- Up-to-date: /home/paulo/edromufu/src/movement/Ros2_change/install/movement_utils/include/movement_utils/movement_utils/srv/detail
[7.662s] -- Installing: /home/paulo/edromufu/src/movement/Ros2_change/install/movement_utils/include/movement_utils/movement_utils/srv/detail/gait__rosidl_typesupport_fastrtps_c.h
[7.662s] -- Installing: /home/paulo/edromufu/src/movement/Ros2_change/install/movement_utils/include/movement_utils/movement_utils/srv/detail/body_feedback__rosidl_typesupport_fastrtps_c.h
[7.662s] -- Installing: /home/paulo/edromufu/src/movement/Ros2_change/install/movement_utils/include/movement_utils/movement_utils/srv/detail/enable_torque__rosidl_typesupport_fastrtps_c.h
[7.662s] -- Installing: /home/paulo/edromufu/src/movement/Ros2_change/install/movement_utils/include/movement_utils/movement_utils/srv/detail/page__rosidl_typesupport_fastrtps_c.h
[7.662s] -- Installing: /home/paulo/edromufu/src/movement/Ros2_change/install/movement_utils/include/movement_utils/movement_utils/srv/detail/walk_forward__rosidl_typesupport_fastrtps_c.h
[7.662s] -- Installing: /home/paulo/edromufu/src/movement/Ros2_change/install/movement_utils/include/movement_utils/movement_utils/srv/detail/rotate__rosidl_typesupport_fastrtps_c.h
[7.662s] -- Installing: /home/paulo/edromufu/src/movement/Ros2_change/install/movement_utils/include/movement_utils/movement_utils/srv/detail/head_feedback__rosidl_typesupport_fastrtps_c.h
[7.662s] -- Installing: /home/paulo/edromufu/src/movement/Ros2_change/install/movement_utils/lib/libmovement_utils__rosidl_typesupport_fastrtps_c.so
[7.662s] -- Set runtime path of "/home/paulo/edromufu/src/movement/Ros2_change/install/movement_utils/lib/libmovement_utils__rosidl_typesupport_fastrtps_c.so" to ""
[7.662s] -- Up-to-date: /home/paulo/edromufu/src/movement/Ros2_change/install/movement_utils/include/movement_utils/movement_utils
[7.662s] -- Up-to-date: /home/paulo/edromufu/src/movement/Ros2_change/install/movement_utils/include/movement_utils/movement_utils/msg
[7.662s] -- Installing: /home/paulo/edromufu/src/movement/Ros2_change/install/movement_utils/include/movement_utils/movement_utils/msg/rosidl_typesupport_introspection_c__visibility_control.h
[7.662s] -- Up-to-date: /home/paulo/edromufu/src/movement/Ros2_change/install/movement_utils/include/movement_utils/movement_utils/msg/detail
[7.662s] -- Installing: /home/paulo/edromufu/src/movement/Ros2_change/install/movement_utils/include/movement_utils/movement_utils/msg/detail/body_motors_data__rosidl_typesupport_introspection_c.h
[7.662s] -- Installing: /home/paulo/edromufu/src/movement/Ros2_change/install/movement_utils/include/movement_utils/movement_utils/msg/detail/head_motors_data__type_support.c
[7.662s] -- Installing: /home/paulo/edromufu/src/movement/Ros2_change/install/movement_utils/include/movement_utils/movement_utils/msg/detail/head_motors_data__rosidl_typesupport_introspection_c.h
[7.662s] -- Installing: /home/paulo/edromufu/src/movement/Ros2_change/install/movement_utils/include/movement_utils/movement_utils/msg/detail/body_motors_data__type_support.c
[7.662s] -- Up-to-date: /home/paulo/edromufu/src/movement/Ros2_change/install/movement_utils/include/movement_utils/movement_utils/srv
[7.663s] -- Up-to-date: /home/paulo/edromufu/src/movement/Ros2_change/install/movement_utils/include/movement_utils/movement_utils/srv/detail
[7.663s] -- Installing: /home/paulo/edromufu/src/movement/Ros2_change/install/movement_utils/include/movement_utils/movement_utils/srv/detail/body_feedback__rosidl_typesupport_introspection_c.h
[7.663s] -- Installing: /home/paulo/edromufu/src/movement/Ros2_change/install/movement_utils/include/movement_utils/movement_utils/srv/detail/head_feedback__rosidl_typesupport_introspection_c.h
[7.663s] -- Installing: /home/paulo/edromufu/src/movement/Ros2_change/install/movement_utils/include/movement_utils/movement_utils/srv/detail/walk_forward__type_support.c
[7.663s] -- Installing: /home/paulo/edromufu/src/movement/Ros2_change/install/movement_utils/include/movement_utils/movement_utils/srv/detail/gait__type_support.c
[7.663s] -- Installing: /home/paulo/edromufu/src/movement/Ros2_change/install/movement_utils/include/movement_utils/movement_utils/srv/detail/body_feedback__type_support.c
[7.663s] -- Installing: /home/paulo/edromufu/src/movement/Ros2_change/install/movement_utils/include/movement_utils/movement_utils/srv/detail/walk_forward__rosidl_typesupport_introspection_c.h
[7.663s] -- Installing: /home/paulo/edromufu/src/movement/Ros2_change/install/movement_utils/include/movement_utils/movement_utils/srv/detail/page__type_support.c
[7.663s] -- Installing: /home/paulo/edromufu/src/movement/Ros2_change/install/movement_utils/include/movement_utils/movement_utils/srv/detail/rotate__type_support.c
[7.663s] -- Installing: /home/paulo/edromufu/src/movement/Ros2_change/install/movement_utils/include/movement_utils/movement_utils/srv/detail/enable_torque__type_support.c
[7.663s] -- Installing: /home/paulo/edromufu/src/movement/Ros2_change/install/movement_utils/include/movement_utils/movement_utils/srv/detail/enable_torque__rosidl_typesupport_introspection_c.h
[7.663s] -- Installing: /home/paulo/edromufu/src/movement/Ros2_change/install/movement_utils/include/movement_utils/movement_utils/srv/detail/head_feedback__type_support.c
[7.663s] -- Installing: /home/paulo/edromufu/src/movement/Ros2_change/install/movement_utils/include/movement_utils/movement_utils/srv/detail/gait__rosidl_typesupport_introspection_c.h
[7.663s] -- Installing: /home/paulo/edromufu/src/movement/Ros2_change/install/movement_utils/include/movement_utils/movement_utils/srv/detail/page__rosidl_typesupport_introspection_c.h
[7.663s] -- Installing: /home/paulo/edromufu/src/movement/Ros2_change/install/movement_utils/include/movement_utils/movement_utils/srv/detail/rotate__rosidl_typesupport_introspection_c.h
[7.663s] -- Installing: /home/paulo/edromufu/src/movement/Ros2_change/install/movement_utils/lib/libmovement_utils__rosidl_typesupport_introspection_c.so
[7.664s] -- Set runtime path of "/home/paulo/edromufu/src/movement/Ros2_change/install/movement_utils/lib/libmovement_utils__rosidl_typesupport_introspection_c.so" to ""
[7.664s] -- Installing: /home/paulo/edromufu/src/movement/Ros2_change/install/movement_utils/lib/libmovement_utils__rosidl_typesupport_c.so
[7.664s] -- Set runtime path of "/home/paulo/edromufu/src/movement/Ros2_change/install/movement_utils/lib/libmovement_utils__rosidl_typesupport_c.so" to ""
[7.664s] -- Up-to-date: /home/paulo/edromufu/src/movement/Ros2_change/install/movement_utils/include/movement_utils/movement_utils
[7.664s] -- Up-to-date: /home/paulo/edromufu/src/movement/Ros2_change/install/movement_utils/include/movement_utils/movement_utils/msg
[7.664s] -- Installing: /home/paulo/edromufu/src/movement/Ros2_change/install/movement_utils/include/movement_utils/movement_utils/msg/head_motors_data.hpp
[7.664s] -- Installing: /home/paulo/edromufu/src/movement/Ros2_change/install/movement_utils/include/movement_utils/movement_utils/msg/body_motors_data.hpp
[7.665s] -- Up-to-date: /home/paulo/edromufu/src/movement/Ros2_change/install/movement_utils/include/movement_utils/movement_utils/msg/detail
[7.665s] -- Installing: /home/paulo/edromufu/src/movement/Ros2_change/install/movement_utils/include/movement_utils/movement_utils/msg/detail/body_motors_data__builder.hpp
[7.665s] -- Installing: /home/paulo/edromufu/src/movement/Ros2_change/install/movement_utils/include/movement_utils/movement_utils/msg/detail/body_motors_data__struct.hpp
[7.665s] -- Installing: /home/paulo/edromufu/src/movement/Ros2_change/install/movement_utils/include/movement_utils/movement_utils/msg/detail/head_motors_data__traits.hpp
[7.665s] -- Installing: /home/paulo/edromufu/src/movement/Ros2_change/install/movement_utils/include/movement_utils/movement_utils/msg/detail/head_motors_data__builder.hpp
[7.665s] -- Installing: /home/paulo/edromufu/src/movement/Ros2_change/install/movement_utils/include/movement_utils/movement_utils/msg/detail/body_motors_data__traits.hpp
[7.665s] -- Installing: /home/paulo/edromufu/src/movement/Ros2_change/install/movement_utils/include/movement_utils/movement_utils/msg/detail/head_motors_data__struct.hpp
[7.665s] -- Up-to-date: /home/paulo/edromufu/src/movement/Ros2_change/install/movement_utils/include/movement_utils/movement_utils/srv
[7.665s] -- Installing: /home/paulo/edromufu/src/movement/Ros2_change/install/movement_utils/include/movement_utils/movement_utils/srv/body_feedback.hpp
[7.665s] -- Installing: /home/paulo/edromufu/src/movement/Ros2_change/install/movement_utils/include/movement_utils/movement_utils/srv/enable_torque.hpp
[7.665s] -- Installing: /home/paulo/edromufu/src/movement/Ros2_change/install/movement_utils/include/movement_utils/movement_utils/srv/rotate.hpp
[7.665s] -- Installing: /home/paulo/edromufu/src/movement/Ros2_change/install/movement_utils/include/movement_utils/movement_utils/srv/walk_forward.hpp
[7.665s] -- Installing: /home/paulo/edromufu/src/movement/Ros2_change/install/movement_utils/include/movement_utils/movement_utils/srv/page.hpp
[7.665s] -- Up-to-date: /home/paulo/edromufu/src/movement/Ros2_change/install/movement_utils/include/movement_utils/movement_utils/srv/detail
[7.666s] -- Installing: /home/paulo/edromufu/src/movement/Ros2_change/install/movement_utils/include/movement_utils/movement_utils/srv/detail/enable_torque__struct.hpp
[7.666s] -- Installing: /home/paulo/edromufu/src/movement/Ros2_change/install/movement_utils/include/movement_utils/movement_utils/srv/detail/rotate__builder.hpp
[7.666s] -- Installing: /home/paulo/edromufu/src/movement/Ros2_change/install/movement_utils/include/movement_utils/movement_utils/srv/detail/page__traits.hpp
[7.666s] -- Installing: /home/paulo/edromufu/src/movement/Ros2_change/install/movement_utils/include/movement_utils/movement_utils/srv/detail/head_feedback__struct.hpp
[7.666s] -- Installing: /home/paulo/edromufu/src/movement/Ros2_change/install/movement_utils/include/movement_utils/movement_utils/srv/detail/walk_forward__builder.hpp
[7.666s] -- Installing: /home/paulo/edromufu/src/movement/Ros2_change/install/movement_utils/include/movement_utils/movement_utils/srv/detail/gait__struct.hpp
[7.666s] -- Installing: /home/paulo/edromufu/src/movement/Ros2_change/install/movement_utils/include/movement_utils/movement_utils/srv/detail/walk_forward__traits.hpp
[7.666s] -- Installing: /home/paulo/edromufu/src/movement/Ros2_change/install/movement_utils/include/movement_utils/movement_utils/srv/detail/enable_torque__builder.hpp
[7.666s] -- Installing: /home/paulo/edromufu/src/movement/Ros2_change/install/movement_utils/include/movement_utils/movement_utils/srv/detail/rotate__struct.hpp
[7.666s] -- Installing: /home/paulo/edromufu/src/movement/Ros2_change/install/movement_utils/include/movement_utils/movement_utils/srv/detail/body_feedback__traits.hpp
[7.666s] -- Installing: /home/paulo/edromufu/src/movement/Ros2_change/install/movement_utils/include/movement_utils/movement_utils/srv/detail/page__struct.hpp
[7.666s] -- Installing: /home/paulo/edromufu/src/movement/Ros2_change/install/movement_utils/include/movement_utils/movement_utils/srv/detail/body_feedback__struct.hpp
[7.666s] -- Installing: /home/paulo/edromufu/src/movement/Ros2_change/install/movement_utils/include/movement_utils/movement_utils/srv/detail/head_feedback__builder.hpp
[7.666s] -- Installing: /home/paulo/edromufu/src/movement/Ros2_change/install/movement_utils/include/movement_utils/movement_utils/srv/detail/gait__builder.hpp
[7.667s] -- Installing: /home/paulo/edromufu/src/movement/Ros2_change/install/movement_utils/include/movement_utils/movement_utils/srv/detail/rotate__traits.hpp
[7.667s] -- Installing: /home/paulo/edromufu/src/movement/Ros2_change/install/movement_utils/include/movement_utils/movement_utils/srv/detail/gait__traits.hpp
[7.667s] -- Installing: /home/paulo/edromufu/src/movement/Ros2_change/install/movement_utils/include/movement_utils/movement_utils/srv/detail/walk_forward__struct.hpp
[7.667s] -- Installing: /home/paulo/edromufu/src/movement/Ros2_change/install/movement_utils/include/movement_utils/movement_utils/srv/detail/head_feedback__traits.hpp
[7.667s] -- Installing: /home/paulo/edromufu/src/movement/Ros2_change/install/movement_utils/include/movement_utils/movement_utils/srv/detail/enable_torque__traits.hpp
[7.667s] -- Installing: /home/paulo/edromufu/src/movement/Ros2_change/install/movement_utils/include/movement_utils/movement_utils/srv/detail/body_feedback__builder.hpp
[7.667s] -- Installing: /home/paulo/edromufu/src/movement/Ros2_change/install/movement_utils/include/movement_utils/movement_utils/srv/detail/page__builder.hpp
[7.667s] -- Installing: /home/paulo/edromufu/src/movement/Ros2_change/install/movement_utils/include/movement_utils/movement_utils/srv/gait.hpp
[7.667s] -- Installing: /home/paulo/edromufu/src/movement/Ros2_change/install/movement_utils/include/movement_utils/movement_utils/srv/head_feedback.hpp
[7.667s] -- Up-to-date: /home/paulo/edromufu/src/movement/Ros2_change/install/movement_utils/include/movement_utils/movement_utils
[7.667s] -- Up-to-date: /home/paulo/edromufu/src/movement/Ros2_change/install/movement_utils/include/movement_utils/movement_utils/msg
[7.667s] -- Installing: /home/paulo/edromufu/src/movement/Ros2_change/install/movement_utils/include/movement_utils/movement_utils/msg/rosidl_typesupport_fastrtps_cpp__visibility_control.h
[7.667s] -- Up-to-date: /home/paulo/edromufu/src/movement/Ros2_change/install/movement_utils/include/movement_utils/movement_utils/msg/detail
[7.668s] -- Installing: /home/paulo/edromufu/src/movement/Ros2_change/install/movement_utils/include/movement_utils/movement_utils/msg/detail/head_motors_data__rosidl_typesupport_fastrtps_cpp.hpp
[7.668s] -- Installing: /home/paulo/edromufu/src/movement/Ros2_change/install/movement_utils/include/movement_utils/movement_utils/msg/detail/dds_fastrtps
[7.668s] -- Installing: /home/paulo/edromufu/src/movement/Ros2_change/install/movement_utils/include/movement_utils/movement_utils/msg/detail/body_motors_data__rosidl_typesupport_fastrtps_cpp.hpp
[7.668s] -- Up-to-date: /home/paulo/edromufu/src/movement/Ros2_change/install/movement_utils/include/movement_utils/movement_utils/srv
[7.668s] -- Up-to-date: /home/paulo/edromufu/src/movement/Ros2_change/install/movement_utils/include/movement_utils/movement_utils/srv/detail
[7.668s] -- Installing: /home/paulo/edromufu/src/movement/Ros2_change/install/movement_utils/include/movement_utils/movement_utils/srv/detail/dds_fastrtps
[7.668s] -- Installing: /home/paulo/edromufu/src/movement/Ros2_change/install/movement_utils/include/movement_utils/movement_utils/srv/detail/walk_forward__rosidl_typesupport_fastrtps_cpp.hpp
[7.668s] -- Installing: /home/paulo/edromufu/src/movement/Ros2_change/install/movement_utils/include/movement_utils/movement_utils/srv/detail/head_feedback__rosidl_typesupport_fastrtps_cpp.hpp
[7.668s] -- Installing: /home/paulo/edromufu/src/movement/Ros2_change/install/movement_utils/include/movement_utils/movement_utils/srv/detail/enable_torque__rosidl_typesupport_fastrtps_cpp.hpp
[7.668s] -- Installing: /home/paulo/edromufu/src/movement/Ros2_change/install/movement_utils/include/movement_utils/movement_utils/srv/detail/page__rosidl_typesupport_fastrtps_cpp.hpp
[7.668s] -- Installing: /home/paulo/edromufu/src/movement/Ros2_change/install/movement_utils/include/movement_utils/movement_utils/srv/detail/rotate__rosidl_typesupport_fastrtps_cpp.hpp
[7.668s] -- Installing: /home/paulo/edromufu/src/movement/Ros2_change/install/movement_utils/include/movement_utils/movement_utils/srv/detail/gait__rosidl_typesupport_fastrtps_cpp.hpp
[7.668s] -- Installing: /home/paulo/edromufu/src/movement/Ros2_change/install/movement_utils/include/movement_utils/movement_utils/srv/detail/body_feedback__rosidl_typesupport_fastrtps_cpp.hpp
[7.668s] -- Installing: /home/paulo/edromufu/src/movement/Ros2_change/install/movement_utils/lib/libmovement_utils__rosidl_typesupport_fastrtps_cpp.so
[7.668s] -- Set runtime path of "/home/paulo/edromufu/src/movement/Ros2_change/install/movement_utils/lib/libmovement_utils__rosidl_typesupport_fastrtps_cpp.so" to ""
[7.668s] -- Up-to-date: /home/paulo/edromufu/src/movement/Ros2_change/install/movement_utils/include/movement_utils/movement_utils
[7.668s] -- Up-to-date: /home/paulo/edromufu/src/movement/Ros2_change/install/movement_utils/include/movement_utils/movement_utils/msg
[7.668s] -- Up-to-date: /home/paulo/edromufu/src/movement/Ros2_change/install/movement_utils/include/movement_utils/movement_utils/msg/detail
[7.668s] -- Installing: /home/paulo/edromufu/src/movement/Ros2_change/install/movement_utils/include/movement_utils/movement_utils/msg/detail/head_motors_data__type_support.cpp
[7.669s] -- Installing: /home/paulo/edromufu/src/movement/Ros2_change/install/movement_utils/include/movement_utils/movement_utils/msg/detail/head_motors_data__rosidl_typesupport_introspection_cpp.hpp
[7.669s] -- Installing: /home/paulo/edromufu/src/movement/Ros2_change/install/movement_utils/include/movement_utils/movement_utils/msg/detail/body_motors_data__rosidl_typesupport_introspection_cpp.hpp
[7.669s] -- Installing: /home/paulo/edromufu/src/movement/Ros2_change/install/movement_utils/include/movement_utils/movement_utils/msg/detail/body_motors_data__type_support.cpp
[7.669s] -- Up-to-date: /home/paulo/edromufu/src/movement/Ros2_change/install/movement_utils/include/movement_utils/movement_utils/srv
[7.669s] -- Up-to-date: /home/paulo/edromufu/src/movement/Ros2_change/install/movement_utils/include/movement_utils/movement_utils/srv/detail
[7.669s] -- Installing: /home/paulo/edromufu/src/movement/Ros2_change/install/movement_utils/include/movement_utils/movement_utils/srv/detail/rotate__rosidl_typesupport_introspection_cpp.hpp
[7.669s] -- Installing: /home/paulo/edromufu/src/movement/Ros2_change/install/movement_utils/include/movement_utils/movement_utils/srv/detail/walk_forward__type_support.cpp
[7.669s] -- Installing: /home/paulo/edromufu/src/movement/Ros2_change/install/movement_utils/include/movement_utils/movement_utils/srv/detail/gait__rosidl_typesupport_introspection_cpp.hpp
[7.669s] -- Installing: /home/paulo/edromufu/src/movement/Ros2_change/install/movement_utils/include/movement_utils/movement_utils/srv/detail/head_feedback__type_support.cpp
[7.669s] -- Installing: /home/paulo/edromufu/src/movement/Ros2_change/install/movement_utils/include/movement_utils/movement_utils/srv/detail/gait__type_support.cpp
[7.669s] -- Installing: /home/paulo/edromufu/src/movement/Ros2_change/install/movement_utils/include/movement_utils/movement_utils/srv/detail/enable_torque__rosidl_typesupport_introspection_cpp.hpp
[7.669s] -- Installing: /home/paulo/edromufu/src/movement/Ros2_change/install/movement_utils/include/movement_utils/movement_utils/srv/detail/enable_torque__type_support.cpp
[7.670s] -- Installing: /home/paulo/edromufu/src/movement/Ros2_change/install/movement_utils/include/movement_utils/movement_utils/srv/detail/body_feedback__type_support.cpp
[7.670s] -- Installing: /home/paulo/edromufu/src/movement/Ros2_change/install/movement_utils/include/movement_utils/movement_utils/srv/detail/page__rosidl_typesupport_introspection_cpp.hpp
[7.670s] -- Installing: /home/paulo/edromufu/src/movement/Ros2_change/install/movement_utils/include/movement_utils/movement_utils/srv/detail/body_feedback__rosidl_typesupport_introspection_cpp.hpp
[7.670s] -- Installing: /home/paulo/edromufu/src/movement/Ros2_change/install/movement_utils/include/movement_utils/movement_utils/srv/detail/walk_forward__rosidl_typesupport_introspection_cpp.hpp
[7.670s] -- Installing: /home/paulo/edromufu/src/movement/Ros2_change/install/movement_utils/include/movement_utils/movement_utils/srv/detail/rotate__type_support.cpp
[7.670s] -- Installing: /home/paulo/edromufu/src/movement/Ros2_change/install/movement_utils/include/movement_utils/movement_utils/srv/detail/page__type_support.cpp
[7.670s] -- Installing: /home/paulo/edromufu/src/movement/Ros2_change/install/movement_utils/include/movement_utils/movement_utils/srv/detail/head_feedback__rosidl_typesupport_introspection_cpp.hpp
[7.670s] -- Installing: /home/paulo/edromufu/src/movement/Ros2_change/install/movement_utils/lib/libmovement_utils__rosidl_typesupport_introspection_cpp.so
[7.670s] -- Set runtime path of "/home/paulo/edromufu/src/movement/Ros2_change/install/movement_utils/lib/libmovement_utils__rosidl_typesupport_introspection_cpp.so" to ""
[7.670s] -- Installing: /home/paulo/edromufu/src/movement/Ros2_change/install/movement_utils/lib/libmovement_utils__rosidl_typesupport_cpp.so
[7.670s] -- Set runtime path of "/home/paulo/edromufu/src/movement/Ros2_change/install/movement_utils/lib/libmovement_utils__rosidl_typesupport_cpp.so" to ""
[7.670s] -- Installing: /home/paulo/edromufu/src/movement/Ros2_change/install/movement_utils/share/movement_utils/environment/pythonpath.sh
[7.671s] -- Installing: /home/paulo/edromufu/src/movement/Ros2_change/install/movement_utils/share/movement_utils/environment/pythonpath.dsv
[7.671s] -- Installing: /home/paulo/edromufu/src/movement/Ros2_change/install/movement_utils/local/lib/python3.10/dist-packages/movement_utils-0.0.0-py3.10.egg-info
[7.671s] -- Installing: /home/paulo/edromufu/src/movement/Ros2_change/install/movement_utils/local/lib/python3.10/dist-packages/movement_utils-0.0.0-py3.10.egg-info/top_level.txt
[7.671s] -- Installing: /home/paulo/edromufu/src/movement/Ros2_change/install/movement_utils/local/lib/python3.10/dist-packages/movement_utils-0.0.0-py3.10.egg-info/PKG-INFO
[7.671s] -- Installing: /home/paulo/edromufu/src/movement/Ros2_change/install/movement_utils/local/lib/python3.10/dist-packages/movement_utils-0.0.0-py3.10.egg-info/SOURCES.txt
[7.671s] -- Installing: /home/paulo/edromufu/src/movement/Ros2_change/install/movement_utils/local/lib/python3.10/dist-packages/movement_utils-0.0.0-py3.10.egg-info/dependency_links.txt
[7.671s] -- Installing: /home/paulo/edromufu/src/movement/Ros2_change/install/movement_utils/local/lib/python3.10/dist-packages/movement_utils
[7.671s] -- Installing: /home/paulo/edromufu/src/movement/Ros2_change/install/movement_utils/local/lib/python3.10/dist-packages/movement_utils/__init__.py
[7.671s] -- Installing: /home/paulo/edromufu/src/movement/Ros2_change/install/movement_utils/local/lib/python3.10/dist-packages/movement_utils/msg
[7.671s] -- Installing: /home/paulo/edromufu/src/movement/Ros2_change/install/movement_utils/local/lib/python3.10/dist-packages/movement_utils/msg/__init__.py
[7.671s] -- Installing: /home/paulo/edromufu/src/movement/Ros2_change/install/movement_utils/local/lib/python3.10/dist-packages/movement_utils/msg/_head_motors_data_s.c
[7.671s] -- Installing: /home/paulo/edromufu/src/movement/Ros2_change/install/movement_utils/local/lib/python3.10/dist-packages/movement_utils/msg/_body_motors_data.py
[7.671s] -- Installing: /home/paulo/edromufu/src/movement/Ros2_change/install/movement_utils/local/lib/python3.10/dist-packages/movement_utils/msg/_head_motors_data.py
[7.672s] -- Installing: /home/paulo/edromufu/src/movement/Ros2_change/install/movement_utils/local/lib/python3.10/dist-packages/movement_utils/msg/_body_motors_data_s.c
[7.672s] -- Installing: /home/paulo/edromufu/src/movement/Ros2_change/install/movement_utils/local/lib/python3.10/dist-packages/movement_utils/movement_utils_s__rosidl_typesupport_c.cpython-310-x86_64-linux-gnu.so
[7.672s] -- Installing: /home/paulo/edromufu/src/movement/Ros2_change/install/movement_utils/local/lib/python3.10/dist-packages/movement_utils/movement_utils_s__rosidl_typesupport_fastrtps_c.cpython-310-x86_64-linux-gnu.so
[7.672s] -- Installing: /home/paulo/edromufu/src/movement/Ros2_change/install/movement_utils/local/lib/python3.10/dist-packages/movement_utils/libmovement_utils__rosidl_generator_py.so
[7.672s] -- Installing: /home/paulo/edromufu/src/movement/Ros2_change/install/movement_utils/local/lib/python3.10/dist-packages/movement_utils/srv
[7.672s] -- Installing: /home/paulo/edromufu/src/movement/Ros2_change/install/movement_utils/local/lib/python3.10/dist-packages/movement_utils/srv/__init__.py
[7.672s] -- Installing: /home/paulo/edromufu/src/movement/Ros2_change/install/movement_utils/local/lib/python3.10/dist-packages/movement_utils/srv/_gait_s.c
[7.672s] -- Installing: /home/paulo/edromufu/src/movement/Ros2_change/install/movement_utils/local/lib/python3.10/dist-packages/movement_utils/srv/_rotate.py
[7.673s] -- Installing: /home/paulo/edromufu/src/movement/Ros2_change/install/movement_utils/local/lib/python3.10/dist-packages/movement_utils/srv/_walk_forward_s.c
[7.673s] -- Installing: /home/paulo/edromufu/src/movement/Ros2_change/install/movement_utils/local/lib/python3.10/dist-packages/movement_utils/srv/_head_feedback.py
[7.673s] -- Installing: /home/paulo/edromufu/src/movement/Ros2_change/install/movement_utils/local/lib/python3.10/dist-packages/movement_utils/srv/_head_feedback_s.c
[7.673s] -- Installing: /home/paulo/edromufu/src/movement/Ros2_change/install/movement_utils/local/lib/python3.10/dist-packages/movement_utils/srv/_page.py
[7.673s] -- Installing: /home/paulo/edromufu/src/movement/Ros2_change/install/movement_utils/local/lib/python3.10/dist-packages/movement_utils/srv/_enable_torque.py
[7.673s] -- Installing: /home/paulo/edromufu/src/movement/Ros2_change/install/movement_utils/local/lib/python3.10/dist-packages/movement_utils/srv/_walk_forward.py
[7.673s] -- Installing: /home/paulo/edromufu/src/movement/Ros2_change/install/movement_utils/local/lib/python3.10/dist-packages/movement_utils/srv/_enable_torque_s.c
[7.673s] -- Installing: /home/paulo/edromufu/src/movement/Ros2_change/install/movement_utils/local/lib/python3.10/dist-packages/movement_utils/srv/_rotate_s.c
[7.673s] -- Installing: /home/paulo/edromufu/src/movement/Ros2_change/install/movement_utils/local/lib/python3.10/dist-packages/movement_utils/srv/_body_feedback_s.c
[7.673s] -- Installing: /home/paulo/edromufu/src/movement/Ros2_change/install/movement_utils/local/lib/python3.10/dist-packages/movement_utils/srv/_gait.py
[7.673s] -- Installing: /home/paulo/edromufu/src/movement/Ros2_change/install/movement_utils/local/lib/python3.10/dist-packages/movement_utils/srv/_page_s.c
[7.673s] -- Installing: /home/paulo/edromufu/src/movement/Ros2_change/install/movement_utils/local/lib/python3.10/dist-packages/movement_utils/srv/_body_feedback.py
[7.673s] -- Installing: /home/paulo/edromufu/src/movement/Ros2_change/install/movement_utils/local/lib/python3.10/dist-packages/movement_utils/_movement_utils_s.ep.rosidl_typesupport_fastrtps_c.c
[7.673s] -- Installing: /home/paulo/edromufu/src/movement/Ros2_change/install/movement_utils/local/lib/python3.10/dist-packages/movement_utils/movement_utils_s__rosidl_typesupport_introspection_c.cpython-310-x86_64-linux-gnu.so
[7.673s] -- Installing: /home/paulo/edromufu/src/movement/Ros2_change/install/movement_utils/local/lib/python3.10/dist-packages/movement_utils/_movement_utils_s.ep.rosidl_typesupport_c.c
[7.673s] -- Installing: /home/paulo/edromufu/src/movement/Ros2_change/install/movement_utils/local/lib/python3.10/dist-packages/movement_utils/_movement_utils_s.ep.rosidl_typesupport_introspection_c.c
[7.715s] Listing '/home/paulo/edromufu/src/movement/Ros2_change/install/movement_utils/local/lib/python3.10/dist-packages/movement_utils'...
[7.715s] Compiling '/home/paulo/edromufu/src/movement/Ros2_change/install/movement_utils/local/lib/python3.10/dist-packages/movement_utils/__init__.py'...
[7.715s] Listing '/home/paulo/edromufu/src/movement/Ros2_change/install/movement_utils/local/lib/python3.10/dist-packages/movement_utils/msg'...
[7.715s] Compiling '/home/paulo/edromufu/src/movement/Ros2_change/install/movement_utils/local/lib/python3.10/dist-packages/movement_utils/msg/__init__.py'...
[7.716s] Compiling '/home/paulo/edromufu/src/movement/Ros2_change/install/movement_utils/local/lib/python3.10/dist-packages/movement_utils/msg/_body_motors_data.py'...
[7.716s] Compiling '/home/paulo/edromufu/src/movement/Ros2_change/install/movement_utils/local/lib/python3.10/dist-packages/movement_utils/msg/_head_motors_data.py'...
[7.716s] Listing '/home/paulo/edromufu/src/movement/Ros2_change/install/movement_utils/local/lib/python3.10/dist-packages/movement_utils/srv'...
[7.716s] Compiling '/home/paulo/edromufu/src/movement/Ros2_change/install/movement_utils/local/lib/python3.10/dist-packages/movement_utils/srv/__init__.py'...
[7.716s] Compiling '/home/paulo/edromufu/src/movement/Ros2_change/install/movement_utils/local/lib/python3.10/dist-packages/movement_utils/srv/_body_feedback.py'...
[7.716s] Compiling '/home/paulo/edromufu/src/movement/Ros2_change/install/movement_utils/local/lib/python3.10/dist-packages/movement_utils/srv/_enable_torque.py'...
[7.716s] Compiling '/home/paulo/edromufu/src/movement/Ros2_change/install/movement_utils/local/lib/python3.10/dist-packages/movement_utils/srv/_gait.py'...
[7.716s] Compiling '/home/paulo/edromufu/src/movement/Ros2_change/install/movement_utils/local/lib/python3.10/dist-packages/movement_utils/srv/_head_feedback.py'...
[7.716s] Compiling '/home/paulo/edromufu/src/movement/Ros2_change/install/movement_utils/local/lib/python3.10/dist-packages/movement_utils/srv/_page.py'...
[7.716s] Compiling '/home/paulo/edromufu/src/movement/Ros2_change/install/movement_utils/local/lib/python3.10/dist-packages/movement_utils/srv/_rotate.py'...
[7.716s] Compiling '/home/paulo/edromufu/src/movement/Ros2_change/install/movement_utils/local/lib/python3.10/dist-packages/movement_utils/srv/_walk_forward.py'...
[7.720s] -- Installing: /home/paulo/edromufu/src/movement/Ros2_change/install/movement_utils/local/lib/python3.10/dist-packages/movement_utils/movement_utils_s__rosidl_typesupport_fastrtps_c.cpython-310-x86_64-linux-gnu.so
[7.720s] -- Set runtime path of "/home/paulo/edromufu/src/movement/Ros2_change/install/movement_utils/local/lib/python3.10/dist-packages/movement_utils/movement_utils_s__rosidl_typesupport_fastrtps_c.cpython-310-x86_64-linux-gnu.so" to ""
[7.720s] -- Installing: /home/paulo/edromufu/src/movement/Ros2_change/install/movement_utils/local/lib/python3.10/dist-packages/movement_utils/movement_utils_s__rosidl_typesupport_introspection_c.cpython-310-x86_64-linux-gnu.so
[7.721s] -- Set runtime path of "/home/paulo/edromufu/src/movement/Ros2_change/install/movement_utils/local/lib/python3.10/dist-packages/movement_utils/movement_utils_s__rosidl_typesupport_introspection_c.cpython-310-x86_64-linux-gnu.so" to ""
[7.721s] -- Installing: /home/paulo/edromufu/src/movement/Ros2_change/install/movement_utils/local/lib/python3.10/dist-packages/movement_utils/movement_utils_s__rosidl_typesupport_c.cpython-310-x86_64-linux-gnu.so
[7.721s] -- Set runtime path of "/home/paulo/edromufu/src/movement/Ros2_change/install/movement_utils/local/lib/python3.10/dist-packages/movement_utils/movement_utils_s__rosidl_typesupport_c.cpython-310-x86_64-linux-gnu.so" to ""
[7.721s] -- Installing: /home/paulo/edromufu/src/movement/Ros2_change/install/movement_utils/lib/libmovement_utils__rosidl_generator_py.so
[7.722s] -- Set runtime path of "/home/paulo/edromufu/src/movement/Ros2_change/install/movement_utils/lib/libmovement_utils__rosidl_generator_py.so" to ""
[7.722s] -- Installing: /home/paulo/edromufu/src/movement/Ros2_change/install/movement_utils/share/movement_utils/msg/BodyMotorsData.idl
[7.722s] -- Installing: /home/paulo/edromufu/src/movement/Ros2_change/install/movement_utils/share/movement_utils/msg/HeadMotorsData.idl
[7.722s] -- Installing: /home/paulo/edromufu/src/movement/Ros2_change/install/movement_utils/share/movement_utils/srv/BodyFeedback.idl
[7.723s] -- Installing: /home/paulo/edromufu/src/movement/Ros2_change/install/movement_utils/share/movement_utils/srv/EnableTorque.idl
[7.723s] -- Installing: /home/paulo/edromufu/src/movement/Ros2_change/install/movement_utils/share/movement_utils/srv/Gait.idl
[7.723s] -- Installing: /home/paulo/edromufu/src/movement/Ros2_change/install/movement_utils/share/movement_utils/srv/HeadFeedback.idl
[7.723s] -- Installing: /home/paulo/edromufu/src/movement/Ros2_change/install/movement_utils/share/movement_utils/srv/Page.idl
[7.723s] -- Installing: /home/paulo/edromufu/src/movement/Ros2_change/install/movement_utils/share/movement_utils/srv/Rotate.idl
[7.723s] -- Installing: /home/paulo/edromufu/src/movement/Ros2_change/install/movement_utils/share/movement_utils/srv/WalkForward.idl
[7.723s] -- Installing: /home/paulo/edromufu/src/movement/Ros2_change/install/movement_utils/share/movement_utils/msg/BodyMotorsData.msg
[7.723s] -- Installing: /home/paulo/edromufu/src/movement/Ros2_change/install/movement_utils/share/movement_utils/msg/HeadMotorsData.msg
[7.723s] -- Installing: /home/paulo/edromufu/src/movement/Ros2_change/install/movement_utils/share/movement_utils/srv/BodyFeedback.srv
[7.724s] -- Installing: /home/paulo/edromufu/src/movement/Ros2_change/install/movement_utils/share/movement_utils/srv/BodyFeedback_Request.msg
[7.724s] -- Installing: /home/paulo/edromufu/src/movement/Ros2_change/install/movement_utils/share/movement_utils/srv/BodyFeedback_Response.msg
[7.724s] -- Installing: /home/paulo/edromufu/src/movement/Ros2_change/install/movement_utils/share/movement_utils/srv/EnableTorque.srv
[7.724s] -- Installing: /home/paulo/edromufu/src/movement/Ros2_change/install/movement_utils/share/movement_utils/srv/EnableTorque_Request.msg
[7.724s] -- Installing: /home/paulo/edromufu/src/movement/Ros2_change/install/movement_utils/share/movement_utils/srv/EnableTorque_Response.msg
[7.724s] -- Installing: /home/paulo/edromufu/src/movement/Ros2_change/install/movement_utils/share/movement_utils/srv/Gait.srv
[7.724s] -- Installing: /home/paulo/edromufu/src/movement/Ros2_change/install/movement_utils/share/movement_utils/srv/Gait_Request.msg
[7.724s] -- Installing: /home/paulo/edromufu/src/movement/Ros2_change/install/movement_utils/share/movement_utils/srv/Gait_Response.msg
[7.724s] -- Installing: /home/paulo/edromufu/src/movement/Ros2_change/install/movement_utils/share/movement_utils/srv/HeadFeedback.srv
[7.724s] -- Installing: /home/paulo/edromufu/src/movement/Ros2_change/install/movement_utils/share/movement_utils/srv/HeadFeedback_Request.msg
[7.724s] -- Installing: /home/paulo/edromufu/src/movement/Ros2_change/install/movement_utils/share/movement_utils/srv/HeadFeedback_Response.msg
[7.724s] -- Installing: /home/paulo/edromufu/src/movement/Ros2_change/install/movement_utils/share/movement_utils/srv/Page.srv
[7.725s] -- Installing: /home/paulo/edromufu/src/movement/Ros2_change/install/movement_utils/share/movement_utils/srv/Page_Request.msg
[7.725s] -- Installing: /home/paulo/edromufu/src/movement/Ros2_change/install/movement_utils/share/movement_utils/srv/Page_Response.msg
[7.725s] -- Installing: /home/paulo/edromufu/src/movement/Ros2_change/install/movement_utils/share/movement_utils/srv/Rotate.srv
[7.725s] -- Installing: /home/paulo/edromufu/src/movement/Ros2_change/install/movement_utils/share/movement_utils/srv/Rotate_Request.msg
[7.725s] -- Installing: /home/paulo/edromufu/src/movement/Ros2_change/install/movement_utils/share/movement_utils/srv/Rotate_Response.msg
[7.725s] -- Installing: /home/paulo/edromufu/src/movement/Ros2_change/install/movement_utils/share/movement_utils/srv/WalkForward.srv
[7.725s] -- Installing: /home/paulo/edromufu/src/movement/Ros2_change/install/movement_utils/share/movement_utils/srv/WalkForward_Request.msg
[7.725s] -- Installing: /home/paulo/edromufu/src/movement/Ros2_change/install/movement_utils/share/movement_utils/srv/WalkForward_Response.msg
[7.725s] -- Installing: /home/paulo/edromufu/src/movement/Ros2_change/install/movement_utils/share/movement_utils/launch
[7.725s] -- Installing: /home/paulo/edromufu/src/movement/Ros2_change/install/movement_utils/share/movement_utils/launch/tahara_launch.py
[7.725s] -- Installing: /home/paulo/edromufu/src/movement/Ros2_change/install/movement_utils/share/movement_utils/launch/movement_start.launch.py
[7.725s] -- Installing: /home/paulo/edromufu/src/movement/Ros2_change/install/movement_utils/share/ament_index/resource_index/package_run_dependencies/movement_utils
[7.726s] -- Installing: /home/paulo/edromufu/src/movement/Ros2_change/install/movement_utils/share/ament_index/resource_index/parent_prefix_path/movement_utils
[7.726s] -- Installing: /home/paulo/edromufu/src/movement/Ros2_change/install/movement_utils/share/movement_utils/environment/ament_prefix_path.sh
[7.726s] -- Installing: /home/paulo/edromufu/src/movement/Ros2_change/install/movement_utils/share/movement_utils/environment/ament_prefix_path.dsv
[7.726s] -- Installing: /home/paulo/edromufu/src/movement/Ros2_change/install/movement_utils/share/movement_utils/environment/path.sh
[7.726s] -- Installing: /home/paulo/edromufu/src/movement/Ros2_change/install/movement_utils/share/movement_utils/environment/path.dsv
[7.726s] -- Installing: /home/paulo/edromufu/src/movement/Ros2_change/install/movement_utils/share/movement_utils/local_setup.bash
[7.726s] -- Installing: /home/paulo/edromufu/src/movement/Ros2_change/install/movement_utils/share/movement_utils/local_setup.sh
[7.726s] -- Installing: /home/paulo/edromufu/src/movement/Ros2_change/install/movement_utils/share/movement_utils/local_setup.zsh
[7.726s] -- Installing: /home/paulo/edromufu/src/movement/Ros2_change/install/movement_utils/share/movement_utils/local_setup.dsv
[7.726s] -- Installing: /home/paulo/edromufu/src/movement/Ros2_change/install/movement_utils/share/movement_utils/package.dsv
[7.726s] -- Installing: /home/paulo/edromufu/src/movement/Ros2_change/install/movement_utils/share/ament_index/resource_index/packages/movement_utils
[7.726s] -- Installing: /home/paulo/edromufu/src/movement/Ros2_change/install/movement_utils/share/movement_utils/cmake/export_movement_utils__rosidl_generator_cExport.cmake
[7.726s] -- Installing: /home/paulo/edromufu/src/movement/Ros2_change/install/movement_utils/share/movement_utils/cmake/export_movement_utils__rosidl_generator_cExport-noconfig.cmake
[7.726s] -- Installing: /home/paulo/edromufu/src/movement/Ros2_change/install/movement_utils/share/movement_utils/cmake/export_movement_utils__rosidl_typesupport_fastrtps_cExport.cmake
[7.726s] -- Installing: /home/paulo/edromufu/src/movement/Ros2_change/install/movement_utils/share/movement_utils/cmake/export_movement_utils__rosidl_typesupport_fastrtps_cExport-noconfig.cmake
[7.726s] -- Installing: /home/paulo/edromufu/src/movement/Ros2_change/install/movement_utils/share/movement_utils/cmake/movement_utils__rosidl_typesupport_introspection_cExport.cmake
[7.726s] -- Installing: /home/paulo/edromufu/src/movement/Ros2_change/install/movement_utils/share/movement_utils/cmake/movement_utils__rosidl_typesupport_introspection_cExport-noconfig.cmake
[7.726s] -- Installing: /home/paulo/edromufu/src/movement/Ros2_change/install/movement_utils/share/movement_utils/cmake/movement_utils__rosidl_typesupport_cExport.cmake
[7.726s] -- Installing: /home/paulo/edromufu/src/movement/Ros2_change/install/movement_utils/share/movement_utils/cmake/movement_utils__rosidl_typesupport_cExport-noconfig.cmake
[7.727s] -- Installing: /home/paulo/edromufu/src/movement/Ros2_change/install/movement_utils/share/movement_utils/cmake/export_movement_utils__rosidl_generator_cppExport.cmake
[7.727s] -- Installing: /home/paulo/edromufu/src/movement/Ros2_change/install/movement_utils/share/movement_utils/cmake/export_movement_utils__rosidl_typesupport_fastrtps_cppExport.cmake
[7.727s] -- Installing: /home/paulo/edromufu/src/movement/Ros2_change/install/movement_utils/share/movement_utils/cmake/export_movement_utils__rosidl_typesupport_fastrtps_cppExport-noconfig.cmake
[7.727s] -- Installing: /home/paulo/edromufu/src/movement/Ros2_change/install/movement_utils/share/movement_utils/cmake/movement_utils__rosidl_typesupport_introspection_cppExport.cmake
[7.727s] -- Installing: /home/paulo/edromufu/src/movement/Ros2_change/install/movement_utils/share/movement_utils/cmake/movement_utils__rosidl_typesupport_introspection_cppExport-noconfig.cmake
[7.727s] -- Installing: /home/paulo/edromufu/src/movement/Ros2_change/install/movement_utils/share/movement_utils/cmake/movement_utils__rosidl_typesupport_cppExport.cmake
[7.727s] -- Installing: /home/paulo/edromufu/src/movement/Ros2_change/install/movement_utils/share/movement_utils/cmake/movement_utils__rosidl_typesupport_cppExport-noconfig.cmake
[7.727s] -- Installing: /home/paulo/edromufu/src/movement/Ros2_change/install/movement_utils/share/movement_utils/cmake/export_movement_utils__rosidl_generator_pyExport.cmake
[7.727s] -- Installing: /home/paulo/edromufu/src/movement/Ros2_change/install/movement_utils/share/movement_utils/cmake/export_movement_utils__rosidl_generator_pyExport-noconfig.cmake
[7.727s] -- Installing: /home/paulo/edromufu/src/movement/Ros2_change/install/movement_utils/share/movement_utils/cmake/rosidl_cmake-extras.cmake
[7.728s] -- Installing: /home/paulo/edromufu/src/movement/Ros2_change/install/movement_utils/share/movement_utils/cmake/ament_cmake_export_dependencies-extras.cmake
[7.728s] -- Installing: /home/paulo/edromufu/src/movement/Ros2_change/install/movement_utils/share/movement_utils/cmake/ament_cmake_export_include_directories-extras.cmake
[7.728s] -- Installing: /home/paulo/edromufu/src/movement/Ros2_change/install/movement_utils/share/movement_utils/cmake/ament_cmake_export_libraries-extras.cmake
[7.728s] -- Installing: /home/paulo/edromufu/src/movement/Ros2_change/install/movement_utils/share/movement_utils/cmake/ament_cmake_export_targets-extras.cmake
[7.728s] -- Installing: /home/paulo/edromufu/src/movement/Ros2_change/install/movement_utils/share/movement_utils/cmake/rosidl_cmake_export_typesupport_targets-extras.cmake
[7.728s] -- Installing: /home/paulo/edromufu/src/movement/Ros2_change/install/movement_utils/share/movement_utils/cmake/rosidl_cmake_export_typesupport_libraries-extras.cmake
[7.728s] -- Installing: /home/paulo/edromufu/src/movement/Ros2_change/install/movement_utils/share/movement_utils/cmake/movement_utilsConfig.cmake
[7.728s] -- Installing: /home/paulo/edromufu/src/movement/Ros2_change/install/movement_utils/share/movement_utils/cmake/movement_utilsConfig-version.cmake
[7.728s] -- Installing: /home/paulo/edromufu/src/movement/Ros2_change/install/movement_utils/share/movement_utils/package.xml
[7.730s] Invoked command in '/home/paulo/edromufu/src/movement/Ros2_change/build/movement_utils' returned '0': CMAKE_PREFIX_PATH=${CMAKE_PREFIX_PATH}:/home/paulo/edromufu/src/movement/Ros2_change/install/u2d2_comm:/home/paulo/edromufu/src/movement/Ros2_change/install/tahara_pages:/home/paulo/edromufu/src/movement/Ros2_change/install/movement_core:/home/paulo/edromufu/src/movement/Ros2_change/install/movement_pages:/home/paulo/edromufu/src/movement/Ros2_change/install/movement_functions:/home/paulo/edromufu/src/movement/Ros2_change/install/humanoid_definition:/home/paulo/edromufu/src/movement/Ros2_change/install/kinematic_functions:/home/paulo/edromufu/src/movement/Ros2_change/install/pot_package:/opt/ros/humble /usr/bin/cmake --install /home/paulo/edromufu/src/movement/Ros2_change/build/movement_utils
