[0.070s] DEBUG:colcon:Command line arguments: ['/usr/bin/colcon', 'build']
[0.071s] DEBUG:colcon:Parsed command line arguments: Namespace(log_base=None, log_level=None, verb_name='build', build_base='build', install_base='install', merge_install=False, symlink_install=False, test_result_base=None, continue_on_error=False, executor='parallel', parallel_workers=12, event_handlers=None, ignore_user_meta=False, metas=['./colcon.meta'], base_paths=['.'], packages_ignore=None, packages_ignore_regex=None, paths=None, packages_up_to=None, packages_up_to_regex=None, packages_above=None, packages_above_and_dependencies=None, packages_above_depth=None, packages_select_by_dep=None, packages_skip_by_dep=None, packages_skip_up_to=None, packages_select_build_failed=False, packages_skip_build_finished=False, packages_select_test_failures=False, packages_skip_test_passed=False, packages_select=None, packages_skip=None, packages_select_regex=None, packages_skip_regex=None, packages_start=None, packages_end=None, allow_overriding=[], cmake_args=None, cmake_target=None, cmake_target_skip_unavailable=False, cmake_clean_cache=False, cmake_clean_first=False, cmake_force_configure=False, ament_cmake_args=None, catkin_cmake_args=None, catkin_skip_building_tests=False, verb_parser=<colcon_defaults.argument_parser.defaults.DefaultArgumentsDecorator object at 0x7709d6427fa0>, verb_extension=<colcon_core.verb.build.BuildVerb object at 0x7709d64279d0>, main=<bound method BuildVerb.main of <colcon_core.verb.build.BuildVerb object at 0x7709d64279d0>>)
[0.185s] Level 1:colcon.colcon_core.package_discovery:discover_packages(colcon_meta) check parameters
[0.185s] Level 1:colcon.colcon_core.package_discovery:discover_packages(recursive) check parameters
[0.185s] Level 1:colcon.colcon_core.package_discovery:discover_packages(ignore) check parameters
[0.185s] Level 1:colcon.colcon_core.package_discovery:discover_packages(path) check parameters
[0.185s] Level 1:colcon.colcon_core.package_discovery:discover_packages(colcon_meta) discover
[0.185s] Level 1:colcon.colcon_core.package_discovery:discover_packages(recursive) discover
[0.185s] INFO:colcon.colcon_core.package_discovery:Crawling recursively for packages in '/home/paulo/edromufu/src/behaviour'
[0.185s] Level 1:colcon.colcon_core.package_identification:_identify(.) by extensions ['ignore', 'ignore_ament_install']
[0.185s] Level 1:colcon.colcon_core.package_identification:_identify(.) by extension 'ignore'
[0.185s] Level 1:colcon.colcon_core.package_identification:_identify(.) by extension 'ignore_ament_install'
[0.185s] Level 1:colcon.colcon_core.package_identification:_identify(.) by extensions ['colcon_pkg']
[0.185s] Level 1:colcon.colcon_core.package_identification:_identify(.) by extension 'colcon_pkg'
[0.185s] Level 1:colcon.colcon_core.package_identification:_identify(.) by extensions ['colcon_meta']
[0.185s] Level 1:colcon.colcon_core.package_identification:_identify(.) by extension 'colcon_meta'
[0.185s] Level 1:colcon.colcon_core.package_identification:_identify(.) by extensions ['ros']
[0.185s] Level 1:colcon.colcon_core.package_identification:_identify(.) by extension 'ros'
[0.206s] Level 1:colcon.colcon_core.package_identification:_identify(.) by extensions ['cmake', 'python']
[0.207s] Level 1:colcon.colcon_core.package_identification:_identify(.) by extension 'cmake'
[0.207s] Level 1:colcon.colcon_core.package_identification:_identify(.) by extension 'python'
[0.207s] Level 1:colcon.colcon_core.package_identification:_identify(.) by extensions ['python_setup_py']
[0.207s] Level 1:colcon.colcon_core.package_identification:_identify(.) by extension 'python_setup_py'
[0.207s] Level 1:colcon.colcon_core.package_identification:_identify(GameController) by extensions ['ignore', 'ignore_ament_install']
[0.207s] Level 1:colcon.colcon_core.package_identification:_identify(GameController) by extension 'ignore'
[0.207s] Level 1:colcon.colcon_core.package_identification:_identify(GameController) by extension 'ignore_ament_install'
[0.207s] Level 1:colcon.colcon_core.package_identification:_identify(GameController) by extensions ['colcon_pkg']
[0.207s] Level 1:colcon.colcon_core.package_identification:_identify(GameController) by extension 'colcon_pkg'
[0.207s] Level 1:colcon.colcon_core.package_identification:_identify(GameController) by extensions ['colcon_meta']
[0.207s] Level 1:colcon.colcon_core.package_identification:_identify(GameController) by extension 'colcon_meta'
[0.207s] Level 1:colcon.colcon_core.package_identification:_identify(GameController) by extensions ['ros']
[0.207s] Level 1:colcon.colcon_core.package_identification:_identify(GameController) by extension 'ros'
[0.209s] DEBUG:colcon.colcon_core.package_identification:Package 'GameController' with type 'ros.ament_python' and name 'GameController'
[0.209s] Level 1:colcon.colcon_core.package_identification:_identify(bhv_independent_simulator) by extensions ['ignore', 'ignore_ament_install']
[0.209s] Level 1:colcon.colcon_core.package_identification:_identify(bhv_independent_simulator) by extension 'ignore'
[0.209s] Level 1:colcon.colcon_core.package_identification:_identify(bhv_independent_simulator) by extension 'ignore_ament_install'
[0.209s] Level 1:colcon.colcon_core.package_identification:_identify(bhv_independent_simulator) by extensions ['colcon_pkg']
[0.209s] Level 1:colcon.colcon_core.package_identification:_identify(bhv_independent_simulator) by extension 'colcon_pkg'
[0.209s] Level 1:colcon.colcon_core.package_identification:_identify(bhv_independent_simulator) by extensions ['colcon_meta']
[0.209s] Level 1:colcon.colcon_core.package_identification:_identify(bhv_independent_simulator) by extension 'colcon_meta'
[0.209s] Level 1:colcon.colcon_core.package_identification:_identify(bhv_independent_simulator) by extensions ['ros']
[0.209s] Level 1:colcon.colcon_core.package_identification:_identify(bhv_independent_simulator) by extension 'ros'
[0.209s] DEBUG:colcon.colcon_core.package_identification:Package 'bhv_independent_simulator' with type 'ros.ament_python' and name 'bhv_independent_simulator'
[0.210s] Level 1:colcon.colcon_core.package_identification:_identify(build) by extensions ['ignore', 'ignore_ament_install']
[0.210s] Level 1:colcon.colcon_core.package_identification:_identify(build) by extension 'ignore'
[0.210s] Level 1:colcon.colcon_core.package_identification:_identify(build) ignored
[0.210s] Level 1:colcon.colcon_core.package_identification:_identify(imu_ros_arduino) by extensions ['ignore', 'ignore_ament_install']
[0.210s] Level 1:colcon.colcon_core.package_identification:_identify(imu_ros_arduino) by extension 'ignore'
[0.210s] Level 1:colcon.colcon_core.package_identification:_identify(imu_ros_arduino) by extension 'ignore_ament_install'
[0.210s] Level 1:colcon.colcon_core.package_identification:_identify(imu_ros_arduino) by extensions ['colcon_pkg']
[0.210s] Level 1:colcon.colcon_core.package_identification:_identify(imu_ros_arduino) by extension 'colcon_pkg'
[0.210s] Level 1:colcon.colcon_core.package_identification:_identify(imu_ros_arduino) by extensions ['colcon_meta']
[0.210s] Level 1:colcon.colcon_core.package_identification:_identify(imu_ros_arduino) by extension 'colcon_meta'
[0.210s] Level 1:colcon.colcon_core.package_identification:_identify(imu_ros_arduino) by extensions ['ros']
[0.210s] Level 1:colcon.colcon_core.package_identification:_identify(imu_ros_arduino) by extension 'ros'
[0.210s] DEBUG:colcon.colcon_core.package_identification:Package 'imu_ros_arduino' with type 'ros.ament_python' and name 'imu_ros_arduino'
[0.210s] Level 1:colcon.colcon_core.package_identification:_identify(imu_ros_arduino_cc) by extensions ['ignore', 'ignore_ament_install']
[0.210s] Level 1:colcon.colcon_core.package_identification:_identify(imu_ros_arduino_cc) by extension 'ignore'
[0.210s] Level 1:colcon.colcon_core.package_identification:_identify(imu_ros_arduino_cc) by extension 'ignore_ament_install'
[0.210s] Level 1:colcon.colcon_core.package_identification:_identify(imu_ros_arduino_cc) by extensions ['colcon_pkg']
[0.210s] Level 1:colcon.colcon_core.package_identification:_identify(imu_ros_arduino_cc) by extension 'colcon_pkg'
[0.211s] Level 1:colcon.colcon_core.package_identification:_identify(imu_ros_arduino_cc) by extensions ['colcon_meta']
[0.211s] Level 1:colcon.colcon_core.package_identification:_identify(imu_ros_arduino_cc) by extension 'colcon_meta'
[0.211s] Level 1:colcon.colcon_core.package_identification:_identify(imu_ros_arduino_cc) by extensions ['ros']
[0.211s] Level 1:colcon.colcon_core.package_identification:_identify(imu_ros_arduino_cc) by extension 'ros'
[0.211s] DEBUG:colcon.colcon_core.package_identification:Package 'imu_ros_arduino_cc' with type 'ros.ament_cmake' and name 'imu_ros_arduino_cc'
[0.211s] Level 1:colcon.colcon_core.package_identification:_identify(install) by extensions ['ignore', 'ignore_ament_install']
[0.211s] Level 1:colcon.colcon_core.package_identification:_identify(install) by extension 'ignore'
[0.211s] Level 1:colcon.colcon_core.package_identification:_identify(install) ignored
[0.211s] Level 1:colcon.colcon_core.package_identification:_identify(log) by extensions ['ignore', 'ignore_ament_install']
[0.211s] Level 1:colcon.colcon_core.package_identification:_identify(log) by extension 'ignore'
[0.211s] Level 1:colcon.colcon_core.package_identification:_identify(log) ignored
[0.211s] Level 1:colcon.colcon_core.package_identification:_identify(modularized_bhv_msgs) by extensions ['ignore', 'ignore_ament_install']
[0.211s] Level 1:colcon.colcon_core.package_identification:_identify(modularized_bhv_msgs) by extension 'ignore'
[0.211s] Level 1:colcon.colcon_core.package_identification:_identify(modularized_bhv_msgs) by extension 'ignore_ament_install'
[0.211s] Level 1:colcon.colcon_core.package_identification:_identify(modularized_bhv_msgs) by extensions ['colcon_pkg']
[0.211s] Level 1:colcon.colcon_core.package_identification:_identify(modularized_bhv_msgs) by extension 'colcon_pkg'
[0.211s] Level 1:colcon.colcon_core.package_identification:_identify(modularized_bhv_msgs) by extensions ['colcon_meta']
[0.211s] Level 1:colcon.colcon_core.package_identification:_identify(modularized_bhv_msgs) by extension 'colcon_meta'
[0.211s] Level 1:colcon.colcon_core.package_identification:_identify(modularized_bhv_msgs) by extensions ['ros']
[0.211s] Level 1:colcon.colcon_core.package_identification:_identify(modularized_bhv_msgs) by extension 'ros'
[0.212s] DEBUG:colcon.colcon_core.package_identification:Package 'modularized_bhv_msgs' with type 'ros.ament_cmake' and name 'modularized_bhv_msgs'
[0.212s] Level 1:colcon.colcon_core.package_identification:_identify(ros2_change) by extensions ['ignore', 'ignore_ament_install']
[0.212s] Level 1:colcon.colcon_core.package_identification:_identify(ros2_change) by extension 'ignore'
[0.212s] Level 1:colcon.colcon_core.package_identification:_identify(ros2_change) by extension 'ignore_ament_install'
[0.212s] Level 1:colcon.colcon_core.package_identification:_identify(ros2_change) by extensions ['colcon_pkg']
[0.212s] Level 1:colcon.colcon_core.package_identification:_identify(ros2_change) by extension 'colcon_pkg'
[0.212s] Level 1:colcon.colcon_core.package_identification:_identify(ros2_change) by extensions ['colcon_meta']
[0.212s] Level 1:colcon.colcon_core.package_identification:_identify(ros2_change) by extension 'colcon_meta'
[0.212s] Level 1:colcon.colcon_core.package_identification:_identify(ros2_change) by extensions ['ros']
[0.212s] Level 1:colcon.colcon_core.package_identification:_identify(ros2_change) by extension 'ros'
[0.212s] Level 1:colcon.colcon_core.package_identification:_identify(ros2_change) by extensions ['cmake', 'python']
[0.212s] Level 1:colcon.colcon_core.package_identification:_identify(ros2_change) by extension 'cmake'
[0.212s] Level 1:colcon.colcon_core.package_identification:_identify(ros2_change) by extension 'python'
[0.212s] Level 1:colcon.colcon_core.package_identification:_identify(ros2_change) by extensions ['python_setup_py']
[0.212s] Level 1:colcon.colcon_core.package_identification:_identify(ros2_change) by extension 'python_setup_py'
[0.212s] Level 1:colcon.colcon_core.package_identification:_identify(ros2_change/build) by extensions ['ignore', 'ignore_ament_install']
[0.213s] Level 1:colcon.colcon_core.package_identification:_identify(ros2_change/build) by extension 'ignore'
[0.213s] Level 1:colcon.colcon_core.package_identification:_identify(ros2_change/build) ignored
[0.213s] Level 1:colcon.colcon_core.package_identification:_identify(ros2_change/install) by extensions ['ignore', 'ignore_ament_install']
[0.213s] Level 1:colcon.colcon_core.package_identification:_identify(ros2_change/install) by extension 'ignore'
[0.213s] Level 1:colcon.colcon_core.package_identification:_identify(ros2_change/install) ignored
[0.213s] Level 1:colcon.colcon_core.package_identification:_identify(ros2_change/log) by extensions ['ignore', 'ignore_ament_install']
[0.213s] Level 1:colcon.colcon_core.package_identification:_identify(ros2_change/log) by extension 'ignore'
[0.213s] Level 1:colcon.colcon_core.package_identification:_identify(ros2_change/log) ignored
[0.213s] Level 1:colcon.colcon_core.package_identification:_identify(sensor_observer) by extensions ['ignore', 'ignore_ament_install']
[0.213s] Level 1:colcon.colcon_core.package_identification:_identify(sensor_observer) by extension 'ignore'
[0.213s] Level 1:colcon.colcon_core.package_identification:_identify(sensor_observer) by extension 'ignore_ament_install'
[0.213s] Level 1:colcon.colcon_core.package_identification:_identify(sensor_observer) by extensions ['colcon_pkg']
[0.213s] Level 1:colcon.colcon_core.package_identification:_identify(sensor_observer) by extension 'colcon_pkg'
[0.213s] Level 1:colcon.colcon_core.package_identification:_identify(sensor_observer) by extensions ['colcon_meta']
[0.213s] Level 1:colcon.colcon_core.package_identification:_identify(sensor_observer) by extension 'colcon_meta'
[0.213s] Level 1:colcon.colcon_core.package_identification:_identify(sensor_observer) by extensions ['ros']
[0.213s] Level 1:colcon.colcon_core.package_identification:_identify(sensor_observer) by extension 'ros'
[0.213s] DEBUG:colcon.colcon_core.package_identification:Package 'sensor_observer' with type 'ros.ament_python' and name 'sensor_observer'
[0.213s] Level 1:colcon.colcon_core.package_identification:_identify(states_routine) by extensions ['ignore', 'ignore_ament_install']
[0.214s] Level 1:colcon.colcon_core.package_identification:_identify(states_routine) by extension 'ignore'
[0.214s] Level 1:colcon.colcon_core.package_identification:_identify(states_routine) by extension 'ignore_ament_install'
[0.214s] Level 1:colcon.colcon_core.package_identification:_identify(states_routine) by extensions ['colcon_pkg']
[0.214s] Level 1:colcon.colcon_core.package_identification:_identify(states_routine) by extension 'colcon_pkg'
[0.214s] Level 1:colcon.colcon_core.package_identification:_identify(states_routine) by extensions ['colcon_meta']
[0.214s] Level 1:colcon.colcon_core.package_identification:_identify(states_routine) by extension 'colcon_meta'
[0.214s] Level 1:colcon.colcon_core.package_identification:_identify(states_routine) by extensions ['ros']
[0.214s] Level 1:colcon.colcon_core.package_identification:_identify(states_routine) by extension 'ros'
[0.214s] DEBUG:colcon.colcon_core.package_identification:Package 'states_routine' with type 'ros.ament_python' and name 'states_routine'
[0.214s] Level 1:colcon.colcon_core.package_identification:_identify(transitions_and_states) by extensions ['ignore', 'ignore_ament_install']
[0.214s] Level 1:colcon.colcon_core.package_identification:_identify(transitions_and_states) by extension 'ignore'
[0.214s] Level 1:colcon.colcon_core.package_identification:_identify(transitions_and_states) by extension 'ignore_ament_install'
[0.214s] Level 1:colcon.colcon_core.package_identification:_identify(transitions_and_states) by extensions ['colcon_pkg']
[0.214s] Level 1:colcon.colcon_core.package_identification:_identify(transitions_and_states) by extension 'colcon_pkg'
[0.214s] Level 1:colcon.colcon_core.package_identification:_identify(transitions_and_states) by extensions ['colcon_meta']
[0.214s] Level 1:colcon.colcon_core.package_identification:_identify(transitions_and_states) by extension 'colcon_meta'
[0.214s] Level 1:colcon.colcon_core.package_identification:_identify(transitions_and_states) by extensions ['ros']
[0.214s] Level 1:colcon.colcon_core.package_identification:_identify(transitions_and_states) by extension 'ros'
[0.215s] DEBUG:colcon.colcon_core.package_identification:Package 'transitions_and_states' with type 'ros.ament_python' and name 'transitions_and_states'
[0.215s] Level 1:colcon.colcon_core.package_discovery:discover_packages(recursive) using defaults
[0.215s] Level 1:colcon.colcon_core.package_discovery:discover_packages(ignore) discover
[0.215s] Level 1:colcon.colcon_core.package_discovery:discover_packages(ignore) using defaults
[0.215s] Level 1:colcon.colcon_core.package_discovery:discover_packages(path) discover
[0.215s] Level 1:colcon.colcon_core.package_discovery:discover_packages(path) using defaults
[0.230s] Level 1:colcon.colcon_core.package_discovery:discover_packages(prefix_path) check parameters
[0.230s] Level 1:colcon.colcon_core.package_discovery:discover_packages(prefix_path) discover
[0.232s] DEBUG:colcon.colcon_installed_package_information.package_discovery:Found 8 installed packages in /home/paulo/edromufu/src/behaviour/install
[0.232s] DEBUG:colcon.colcon_installed_package_information.package_discovery:Found 6 installed packages in /home/paulo/micros/install
[0.232s] DEBUG:colcon.colcon_installed_package_information.package_discovery:Found 15 installed packages in /home/paulo/edromufu/src/movement/Ros2_change/install
[0.233s] DEBUG:colcon.colcon_installed_package_information.package_discovery:Found 295 installed packages in /opt/ros/humble
[0.234s] Level 1:colcon.colcon_core.package_discovery:discover_packages(prefix_path) using defaults
[0.258s] Level 5:colcon.colcon_core.verb:set package 'GameController' build argument 'cmake_args' from command line to 'None'
[0.258s] Level 5:colcon.colcon_core.verb:set package 'GameController' build argument 'cmake_target' from command line to 'None'
[0.258s] Level 5:colcon.colcon_core.verb:set package 'GameController' build argument 'cmake_target_skip_unavailable' from command line to 'False'
[0.258s] Level 5:colcon.colcon_core.verb:set package 'GameController' build argument 'cmake_clean_cache' from command line to 'False'
[0.258s] Level 5:colcon.colcon_core.verb:set package 'GameController' build argument 'cmake_clean_first' from command line to 'False'
[0.258s] Level 5:colcon.colcon_core.verb:set package 'GameController' build argument 'cmake_force_configure' from command line to 'False'
[0.258s] Level 5:colcon.colcon_core.verb:set package 'GameController' build argument 'ament_cmake_args' from command line to 'None'
[0.258s] Level 5:colcon.colcon_core.verb:set package 'GameController' build argument 'catkin_cmake_args' from command line to 'None'
[0.258s] Level 5:colcon.colcon_core.verb:set package 'GameController' build argument 'catkin_skip_building_tests' from command line to 'False'
[0.258s] DEBUG:colcon.colcon_core.verb:Building package 'GameController' with the following arguments: {'ament_cmake_args': None, 'build_base': '/home/paulo/edromufu/src/behaviour/build/GameController', 'catkin_cmake_args': None, 'catkin_skip_building_tests': False, 'cmake_args': None, 'cmake_clean_cache': False, 'cmake_clean_first': False, 'cmake_force_configure': False, 'cmake_target': None, 'cmake_target_skip_unavailable': False, 'install_base': '/home/paulo/edromufu/src/behaviour/install/GameController', 'merge_install': False, 'path': '/home/paulo/edromufu/src/behaviour/GameController', 'symlink_install': False, 'test_result_base': None}
[0.259s] Level 5:colcon.colcon_core.verb:set package 'bhv_independent_simulator' build argument 'cmake_args' from command line to 'None'
[0.259s] Level 5:colcon.colcon_core.verb:set package 'bhv_independent_simulator' build argument 'cmake_target' from command line to 'None'
[0.259s] Level 5:colcon.colcon_core.verb:set package 'bhv_independent_simulator' build argument 'cmake_target_skip_unavailable' from command line to 'False'
[0.259s] Level 5:colcon.colcon_core.verb:set package 'bhv_independent_simulator' build argument 'cmake_clean_cache' from command line to 'False'
[0.259s] Level 5:colcon.colcon_core.verb:set package 'bhv_independent_simulator' build argument 'cmake_clean_first' from command line to 'False'
[0.259s] Level 5:colcon.colcon_core.verb:set package 'bhv_independent_simulator' build argument 'cmake_force_configure' from command line to 'False'
[0.259s] Level 5:colcon.colcon_core.verb:set package 'bhv_independent_simulator' build argument 'ament_cmake_args' from command line to 'None'
[0.259s] Level 5:colcon.colcon_core.verb:set package 'bhv_independent_simulator' build argument 'catkin_cmake_args' from command line to 'None'
[0.259s] Level 5:colcon.colcon_core.verb:set package 'bhv_independent_simulator' build argument 'catkin_skip_building_tests' from command line to 'False'
[0.259s] DEBUG:colcon.colcon_core.verb:Building package 'bhv_independent_simulator' with the following arguments: {'ament_cmake_args': None, 'build_base': '/home/paulo/edromufu/src/behaviour/build/bhv_independent_simulator', 'catkin_cmake_args': None, 'catkin_skip_building_tests': False, 'cmake_args': None, 'cmake_clean_cache': False, 'cmake_clean_first': False, 'cmake_force_configure': False, 'cmake_target': None, 'cmake_target_skip_unavailable': False, 'install_base': '/home/paulo/edromufu/src/behaviour/install/bhv_independent_simulator', 'merge_install': False, 'path': '/home/paulo/edromufu/src/behaviour/bhv_independent_simulator', 'symlink_install': False, 'test_result_base': None}
[0.259s] Level 5:colcon.colcon_core.verb:set package 'imu_ros_arduino' build argument 'cmake_args' from command line to 'None'
[0.259s] Level 5:colcon.colcon_core.verb:set package 'imu_ros_arduino' build argument 'cmake_target' from command line to 'None'
[0.259s] Level 5:colcon.colcon_core.verb:set package 'imu_ros_arduino' build argument 'cmake_target_skip_unavailable' from command line to 'False'
[0.259s] Level 5:colcon.colcon_core.verb:set package 'imu_ros_arduino' build argument 'cmake_clean_cache' from command line to 'False'
[0.259s] Level 5:colcon.colcon_core.verb:set package 'imu_ros_arduino' build argument 'cmake_clean_first' from command line to 'False'
[0.259s] Level 5:colcon.colcon_core.verb:set package 'imu_ros_arduino' build argument 'cmake_force_configure' from command line to 'False'
[0.259s] Level 5:colcon.colcon_core.verb:set package 'imu_ros_arduino' build argument 'ament_cmake_args' from command line to 'None'
[0.259s] Level 5:colcon.colcon_core.verb:set package 'imu_ros_arduino' build argument 'catkin_cmake_args' from command line to 'None'
[0.259s] Level 5:colcon.colcon_core.verb:set package 'imu_ros_arduino' build argument 'catkin_skip_building_tests' from command line to 'False'
[0.259s] DEBUG:colcon.colcon_core.verb:Building package 'imu_ros_arduino' with the following arguments: {'ament_cmake_args': None, 'build_base': '/home/paulo/edromufu/src/behaviour/build/imu_ros_arduino', 'catkin_cmake_args': None, 'catkin_skip_building_tests': False, 'cmake_args': None, 'cmake_clean_cache': False, 'cmake_clean_first': False, 'cmake_force_configure': False, 'cmake_target': None, 'cmake_target_skip_unavailable': False, 'install_base': '/home/paulo/edromufu/src/behaviour/install/imu_ros_arduino', 'merge_install': False, 'path': '/home/paulo/edromufu/src/behaviour/imu_ros_arduino', 'symlink_install': False, 'test_result_base': None}
[0.259s] Level 5:colcon.colcon_core.verb:set package 'imu_ros_arduino_cc' build argument 'cmake_args' from command line to 'None'
[0.259s] Level 5:colcon.colcon_core.verb:set package 'imu_ros_arduino_cc' build argument 'cmake_target' from command line to 'None'
[0.259s] Level 5:colcon.colcon_core.verb:set package 'imu_ros_arduino_cc' build argument 'cmake_target_skip_unavailable' from command line to 'False'
[0.259s] Level 5:colcon.colcon_core.verb:set package 'imu_ros_arduino_cc' build argument 'cmake_clean_cache' from command line to 'False'
[0.259s] Level 5:colcon.colcon_core.verb:set package 'imu_ros_arduino_cc' build argument 'cmake_clean_first' from command line to 'False'
[0.259s] Level 5:colcon.colcon_core.verb:set package 'imu_ros_arduino_cc' build argument 'cmake_force_configure' from command line to 'False'
[0.259s] Level 5:colcon.colcon_core.verb:set package 'imu_ros_arduino_cc' build argument 'ament_cmake_args' from command line to 'None'
[0.259s] Level 5:colcon.colcon_core.verb:set package 'imu_ros_arduino_cc' build argument 'catkin_cmake_args' from command line to 'None'
[0.259s] Level 5:colcon.colcon_core.verb:set package 'imu_ros_arduino_cc' build argument 'catkin_skip_building_tests' from command line to 'False'
[0.259s] DEBUG:colcon.colcon_core.verb:Building package 'imu_ros_arduino_cc' with the following arguments: {'ament_cmake_args': None, 'build_base': '/home/paulo/edromufu/src/behaviour/build/imu_ros_arduino_cc', 'catkin_cmake_args': None, 'catkin_skip_building_tests': False, 'cmake_args': None, 'cmake_clean_cache': False, 'cmake_clean_first': False, 'cmake_force_configure': False, 'cmake_target': None, 'cmake_target_skip_unavailable': False, 'install_base': '/home/paulo/edromufu/src/behaviour/install/imu_ros_arduino_cc', 'merge_install': False, 'path': '/home/paulo/edromufu/src/behaviour/imu_ros_arduino_cc', 'symlink_install': False, 'test_result_base': None}
[0.260s] Level 5:colcon.colcon_core.verb:set package 'modularized_bhv_msgs' build argument 'cmake_args' from command line to 'None'
[0.260s] Level 5:colcon.colcon_core.verb:set package 'modularized_bhv_msgs' build argument 'cmake_target' from command line to 'None'
[0.260s] Level 5:colcon.colcon_core.verb:set package 'modularized_bhv_msgs' build argument 'cmake_target_skip_unavailable' from command line to 'False'
[0.260s] Level 5:colcon.colcon_core.verb:set package 'modularized_bhv_msgs' build argument 'cmake_clean_cache' from command line to 'False'
[0.260s] Level 5:colcon.colcon_core.verb:set package 'modularized_bhv_msgs' build argument 'cmake_clean_first' from command line to 'False'
[0.260s] Level 5:colcon.colcon_core.verb:set package 'modularized_bhv_msgs' build argument 'cmake_force_configure' from command line to 'False'
[0.260s] Level 5:colcon.colcon_core.verb:set package 'modularized_bhv_msgs' build argument 'ament_cmake_args' from command line to 'None'
[0.260s] Level 5:colcon.colcon_core.verb:set package 'modularized_bhv_msgs' build argument 'catkin_cmake_args' from command line to 'None'
[0.260s] Level 5:colcon.colcon_core.verb:set package 'modularized_bhv_msgs' build argument 'catkin_skip_building_tests' from command line to 'False'
[0.260s] DEBUG:colcon.colcon_core.verb:Building package 'modularized_bhv_msgs' with the following arguments: {'ament_cmake_args': None, 'build_base': '/home/paulo/edromufu/src/behaviour/build/modularized_bhv_msgs', 'catkin_cmake_args': None, 'catkin_skip_building_tests': False, 'cmake_args': None, 'cmake_clean_cache': False, 'cmake_clean_first': False, 'cmake_force_configure': False, 'cmake_target': None, 'cmake_target_skip_unavailable': False, 'install_base': '/home/paulo/edromufu/src/behaviour/install/modularized_bhv_msgs', 'merge_install': False, 'path': '/home/paulo/edromufu/src/behaviour/modularized_bhv_msgs', 'symlink_install': False, 'test_result_base': None}
[0.260s] Level 5:colcon.colcon_core.verb:set package 'sensor_observer' build argument 'cmake_args' from command line to 'None'
[0.260s] Level 5:colcon.colcon_core.verb:set package 'sensor_observer' build argument 'cmake_target' from command line to 'None'
[0.260s] Level 5:colcon.colcon_core.verb:set package 'sensor_observer' build argument 'cmake_target_skip_unavailable' from command line to 'False'
[0.260s] Level 5:colcon.colcon_core.verb:set package 'sensor_observer' build argument 'cmake_clean_cache' from command line to 'False'
[0.260s] Level 5:colcon.colcon_core.verb:set package 'sensor_observer' build argument 'cmake_clean_first' from command line to 'False'
[0.260s] Level 5:colcon.colcon_core.verb:set package 'sensor_observer' build argument 'cmake_force_configure' from command line to 'False'
[0.260s] Level 5:colcon.colcon_core.verb:set package 'sensor_observer' build argument 'ament_cmake_args' from command line to 'None'
[0.260s] Level 5:colcon.colcon_core.verb:set package 'sensor_observer' build argument 'catkin_cmake_args' from command line to 'None'
[0.260s] Level 5:colcon.colcon_core.verb:set package 'sensor_observer' build argument 'catkin_skip_building_tests' from command line to 'False'
[0.260s] DEBUG:colcon.colcon_core.verb:Building package 'sensor_observer' with the following arguments: {'ament_cmake_args': None, 'build_base': '/home/paulo/edromufu/src/behaviour/build/sensor_observer', 'catkin_cmake_args': None, 'catkin_skip_building_tests': False, 'cmake_args': None, 'cmake_clean_cache': False, 'cmake_clean_first': False, 'cmake_force_configure': False, 'cmake_target': None, 'cmake_target_skip_unavailable': False, 'install_base': '/home/paulo/edromufu/src/behaviour/install/sensor_observer', 'merge_install': False, 'path': '/home/paulo/edromufu/src/behaviour/sensor_observer', 'symlink_install': False, 'test_result_base': None}
[0.260s] Level 5:colcon.colcon_core.verb:set package 'states_routine' build argument 'cmake_args' from command line to 'None'
[0.260s] Level 5:colcon.colcon_core.verb:set package 'states_routine' build argument 'cmake_target' from command line to 'None'
[0.260s] Level 5:colcon.colcon_core.verb:set package 'states_routine' build argument 'cmake_target_skip_unavailable' from command line to 'False'
[0.260s] Level 5:colcon.colcon_core.verb:set package 'states_routine' build argument 'cmake_clean_cache' from command line to 'False'
[0.260s] Level 5:colcon.colcon_core.verb:set package 'states_routine' build argument 'cmake_clean_first' from command line to 'False'
[0.260s] Level 5:colcon.colcon_core.verb:set package 'states_routine' build argument 'cmake_force_configure' from command line to 'False'
[0.260s] Level 5:colcon.colcon_core.verb:set package 'states_routine' build argument 'ament_cmake_args' from command line to 'None'
[0.260s] Level 5:colcon.colcon_core.verb:set package 'states_routine' build argument 'catkin_cmake_args' from command line to 'None'
[0.260s] Level 5:colcon.colcon_core.verb:set package 'states_routine' build argument 'catkin_skip_building_tests' from command line to 'False'
[0.260s] DEBUG:colcon.colcon_core.verb:Building package 'states_routine' with the following arguments: {'ament_cmake_args': None, 'build_base': '/home/paulo/edromufu/src/behaviour/build/states_routine', 'catkin_cmake_args': None, 'catkin_skip_building_tests': False, 'cmake_args': None, 'cmake_clean_cache': False, 'cmake_clean_first': False, 'cmake_force_configure': False, 'cmake_target': None, 'cmake_target_skip_unavailable': False, 'install_base': '/home/paulo/edromufu/src/behaviour/install/states_routine', 'merge_install': False, 'path': '/home/paulo/edromufu/src/behaviour/states_routine', 'symlink_install': False, 'test_result_base': None}
[0.261s] Level 5:colcon.colcon_core.verb:set package 'transitions_and_states' build argument 'cmake_args' from command line to 'None'
[0.261s] Level 5:colcon.colcon_core.verb:set package 'transitions_and_states' build argument 'cmake_target' from command line to 'None'
[0.261s] Level 5:colcon.colcon_core.verb:set package 'transitions_and_states' build argument 'cmake_target_skip_unavailable' from command line to 'False'
[0.261s] Level 5:colcon.colcon_core.verb:set package 'transitions_and_states' build argument 'cmake_clean_cache' from command line to 'False'
[0.261s] Level 5:colcon.colcon_core.verb:set package 'transitions_and_states' build argument 'cmake_clean_first' from command line to 'False'
[0.261s] Level 5:colcon.colcon_core.verb:set package 'transitions_and_states' build argument 'cmake_force_configure' from command line to 'False'
[0.261s] Level 5:colcon.colcon_core.verb:set package 'transitions_and_states' build argument 'ament_cmake_args' from command line to 'None'
[0.261s] Level 5:colcon.colcon_core.verb:set package 'transitions_and_states' build argument 'catkin_cmake_args' from command line to 'None'
[0.261s] Level 5:colcon.colcon_core.verb:set package 'transitions_and_states' build argument 'catkin_skip_building_tests' from command line to 'False'
[0.261s] DEBUG:colcon.colcon_core.verb:Building package 'transitions_and_states' with the following arguments: {'ament_cmake_args': None, 'build_base': '/home/paulo/edromufu/src/behaviour/build/transitions_and_states', 'catkin_cmake_args': None, 'catkin_skip_building_tests': False, 'cmake_args': None, 'cmake_clean_cache': False, 'cmake_clean_first': False, 'cmake_force_configure': False, 'cmake_target': None, 'cmake_target_skip_unavailable': False, 'install_base': '/home/paulo/edromufu/src/behaviour/install/transitions_and_states', 'merge_install': False, 'path': '/home/paulo/edromufu/src/behaviour/transitions_and_states', 'symlink_install': False, 'test_result_base': None}
[0.261s] INFO:colcon.colcon_core.executor:Executing jobs using 'parallel' executor
[0.262s] DEBUG:colcon.colcon_parallel_executor.executor.parallel:run_until_complete
[0.262s] INFO:colcon.colcon_ros.task.ament_python.build:Building ROS package in '/home/paulo/edromufu/src/behaviour/GameController' with build type 'ament_python'
[0.262s] Level 1:colcon.colcon_core.shell:create_environment_hook('GameController', 'ament_prefix_path')
[0.264s] INFO:colcon.colcon_core.plugin_system:Skipping extension 'colcon_core.shell.bat': Not used on non-Windows systems
[0.264s] INFO:colcon.colcon_core.shell:Creating environment hook '/home/paulo/edromufu/src/behaviour/install/GameController/share/GameController/hook/ament_prefix_path.ps1'
[0.265s] INFO:colcon.colcon_core.shell:Creating environment descriptor '/home/paulo/edromufu/src/behaviour/install/GameController/share/GameController/hook/ament_prefix_path.dsv'
[0.265s] INFO:colcon.colcon_core.shell:Creating environment hook '/home/paulo/edromufu/src/behaviour/install/GameController/share/GameController/hook/ament_prefix_path.sh'
[0.265s] INFO:colcon.colcon_core.shell:Skip shell extension 'powershell' for command environment: Not usable outside of PowerShell
[0.265s] DEBUG:colcon.colcon_core.shell:Skip shell extension 'dsv' for command environment
[0.269s] INFO:colcon.colcon_ros.task.ament_python.build:Building ROS package in '/home/paulo/edromufu/src/behaviour/bhv_independent_simulator' with build type 'ament_python'
[0.269s] Level 1:colcon.colcon_core.shell:create_environment_hook('bhv_independent_simulator', 'ament_prefix_path')
[0.269s] INFO:colcon.colcon_core.shell:Creating environment hook '/home/paulo/edromufu/src/behaviour/install/bhv_independent_simulator/share/bhv_independent_simulator/hook/ament_prefix_path.ps1'
[0.270s] INFO:colcon.colcon_core.shell:Creating environment descriptor '/home/paulo/edromufu/src/behaviour/install/bhv_independent_simulator/share/bhv_independent_simulator/hook/ament_prefix_path.dsv'
[0.270s] INFO:colcon.colcon_core.shell:Creating environment hook '/home/paulo/edromufu/src/behaviour/install/bhv_independent_simulator/share/bhv_independent_simulator/hook/ament_prefix_path.sh'
[0.270s] INFO:colcon.colcon_core.shell:Skip shell extension 'powershell' for command environment: Not usable outside of PowerShell
[0.270s] DEBUG:colcon.colcon_core.shell:Skip shell extension 'dsv' for command environment
[0.273s] INFO:colcon.colcon_ros.task.ament_python.build:Building ROS package in '/home/paulo/edromufu/src/behaviour/imu_ros_arduino' with build type 'ament_python'
[0.273s] Level 1:colcon.colcon_core.shell:create_environment_hook('imu_ros_arduino', 'ament_prefix_path')
[0.273s] INFO:colcon.colcon_core.shell:Creating environment hook '/home/paulo/edromufu/src/behaviour/install/imu_ros_arduino/share/imu_ros_arduino/hook/ament_prefix_path.ps1'
[0.274s] INFO:colcon.colcon_core.shell:Creating environment descriptor '/home/paulo/edromufu/src/behaviour/install/imu_ros_arduino/share/imu_ros_arduino/hook/ament_prefix_path.dsv'
[0.274s] INFO:colcon.colcon_core.shell:Creating environment hook '/home/paulo/edromufu/src/behaviour/install/imu_ros_arduino/share/imu_ros_arduino/hook/ament_prefix_path.sh'
[0.274s] INFO:colcon.colcon_core.shell:Skip shell extension 'powershell' for command environment: Not usable outside of PowerShell
[0.274s] DEBUG:colcon.colcon_core.shell:Skip shell extension 'dsv' for command environment
[0.277s] INFO:colcon.colcon_ros.task.ament_cmake.build:Building ROS package in '/home/paulo/edromufu/src/behaviour/imu_ros_arduino_cc' with build type 'ament_cmake'
[0.277s] INFO:colcon.colcon_cmake.task.cmake.build:Building CMake package in '/home/paulo/edromufu/src/behaviour/imu_ros_arduino_cc'
[0.277s] INFO:colcon.colcon_core.shell:Skip shell extension 'powershell' for command environment: Not usable outside of PowerShell
[0.277s] DEBUG:colcon.colcon_core.shell:Skip shell extension 'dsv' for command environment
[0.280s] INFO:colcon.colcon_ros.task.ament_cmake.build:Building ROS package in '/home/paulo/edromufu/src/behaviour/modularized_bhv_msgs' with build type 'ament_cmake'
[0.280s] INFO:colcon.colcon_cmake.task.cmake.build:Building CMake package in '/home/paulo/edromufu/src/behaviour/modularized_bhv_msgs'
[0.280s] INFO:colcon.colcon_core.shell:Skip shell extension 'powershell' for command environment: Not usable outside of PowerShell
[0.280s] DEBUG:colcon.colcon_core.shell:Skip shell extension 'dsv' for command environment
[0.284s] INFO:colcon.colcon_ros.task.ament_python.build:Building ROS package in '/home/paulo/edromufu/src/behaviour/sensor_observer' with build type 'ament_python'
[0.284s] Level 1:colcon.colcon_core.shell:create_environment_hook('sensor_observer', 'ament_prefix_path')
[0.285s] INFO:colcon.colcon_core.shell:Creating environment hook '/home/paulo/edromufu/src/behaviour/install/sensor_observer/share/sensor_observer/hook/ament_prefix_path.ps1'
[0.285s] INFO:colcon.colcon_core.shell:Creating environment descriptor '/home/paulo/edromufu/src/behaviour/install/sensor_observer/share/sensor_observer/hook/ament_prefix_path.dsv'
[0.285s] INFO:colcon.colcon_core.shell:Creating environment hook '/home/paulo/edromufu/src/behaviour/install/sensor_observer/share/sensor_observer/hook/ament_prefix_path.sh'
[0.286s] INFO:colcon.colcon_core.shell:Skip shell extension 'powershell' for command environment: Not usable outside of PowerShell
[0.286s] DEBUG:colcon.colcon_core.shell:Skip shell extension 'dsv' for command environment
[0.289s] INFO:colcon.colcon_ros.task.ament_python.build:Building ROS package in '/home/paulo/edromufu/src/behaviour/states_routine' with build type 'ament_python'
[0.290s] Level 1:colcon.colcon_core.shell:create_environment_hook('states_routine', 'ament_prefix_path')
[0.290s] INFO:colcon.colcon_core.shell:Creating environment hook '/home/paulo/edromufu/src/behaviour/install/states_routine/share/states_routine/hook/ament_prefix_path.ps1'
[0.290s] INFO:colcon.colcon_core.shell:Creating environment descriptor '/home/paulo/edromufu/src/behaviour/install/states_routine/share/states_routine/hook/ament_prefix_path.dsv'
[0.290s] INFO:colcon.colcon_core.shell:Creating environment hook '/home/paulo/edromufu/src/behaviour/install/states_routine/share/states_routine/hook/ament_prefix_path.sh'
[0.291s] INFO:colcon.colcon_core.shell:Skip shell extension 'powershell' for command environment: Not usable outside of PowerShell
[0.291s] DEBUG:colcon.colcon_core.shell:Skip shell extension 'dsv' for command environment
[0.294s] INFO:colcon.colcon_ros.task.ament_python.build:Building ROS package in '/home/paulo/edromufu/src/behaviour/transitions_and_states' with build type 'ament_python'
[0.294s] Level 1:colcon.colcon_core.shell:create_environment_hook('transitions_and_states', 'ament_prefix_path')
[0.294s] INFO:colcon.colcon_core.shell:Creating environment hook '/home/paulo/edromufu/src/behaviour/install/transitions_and_states/share/transitions_and_states/hook/ament_prefix_path.ps1'
[0.294s] INFO:colcon.colcon_core.shell:Creating environment descriptor '/home/paulo/edromufu/src/behaviour/install/transitions_and_states/share/transitions_and_states/hook/ament_prefix_path.dsv'
[0.295s] INFO:colcon.colcon_core.shell:Creating environment hook '/home/paulo/edromufu/src/behaviour/install/transitions_and_states/share/transitions_and_states/hook/ament_prefix_path.sh'
[0.295s] INFO:colcon.colcon_core.shell:Skip shell extension 'powershell' for command environment: Not usable outside of PowerShell
[0.295s] DEBUG:colcon.colcon_core.shell:Skip shell extension 'dsv' for command environment
[0.477s] INFO:colcon.colcon_core.task.python.build:Building Python package in '/home/paulo/edromufu/src/behaviour/GameController'
[0.477s] INFO:colcon.colcon_core.shell:Skip shell extension 'powershell' for command environment: Not usable outside of PowerShell
[0.477s] DEBUG:colcon.colcon_core.shell:Skip shell extension 'dsv' for command environment
[0.654s] INFO:colcon.colcon_core.task.python.build:Building Python package in '/home/paulo/edromufu/src/behaviour/bhv_independent_simulator'
[0.654s] INFO:colcon.colcon_core.shell:Skip shell extension 'powershell' for command environment: Not usable outside of PowerShell
[0.654s] DEBUG:colcon.colcon_core.shell:Skip shell extension 'dsv' for command environment
[0.846s] INFO:colcon.colcon_core.task.python.build:Building Python package in '/home/paulo/edromufu/src/behaviour/imu_ros_arduino'
[0.846s] INFO:colcon.colcon_core.shell:Skip shell extension 'powershell' for command environment: Not usable outside of PowerShell
[0.846s] DEBUG:colcon.colcon_core.shell:Skip shell extension 'dsv' for command environment
[0.851s] DEBUG:colcon.colcon_core.event_handler.log_command:Invoking command in '/home/paulo/edromufu/src/behaviour/build/imu_ros_arduino_cc': CMAKE_PREFIX_PATH=${CMAKE_PREFIX_PATH}:/home/paulo/edromufu/src/behaviour/install/transitions_and_states:/home/paulo/edromufu/src/behaviour/install/states_routine:/home/paulo/edromufu/src/behaviour/install/sensor_observer:/home/paulo/edromufu/src/behaviour/install/imu_ros_arduino:/home/paulo/edromufu/src/behaviour/install/bhv_independent_simulator:/home/paulo/edromufu/src/behaviour/install/GameController:/home/paulo/edromufu/src/movement/Ros2_change/install/u2d2_comm:/home/paulo/edromufu/src/movement/Ros2_change/install/movement_core:/home/paulo/edromufu/src/movement/Ros2_change/install/movement_pages:/home/paulo/edromufu/src/movement/Ros2_change/install/movement_functions:/home/paulo/edromufu/src/movement/Ros2_change/install/micro_publisher:/home/paulo/edromufu/src/movement/Ros2_change/install/humanoid_definition:/home/paulo/edromufu/src/movement/Ros2_change/install/kinematic_functions:/home/paulo/micros/install/micro_publisher:/opt/ros/humble /usr/bin/cmake --build /home/paulo/edromufu/src/behaviour/build/imu_ros_arduino_cc -- -j12 -l12
[0.854s] DEBUG:colcon.colcon_core.event_handler.log_command:Invoking command in '/home/paulo/edromufu/src/behaviour/build/modularized_bhv_msgs': CMAKE_PREFIX_PATH=${CMAKE_PREFIX_PATH}:/home/paulo/edromufu/src/behaviour/install/transitions_and_states:/home/paulo/edromufu/src/behaviour/install/states_routine:/home/paulo/edromufu/src/behaviour/install/sensor_observer:/home/paulo/edromufu/src/behaviour/install/imu_ros_arduino:/home/paulo/edromufu/src/behaviour/install/bhv_independent_simulator:/home/paulo/edromufu/src/behaviour/install/GameController:/home/paulo/edromufu/src/movement/Ros2_change/install/u2d2_comm:/home/paulo/edromufu/src/movement/Ros2_change/install/movement_core:/home/paulo/edromufu/src/movement/Ros2_change/install/movement_pages:/home/paulo/edromufu/src/movement/Ros2_change/install/movement_functions:/home/paulo/edromufu/src/movement/Ros2_change/install/micro_publisher:/home/paulo/edromufu/src/movement/Ros2_change/install/humanoid_definition:/home/paulo/edromufu/src/movement/Ros2_change/install/kinematic_functions:/home/paulo/micros/install/micro_publisher:/opt/ros/humble /usr/bin/cmake --build /home/paulo/edromufu/src/behaviour/build/modularized_bhv_msgs -- -j12 -l12
[1.065s] INFO:colcon.colcon_core.task.python.build:Building Python package in '/home/paulo/edromufu/src/behaviour/sensor_observer'
[1.065s] INFO:colcon.colcon_core.shell:Skip shell extension 'powershell' for command environment: Not usable outside of PowerShell
[1.066s] DEBUG:colcon.colcon_core.shell:Skip shell extension 'dsv' for command environment
[1.263s] INFO:colcon.colcon_core.task.python.build:Building Python package in '/home/paulo/edromufu/src/behaviour/states_routine'
[1.263s] INFO:colcon.colcon_core.shell:Skip shell extension 'powershell' for command environment: Not usable outside of PowerShell
[1.263s] DEBUG:colcon.colcon_core.shell:Skip shell extension 'dsv' for command environment
[1.271s] DEBUG:colcon.colcon_core.event_handler.log_command:Invoked command in '/home/paulo/edromufu/src/behaviour/build/imu_ros_arduino_cc' returned '0': CMAKE_PREFIX_PATH=${CMAKE_PREFIX_PATH}:/home/paulo/edromufu/src/behaviour/install/transitions_and_states:/home/paulo/edromufu/src/behaviour/install/states_routine:/home/paulo/edromufu/src/behaviour/install/sensor_observer:/home/paulo/edromufu/src/behaviour/install/imu_ros_arduino:/home/paulo/edromufu/src/behaviour/install/bhv_independent_simulator:/home/paulo/edromufu/src/behaviour/install/GameController:/home/paulo/edromufu/src/movement/Ros2_change/install/u2d2_comm:/home/paulo/edromufu/src/movement/Ros2_change/install/movement_core:/home/paulo/edromufu/src/movement/Ros2_change/install/movement_pages:/home/paulo/edromufu/src/movement/Ros2_change/install/movement_functions:/home/paulo/edromufu/src/movement/Ros2_change/install/micro_publisher:/home/paulo/edromufu/src/movement/Ros2_change/install/humanoid_definition:/home/paulo/edromufu/src/movement/Ros2_change/install/kinematic_functions:/home/paulo/micros/install/micro_publisher:/opt/ros/humble /usr/bin/cmake --build /home/paulo/edromufu/src/behaviour/build/imu_ros_arduino_cc -- -j12 -l12
[1.272s] DEBUG:colcon.colcon_core.event_handler.log_command:Invoked command in '/home/paulo/edromufu/src/behaviour/build/modularized_bhv_msgs' returned '0': CMAKE_PREFIX_PATH=${CMAKE_PREFIX_PATH}:/home/paulo/edromufu/src/behaviour/install/transitions_and_states:/home/paulo/edromufu/src/behaviour/install/states_routine:/home/paulo/edromufu/src/behaviour/install/sensor_observer:/home/paulo/edromufu/src/behaviour/install/imu_ros_arduino:/home/paulo/edromufu/src/behaviour/install/bhv_independent_simulator:/home/paulo/edromufu/src/behaviour/install/GameController:/home/paulo/edromufu/src/movement/Ros2_change/install/u2d2_comm:/home/paulo/edromufu/src/movement/Ros2_change/install/movement_core:/home/paulo/edromufu/src/movement/Ros2_change/install/movement_pages:/home/paulo/edromufu/src/movement/Ros2_change/install/movement_functions:/home/paulo/edromufu/src/movement/Ros2_change/install/micro_publisher:/home/paulo/edromufu/src/movement/Ros2_change/install/humanoid_definition:/home/paulo/edromufu/src/movement/Ros2_change/install/kinematic_functions:/home/paulo/micros/install/micro_publisher:/opt/ros/humble /usr/bin/cmake --build /home/paulo/edromufu/src/behaviour/build/modularized_bhv_msgs -- -j12 -l12
[1.456s] INFO:colcon.colcon_core.task.python.build:Building Python package in '/home/paulo/edromufu/src/behaviour/transitions_and_states'
[1.456s] INFO:colcon.colcon_core.shell:Skip shell extension 'powershell' for command environment: Not usable outside of PowerShell
[1.456s] DEBUG:colcon.colcon_core.shell:Skip shell extension 'dsv' for command environment
[1.472s] DEBUG:colcon.colcon_core.event_handler.log_command:Invoking command in '/home/paulo/edromufu/src/behaviour/build/imu_ros_arduino_cc': CMAKE_PREFIX_PATH=${CMAKE_PREFIX_PATH}:/home/paulo/edromufu/src/behaviour/install/transitions_and_states:/home/paulo/edromufu/src/behaviour/install/states_routine:/home/paulo/edromufu/src/behaviour/install/sensor_observer:/home/paulo/edromufu/src/behaviour/install/imu_ros_arduino:/home/paulo/edromufu/src/behaviour/install/bhv_independent_simulator:/home/paulo/edromufu/src/behaviour/install/GameController:/home/paulo/edromufu/src/movement/Ros2_change/install/u2d2_comm:/home/paulo/edromufu/src/movement/Ros2_change/install/movement_core:/home/paulo/edromufu/src/movement/Ros2_change/install/movement_pages:/home/paulo/edromufu/src/movement/Ros2_change/install/movement_functions:/home/paulo/edromufu/src/movement/Ros2_change/install/micro_publisher:/home/paulo/edromufu/src/movement/Ros2_change/install/humanoid_definition:/home/paulo/edromufu/src/movement/Ros2_change/install/kinematic_functions:/home/paulo/micros/install/micro_publisher:/opt/ros/humble /usr/bin/cmake --install /home/paulo/edromufu/src/behaviour/build/imu_ros_arduino_cc
[1.474s] DEBUG:colcon.colcon_core.event_handler.log_command:Invoking command in '/home/paulo/edromufu/src/behaviour/build/modularized_bhv_msgs': CMAKE_PREFIX_PATH=${CMAKE_PREFIX_PATH}:/home/paulo/edromufu/src/behaviour/install/transitions_and_states:/home/paulo/edromufu/src/behaviour/install/states_routine:/home/paulo/edromufu/src/behaviour/install/sensor_observer:/home/paulo/edromufu/src/behaviour/install/imu_ros_arduino:/home/paulo/edromufu/src/behaviour/install/bhv_independent_simulator:/home/paulo/edromufu/src/behaviour/install/GameController:/home/paulo/edromufu/src/movement/Ros2_change/install/u2d2_comm:/home/paulo/edromufu/src/movement/Ros2_change/install/movement_core:/home/paulo/edromufu/src/movement/Ros2_change/install/movement_pages:/home/paulo/edromufu/src/movement/Ros2_change/install/movement_functions:/home/paulo/edromufu/src/movement/Ros2_change/install/micro_publisher:/home/paulo/edromufu/src/movement/Ros2_change/install/humanoid_definition:/home/paulo/edromufu/src/movement/Ros2_change/install/kinematic_functions:/home/paulo/micros/install/micro_publisher:/opt/ros/humble /usr/bin/cmake --install /home/paulo/edromufu/src/behaviour/build/modularized_bhv_msgs
[1.483s] Level 1:colcon.colcon_core.environment:create_environment_scripts_only(imu_ros_arduino_cc)
[1.485s] DEBUG:colcon.colcon_core.event_handler.log_command:Invoked command in '/home/paulo/edromufu/src/behaviour/build/imu_ros_arduino_cc' returned '0': CMAKE_PREFIX_PATH=${CMAKE_PREFIX_PATH}:/home/paulo/edromufu/src/behaviour/install/transitions_and_states:/home/paulo/edromufu/src/behaviour/install/states_routine:/home/paulo/edromufu/src/behaviour/install/sensor_observer:/home/paulo/edromufu/src/behaviour/install/imu_ros_arduino:/home/paulo/edromufu/src/behaviour/install/bhv_independent_simulator:/home/paulo/edromufu/src/behaviour/install/GameController:/home/paulo/edromufu/src/movement/Ros2_change/install/u2d2_comm:/home/paulo/edromufu/src/movement/Ros2_change/install/movement_core:/home/paulo/edromufu/src/movement/Ros2_change/install/movement_pages:/home/paulo/edromufu/src/movement/Ros2_change/install/movement_functions:/home/paulo/edromufu/src/movement/Ros2_change/install/micro_publisher:/home/paulo/edromufu/src/movement/Ros2_change/install/humanoid_definition:/home/paulo/edromufu/src/movement/Ros2_change/install/kinematic_functions:/home/paulo/micros/install/micro_publisher:/opt/ros/humble /usr/bin/cmake --install /home/paulo/edromufu/src/behaviour/build/imu_ros_arduino_cc
[1.492s] Level 1:colcon.colcon_core.environment:checking '/home/paulo/edromufu/src/behaviour/install/imu_ros_arduino_cc' for CMake module files
[1.493s] Level 1:colcon.colcon_core.environment:checking '/home/paulo/edromufu/src/behaviour/install/imu_ros_arduino_cc' for CMake config files
[1.497s] Level 1:colcon.colcon_core.shell:create_environment_hook('imu_ros_arduino_cc', 'cmake_prefix_path')
[1.498s] INFO:colcon.colcon_core.shell:Creating environment hook '/home/paulo/edromufu/src/behaviour/install/imu_ros_arduino_cc/share/imu_ros_arduino_cc/hook/cmake_prefix_path.ps1'
[1.498s] INFO:colcon.colcon_core.shell:Creating environment descriptor '/home/paulo/edromufu/src/behaviour/install/imu_ros_arduino_cc/share/imu_ros_arduino_cc/hook/cmake_prefix_path.dsv'
[1.499s] INFO:colcon.colcon_core.shell:Creating environment hook '/home/paulo/edromufu/src/behaviour/install/imu_ros_arduino_cc/share/imu_ros_arduino_cc/hook/cmake_prefix_path.sh'
[1.500s] Level 1:colcon.colcon_core.environment:checking '/home/paulo/edromufu/src/behaviour/install/imu_ros_arduino_cc/bin'
[1.500s] Level 1:colcon.colcon_core.environment:checking '/home/paulo/edromufu/src/behaviour/install/imu_ros_arduino_cc/lib/pkgconfig/imu_ros_arduino_cc.pc'
[1.501s] Level 1:colcon.colcon_core.environment:checking '/home/paulo/edromufu/src/behaviour/install/imu_ros_arduino_cc/lib/python3.10/site-packages'
[1.505s] Level 1:colcon.colcon_core.environment:checking '/home/paulo/edromufu/src/behaviour/install/imu_ros_arduino_cc/bin'
[1.506s] INFO:colcon.colcon_core.shell:Creating package script '/home/paulo/edromufu/src/behaviour/install/imu_ros_arduino_cc/share/imu_ros_arduino_cc/package.ps1'
[1.507s] INFO:colcon.colcon_core.shell:Creating package descriptor '/home/paulo/edromufu/src/behaviour/install/imu_ros_arduino_cc/share/imu_ros_arduino_cc/package.dsv'
[1.508s] INFO:colcon.colcon_core.shell:Creating package script '/home/paulo/edromufu/src/behaviour/install/imu_ros_arduino_cc/share/imu_ros_arduino_cc/package.sh'
[1.510s] INFO:colcon.colcon_core.shell:Creating package script '/home/paulo/edromufu/src/behaviour/install/imu_ros_arduino_cc/share/imu_ros_arduino_cc/package.bash'
[1.511s] INFO:colcon.colcon_core.shell:Creating package script '/home/paulo/edromufu/src/behaviour/install/imu_ros_arduino_cc/share/imu_ros_arduino_cc/package.zsh'
[1.512s] Level 1:colcon.colcon_core.environment:create_file_with_runtime_dependencies(/home/paulo/edromufu/src/behaviour/install/imu_ros_arduino_cc/share/colcon-core/packages/imu_ros_arduino_cc)
[1.535s] Level 1:colcon.colcon_core.environment:create_environment_scripts_only(modularized_bhv_msgs)
[1.535s] Level 1:colcon.colcon_core.environment:checking '/home/paulo/edromufu/src/behaviour/install/modularized_bhv_msgs' for CMake module files
[1.536s] DEBUG:colcon.colcon_core.event_handler.log_command:Invoked command in '/home/paulo/edromufu/src/behaviour/build/modularized_bhv_msgs' returned '0': CMAKE_PREFIX_PATH=${CMAKE_PREFIX_PATH}:/home/paulo/edromufu/src/behaviour/install/transitions_and_states:/home/paulo/edromufu/src/behaviour/install/states_routine:/home/paulo/edromufu/src/behaviour/install/sensor_observer:/home/paulo/edromufu/src/behaviour/install/imu_ros_arduino:/home/paulo/edromufu/src/behaviour/install/bhv_independent_simulator:/home/paulo/edromufu/src/behaviour/install/GameController:/home/paulo/edromufu/src/movement/Ros2_change/install/u2d2_comm:/home/paulo/edromufu/src/movement/Ros2_change/install/movement_core:/home/paulo/edromufu/src/movement/Ros2_change/install/movement_pages:/home/paulo/edromufu/src/movement/Ros2_change/install/movement_functions:/home/paulo/edromufu/src/movement/Ros2_change/install/micro_publisher:/home/paulo/edromufu/src/movement/Ros2_change/install/humanoid_definition:/home/paulo/edromufu/src/movement/Ros2_change/install/kinematic_functions:/home/paulo/micros/install/micro_publisher:/opt/ros/humble /usr/bin/cmake --install /home/paulo/edromufu/src/behaviour/build/modularized_bhv_msgs
[1.536s] Level 1:colcon.colcon_core.environment:checking '/home/paulo/edromufu/src/behaviour/install/modularized_bhv_msgs' for CMake config files
[1.537s] Level 1:colcon.colcon_core.shell:create_environment_hook('modularized_bhv_msgs', 'cmake_prefix_path')
[1.538s] INFO:colcon.colcon_core.shell:Creating environment hook '/home/paulo/edromufu/src/behaviour/install/modularized_bhv_msgs/share/modularized_bhv_msgs/hook/cmake_prefix_path.ps1'
[1.538s] INFO:colcon.colcon_core.shell:Creating environment descriptor '/home/paulo/edromufu/src/behaviour/install/modularized_bhv_msgs/share/modularized_bhv_msgs/hook/cmake_prefix_path.dsv'
[1.539s] INFO:colcon.colcon_core.shell:Creating environment hook '/home/paulo/edromufu/src/behaviour/install/modularized_bhv_msgs/share/modularized_bhv_msgs/hook/cmake_prefix_path.sh'
[1.540s] Level 1:colcon.colcon_core.environment:checking '/home/paulo/edromufu/src/behaviour/install/modularized_bhv_msgs/lib'
[1.540s] Level 1:colcon.colcon_core.shell:create_environment_hook('modularized_bhv_msgs', 'ld_library_path_lib')
[1.540s] INFO:colcon.colcon_core.shell:Creating environment hook '/home/paulo/edromufu/src/behaviour/install/modularized_bhv_msgs/share/modularized_bhv_msgs/hook/ld_library_path_lib.ps1'
[1.541s] INFO:colcon.colcon_core.shell:Creating environment descriptor '/home/paulo/edromufu/src/behaviour/install/modularized_bhv_msgs/share/modularized_bhv_msgs/hook/ld_library_path_lib.dsv'
[1.541s] INFO:colcon.colcon_core.shell:Creating environment hook '/home/paulo/edromufu/src/behaviour/install/modularized_bhv_msgs/share/modularized_bhv_msgs/hook/ld_library_path_lib.sh'
[1.541s] Level 1:colcon.colcon_core.environment:checking '/home/paulo/edromufu/src/behaviour/install/modularized_bhv_msgs/bin'
[1.541s] Level 1:colcon.colcon_core.environment:checking '/home/paulo/edromufu/src/behaviour/install/modularized_bhv_msgs/lib/pkgconfig/modularized_bhv_msgs.pc'
[1.541s] Level 1:colcon.colcon_core.environment:checking '/home/paulo/edromufu/src/behaviour/install/modularized_bhv_msgs/lib/python3.10/site-packages'
[1.542s] Level 1:colcon.colcon_core.environment:checking '/home/paulo/edromufu/src/behaviour/install/modularized_bhv_msgs/bin'
[1.542s] INFO:colcon.colcon_core.shell:Creating package script '/home/paulo/edromufu/src/behaviour/install/modularized_bhv_msgs/share/modularized_bhv_msgs/package.ps1'
[1.542s] INFO:colcon.colcon_core.shell:Creating package descriptor '/home/paulo/edromufu/src/behaviour/install/modularized_bhv_msgs/share/modularized_bhv_msgs/package.dsv'
[1.543s] INFO:colcon.colcon_core.shell:Creating package script '/home/paulo/edromufu/src/behaviour/install/modularized_bhv_msgs/share/modularized_bhv_msgs/package.sh'
[1.543s] INFO:colcon.colcon_core.shell:Creating package script '/home/paulo/edromufu/src/behaviour/install/modularized_bhv_msgs/share/modularized_bhv_msgs/package.bash'
[1.543s] INFO:colcon.colcon_core.shell:Creating package script '/home/paulo/edromufu/src/behaviour/install/modularized_bhv_msgs/share/modularized_bhv_msgs/package.zsh'
[1.543s] Level 1:colcon.colcon_core.environment:create_file_with_runtime_dependencies(/home/paulo/edromufu/src/behaviour/install/modularized_bhv_msgs/share/colcon-core/packages/modularized_bhv_msgs)
[1.545s] Level 1:colcon.colcon_core.environment:create_environment_scripts_only(imu_ros_arduino_cc)
[1.545s] Level 1:colcon.colcon_core.environment:checking '/home/paulo/edromufu/src/behaviour/install/imu_ros_arduino_cc' for CMake module files
[1.546s] Level 1:colcon.colcon_core.environment:checking '/home/paulo/edromufu/src/behaviour/install/imu_ros_arduino_cc' for CMake config files
[1.546s] Level 1:colcon.colcon_core.shell:create_environment_hook('imu_ros_arduino_cc', 'cmake_prefix_path')
[1.546s] INFO:colcon.colcon_core.shell:Creating environment hook '/home/paulo/edromufu/src/behaviour/install/imu_ros_arduino_cc/share/imu_ros_arduino_cc/hook/cmake_prefix_path.ps1'
[1.547s] INFO:colcon.colcon_core.shell:Creating environment descriptor '/home/paulo/edromufu/src/behaviour/install/imu_ros_arduino_cc/share/imu_ros_arduino_cc/hook/cmake_prefix_path.dsv'
[1.547s] INFO:colcon.colcon_core.shell:Creating environment hook '/home/paulo/edromufu/src/behaviour/install/imu_ros_arduino_cc/share/imu_ros_arduino_cc/hook/cmake_prefix_path.sh'
[1.548s] Level 1:colcon.colcon_core.environment:checking '/home/paulo/edromufu/src/behaviour/install/imu_ros_arduino_cc/bin'
[1.548s] Level 1:colcon.colcon_core.environment:checking '/home/paulo/edromufu/src/behaviour/install/imu_ros_arduino_cc/lib/pkgconfig/imu_ros_arduino_cc.pc'
[1.548s] Level 1:colcon.colcon_core.environment:checking '/home/paulo/edromufu/src/behaviour/install/imu_ros_arduino_cc/lib/python3.10/site-packages'
[1.548s] Level 1:colcon.colcon_core.environment:checking '/home/paulo/edromufu/src/behaviour/install/imu_ros_arduino_cc/bin'
[1.549s] INFO:colcon.colcon_core.shell:Creating package script '/home/paulo/edromufu/src/behaviour/install/imu_ros_arduino_cc/share/imu_ros_arduino_cc/package.ps1'
[1.549s] INFO:colcon.colcon_core.shell:Creating package descriptor '/home/paulo/edromufu/src/behaviour/install/imu_ros_arduino_cc/share/imu_ros_arduino_cc/package.dsv'
[1.550s] INFO:colcon.colcon_core.shell:Creating package script '/home/paulo/edromufu/src/behaviour/install/imu_ros_arduino_cc/share/imu_ros_arduino_cc/package.sh'
[1.550s] INFO:colcon.colcon_core.shell:Creating package script '/home/paulo/edromufu/src/behaviour/install/imu_ros_arduino_cc/share/imu_ros_arduino_cc/package.bash'
[1.551s] INFO:colcon.colcon_core.shell:Creating package script '/home/paulo/edromufu/src/behaviour/install/imu_ros_arduino_cc/share/imu_ros_arduino_cc/package.zsh'
[1.551s] Level 1:colcon.colcon_core.environment:create_file_with_runtime_dependencies(/home/paulo/edromufu/src/behaviour/install/imu_ros_arduino_cc/share/colcon-core/packages/imu_ros_arduino_cc)
[1.662s] Level 1:colcon.colcon_core.environment:create_environment_scripts_only(modularized_bhv_msgs)
[1.663s] Level 1:colcon.colcon_core.environment:checking '/home/paulo/edromufu/src/behaviour/install/modularized_bhv_msgs' for CMake module files
[1.663s] Level 1:colcon.colcon_core.environment:checking '/home/paulo/edromufu/src/behaviour/install/modularized_bhv_msgs' for CMake config files
[1.664s] Level 1:colcon.colcon_core.shell:create_environment_hook('modularized_bhv_msgs', 'cmake_prefix_path')
[1.665s] INFO:colcon.colcon_core.shell:Creating environment hook '/home/paulo/edromufu/src/behaviour/install/modularized_bhv_msgs/share/modularized_bhv_msgs/hook/cmake_prefix_path.ps1'
[1.666s] INFO:colcon.colcon_core.shell:Creating environment descriptor '/home/paulo/edromufu/src/behaviour/install/modularized_bhv_msgs/share/modularized_bhv_msgs/hook/cmake_prefix_path.dsv'
[1.666s] INFO:colcon.colcon_core.shell:Creating environment hook '/home/paulo/edromufu/src/behaviour/install/modularized_bhv_msgs/share/modularized_bhv_msgs/hook/cmake_prefix_path.sh'
[1.667s] Level 1:colcon.colcon_core.environment:checking '/home/paulo/edromufu/src/behaviour/install/modularized_bhv_msgs/lib'
[1.667s] Level 1:colcon.colcon_core.shell:create_environment_hook('modularized_bhv_msgs', 'ld_library_path_lib')
[1.667s] INFO:colcon.colcon_core.shell:Creating environment hook '/home/paulo/edromufu/src/behaviour/install/modularized_bhv_msgs/share/modularized_bhv_msgs/hook/ld_library_path_lib.ps1'
[1.668s] INFO:colcon.colcon_core.shell:Creating environment descriptor '/home/paulo/edromufu/src/behaviour/install/modularized_bhv_msgs/share/modularized_bhv_msgs/hook/ld_library_path_lib.dsv'
[1.668s] INFO:colcon.colcon_core.shell:Creating environment hook '/home/paulo/edromufu/src/behaviour/install/modularized_bhv_msgs/share/modularized_bhv_msgs/hook/ld_library_path_lib.sh'
[1.669s] Level 1:colcon.colcon_core.environment:checking '/home/paulo/edromufu/src/behaviour/install/modularized_bhv_msgs/bin'
[1.669s] Level 1:colcon.colcon_core.environment:checking '/home/paulo/edromufu/src/behaviour/install/modularized_bhv_msgs/lib/pkgconfig/modularized_bhv_msgs.pc'
[1.669s] Level 1:colcon.colcon_core.environment:checking '/home/paulo/edromufu/src/behaviour/install/modularized_bhv_msgs/lib/python3.10/site-packages'
[1.670s] Level 1:colcon.colcon_core.environment:checking '/home/paulo/edromufu/src/behaviour/install/modularized_bhv_msgs/bin'
[1.670s] INFO:colcon.colcon_core.shell:Creating package script '/home/paulo/edromufu/src/behaviour/install/modularized_bhv_msgs/share/modularized_bhv_msgs/package.ps1'
[1.671s] INFO:colcon.colcon_core.shell:Creating package descriptor '/home/paulo/edromufu/src/behaviour/install/modularized_bhv_msgs/share/modularized_bhv_msgs/package.dsv'
[1.671s] INFO:colcon.colcon_core.shell:Creating package script '/home/paulo/edromufu/src/behaviour/install/modularized_bhv_msgs/share/modularized_bhv_msgs/package.sh'
[1.672s] INFO:colcon.colcon_core.shell:Creating package script '/home/paulo/edromufu/src/behaviour/install/modularized_bhv_msgs/share/modularized_bhv_msgs/package.bash'
[1.673s] INFO:colcon.colcon_core.shell:Creating package script '/home/paulo/edromufu/src/behaviour/install/modularized_bhv_msgs/share/modularized_bhv_msgs/package.zsh'
[1.673s] Level 1:colcon.colcon_core.environment:create_file_with_runtime_dependencies(/home/paulo/edromufu/src/behaviour/install/modularized_bhv_msgs/share/colcon-core/packages/modularized_bhv_msgs)
[1.822s] DEBUG:colcon.colcon_core.event_handler.log_command:Invoking command in '/home/paulo/edromufu/src/behaviour/sensor_observer': PYTHONPATH=/home/paulo/edromufu/src/behaviour/build/sensor_observer/prefix_override:/usr/lib/python3/dist-packages/colcon_core/task/python/colcon_distutils_commands:/home/paulo/edromufu/src/behaviour/install/sensor_observer/lib/python3.10/site-packages:${PYTHONPATH} /usr/bin/python3 -W ignore:setup.py install is deprecated setup.py egg_info --egg-base ../build/sensor_observer build --build-base /home/paulo/edromufu/src/behaviour/build/sensor_observer/build install --record /home/paulo/edromufu/src/behaviour/build/sensor_observer/install.log --single-version-externally-managed install_data
[1.825s] DEBUG:colcon.colcon_core.event_handler.log_command:Invoking command in '/home/paulo/edromufu/src/behaviour/transitions_and_states': PYTHONPATH=/home/paulo/edromufu/src/behaviour/build/transitions_and_states/prefix_override:/usr/lib/python3/dist-packages/colcon_core/task/python/colcon_distutils_commands:/home/paulo/edromufu/src/behaviour/install/transitions_and_states/lib/python3.10/site-packages:${PYTHONPATH} /usr/bin/python3 -W ignore:setup.py install is deprecated setup.py egg_info --egg-base ../build/transitions_and_states build --build-base /home/paulo/edromufu/src/behaviour/build/transitions_and_states/build install --record /home/paulo/edromufu/src/behaviour/build/transitions_and_states/install.log --single-version-externally-managed install_data
[1.852s] DEBUG:colcon.colcon_core.event_handler.log_command:Invoking command in '/home/paulo/edromufu/src/behaviour/states_routine': PYTHONPATH=/home/paulo/edromufu/src/behaviour/build/states_routine/prefix_override:/usr/lib/python3/dist-packages/colcon_core/task/python/colcon_distutils_commands:/home/paulo/edromufu/src/behaviour/install/states_routine/lib/python3.10/site-packages:${PYTHONPATH} /usr/bin/python3 -W ignore:setup.py install is deprecated setup.py egg_info --egg-base ../build/states_routine build --build-base /home/paulo/edromufu/src/behaviour/build/states_routine/build install --record /home/paulo/edromufu/src/behaviour/build/states_routine/install.log --single-version-externally-managed install_data
[1.854s] DEBUG:colcon.colcon_core.event_handler.log_command:Invoking command in '/home/paulo/edromufu/src/behaviour/GameController': PYTHONPATH=/home/paulo/edromufu/src/behaviour/build/GameController/prefix_override:/usr/lib/python3/dist-packages/colcon_core/task/python/colcon_distutils_commands:/home/paulo/edromufu/src/behaviour/install/GameController/lib/python3.10/site-packages:${PYTHONPATH} /usr/bin/python3 -W ignore:setup.py install is deprecated setup.py egg_info --egg-base ../build/GameController build --build-base /home/paulo/edromufu/src/behaviour/build/GameController/build install --record /home/paulo/edromufu/src/behaviour/build/GameController/install.log --single-version-externally-managed install_data
[1.961s] DEBUG:colcon.colcon_core.event_handler.log_command:Invoking command in '/home/paulo/edromufu/src/behaviour/imu_ros_arduino': PYTHONPATH=/home/paulo/edromufu/src/behaviour/build/imu_ros_arduino/prefix_override:/usr/lib/python3/dist-packages/colcon_core/task/python/colcon_distutils_commands:/home/paulo/edromufu/src/behaviour/install/imu_ros_arduino/lib/python3.10/site-packages:${PYTHONPATH} /usr/bin/python3 -W ignore:setup.py install is deprecated setup.py egg_info --egg-base ../build/imu_ros_arduino build --build-base /home/paulo/edromufu/src/behaviour/build/imu_ros_arduino/build install --record /home/paulo/edromufu/src/behaviour/build/imu_ros_arduino/install.log --single-version-externally-managed install_data
[2.043s] DEBUG:colcon.colcon_core.event_handler.log_command:Invoking command in '/home/paulo/edromufu/src/behaviour/bhv_independent_simulator': PYTHONPATH=/home/paulo/edromufu/src/behaviour/build/bhv_independent_simulator/prefix_override:/usr/lib/python3/dist-packages/colcon_core/task/python/colcon_distutils_commands:/home/paulo/edromufu/src/behaviour/install/bhv_independent_simulator/lib/python3.10/site-packages:${PYTHONPATH} /usr/bin/python3 -W ignore:setup.py install is deprecated setup.py egg_info --egg-base ../build/bhv_independent_simulator build --build-base /home/paulo/edromufu/src/behaviour/build/bhv_independent_simulator/build install --record /home/paulo/edromufu/src/behaviour/build/bhv_independent_simulator/install.log --single-version-externally-managed install_data
[2.107s] Level 1:colcon.colcon_core.environment:checking '/home/paulo/edromufu/src/behaviour/install/sensor_observer' for CMake module files
[2.108s] DEBUG:colcon.colcon_core.event_handler.log_command:Invoked command in '/home/paulo/edromufu/src/behaviour/sensor_observer' returned '0': PYTHONPATH=/home/paulo/edromufu/src/behaviour/build/sensor_observer/prefix_override:/usr/lib/python3/dist-packages/colcon_core/task/python/colcon_distutils_commands:/home/paulo/edromufu/src/behaviour/install/sensor_observer/lib/python3.10/site-packages:${PYTHONPATH} /usr/bin/python3 -W ignore:setup.py install is deprecated setup.py egg_info --egg-base ../build/sensor_observer build --build-base /home/paulo/edromufu/src/behaviour/build/sensor_observer/build install --record /home/paulo/edromufu/src/behaviour/build/sensor_observer/install.log --single-version-externally-managed install_data
[2.108s] Level 1:colcon.colcon_core.environment:checking '/home/paulo/edromufu/src/behaviour/install/sensor_observer' for CMake config files
[2.109s] Level 1:colcon.colcon_core.environment:checking '/home/paulo/edromufu/src/behaviour/install/sensor_observer/lib'
[2.109s] Level 1:colcon.colcon_core.environment:checking '/home/paulo/edromufu/src/behaviour/install/sensor_observer/bin'
[2.109s] Level 1:colcon.colcon_core.environment:checking '/home/paulo/edromufu/src/behaviour/install/sensor_observer/lib/pkgconfig/sensor_observer.pc'
[2.109s] Level 1:colcon.colcon_core.environment:checking '/home/paulo/edromufu/src/behaviour/install/sensor_observer/lib/python3.10/site-packages'
[2.109s] Level 1:colcon.colcon_core.shell:create_environment_hook('sensor_observer', 'pythonpath')
[2.109s] INFO:colcon.colcon_core.shell:Creating environment hook '/home/paulo/edromufu/src/behaviour/install/sensor_observer/share/sensor_observer/hook/pythonpath.ps1'
[2.110s] INFO:colcon.colcon_core.shell:Creating environment descriptor '/home/paulo/edromufu/src/behaviour/install/sensor_observer/share/sensor_observer/hook/pythonpath.dsv'
[2.110s] INFO:colcon.colcon_core.shell:Creating environment hook '/home/paulo/edromufu/src/behaviour/install/sensor_observer/share/sensor_observer/hook/pythonpath.sh'
[2.110s] Level 1:colcon.colcon_core.environment:checking '/home/paulo/edromufu/src/behaviour/install/sensor_observer/bin'
[2.110s] Level 1:colcon.colcon_core.environment:create_environment_scripts_only(sensor_observer)
[2.111s] INFO:colcon.colcon_core.shell:Creating package script '/home/paulo/edromufu/src/behaviour/install/sensor_observer/share/sensor_observer/package.ps1'
[2.111s] INFO:colcon.colcon_core.shell:Creating package descriptor '/home/paulo/edromufu/src/behaviour/install/sensor_observer/share/sensor_observer/package.dsv'
[2.112s] INFO:colcon.colcon_core.shell:Creating package script '/home/paulo/edromufu/src/behaviour/install/sensor_observer/share/sensor_observer/package.sh'
[2.113s] INFO:colcon.colcon_core.shell:Creating package script '/home/paulo/edromufu/src/behaviour/install/sensor_observer/share/sensor_observer/package.bash'
[2.113s] INFO:colcon.colcon_core.shell:Creating package script '/home/paulo/edromufu/src/behaviour/install/sensor_observer/share/sensor_observer/package.zsh'
[2.114s] Level 1:colcon.colcon_core.environment:create_file_with_runtime_dependencies(/home/paulo/edromufu/src/behaviour/install/sensor_observer/share/colcon-core/packages/sensor_observer)
[2.114s] Level 1:colcon.colcon_core.environment:checking '/home/paulo/edromufu/src/behaviour/install/transitions_and_states' for CMake module files
[2.115s] Level 1:colcon.colcon_core.environment:checking '/home/paulo/edromufu/src/behaviour/install/transitions_and_states' for CMake config files
[2.116s] DEBUG:colcon.colcon_core.event_handler.log_command:Invoked command in '/home/paulo/edromufu/src/behaviour/transitions_and_states' returned '0': PYTHONPATH=/home/paulo/edromufu/src/behaviour/build/transitions_and_states/prefix_override:/usr/lib/python3/dist-packages/colcon_core/task/python/colcon_distutils_commands:/home/paulo/edromufu/src/behaviour/install/transitions_and_states/lib/python3.10/site-packages:${PYTHONPATH} /usr/bin/python3 -W ignore:setup.py install is deprecated setup.py egg_info --egg-base ../build/transitions_and_states build --build-base /home/paulo/edromufu/src/behaviour/build/transitions_and_states/build install --record /home/paulo/edromufu/src/behaviour/build/transitions_and_states/install.log --single-version-externally-managed install_data
[2.117s] Level 1:colcon.colcon_core.environment:checking '/home/paulo/edromufu/src/behaviour/install/transitions_and_states/lib'
[2.117s] Level 1:colcon.colcon_core.environment:checking '/home/paulo/edromufu/src/behaviour/install/transitions_and_states/bin'
[2.117s] Level 1:colcon.colcon_core.environment:checking '/home/paulo/edromufu/src/behaviour/install/transitions_and_states/lib/pkgconfig/transitions_and_states.pc'
[2.117s] Level 1:colcon.colcon_core.environment:checking '/home/paulo/edromufu/src/behaviour/install/transitions_and_states/lib/python3.10/site-packages'
[2.117s] Level 1:colcon.colcon_core.shell:create_environment_hook('transitions_and_states', 'pythonpath')
[2.118s] INFO:colcon.colcon_core.shell:Creating environment hook '/home/paulo/edromufu/src/behaviour/install/transitions_and_states/share/transitions_and_states/hook/pythonpath.ps1'
[2.118s] INFO:colcon.colcon_core.shell:Creating environment descriptor '/home/paulo/edromufu/src/behaviour/install/transitions_and_states/share/transitions_and_states/hook/pythonpath.dsv'
[2.119s] INFO:colcon.colcon_core.shell:Creating environment hook '/home/paulo/edromufu/src/behaviour/install/transitions_and_states/share/transitions_and_states/hook/pythonpath.sh'
[2.119s] Level 1:colcon.colcon_core.environment:checking '/home/paulo/edromufu/src/behaviour/install/transitions_and_states/bin'
[2.119s] Level 1:colcon.colcon_core.environment:create_environment_scripts_only(transitions_and_states)
[2.120s] INFO:colcon.colcon_core.shell:Creating package script '/home/paulo/edromufu/src/behaviour/install/transitions_and_states/share/transitions_and_states/package.ps1'
[2.120s] INFO:colcon.colcon_core.shell:Creating package descriptor '/home/paulo/edromufu/src/behaviour/install/transitions_and_states/share/transitions_and_states/package.dsv'
[2.121s] INFO:colcon.colcon_core.shell:Creating package script '/home/paulo/edromufu/src/behaviour/install/transitions_and_states/share/transitions_and_states/package.sh'
[2.121s] INFO:colcon.colcon_core.shell:Creating package script '/home/paulo/edromufu/src/behaviour/install/transitions_and_states/share/transitions_and_states/package.bash'
[2.121s] INFO:colcon.colcon_core.shell:Creating package script '/home/paulo/edromufu/src/behaviour/install/transitions_and_states/share/transitions_and_states/package.zsh'
[2.121s] Level 1:colcon.colcon_core.environment:create_file_with_runtime_dependencies(/home/paulo/edromufu/src/behaviour/install/transitions_and_states/share/colcon-core/packages/transitions_and_states)
[2.130s] Level 1:colcon.colcon_core.environment:checking '/home/paulo/edromufu/src/behaviour/install/states_routine' for CMake module files
[2.131s] DEBUG:colcon.colcon_core.event_handler.log_command:Invoked command in '/home/paulo/edromufu/src/behaviour/states_routine' returned '0': PYTHONPATH=/home/paulo/edromufu/src/behaviour/build/states_routine/prefix_override:/usr/lib/python3/dist-packages/colcon_core/task/python/colcon_distutils_commands:/home/paulo/edromufu/src/behaviour/install/states_routine/lib/python3.10/site-packages:${PYTHONPATH} /usr/bin/python3 -W ignore:setup.py install is deprecated setup.py egg_info --egg-base ../build/states_routine build --build-base /home/paulo/edromufu/src/behaviour/build/states_routine/build install --record /home/paulo/edromufu/src/behaviour/build/states_routine/install.log --single-version-externally-managed install_data
[2.131s] Level 1:colcon.colcon_core.environment:checking '/home/paulo/edromufu/src/behaviour/install/states_routine' for CMake config files
[2.132s] Level 1:colcon.colcon_core.environment:checking '/home/paulo/edromufu/src/behaviour/install/states_routine/lib'
[2.132s] Level 1:colcon.colcon_core.environment:checking '/home/paulo/edromufu/src/behaviour/install/states_routine/bin'
[2.132s] Level 1:colcon.colcon_core.environment:checking '/home/paulo/edromufu/src/behaviour/install/states_routine/lib/pkgconfig/states_routine.pc'
[2.132s] Level 1:colcon.colcon_core.environment:checking '/home/paulo/edromufu/src/behaviour/install/states_routine/lib/python3.10/site-packages'
[2.132s] Level 1:colcon.colcon_core.shell:create_environment_hook('states_routine', 'pythonpath')
[2.133s] INFO:colcon.colcon_core.shell:Creating environment hook '/home/paulo/edromufu/src/behaviour/install/states_routine/share/states_routine/hook/pythonpath.ps1'
[2.133s] INFO:colcon.colcon_core.shell:Creating environment descriptor '/home/paulo/edromufu/src/behaviour/install/states_routine/share/states_routine/hook/pythonpath.dsv'
[2.134s] INFO:colcon.colcon_core.shell:Creating environment hook '/home/paulo/edromufu/src/behaviour/install/states_routine/share/states_routine/hook/pythonpath.sh'
[2.134s] Level 1:colcon.colcon_core.environment:checking '/home/paulo/edromufu/src/behaviour/install/states_routine/bin'
[2.134s] Level 1:colcon.colcon_core.environment:create_environment_scripts_only(states_routine)
[2.135s] INFO:colcon.colcon_core.shell:Creating package script '/home/paulo/edromufu/src/behaviour/install/states_routine/share/states_routine/package.ps1'
[2.135s] INFO:colcon.colcon_core.shell:Creating package descriptor '/home/paulo/edromufu/src/behaviour/install/states_routine/share/states_routine/package.dsv'
[2.136s] INFO:colcon.colcon_core.shell:Creating package script '/home/paulo/edromufu/src/behaviour/install/states_routine/share/states_routine/package.sh'
[2.137s] INFO:colcon.colcon_core.shell:Creating package script '/home/paulo/edromufu/src/behaviour/install/states_routine/share/states_routine/package.bash'
[2.137s] INFO:colcon.colcon_core.shell:Creating package script '/home/paulo/edromufu/src/behaviour/install/states_routine/share/states_routine/package.zsh'
[2.137s] Level 1:colcon.colcon_core.environment:create_file_with_runtime_dependencies(/home/paulo/edromufu/src/behaviour/install/states_routine/share/colcon-core/packages/states_routine)
[2.140s] Level 1:colcon.colcon_core.environment:checking '/home/paulo/edromufu/src/behaviour/install/GameController' for CMake module files
[2.140s] DEBUG:colcon.colcon_core.event_handler.log_command:Invoked command in '/home/paulo/edromufu/src/behaviour/GameController' returned '0': PYTHONPATH=/home/paulo/edromufu/src/behaviour/build/GameController/prefix_override:/usr/lib/python3/dist-packages/colcon_core/task/python/colcon_distutils_commands:/home/paulo/edromufu/src/behaviour/install/GameController/lib/python3.10/site-packages:${PYTHONPATH} /usr/bin/python3 -W ignore:setup.py install is deprecated setup.py egg_info --egg-base ../build/GameController build --build-base /home/paulo/edromufu/src/behaviour/build/GameController/build install --record /home/paulo/edromufu/src/behaviour/build/GameController/install.log --single-version-externally-managed install_data
[2.141s] Level 1:colcon.colcon_core.environment:checking '/home/paulo/edromufu/src/behaviour/install/GameController' for CMake config files
[2.141s] Level 1:colcon.colcon_core.environment:checking '/home/paulo/edromufu/src/behaviour/install/GameController/lib'
[2.141s] Level 1:colcon.colcon_core.environment:checking '/home/paulo/edromufu/src/behaviour/install/GameController/bin'
[2.141s] Level 1:colcon.colcon_core.environment:checking '/home/paulo/edromufu/src/behaviour/install/GameController/lib/pkgconfig/GameController.pc'
[2.142s] Level 1:colcon.colcon_core.environment:checking '/home/paulo/edromufu/src/behaviour/install/GameController/lib/python3.10/site-packages'
[2.142s] Level 1:colcon.colcon_core.shell:create_environment_hook('GameController', 'pythonpath')
[2.142s] INFO:colcon.colcon_core.shell:Creating environment hook '/home/paulo/edromufu/src/behaviour/install/GameController/share/GameController/hook/pythonpath.ps1'
[2.143s] INFO:colcon.colcon_core.shell:Creating environment descriptor '/home/paulo/edromufu/src/behaviour/install/GameController/share/GameController/hook/pythonpath.dsv'
[2.143s] INFO:colcon.colcon_core.shell:Creating environment hook '/home/paulo/edromufu/src/behaviour/install/GameController/share/GameController/hook/pythonpath.sh'
[2.144s] Level 1:colcon.colcon_core.environment:checking '/home/paulo/edromufu/src/behaviour/install/GameController/bin'
[2.144s] Level 1:colcon.colcon_core.environment:create_environment_scripts_only(GameController)
[2.144s] INFO:colcon.colcon_core.shell:Creating package script '/home/paulo/edromufu/src/behaviour/install/GameController/share/GameController/package.ps1'
[2.144s] INFO:colcon.colcon_core.shell:Creating package descriptor '/home/paulo/edromufu/src/behaviour/install/GameController/share/GameController/package.dsv'
[2.145s] INFO:colcon.colcon_core.shell:Creating package script '/home/paulo/edromufu/src/behaviour/install/GameController/share/GameController/package.sh'
[2.145s] INFO:colcon.colcon_core.shell:Creating package script '/home/paulo/edromufu/src/behaviour/install/GameController/share/GameController/package.bash'
[2.145s] INFO:colcon.colcon_core.shell:Creating package script '/home/paulo/edromufu/src/behaviour/install/GameController/share/GameController/package.zsh'
[2.145s] Level 1:colcon.colcon_core.environment:create_file_with_runtime_dependencies(/home/paulo/edromufu/src/behaviour/install/GameController/share/colcon-core/packages/GameController)
[2.267s] Level 1:colcon.colcon_core.environment:checking '/home/paulo/edromufu/src/behaviour/install/imu_ros_arduino' for CMake module files
[2.267s] DEBUG:colcon.colcon_core.event_handler.log_command:Invoked command in '/home/paulo/edromufu/src/behaviour/imu_ros_arduino' returned '0': PYTHONPATH=/home/paulo/edromufu/src/behaviour/build/imu_ros_arduino/prefix_override:/usr/lib/python3/dist-packages/colcon_core/task/python/colcon_distutils_commands:/home/paulo/edromufu/src/behaviour/install/imu_ros_arduino/lib/python3.10/site-packages:${PYTHONPATH} /usr/bin/python3 -W ignore:setup.py install is deprecated setup.py egg_info --egg-base ../build/imu_ros_arduino build --build-base /home/paulo/edromufu/src/behaviour/build/imu_ros_arduino/build install --record /home/paulo/edromufu/src/behaviour/build/imu_ros_arduino/install.log --single-version-externally-managed install_data
[2.268s] Level 1:colcon.colcon_core.environment:checking '/home/paulo/edromufu/src/behaviour/install/imu_ros_arduino' for CMake config files
[2.268s] Level 1:colcon.colcon_core.environment:checking '/home/paulo/edromufu/src/behaviour/install/imu_ros_arduino/lib'
[2.269s] Level 1:colcon.colcon_core.environment:checking '/home/paulo/edromufu/src/behaviour/install/imu_ros_arduino/bin'
[2.269s] Level 1:colcon.colcon_core.environment:checking '/home/paulo/edromufu/src/behaviour/install/imu_ros_arduino/lib/pkgconfig/imu_ros_arduino.pc'
[2.269s] Level 1:colcon.colcon_core.environment:checking '/home/paulo/edromufu/src/behaviour/install/imu_ros_arduino/lib/python3.10/site-packages'
[2.269s] Level 1:colcon.colcon_core.shell:create_environment_hook('imu_ros_arduino', 'pythonpath')
[2.269s] INFO:colcon.colcon_core.shell:Creating environment hook '/home/paulo/edromufu/src/behaviour/install/imu_ros_arduino/share/imu_ros_arduino/hook/pythonpath.ps1'
[2.270s] INFO:colcon.colcon_core.shell:Creating environment descriptor '/home/paulo/edromufu/src/behaviour/install/imu_ros_arduino/share/imu_ros_arduino/hook/pythonpath.dsv'
[2.270s] INFO:colcon.colcon_core.shell:Creating environment hook '/home/paulo/edromufu/src/behaviour/install/imu_ros_arduino/share/imu_ros_arduino/hook/pythonpath.sh'
[2.270s] Level 1:colcon.colcon_core.environment:checking '/home/paulo/edromufu/src/behaviour/install/imu_ros_arduino/bin'
[2.270s] Level 1:colcon.colcon_core.environment:create_environment_scripts_only(imu_ros_arduino)
[2.271s] INFO:colcon.colcon_core.shell:Creating package script '/home/paulo/edromufu/src/behaviour/install/imu_ros_arduino/share/imu_ros_arduino/package.ps1'
[2.271s] INFO:colcon.colcon_core.shell:Creating package descriptor '/home/paulo/edromufu/src/behaviour/install/imu_ros_arduino/share/imu_ros_arduino/package.dsv'
[2.272s] INFO:colcon.colcon_core.shell:Creating package script '/home/paulo/edromufu/src/behaviour/install/imu_ros_arduino/share/imu_ros_arduino/package.sh'
[2.272s] INFO:colcon.colcon_core.shell:Creating package script '/home/paulo/edromufu/src/behaviour/install/imu_ros_arduino/share/imu_ros_arduino/package.bash'
[2.272s] INFO:colcon.colcon_core.shell:Creating package script '/home/paulo/edromufu/src/behaviour/install/imu_ros_arduino/share/imu_ros_arduino/package.zsh'
[2.273s] Level 1:colcon.colcon_core.environment:create_file_with_runtime_dependencies(/home/paulo/edromufu/src/behaviour/install/imu_ros_arduino/share/colcon-core/packages/imu_ros_arduino)
[2.322s] Level 1:colcon.colcon_core.environment:checking '/home/paulo/edromufu/src/behaviour/install/bhv_independent_simulator' for CMake module files
[2.322s] DEBUG:colcon.colcon_core.event_handler.log_command:Invoked command in '/home/paulo/edromufu/src/behaviour/bhv_independent_simulator' returned '0': PYTHONPATH=/home/paulo/edromufu/src/behaviour/build/bhv_independent_simulator/prefix_override:/usr/lib/python3/dist-packages/colcon_core/task/python/colcon_distutils_commands:/home/paulo/edromufu/src/behaviour/install/bhv_independent_simulator/lib/python3.10/site-packages:${PYTHONPATH} /usr/bin/python3 -W ignore:setup.py install is deprecated setup.py egg_info --egg-base ../build/bhv_independent_simulator build --build-base /home/paulo/edromufu/src/behaviour/build/bhv_independent_simulator/build install --record /home/paulo/edromufu/src/behaviour/build/bhv_independent_simulator/install.log --single-version-externally-managed install_data
[2.322s] Level 1:colcon.colcon_core.environment:checking '/home/paulo/edromufu/src/behaviour/install/bhv_independent_simulator' for CMake config files
[2.323s] Level 1:colcon.colcon_core.environment:checking '/home/paulo/edromufu/src/behaviour/install/bhv_independent_simulator/lib'
[2.323s] Level 1:colcon.colcon_core.environment:checking '/home/paulo/edromufu/src/behaviour/install/bhv_independent_simulator/bin'
[2.323s] Level 1:colcon.colcon_core.environment:checking '/home/paulo/edromufu/src/behaviour/install/bhv_independent_simulator/lib/pkgconfig/bhv_independent_simulator.pc'
[2.323s] Level 1:colcon.colcon_core.environment:checking '/home/paulo/edromufu/src/behaviour/install/bhv_independent_simulator/lib/python3.10/site-packages'
[2.323s] Level 1:colcon.colcon_core.shell:create_environment_hook('bhv_independent_simulator', 'pythonpath')
[2.323s] INFO:colcon.colcon_core.shell:Creating environment hook '/home/paulo/edromufu/src/behaviour/install/bhv_independent_simulator/share/bhv_independent_simulator/hook/pythonpath.ps1'
[2.323s] INFO:colcon.colcon_core.shell:Creating environment descriptor '/home/paulo/edromufu/src/behaviour/install/bhv_independent_simulator/share/bhv_independent_simulator/hook/pythonpath.dsv'
[2.324s] INFO:colcon.colcon_core.shell:Creating environment hook '/home/paulo/edromufu/src/behaviour/install/bhv_independent_simulator/share/bhv_independent_simulator/hook/pythonpath.sh'
[2.324s] Level 1:colcon.colcon_core.environment:checking '/home/paulo/edromufu/src/behaviour/install/bhv_independent_simulator/bin'
[2.324s] Level 1:colcon.colcon_core.environment:create_environment_scripts_only(bhv_independent_simulator)
[2.324s] INFO:colcon.colcon_core.shell:Creating package script '/home/paulo/edromufu/src/behaviour/install/bhv_independent_simulator/share/bhv_independent_simulator/package.ps1'
[2.324s] INFO:colcon.colcon_core.shell:Creating package descriptor '/home/paulo/edromufu/src/behaviour/install/bhv_independent_simulator/share/bhv_independent_simulator/package.dsv'
[2.325s] INFO:colcon.colcon_core.shell:Creating package script '/home/paulo/edromufu/src/behaviour/install/bhv_independent_simulator/share/bhv_independent_simulator/package.sh'
[2.325s] INFO:colcon.colcon_core.shell:Creating package script '/home/paulo/edromufu/src/behaviour/install/bhv_independent_simulator/share/bhv_independent_simulator/package.bash'
[2.325s] INFO:colcon.colcon_core.shell:Creating package script '/home/paulo/edromufu/src/behaviour/install/bhv_independent_simulator/share/bhv_independent_simulator/package.zsh'
[2.325s] Level 1:colcon.colcon_core.environment:create_file_with_runtime_dependencies(/home/paulo/edromufu/src/behaviour/install/bhv_independent_simulator/share/colcon-core/packages/bhv_independent_simulator)
[2.325s] DEBUG:colcon.colcon_parallel_executor.executor.parallel:closing loop
[2.325s] DEBUG:colcon.colcon_parallel_executor.executor.parallel:loop closed
[2.325s] DEBUG:colcon.colcon_parallel_executor.executor.parallel:run_until_complete finished with '0'
[2.325s] DEBUG:colcon.colcon_core.event_reactor:joining thread
[2.329s] INFO:colcon.colcon_core.plugin_system:Skipping extension 'colcon_notification.desktop_notification.terminal_notifier': Not used on non-Darwin systems
[2.329s] INFO:colcon.colcon_core.plugin_system:Skipping extension 'colcon_notification.desktop_notification.win32': Not used on non-Windows systems
[2.329s] INFO:colcon.colcon_notification.desktop_notification:Sending desktop notification using 'notify2'
[2.336s] DEBUG:colcon.colcon_core.event_reactor:joined thread
[2.336s] INFO:colcon.colcon_core.shell:Creating prefix script '/home/paulo/edromufu/src/behaviour/install/local_setup.ps1'
[2.337s] INFO:colcon.colcon_core.shell:Creating prefix util module '/home/paulo/edromufu/src/behaviour/install/_local_setup_util_ps1.py'
[2.338s] INFO:colcon.colcon_core.shell:Creating prefix chain script '/home/paulo/edromufu/src/behaviour/install/setup.ps1'
[2.339s] INFO:colcon.colcon_core.shell:Creating prefix script '/home/paulo/edromufu/src/behaviour/install/local_setup.sh'
[2.339s] INFO:colcon.colcon_core.shell:Creating prefix util module '/home/paulo/edromufu/src/behaviour/install/_local_setup_util_sh.py'
[2.339s] INFO:colcon.colcon_core.shell:Creating prefix chain script '/home/paulo/edromufu/src/behaviour/install/setup.sh'
[2.340s] INFO:colcon.colcon_core.shell:Creating prefix script '/home/paulo/edromufu/src/behaviour/install/local_setup.bash'
[2.341s] INFO:colcon.colcon_core.shell:Creating prefix chain script '/home/paulo/edromufu/src/behaviour/install/setup.bash'
[2.342s] INFO:colcon.colcon_core.shell:Creating prefix script '/home/paulo/edromufu/src/behaviour/install/local_setup.zsh'
[2.342s] INFO:colcon.colcon_core.shell:Creating prefix chain script '/home/paulo/edromufu/src/behaviour/install/setup.zsh'
