[1.161s] Invoking command in '/home/edrom-mini/edromufu/src/movement/Ros2_change/src/erro_package': PYTHONPATH=/home/edrom-mini/edromufu/src/movement/Ros2_change/build/erro_package/prefix_override:/home/edrom-mini/edromufu/src/movement/Ros2_change/install/erro_package/lib/python3.10/site-packages:${PYTHONPATH} /usr/bin/python3 -W ignore:setup.py install is deprecated setup.py egg_info --egg-base ../../build/erro_package build --build-base /home/edrom-mini/edromufu/src/movement/Ros2_change/build/erro_package/build install --record /home/edrom-mini/edromufu/src/movement/Ros2_change/build/erro_package/install.log --single-version-externally-managed install_data
[1.557s] running egg_info
[1.558s] writing ../../build/erro_package/erro_package.egg-info/PKG-INFO
[1.558s] writing dependency_links to ../../build/erro_package/erro_package.egg-info/dependency_links.txt
[1.558s] writing entry points to ../../build/erro_package/erro_package.egg-info/entry_points.txt
[1.558s] writing requirements to ../../build/erro_package/erro_package.egg-info/requires.txt
[1.558s] writing top-level names to ../../build/erro_package/erro_package.egg-info/top_level.txt
[1.560s] reading manifest file '../../build/erro_package/erro_package.egg-info/SOURCES.txt'
[1.562s] writing manifest file '../../build/erro_package/erro_package.egg-info/SOURCES.txt'
[1.562s] running build
[1.562s] running build_py
[1.572s] running install
[1.572s] running install_lib
[1.573s] running install_data
[1.573s] running install_egg_info
[1.585s] removing '/home/edrom-mini/edromufu/src/movement/Ros2_change/install/erro_package/lib/python3.10/site-packages/erro_package-0.0.0-py3.10.egg-info' (and everything under it)
[1.585s] Copying ../../build/erro_package/erro_package.egg-info to /home/edrom-mini/edromufu/src/movement/Ros2_change/install/erro_package/lib/python3.10/site-packages/erro_package-0.0.0-py3.10.egg-info
[1.585s] running install_scripts
[1.625s] Installing erro_publisher script to /home/edrom-mini/edromufu/src/movement/Ros2_change/install/erro_package/lib/erro_package
[1.627s] writing list of installed files to '/home/edrom-mini/edromufu/src/movement/Ros2_change/build/erro_package/install.log'
[1.886s] Invoked command in '/home/edrom-mini/edromufu/src/movement/Ros2_change/src/erro_package' returned '0': PYTHONPATH=/home/edrom-mini/edromufu/src/movement/Ros2_change/build/erro_package/prefix_override:/home/edrom-mini/edromufu/src/movement/Ros2_change/install/erro_package/lib/python3.10/site-packages:${PYTHONPATH} /usr/bin/python3 -W ignore:setup.py install is deprecated setup.py egg_info --egg-base ../../build/erro_package build --build-base /home/edrom-mini/edromufu/src/movement/Ros2_change/build/erro_package/build install --record /home/edrom-mini/edromufu/src/movement/Ros2_change/build/erro_package/install.log --single-version-externally-managed install_data
