[0.014s] Invoking command in '/home/edrom-mini/edromufu/src/movement/Ros2_change/build/urdf_example': CMAKE_PREFIX_PATH=/opt/ros/humble /home/edrom-mini/.local/bin/cmake /home/edrom-mini/edromufu/src/movement/Ros2_change/src/urdf_example -DCMAKE_INSTALL_PREFIX=/home/edrom-mini/edromufu/src/movement/Ros2_change/install/urdf_example
[0.200s] -- The C compiler identification is GNU 11.4.0
[0.281s] -- The CXX compiler identification is GNU 11.4.0
[0.299s] -- Detecting C compiler ABI info
[0.382s] -- Detecting C compiler ABI info - done
[0.409s] -- Check for working C compiler: /usr/bin/cc - skipped
[0.410s] -- Detecting C compile features
[0.411s] -- Detecting C compile features - done
[0.420s] -- Detecting CXX compiler ABI info
[0.530s] -- Detecting CXX compiler ABI info - done
[0.558s] -- Check for working CXX compiler: /usr/bin/c++ - skipped
[0.559s] -- Detecting CXX compile features
[0.560s] -- Detecting CXX compile features - done
[0.563s] -- Found ament_cmake: 1.3.8 (/opt/ros/humble/share/ament_cmake/cmake)
[0.762s] -- Found Python3: /usr/bin/python3 (found version "3.10.12") found components: Interpreter
[0.887s] -- Found ament_lint_auto: 0.12.10 (/opt/ros/humble/share/ament_lint_auto/cmake)
[1.018s] -- Added test 'copyright' to check source files copyright and LICENSE
[1.021s] -- Added test 'flake8' to check Python code syntax and style conventions
[1.023s] -- Added test 'lint_cmake' to check CMake code style
[1.023s] -- Added test 'pep257' to check Python code against some of the docstring style conventions in PEP 257
[1.025s] -- Added test 'xmllint' to check XML markup files
[1.027s] -- Configuring done (0.9s)
[1.032s] -- Generating done (0.0s)
[1.034s] -- Build files have been written to: /home/edrom-mini/edromufu/src/movement/Ros2_change/build/urdf_example
[1.057s] Invoked command in '/home/edrom-mini/edromufu/src/movement/Ros2_change/build/urdf_example' returned '0': CMAKE_PREFIX_PATH=/opt/ros/humble /home/edrom-mini/.local/bin/cmake /home/edrom-mini/edromufu/src/movement/Ros2_change/src/urdf_example -DCMAKE_INSTALL_PREFIX=/home/edrom-mini/edromufu/src/movement/Ros2_change/install/urdf_example
[1.058s] Invoking command in '/home/edrom-mini/edromufu/src/movement/Ros2_change/build/urdf_example': CMAKE_PREFIX_PATH=/opt/ros/humble /home/edrom-mini/.local/bin/cmake --build /home/edrom-mini/edromufu/src/movement/Ros2_change/build/urdf_example -- -j4 -l4
[1.225s] Invoked command in '/home/edrom-mini/edromufu/src/movement/Ros2_change/build/urdf_example' returned '0': CMAKE_PREFIX_PATH=/opt/ros/humble /home/edrom-mini/.local/bin/cmake --build /home/edrom-mini/edromufu/src/movement/Ros2_change/build/urdf_example -- -j4 -l4
[1.416s] Invoking command in '/home/edrom-mini/edromufu/src/movement/Ros2_change/build/urdf_example': CMAKE_PREFIX_PATH=/opt/ros/humble /home/edrom-mini/.local/bin/cmake --install /home/edrom-mini/edromufu/src/movement/Ros2_change/build/urdf_example
[1.565s] -- Install configuration: ""
[1.566s] -- Up-to-date: /home/edrom-mini/edromufu/src/movement/Ros2_change/install/urdf_example/share/urdf_example/description
[1.566s] -- Installing: /home/edrom-mini/edromufu/src/movement/Ros2_change/install/urdf_example/share/urdf_example/description/example_include.xacro
[1.567s] -- Installing: /home/edrom-mini/edromufu/src/movement/Ros2_change/install/urdf_example/share/urdf_example/description/example_gazebo.xacro
[1.567s] -- Installing: /home/edrom-mini/edromufu/src/movement/Ros2_change/install/urdf_example/share/urdf_example/description/example_robot.urdf.xacro
[1.568s] -- Up-to-date: /home/edrom-mini/edromufu/src/movement/Ros2_change/install/urdf_example/share/urdf_example/launch
[1.568s] -- Installing: /home/edrom-mini/edromufu/src/movement/Ros2_change/install/urdf_example/share/urdf_example/launch/rsp_sim.launch.py
[1.568s] -- Installing: /home/edrom-mini/edromufu/src/movement/Ros2_change/install/urdf_example/share/urdf_example/launch/rsp.launch.py
[1.572s] -- Up-to-date: /home/edrom-mini/edromufu/src/movement/Ros2_change/install/urdf_example/share/urdf_example/worlds
[1.572s] -- Installing: /home/edrom-mini/edromufu/src/movement/Ros2_change/install/urdf_example/share/urdf_example/worlds/test_world.world
[1.572s] -- Installing: /home/edrom-mini/edromufu/src/movement/Ros2_change/install/urdf_example/share/ament_index/resource_index/package_run_dependencies/urdf_example
[1.572s] -- Installing: /home/edrom-mini/edromufu/src/movement/Ros2_change/install/urdf_example/share/ament_index/resource_index/parent_prefix_path/urdf_example
[1.573s] -- Installing: /home/edrom-mini/edromufu/src/movement/Ros2_change/install/urdf_example/share/urdf_example/environment/ament_prefix_path.sh
[1.573s] -- Installing: /home/edrom-mini/edromufu/src/movement/Ros2_change/install/urdf_example/share/urdf_example/environment/ament_prefix_path.dsv
[1.573s] -- Installing: /home/edrom-mini/edromufu/src/movement/Ros2_change/install/urdf_example/share/urdf_example/environment/path.sh
[1.573s] -- Installing: /home/edrom-mini/edromufu/src/movement/Ros2_change/install/urdf_example/share/urdf_example/environment/path.dsv
[1.573s] -- Installing: /home/edrom-mini/edromufu/src/movement/Ros2_change/install/urdf_example/share/urdf_example/local_setup.bash
[1.573s] -- Installing: /home/edrom-mini/edromufu/src/movement/Ros2_change/install/urdf_example/share/urdf_example/local_setup.sh
[1.573s] -- Installing: /home/edrom-mini/edromufu/src/movement/Ros2_change/install/urdf_example/share/urdf_example/local_setup.zsh
[1.574s] -- Installing: /home/edrom-mini/edromufu/src/movement/Ros2_change/install/urdf_example/share/urdf_example/local_setup.dsv
[1.574s] -- Installing: /home/edrom-mini/edromufu/src/movement/Ros2_change/install/urdf_example/share/urdf_example/package.dsv
[1.574s] -- Installing: /home/edrom-mini/edromufu/src/movement/Ros2_change/install/urdf_example/share/ament_index/resource_index/packages/urdf_example
[1.574s] -- Installing: /home/edrom-mini/edromufu/src/movement/Ros2_change/install/urdf_example/share/urdf_example/cmake/urdf_exampleConfig.cmake
[1.574s] -- Installing: /home/edrom-mini/edromufu/src/movement/Ros2_change/install/urdf_example/share/urdf_example/cmake/urdf_exampleConfig-version.cmake
[1.574s] -- Installing: /home/edrom-mini/edromufu/src/movement/Ros2_change/install/urdf_example/share/urdf_example/package.xml
[1.597s] Invoked command in '/home/edrom-mini/edromufu/src/movement/Ros2_change/build/urdf_example' returned '0': CMAKE_PREFIX_PATH=/opt/ros/humble /home/edrom-mini/.local/bin/cmake --install /home/edrom-mini/edromufu/src/movement/Ros2_change/build/urdf_example
